orchestrator_react_v5/ETTM1: 7 séries...
orchestrator_react_v5/ETTM2: 7 séries...
orchestrator_react_v5/ETTH1: 7 séries...
orchestrator_react_v5/ETTH2: 7 séries...
orchestrator_react_v5/ANP_MONTHLY: 182 séries...
orchestrator_react_v5/NN5_WEEKLY_DATASET: 111 séries...
orchestrator_react_v5/M4_WEEKLY_DATASET: 359 séries...
orchestrator_laya_laya_v0/ETTM1: 7 séries...
orchestrator_laya_laya_v0/ETTM2: 7 séries...
orchestrator_laya_laya_v0/ETTH1: 7 séries...
orchestrator_laya_laya_v0/ETTH2: 7 séries...
orchestrator_laya_laya_v0/ANP_MONTHLY: 182 séries...
orchestrator_laya_laya_v0/NN5_WEEKLY_DATASET: 111 séries...
orchestrator_laya_laya_v0/M4_WEEKLY_DATASET: 359 séries...
orchestrator_laya_laya_v0_ml8192/ETTM2: 7 séries...
orchestrator_laya_laya_v0_ml8192/NN5_WEEKLY_DATASET: 111 séries...
orchestrator_laya_laya_v0_noseeds/ETTM1: 7 séries...
orchestrator_laya_laya_v0_noseeds/ETTM2: 7 séries...
orchestrator_laya_laya_v0_noseeds/ETTH1: 7 séries...
orchestrator_laya_laya_v0_noseeds/ETTH2: 7 séries...
orchestrator_laya_laya_v0_noseeds/ANP_MONTHLY: 182 séries...
orchestrator_laya_laya_v0_noseeds/NN5_WEEKLY_DATASET: 111 séries...
orchestrator_laya_laya_v0_noseeds/M4_WEEKLY_DATASET: 359 séries...

Exemplos por fonte:
  orchestrator_laya_laya_v0/ANP_MONTHLY                        548
  orchestrator_laya_laya_v0/ETTH1                              24
  orchestrator_laya_laya_v0/ETTH2                              25
  orchestrator_laya_laya_v0/ETTM1                              28
  orchestrator_laya_laya_v0/ETTM2                              26
  orchestrator_laya_laya_v0/M4_WEEKLY_DATASET                  1293
  orchestrator_laya_laya_v0/NN5_WEEKLY_DATASET                 304
  orchestrator_laya_laya_v0_ml8192/ETTM2                       28
  orchestrator_laya_laya_v0_ml8192/NN5_WEEKLY_DATASET          310
  orchestrator_laya_laya_v0_noseeds/ANP_MONTHLY                718
  orchestrator_laya_laya_v0_noseeds/ETTH1                      28
  orchestrator_laya_laya_v0_noseeds/ETTH2                      29
  orchestrator_laya_laya_v0_noseeds/ETTM1                      28
  orchestrator_laya_laya_v0_noseeds/ETTM2                      28
  orchestrator_laya_laya_v0_noseeds/M4_WEEKLY_DATASET          1452
  orchestrator_laya_laya_v0_noseeds/NN5_WEEKLY_DATASET         406
  orchestrator_react_v5/ANP_MONTHLY                            2191
  orchestrator_react_v5/ETTH1                                  90
  orchestrator_react_v5/ETTH2                                  92
  orchestrator_react_v5/ETTM1                                  89
  orchestrator_react_v5/ETTM2                                  92
  orchestrator_react_v5/M4_WEEKLY_DATASET                      3511
  orchestrator_react_v5/NN5_WEEKLY_DATASET                     1133

total: 12473 exemplos -> JEV/data/gate_dataset.jsonl
