nohup: ignoring input
===== 1/4 dataset de decisões (rótulos de validação + análise) =====
orchestrator_react_v5/ETTM1: 7 séries...
orchestrator_react_v5/ETTM2: 7 séries...
orchestrator_react_v5/ETTH1: 7 séries...
orchestrator_react_v5/ETTH2: 7 séries...
orchestrator_react_v5/ANP_MONTHLY: 182 séries...
orchestrator_react_v5/NN5_WEEKLY_DATASET: 111 séries...
orchestrator_react_v5/M4_WEEKLY_DATASET: 359 séries...
orchestrator_laya_laya_v0/ETTM1: 7 séries...
orchestrator_laya_laya_v0/ETTM2: 7 séries...
orchestrator_laya_laya_v0/ETTH1: 7 séries...
orchestrator_laya_laya_v0/ETTH2: 7 séries...
orchestrator_laya_laya_v0/ANP_MONTHLY: 182 séries...
orchestrator_laya_laya_v0/NN5_WEEKLY_DATASET: 111 séries...
orchestrator_laya_laya_v0/M4_WEEKLY_DATASET: 359 séries...
orchestrator_laya_laya_v0_ml8192/ETTM2: 7 séries...
orchestrator_laya_laya_v0_ml8192/NN5_WEEKLY_DATASET: 111 séries...
orchestrator_laya_laya_v0_noseeds/ETTM1: 7 séries...
orchestrator_laya_laya_v0_noseeds/ETTM2: 7 séries...
orchestrator_laya_laya_v0_noseeds/ETTH1: 7 séries...
orchestrator_laya_laya_v0_noseeds/ETTH2: 7 séries...
orchestrator_laya_laya_v0_noseeds/ANP_MONTHLY: 182 séries...
orchestrator_laya_laya_v0_noseeds/NN5_WEEKLY_DATASET: 111 séries...
orchestrator_laya_laya_v0_noseeds/M4_WEEKLY_DATASET: 359 séries...

Exemplos por fonte:
  orchestrator_laya_laya_v0/ANP_MONTHLY                        548
  orchestrator_laya_laya_v0/ETTH1                              24
  orchestrator_laya_laya_v0/ETTH2                              25
  orchestrator_laya_laya_v0/ETTM1                              28
  orchestrator_laya_laya_v0/ETTM2                              26
  orchestrator_laya_laya_v0/M4_WEEKLY_DATASET                  1293
  orchestrator_laya_laya_v0/NN5_WEEKLY_DATASET                 304
  orchestrator_laya_laya_v0_ml8192/ETTM2                       28
  orchestrator_laya_laya_v0_ml8192/NN5_WEEKLY_DATASET          310
  orchestrator_laya_laya_v0_noseeds/ANP_MONTHLY                718
  orchestrator_laya_laya_v0_noseeds/ETTH1                      28
  orchestrator_laya_laya_v0_noseeds/ETTH2                      29
  orchestrator_laya_laya_v0_noseeds/ETTM1                      28
  orchestrator_laya_laya_v0_noseeds/ETTM2                      28
  orchestrator_laya_laya_v0_noseeds/M4_WEEKLY_DATASET          1452
  orchestrator_laya_laya_v0_noseeds/NN5_WEEKLY_DATASET         406
  orchestrator_react_v5/ANP_MONTHLY                            2191
  orchestrator_react_v5/ETTH1                                  90
  orchestrator_react_v5/ETTH2                                  92
  orchestrator_react_v5/ETTM1                                  89
  orchestrator_react_v5/ETTM2                                  92
  orchestrator_react_v5/M4_WEEKLY_DATASET                      3511
  orchestrator_react_v5/NN5_WEEKLY_DATASET                     1133

total: 12473 exemplos -> JEV/data/gate_dataset.jsonl
===== 2/4 baseline logístico (LOO, alvos de validação) =====
----- alvo: label_val -----
alvo: label_val | features: ['n_attempts', 'tau', 'n_models', 'origin_agent', 'turn'] | exemplos: 12473 | label=1: 0.181

fold (avaliado)            n     AUC   Brier  taxa base
ANP_MONTHLY             3457   0.871  0.1422      0.177
ETTH1                    142   0.652  0.3033      0.042
ETTH2                    146   0.747  0.2228      0.123
ETTM1                    145   0.780  0.2213      0.131
ETTM2                    174   0.850  0.2209      0.121
M4_WEEKLY_DATASET       6256   0.847  0.1540      0.207
NN5_WEEKLY_DATASET      2153   0.835  0.1598      0.132

AUC médio (folds válidos): 0.798
VEREDITO: há sinal -> seguir para o fine-tune do LAYA (Task 3).

coeficientes (último fold):
  origin_agent   +2.444
  tau            +0.853
  n_models       -0.199
  n_attempts     -0.056
  turn           -0.024
----- alvo: label_val_seed -----
alvo: label_val_seed | features: ['n_attempts', 'tau', 'n_models', 'origin_agent', 'turn'] | exemplos: 12473 | label=1: 0.286

fold (avaliado)            n     AUC   Brier  taxa base
ANP_MONTHLY             3457   0.921  0.1058      0.316
ETTH1                    142   0.859  0.2160      0.141
ETTH2                    146   0.929  0.2221      0.110
ETTM1                    145   0.732  0.2401      0.159
ETTM2                    174   0.848  0.1908      0.230
M4_WEEKLY_DATASET       6256   0.912  0.1045      0.301
NN5_WEEKLY_DATASET      2153   0.900  0.1437      0.227

AUC médio (folds válidos): 0.872
VEREDITO: há sinal -> seguir para o fine-tune do LAYA (Task 3).

coeficientes (último fold):
  origin_agent   +5.620
  tau            -0.573
  n_models       -0.299
  turn           +0.092
  n_attempts     -0.038
----- alvo: label_val_w -----
alvo: label_val_w | features: ['n_attempts', 'tau', 'n_models', 'origin_agent', 'turn'] | exemplos: 12473 | label=1: 0.025

fold (avaliado)            n     AUC   Brier  taxa base
ANP_MONTHLY             3457   0.909  0.1404      0.028
ETTH1                    142   0.784  0.3374      0.028
ETTH2                    146   0.514  0.2567      0.021
ETTM1                    145   0.693  0.2318      0.055
ETTM2                    174   0.918  0.2733      0.023
M4_WEEKLY_DATASET       6256   0.836  0.2545      0.027
NN5_WEEKLY_DATASET      2153   0.806  0.1192      0.013

AUC médio (folds válidos): 0.780
VEREDITO: há sinal -> seguir para o fine-tune do LAYA (Task 3).

coeficientes (último fold):
  origin_agent   +2.573
  tau            +2.493
  n_models       -0.109
  n_attempts     -0.077
  turn           +0.037
===== 3-4/4 fine-tune + avaliação (2 holdouts x 3 alvos) =====
===== holdout ETTM2 / alvo label_val =====
baixando modelo base convaiinnovations/laya ...
Fetching 38 files:   0%|          | 0/38 [00:00<?, ?it/s]Fetching 38 files: 100%|██████████| 38/38 [00:00<00:00, 4427.07it/s]
/home/lucas.castro/.conda/envs/agno/lib/python3.11/site-packages/torch/optim/lr_scheduler.py:192: UserWarning: Detected call of `lr_scheduler.step()` before `optimizer.step()`. In PyTorch 1.1.0 and later, you should call them in the opposite order: `optimizer.step()` before `lr_scheduler.step()`.  Failure to do this will result in PyTorch skipping the first value of the learning rate schedule. See more details at https://pytorch.org/docs/stable/optim.html#how-to-adjust-learning-rate
  warnings.warn(
