nohup: ignoring input
/home/lucas.castro/.conda/envs/agno/lib/python3.11/site-packages/tslearn/bases/bases.py:15: UserWarning: h5py not installed, hdf5 features will not be supported.
Install h5py to use hdf5 features: http://docs.h5py.org/
  warn(h5py_msg)
dataset    : ETTH1
proposta   : D1 plano+verificação (ReWOO x VEGAS) — LAYA zero-shot, 1 passada/turno
budget     : 10 turnos | gate final = LAYA zero-shot por janela
writing to : ./timeseries/mestrado/resultados/orchestrator_d1_v1
--------------------------------------------------------------------------
[   0] INÍCIO: melhor semente = mean pool=pool1 (score -0.0442)
Fetching 5 files:   0%|          | 0/5 [00:00<?, ?it/s]Fetching 5 files: 100%|██████████| 5/5 [00:00<00:00, 2400.04it/s]
[   0] turn  1 | move=prune     gain=0.982 → e7 weights_error_trend [ok]
[   0] turn  2 | move=prune     gain=0.986 → e7 weights_error_trend [ok]
[   0] turn  3 | move=prune     gain=0.983 → e7 weights_error_trend [ok]
[   0] turn  4 | move=prune     gain=0.985 → e7 weights_error_trend [ok]
[   0] turn  5 | move=prune     gain=0.982 → e7 weights_error_trend [ok]
[   0] turn  6 | move=prune     gain=0.983 → e7 weights_error_trend [ok]
[   0] turn  7 | move=prune     gain=0.979 → e7 weights_error_trend [ok]
[   0] turn  8 | move=prune     gain=0.978 → e7 weights_error_trend [ok]
[   0] turn  9 | move=prune     gain=0.979 → e7 weights_error_trend [ok]
[   0] turn 10 | move=prune     gain=0.981 → e7 weights_error_trend [ok]
[   0] ESCOLHA DO GATE: a3 dba (P=0.999, windows [0.999, 0.998, 0.999], origin=baseline)
[   0]   argmin seria : a4 mean pool=pool1 (score -0.0442)  <- gate discorda do argmin
[   0] RESULTADO    dba            origin=gate(baseline) | TEST smape=2.0000 | FLOOR smape=0.3882
[   1] INÍCIO: melhor semente = trimmed_mean pool=pool3 trim=0.2 (score -0.1072)
[   1] turn  1 | move=prune     gain=0.973 → e7 weights_error_trend [ok]
[   1] turn  2 | move=weight    gain=0.987 → e7 weights_error_trend [ok]
[   1] turn  3 | move=prune     gain=0.984 → e7 weights_error_trend [ok]
[   1] turn  4 | move=prune     gain=0.986 → e7 weights_error_trend [ok]
[   1] turn  5 | move=prune     gain=0.985 → e7 weights_error_trend [ok]
[   1] turn  6 | move=prune     gain=0.983 → e7 weights_error_trend [ok]
[   1] turn  7 | move=prune     gain=0.98  → e7 weights_error_trend [ok]
[   1] turn  8 | move=prune     gain=0.98  → e7 weights_error_trend [ok]
[   1] turn  9 | move=prune     gain=0.982 → e7 weights_error_trend [ok]
[   1] turn 10 | move=prune     gain=0.981 → e7 weights_error_trend [ok]
[   1] ESCOLHA DO GATE: a9 trimmed_mean pool=pool3 trim=0.2 (P=0.99, windows [0.989, 0.991, 0.99], origin=baseline)
[   1]   argmin seria : a9 trimmed_mean pool=pool3 trim=0.2 (score -0.1072)
[   1] RESULTADO    trimmed_mean   origin=gate(baseline) | TEST smape=0.1711 | FLOOR smape=0.1711
[   2] INÍCIO: melhor semente = trimmed_mean pool=pool1 trim=0.2 (score -0.0572)
[   2] turn  1 | move=prune     gain=0.982 → e3 select_top_k [ok]
[   2] turn  2 | move=prune     gain=0.974 → e3 select_top_k [ok]
[   2] turn  3 | move=prune     gain=0.975 → e3 select_top_k [ok]
[   2] turn  4 | move=combine   gain=0.988 → e3 select_top_k [ok]
[   2] turn  5 | move=combine   gain=0.986 → e3 select_top_k [ok]
[   2] turn  6 | move=combine   gain=0.983 → e3 select_top_k [ok]
[   2] turn  7 | move=combine   gain=0.981 → e3 select_top_k [ok]
[   2] turn  8 | move=combine   gain=0.98  → e3 select_top_k [ok]
[   2] turn  9 | move=prune     gain=0.979 → e3 select_top_k [ok]
[   2] turn 10 | move=prune     gain=0.977 → e3 select_top_k [ok]
[   2] ESCOLHA DO GATE: a3 dba (P=0.997, windows [0.997, 0.997, 0.997], origin=baseline)
[   2]   argmin seria : a5 trimmed_mean pool=pool1 trim=0.2 (score -0.0572)  <- gate discorda do argmin
[   2] RESULTADO    dba            origin=gate(baseline) | TEST smape=2.0000 | FLOOR smape=0.3894
[   3] INÍCIO: melhor semente = trimmed_mean pool=pool1 trim=0.2 (score -0.0948)
[   3] turn  1 | move=prune     gain=0.968 → e7 weights_error_trend [ok]
[   3] turn  2 | move=prune     gain=0.98  → e7 weights_error_trend [ok]
[   3] turn  3 | move=prune     gain=0.978 → e7 weights_error_trend [ok]
[   3] turn  4 | move=prune     gain=0.984 → e7 weights_error_trend [ok]
[   3] turn  5 | move=prune     gain=0.985 → e7 weights_error_trend [ok]
[   3] turn  6 | move=diagnose  gain=0.981 → e7 weights_error_trend [ok]
[   3] turn  7 | move=prune     gain=0.98  → e7 weights_error_trend [ok]
[   3] turn  8 | move=diagnose  gain=0.978 → e7 weights_error_trend [ok]
[   3] turn  9 | move=diagnose  gain=0.978 → e7 weights_error_trend [ok]
[   3] turn 10 | move=diagnose  gain=0.977 → e7 weights_error_trend [ok]
[   3] ESCOLHA DO GATE: a3 dba (P=0.995, windows [0.995, 0.995, 0.995], origin=baseline)
[   3]   argmin seria : a5 trimmed_mean pool=pool1 trim=0.2 (score -0.0948)  <- gate discorda do argmin
[   3] RESULTADO    dba            origin=gate(baseline) | TEST smape=2.0000 | FLOOR smape=0.1965
[   4] INÍCIO: melhor semente = median (score -0.0801)
[   4] turn  1 | move=prune     gain=0.958 → e4 prune_redundant [ok]
[   4] turn  2 | move=prune     gain=0.964 → e4 prune_redundant [ok]
[   4] turn  3 | move=prune     gain=0.983 → e7 weights_error_trend [ok]
[   4] turn  4 | move=diagnose  gain=0.987 → e7 weights_error_trend [ok]
[   4] turn  5 | move=select    gain=0.987 → e7 weights_error_trend [ok]
[   4] turn  6 | move=diagnose  gain=0.984 → e7 weights_error_trend [ok]
[   4] turn  7 | move=diagnose  gain=0.981 → e7 weights_error_trend [ok]
[   4] turn  8 | move=diagnose  gain=0.976 → e7 weights_error_trend [ok]
[   4] turn  9 | move=diagnose  gain=0.974 → e7 weights_error_trend [ok]
[   4] turn 10 | move=diagnose  gain=0.973 → e7 weights_error_trend [ok]
[   4] ESCOLHA DO GATE: a5 trimmed_mean pool=pool1 trim=0.2 (P=0.992, windows [0.992, 0.993, 0.993], origin=baseline)
[   4]   argmin seria : a10 median pool=pool4 (score -0.0884)  <- gate discorda do argmin
[   4] RESULTADO    trimmed_mean   origin=gate(baseline) | TEST smape=0.1903 | FLOOR smape=0.1984
[   5] INÍCIO: melhor semente = trimmed_mean pool=pool2 trim=0.2 (score -0.1036)
[   5] turn  1 | move=prune     gain=0.951 → e7 weights_error_trend [ok]
[   5] turn  2 | move=prune     gain=0.989 → e7 weights_error_trend [ok]
[   5] turn  3 | move=prune     gain=0.978 → e7 weights_error_trend [ok]
[   5] turn  4 | move=prune     gain=0.989 → e3 select_top_k [ok]
[   5] turn  5 | move=prune     gain=0.976 → e7 weights_error_trend [ok]
[   5] turn  6 | move=prune     gain=0.978 → e7 weights_error_trend [ok]
[   5] turn  7 | move=prune     gain=0.98  → e7 weights_error_trend [ok]
[   5] turn  8 | move=prune     gain=0.974 → e7 weights_error_trend [ok]
[   5] turn  9 | move=prune     gain=0.982 → e7 weights_error_trend [ok]
[   5] turn 10 | move=prune     gain=0.979 → e7 weights_error_trend [ok]
[   5] ESCOLHA DO GATE: a11 median pool=pool4 (P=0.992, windows [0.991, 0.992, 0.992], origin=agent)
[   5]   argmin seria : a7 trimmed_mean pool=pool2 trim=0.2 (score -0.1036)  <- gate discorda do argmin
[   5] RESULTADO    median         origin=gate           | TEST smape=0.1628 | FLOOR smape=0.1557
[   6] INÍCIO: melhor semente = mean pool=pool2 (score -0.0883)
[   6] turn  1 | move=prune     gain=0.974 → e7 weights_error_trend [ok]
[   6] turn  2 | move=prune     gain=0.97  → e7 weights_error_trend [ok]
[   6] turn  3 | move=prune     gain=0.967 → e7 weights_error_trend [ok]
[   6] turn  4 | move=prune     gain=0.981 → e7 weights_error_trend [ok]
[   6] turn  5 | move=prune     gain=0.976 → e7 weights_error_trend [ok]
[   6] turn  6 | move=prune     gain=0.976 → e7 weights_error_trend [ok]
[   6] turn  7 | move=prune     gain=0.975 → e7 weights_error_trend [ok]
[   6] turn  8 | move=prune     gain=0.976 → e7 weights_error_trend [ok]
[   6] turn  9 | move=prune     gain=0.979 → e7 weights_error_trend [ok]
[   6] turn 10 | move=prune     gain=0.977 → e7 weights_error_trend [ok]
[   6] ESCOLHA DO GATE: a3 dba (P=0.994, windows [0.994, 0.994, 0.995], origin=baseline)
[   6]   argmin seria : a10 weighted pool=pool2 w=w1 (score -0.0911)  <- gate discorda do argmin
[   6] RESULTADO    dba            origin=gate(baseline) | TEST smape=2.0000 | FLOOR smape=0.0844
--------------------------------------------------------------------------
done in 25.4s | ok: 7 | failed: 0
DATASET SUMMARY over 7 series (mean across series):
  D1 run     smape=1.2177  rmse=2046284626320.9785  pocid=58.39  mape=271619770421.0780
  baseline   smape=0.2262  rmse=1.3877  pocid=61.49  mape=0.2391  <- D1 WORSE than the seed floor
  mean       smape=2.0000  rmse=1245113253499.4958  pocid=52.17  mape=273162683680.0966
  median     smape=0.2602  rmse=1.5957  pocid=62.11  mape=0.2353
  dba        smape=2.0000  rmse=2059519043323.2112  pocid=54.66  mape=272603577994.6630
  ADE        smape=0.3951  rmse=2.5172  pocid=62.73  mape=0.3505
  FFORMA     smape=0.3001  rmse=1.9946  pocid=65.22  mape=0.2754
csv: ./timeseries/mestrado/resultados/orchestrator_d1_v1/ETTH1.csv
