nohup: ignoring input
/home/lucas.castro/.conda/envs/agno/lib/python3.11/site-packages/tslearn/bases/bases.py:15: UserWarning: h5py not installed, hdf5 features will not be supported.
Install h5py to use hdf5 features: http://docs.h5py.org/
  warn(h5py_msg)
dataset    : ETTH1
proposta   : D1 plano+verificação (ReWOO x VEGAS) — LAYA zero-shot, 1 passada/turno
budget     : 10 turnos | gate final = LAYA zero-shot por janela
writing to : ./timeseries/mestrado/resultados/orchestrator_d1_v2
--------------------------------------------------------------------------
[   0] INÍCIO: melhor semente = mean pool=pool1 (score -0.0442)
Fetching 5 files:   0%|          | 0/5 [00:00<?, ?it/s]Fetching 5 files: 100%|██████████| 5/5 [00:00<00:00, 2657.65it/s]
[   0] turn  1 | move=prune     gain=0.982 → e7 weights_error_trend [ok]
[   0] turn  2 | move=prune     gain=0.986 → e5 weights_inverse_error [ok]
[   0] turn  3 | move=prune     gain=0.984 → e2 select_stable [ok]
[   0] turn  4 | move=prune     gain=0.976 → e4 prune_redundant [ok]
[   0] turn  5 | move=combine   gain=0.984 → e3 select_top_k [ok]
[   0] FINAL (argmin): a11 weighted pool=pool1 w=w2 (score -0.0450)
[   0]   gate diria  : a3 dba (P=0.998, windows [0.998, 0.998, 0.998], origin=baseline)  <- gate discorda do argmin
[   0] RESULTADO    weighted       origin=argmin         | TEST smape=0.3994 | FLOOR smape=0.3882
[   1] INÍCIO: melhor semente = trimmed_mean pool=pool3 trim=0.2 (score -0.1072)
[   1] turn  1 | move=prune     gain=0.973 → e2 select_stable [ok]
[   1] turn  2 | move=prune     gain=0.988 → e7 weights_error_trend [ok]
[   1] turn  3 | move=prune     gain=0.982 → e7 weights_feature_based [ok]
[   1] FINAL (argmin): a9 trimmed_mean pool=pool3 trim=0.2 (score -0.1072)
[   1]   gate diria  : a5 trimmed_mean pool=pool1 trim=0.2 (P=0.992, windows [0.991, 0.992, 0.992], origin=baseline)  <- gate discorda do argmin
[   1] RESULTADO    trimmed_mean   origin=argmin         | TEST smape=0.1711 | FLOOR smape=0.1711
[   2] INÍCIO: melhor semente = trimmed_mean pool=pool1 trim=0.2 (score -0.0572)
[   2] turn  1 | move=prune     gain=0.982 → e2 select_stable [ok]
[   2] turn  2 | move=prune     gain=0.975 → e1 ranking_stability [ok]
[   2] turn  3 | move=prune     gain=0.978 → e4 prune_redundant [ok]
[   2] turn  4 | move=combine   gain=0.991 → e5 weights_inverse_error [ok]
[   2] FINAL (argmin): a5 trimmed_mean pool=pool1 trim=0.2 (score -0.0572)
[   2]   gate diria  : a3 dba (P=0.996, windows [0.996, 0.996, 0.996], origin=baseline)  <- gate discorda do argmin
[   2] RESULTADO    trimmed_mean   origin=argmin         | TEST smape=0.3894 | FLOOR smape=0.3894
[   3] INÍCIO: melhor semente = trimmed_mean pool=pool1 trim=0.2 (score -0.0948)
[   3] turn  1 | move=prune     gain=0.968 → e7 weights_error_trend [ok]
[   3] turn  2 | move=prune     gain=0.98  → e6 weights_softmax_neg_error [ok]
[   3] turn  3 | move=prune     gain=0.995 → e4 prune_redundant [ok]
[   3] FINAL (argmin): a5 trimmed_mean pool=pool1 trim=0.2 (score -0.0948)
[   3]   gate diria  : a5 trimmed_mean pool=pool1 trim=0.2 (P=0.993, windows [0.993, 0.994, 0.993], origin=baseline)
[   3] RESULTADO    trimmed_mean   origin=argmin         | TEST smape=0.1965 | FLOOR smape=0.1965
[   4] INÍCIO: melhor semente = median (score -0.0801)
[   4] turn  1 | move=prune     gain=0.958 → e4 prune_redundant [ok]
[   4] turn  2 | move=prune     gain=0.964 → e4 prune_redundant [ok]
[   4] turn  3 | move=diagnose  gain=0.983 → e7 weights_error_trend [ok]
[   4] turn  4 | move=diagnose  gain=0.987 → e9 combine_dba [ok]
[   4] FINAL (argmin): a10 median pool=pool4 (score -0.0884)
[   4]   gate diria  : a5 trimmed_mean pool=pool1 trim=0.2 (P=0.992, windows [0.992, 0.993, 0.993], origin=baseline)  <- gate discorda do argmin
[   4] RESULTADO    median         origin=argmin         | TEST smape=0.2178 | FLOOR smape=0.1984
[   5] INÍCIO: melhor semente = trimmed_mean pool=pool2 trim=0.2 (score -0.1036)
[   5] turn  1 | move=prune     gain=0.951 → e4 prune_redundant [ok]
[   5] turn  2 | move=diagnose  gain=0.961 → e7 weights_error_trend [ok]
[   5] turn  3 | move=diagnose  gain=0.976 → e7 weights_feature_based [ok]
[   5] FINAL (argmin): a7 trimmed_mean pool=pool2 trim=0.2 (score -0.1036)
[   5]   gate diria  : a7 trimmed_mean pool=pool2 trim=0.2 (P=0.993, windows [0.992, 0.994, 0.993], origin=baseline)
[   5] RESULTADO    trimmed_mean   origin=argmin         | TEST smape=0.1557 | FLOOR smape=0.1557
[   6] INÍCIO: melhor semente = mean pool=pool2 (score -0.0883)
[   6] turn  1 | move=prune     gain=0.974 → e4 prune_redundant [ok]
[   6] turn  2 | move=diagnose  gain=0.942 → e7 weights_error_trend [ok]
[   6] turn  3 | move=diagnose  gain=0.975 → e5 weights_inverse_error [ok]
[   6] turn  4 | move=diagnose  gain=0.977 → e3 select_top_k [ok]
[   6] turn  5 | move=diagnose  gain=0.977 → e2 select_stable [ok]
[   6] turn  6 | move=diagnose  gain=0.973 → e7 combine_median [ok]
[   6] FINAL (argmin): a12 weighted pool=pool2 w=w2 (score -0.0911)
[   6]   gate diria  : a3 dba (P=0.996, windows [0.996, 0.997, 0.997], origin=baseline)  <- gate discorda do argmin
[   6] RESULTADO    weighted       origin=argmin         | TEST smape=0.0839 | FLOOR smape=0.0844
--------------------------------------------------------------------------
done in 24.7s | ok: 7 | failed: 0
DATASET SUMMARY over 7 series (mean across series):
  D1 run     smape=0.2305  rmse=1.4339  pocid=62.11  mape=0.2453
  baseline   smape=0.2262  rmse=1.3877  pocid=61.49  mape=0.2391  <- D1 WORSE than the seed floor
  mean       smape=2.0000  rmse=1245113253499.4958  pocid=52.17  mape=273162683680.0966
  median     smape=0.2602  rmse=1.5957  pocid=62.11  mape=0.2353
  dba        smape=2.0000  rmse=2059519043323.2112  pocid=54.66  mape=272603577994.6630
  ADE        smape=0.3951  rmse=2.5172  pocid=62.73  mape=0.3505
  FFORMA     smape=0.3001  rmse=1.9946  pocid=65.22  mape=0.2754
csv: ./timeseries/mestrado/resultados/orchestrator_d1_v2/ETTH1.csv
