dataset      : ETTH2
source       : ETTH2.tsf
models       : 19
agent        : laya-english (max_len=None)
writing to   : ./timeseries/mestrado/resultados/orchestrator_laya_laya_v0_noseeds
--------------------------------------------------------------------------
/home/lucas.castro/.conda/envs/agno/lib/python3.11/site-packages/tslearn/bases/bases.py:15: UserWarning: h5py not installed, hdf5 features will not be supported.
Install h5py to use hdf5 features: http://docs.h5py.org/
  warn(h5py_msg)
Fetching 5 files:   0%|          | 0/5 [00:00<?, ?it/s]Fetching 5 files: 100%|██████████| 5/5 [00:00<00:00, 2632.63it/s]
/home/lucas.castro/.conda/envs/agno/lib/python3.11/site-packages/laya/agent.py:928: RuntimeWarning: laya: this checkpoint ships invalid temperatures or values outside [0.5, 5]; using choice:11+=0.10058280825614929 -> 0.5. Treat confidence from the affected entries as uncalibrated.
  return Agent(model_id_or_path, device=device, token=token, subfolder=subfolder, fast=fast,
[   0] best_single    score=-0.0969 origin=agent    iters=5 stop=no new information in 3 consecutive turns
         TEST  smape=0.1221  rmse=5.2266  pocid=47.83  mape=0.1159
         laya iter 1 -> select_stable_k5 conf=0.243 obs=pool pool5 (5 models)
         laya iter 2 -> best_ONLY_CWT_rf conf=0.7353 rank=1
         laya iter 3 -> best_ONLY_CWT_rf conf=0.8645 rank=1
         laya iter 4 -> best_ONLY_CWT_rf conf=0.8645 rank=1
         laya iter 5 -> best_ONLY_CWT_rf conf=0.8645 rank=1
[   1] best_single    score=-0.1078 origin=agent    iters=5 stop=no new information in 3 consecutive turns
         TEST  smape=0.1322  rmse=1.6390  pocid=47.83  mape=0.1295
         laya iter 1 -> select_stable_k5 conf=0.2735 obs=pool pool5 (5 models)
         laya iter 2 -> best_ONLY_CWT_rf conf=0.5741 rank=1
         laya iter 3 -> best_ONLY_CWT_rf conf=0.667 rank=1
         laya iter 4 -> best_ONLY_CWT_rf conf=0.667 rank=1
         laya iter 5 -> best_ONLY_CWT_rf conf=0.667 rank=1
[   2] best_single    score=-0.1081 origin=agent    iters=4 stop=no new information in 3 consecutive turns
         TEST  smape=0.1036  rmse=5.6773  pocid=65.22  mape=0.0982
         laya iter 1 -> best_ONLY_CWT_rf conf=0.4325 rank=1
         laya iter 2 -> best_ONLY_CWT_rf conf=0.7487 rank=1
         laya iter 3 -> best_ONLY_CWT_rf conf=0.7487 rank=1
         laya iter 4 -> best_ONLY_CWT_rf conf=0.7487 rank=1
[   3] best_single    score=-0.1173 origin=agent    iters=5 stop=no new information in 3 consecutive turns
         TEST  smape=0.1144  rmse=1.5346  pocid=56.52  mape=0.1113
         laya iter 1 -> select_stable_k5 conf=0.2255 obs=pool pool5 (5 models)
         laya iter 2 -> best_ONLY_CWT_rf conf=0.4062 rank=1
         laya iter 3 -> best_ONLY_CWT_rf conf=0.6662 rank=1
         laya iter 4 -> best_ONLY_CWT_rf conf=0.6662 rank=1
         laya iter 5 -> best_ONLY_CWT_rf conf=0.6662 rank=1
[   4] best_single    score=-0.0672 origin=agent    iters=5 stop=no new information in 3 consecutive turns
         TEST  smape=0.0759  rmse=1.0215  pocid=30.43  mape=0.0777
         laya iter 1 -> best_FT_rf conf=0.386 rank=1
         laya iter 2 -> best_ONLY_CWT_rf conf=0.3904 rank=2
         laya iter 3 -> best_ONLY_CWT_rf conf=0.3904 rank=2
         laya iter 4 -> best_ONLY_CWT_rf conf=0.3904 rank=2
         laya iter 5 -> best_ONLY_CWT_rf conf=0.3904 rank=2
[   5] best_single    score= 0.0285 origin=agent    iters=4 stop=no new information in 3 consecutive turns
         TEST  smape=0.7397  rmse=0.6665  pocid=34.78  mape=905272297208934.5000
         laya iter 1 -> best_DWT_rf conf=0.2522 rank=1
         laya iter 2 -> best_DWT_rf conf=0.4121 rank=1
         laya iter 3 -> best_DWT_rf conf=0.4121 rank=1
         laya iter 4 -> best_DWT_rf conf=0.4121 rank=1
[   6] best_single    score= 0.4439 origin=agent    iters=5 stop=no new information in 3 consecutive turns
         TEST  smape=0.0490  rmse=2.2962  pocid=73.91  mape=0.0485
         laya iter 1 -> select_stable_k5 conf=0.2355 obs=pool pool5 (5 models)
         laya iter 2 -> best_ONLY_DWT_rf conf=0.4818 rank=1
         laya iter 3 -> best_ONLY_DWT_rf conf=0.5922 rank=1
         laya iter 4 -> best_ONLY_DWT_rf conf=0.5922 rank=1
         laya iter 5 -> best_ONLY_DWT_rf conf=0.5922 rank=1
--------------------------------------------------------------------------
done in 18.0s | ok: 7 | failed: 0
DATASET SUMMARY over 7 series (mean across series):
  this run   smape=0.1910  rmse=2.5802  pocid=50.93  mape=129324613886990.7188  mae=2.2050
  baseline   (n/a - no-seeds arm: o agente partiu de histórico vazio)
  mean       smape=1.7197  rmse=99996379087.4691  pocid=49.69  mape=20879052073827343269888.0000  <- this run is better
  median     smape=0.1815  rmse=2.5568  pocid=56.52  mape=181666141988947.5312
  dba        smape=1.7257  rmse=151967111938.0612  pocid=52.80  mape=20879052073826667986944.0000  <- this run is better
  ADE        smape=0.2261  rmse=2.6531  pocid=56.52  mape=299065117726769.6250  <- this run is better
  FFORMA     smape=0.2035  rmse=2.5436  pocid=56.52  mape=269479043127657.0625
csv: ./timeseries/mestrado/resultados/orchestrator_laya_laya_v0_noseeds/ETTH2.csv
