nohup: ignoring input
WARNING: 5 model(s) do not share the pool's windows on ETTM2 and are being DROPPED for every series: ['ONLY_CWT_catboost', 'ONLY_DWT_catboost', 'ONLY_DWT_rf', 'ONLY_FT_catboost', 'ONLY_FT_rf']
dataset      : ETTM2
source       : ETTM2.tsf
models       : 14
agent        : laya-multilingual (max_len=8192)
writing to   : ./timeseries/mestrado/resultados/orchestrator_laya_laya_v4_pure
--------------------------------------------------------------------------
/home/lucas.castro/.conda/envs/agno/lib/python3.11/site-packages/tslearn/bases/bases.py:15: UserWarning: h5py not installed, hdf5 features will not be supported.
Install h5py to use hdf5 features: http://docs.h5py.org/
  warn(h5py_msg)
Fetching 5 files:   0%|          | 0/5 [00:00<?, ?it/s]Fetching 5 files: 100%|██████████| 5/5 [00:00<00:00, 2347.91it/s]
[   0] FAILED: RuntimeError: no strategy was selected (loop trace: [], errors: ["iteration 1: follow-up single: ValueError: question 'type': definition must be a dict, got str"])
[   1] FAILED: RuntimeError: no strategy was selected (loop trace: [], errors: ["iteration 1: follow-up single: ValueError: question 'type': definition must be a dict, got str"])
[   2] FAILED: RuntimeError: no strategy was selected (loop trace: [], errors: ["iteration 1: follow-up single: ValueError: question 'type': definition must be a dict, got str"])
[   3] FAILED: RuntimeError: no strategy was selected (loop trace: [], errors: ["iteration 1: follow-up single: ValueError: question 'type': definition must be a dict, got str"])
[   4] FAILED: RuntimeError: no strategy was selected (loop trace: [], errors: ["iteration 1: follow-up single: ValueError: question 'type': definition must be a dict, got str"])
[   5] FAILED: RuntimeError: no strategy was selected (loop trace: [], errors: ["iteration 1: follow-up single: ValueError: question 'type': definition must be a dict, got str"])
[   6] FAILED: RuntimeError: no strategy was selected (loop trace: [], errors: ["iteration 1: follow-up single: ValueError: question 'type': definition must be a dict, got str"])
--------------------------------------------------------------------------
done in 47.7s | ok: 0 | failed: 7
csv: ./timeseries/mestrado/resultados/orchestrator_laya_laya_v4_pure/ETTM2.csv
