dataset      : ETTH1
source       : ETTH1.tsf
models       : 19
agent        : laya-english (max_len=None)
writing to   : ./timeseries/mestrado/resultados/orchestrator_laya_laya_v0_noseeds
--------------------------------------------------------------------------
/home/lucas.castro/.conda/envs/agno/lib/python3.11/site-packages/tslearn/bases/bases.py:15: UserWarning: h5py not installed, hdf5 features will not be supported.
Install h5py to use hdf5 features: http://docs.h5py.org/
  warn(h5py_msg)
Fetching 5 files:   0%|          | 0/5 [00:00<?, ?it/s]Fetching 5 files: 100%|██████████| 5/5 [00:00<00:00, 2755.78it/s]
/home/lucas.castro/.conda/envs/agno/lib/python3.11/site-packages/laya/agent.py:928: RuntimeWarning: laya: this checkpoint ships invalid temperatures or values outside [0.5, 5]; using choice:11+=0.10058280825614929 -> 0.5. Treat confidence from the affected entries as uncalibrated.
  return Agent(model_id_or_path, device=device, token=token, subfolder=subfolder, fast=fast,
[   0] best_single    score=-0.0512 origin=agent    iters=4 stop=no new information in 3 consecutive turns
         TEST  smape=0.5508  rmse=15.2618  pocid=65.22  mape=1.3179
         laya iter 1 -> best_FT_rf conf=0.367 rank=1
         laya iter 2 -> best_FT_rf conf=0.4007 rank=1
         laya iter 3 -> best_FT_rf conf=0.4007 rank=1
         laya iter 4 -> best_FT_rf conf=0.4007 rank=1
[   1] best_single    score=-0.0932 origin=agent    iters=4 stop=no new information in 3 consecutive turns
         TEST  smape=0.1717  rmse=1.0123  pocid=52.17  mape=0.1625
         laya iter 1 -> best_ONLY_DWT_catboost conf=0.2978 rank=1
         laya iter 2 -> best_ONLY_DWT_catboost conf=0.4388 rank=1
         laya iter 3 -> best_ONLY_DWT_catboost conf=0.4388 rank=1
         laya iter 4 -> best_ONLY_DWT_catboost conf=0.4388 rank=1
[   2] best_single    score=-0.0568 origin=agent    iters=4 stop=no new information in 3 consecutive turns
         TEST  smape=0.3900  rmse=2.5590  pocid=78.26  mape=0.3937
         laya iter 1 -> best_FT_rf conf=0.464 rank=1
         laya iter 2 -> best_FT_rf conf=0.5426 rank=1
         laya iter 3 -> best_FT_rf conf=0.5426 rank=1
         laya iter 4 -> best_FT_rf conf=0.5426 rank=1
[   3] best_single    score=-0.0841 origin=agent    iters=5 stop=no new information in 3 consecutive turns
         TEST  smape=0.2061  rmse=0.7051  pocid=47.83  mape=0.1858
         laya iter 1 -> select_stable_k5 conf=0.2588 obs=pool pool5 (5 models)
         laya iter 2 -> best_ONLY_DWT_catboost conf=0.4424 rank=1
         laya iter 3 -> best_ONLY_DWT_catboost conf=0.5545 rank=1
         laya iter 4 -> best_ONLY_DWT_catboost conf=0.5545 rank=1
         laya iter 5 -> best_ONLY_DWT_catboost conf=0.5545 rank=1
[   4] best_single    score=-0.0870 origin=agent    iters=5 stop=no new information in 3 consecutive turns
         TEST  smape=0.2052  rmse=0.9973  pocid=56.52  mape=0.1985
         laya iter 1 -> select_stable_k5 conf=0.2626 obs=pool pool5 (5 models)
         laya iter 2 -> best_ONLY_DWT_rf conf=0.3285 rank=1
         laya iter 3 -> best_ONLY_DWT_rf conf=0.403 rank=1
         laya iter 4 -> best_ONLY_DWT_rf conf=0.403 rank=1
         laya iter 5 -> best_ONLY_DWT_rf conf=0.403 rank=1
[   5] best_single    score=-0.0978 origin=agent    iters=4 stop=no new information in 3 consecutive turns
         TEST  smape=0.1451  rmse=0.2780  pocid=60.87  mape=0.1499
         laya iter 1 -> best_ONLY_DWT_rf conf=0.4928 rank=1
         laya iter 2 -> best_ONLY_DWT_rf conf=0.4996 rank=1
         laya iter 3 -> best_ONLY_DWT_rf conf=0.4996 rank=1
         laya iter 4 -> best_ONLY_DWT_rf conf=0.4996 rank=1
[   6] best_single    score=-0.1038 origin=agent    iters=5 stop=no new information in 3 consecutive turns
         TEST  smape=0.0707  rmse=0.8725  pocid=56.52  mape=0.0748
         laya iter 1 -> select_stable_k5 conf=0.2528 obs=pool pool5 (5 models)
         laya iter 2 -> best_ONLY_CWT_catboost conf=0.6584 rank=1
         laya iter 3 -> best_ONLY_CWT_catboost conf=0.9075 rank=1
         laya iter 4 -> best_ONLY_CWT_catboost conf=0.9075 rank=1
         laya iter 5 -> best_ONLY_CWT_catboost conf=0.9075 rank=1
--------------------------------------------------------------------------
done in 17.9s | ok: 7 | failed: 0
DATASET SUMMARY over 7 series (mean across series):
  this run   smape=0.2485  rmse=3.0980  pocid=59.63  mape=0.3547  mae=1.9066
  baseline   (n/a - no-seeds arm: o agente partiu de histórico vazio)
  mean       smape=2.0000  rmse=1245113253499.4958  pocid=52.17  mape=273162683680.0966  <- this run is better
  median     smape=0.2602  rmse=1.5957  pocid=62.11  mape=0.2353
  dba        smape=2.0000  rmse=2059519043323.2112  pocid=54.66  mape=272603577994.6630  <- this run is better
  ADE        smape=0.3951  rmse=2.5172  pocid=62.73  mape=0.3505
  FFORMA     smape=0.3001  rmse=1.9946  pocid=65.22  mape=0.2754
csv: ./timeseries/mestrado/resultados/orchestrator_laya_laya_v0_noseeds/ETTH1.csv
