dataset      : NN5_WEEKLY_DATASET
source       : nn5_weekly_dataset.tsf
models       : 19
agent        : laya-english (max_len=None)
writing to   : ./timeseries/mestrado/resultados/orchestrator_laya_laya_v0_noseeds
--------------------------------------------------------------------------
/home/lucas.castro/.conda/envs/agno/lib/python3.11/site-packages/tslearn/bases/bases.py:15: UserWarning: h5py not installed, hdf5 features will not be supported.
Install h5py to use hdf5 features: http://docs.h5py.org/
  warn(h5py_msg)
Fetching 5 files:   0%|          | 0/5 [00:00<?, ?it/s]Fetching 5 files: 100%|██████████| 5/5 [00:00<00:00, 2583.34it/s]
/home/lucas.castro/.conda/envs/agno/lib/python3.11/site-packages/laya/agent.py:928: RuntimeWarning: laya: this checkpoint ships invalid temperatures or values outside [0.5, 5]; using choice:11+=0.10058280825614929 -> 0.5. Treat confidence from the affected entries as uncalibrated.
  return Agent(model_id_or_path, device=device, token=token, subfolder=subfolder, fast=fast,
[   0] best_single    score= 0.6156 origin=agent    iters=5 stop=no new information in 3 consecutive turns
         TEST  smape=0.0409  rmse=14.5924  pocid=42.86  mape=0.0399
         laya iter 1 -> select_stable_k5 conf=0.3355 obs=pool pool5 (5 models)
         laya iter 2 -> best_ONLY_FT_rf conf=0.9717 rank=1
         laya iter 3 -> best_ONLY_FT_rf conf=0.9931 rank=1
         laya iter 4 -> best_ONLY_FT_rf conf=0.9931 rank=1
         laya iter 5 -> best_ONLY_FT_rf conf=0.9931 rank=1
[   1] best_single    score= 0.5967 origin=agent    iters=4 stop=no new information in 3 consecutive turns
         TEST  smape=0.1255  rmse=18.4727  pocid=0.00  mape=0.1170
         laya iter 1 -> best_ETS conf=0.3677 rank=1
         laya iter 2 -> best_ETS conf=0.434 rank=1
         laya iter 3 -> best_ETS conf=0.434 rank=1
         laya iter 4 -> best_ETS conf=0.434 rank=1
[   2] best_single    score= 0.6189 origin=agent    iters=5 stop=no new information in 3 consecutive turns
         TEST  smape=0.0743  rmse=16.8253  pocid=42.86  mape=0.0751
         laya iter 1 -> select_stable_k5 conf=0.3085 obs=pool pool5 (5 models)
         laya iter 2 -> best_CWT_rf conf=0.8469 rank=1
         laya iter 3 -> best_CWT_rf conf=0.9148 rank=1
         laya iter 4 -> best_CWT_rf conf=0.9148 rank=1
         laya iter 5 -> best_CWT_rf conf=0.9148 rank=1
[   3] best_single    score= 0.8254 origin=agent    iters=5 stop=no new information in 3 consecutive turns
         TEST  smape=0.1008  rmse=17.8471  pocid=0.00  mape=0.0962
         laya iter 1 -> select_stable_k5 conf=0.3438 obs=pool pool5 (5 models)
         laya iter 2 -> best_ETS conf=0.5414 rank=1
         laya iter 3 -> best_ETS conf=0.6316 rank=1
         laya iter 4 -> best_ETS conf=0.6316 rank=1
         laya iter 5 -> best_ETS conf=0.6316 rank=1
[   4] best_single    score= 0.6904 origin=agent    iters=4 stop=no new information in 3 consecutive turns
         TEST  smape=0.0956  rmse=20.3402  pocid=42.86  mape=0.0917
         laya iter 1 -> best_DWT_rf conf=0.4086 rank=1
         laya iter 2 -> best_DWT_rf conf=0.7854 rank=1
         laya iter 3 -> best_DWT_rf conf=0.7854 rank=1
         laya iter 4 -> best_DWT_rf conf=0.7854 rank=1
[   5] best_single    score= 0.5947 origin=agent    iters=5 stop=no new information in 3 consecutive turns
         TEST  smape=0.1176  rmse=21.4997  pocid=42.86  mape=0.1368
         laya iter 1 -> select_stable_k5 conf=0.1898 obs=pool pool5 (5 models)
         laya iter 2 -> best_DWT_catboost conf=0.3332 rank=1
         laya iter 3 -> best_DWT_catboost conf=0.3092 rank=1
         laya iter 4 -> best_DWT_catboost conf=0.3092 rank=1
         laya iter 5 -> best_DWT_catboost conf=0.3092 rank=1
[   6] best_single    score= 0.4257 origin=agent    iters=5 stop=no new information in 3 consecutive turns
         TEST  smape=0.2176  rmse=36.7387  pocid=28.57  mape=0.1874
         laya iter 1 -> select_stable_k5 conf=0.3565 obs=pool pool5 (5 models)
         laya iter 2 -> best_NaiveSeasonal conf=0.3911 rank=1
         laya iter 3 -> best_NaiveSeasonal conf=0.6062 rank=1
         laya iter 4 -> best_NaiveSeasonal conf=0.6062 rank=1
         laya iter 5 -> best_NaiveSeasonal conf=0.6062 rank=1
[   7] best_single    score= 0.6775 origin=agent    iters=5 stop=no new information in 3 consecutive turns
         TEST  smape=0.2455  rmse=38.2373  pocid=57.14  mape=0.2973
         laya iter 1 -> select_stable_k5 conf=0.3792 obs=pool pool5 (5 models)
         laya iter 2 -> best_NaiveMovingAverage conf=0.3115 rank=1
         laya iter 3 -> best_NaiveMovingAverage conf=0.5582 rank=1
         laya iter 4 -> best_NaiveMovingAverage conf=0.5582 rank=1
         laya iter 5 -> best_NaiveMovingAverage conf=0.5582 rank=1
[   8] best_single    score= 0.6115 origin=agent    iters=5 stop=no new information in 3 consecutive turns
         TEST  smape=0.1034  rmse=7.3099  pocid=0.00  mape=0.1082
         laya iter 1 -> select_stable_k5 conf=0.3983 obs=pool pool5 (5 models)
         laya iter 2 -> best_ETS conf=0.6918 rank=1
         laya iter 3 -> best_ETS conf=0.8196 rank=1
         laya iter 4 -> best_ETS conf=0.8196 rank=1
         laya iter 5 -> best_ETS conf=0.8196 rank=1
[   9] best_single    score= 0.7959 origin=agent    iters=5 stop=no new information in 3 consecutive turns
         TEST  smape=0.0776  rmse=14.6049  pocid=42.86  mape=0.0772
         laya iter 1 -> select_stable_k5 conf=0.294 obs=pool pool5 (5 models)
         laya iter 2 -> best_rf conf=0.5578 rank=1
         laya iter 3 -> best_rf conf=0.65 rank=1
         laya iter 4 -> best_rf conf=0.65 rank=1
         laya iter 5 -> best_rf conf=0.65 rank=1
[  10] best_single    score= 0.4309 origin=agent    iters=4 stop=no new information in 3 consecutive turns
         TEST  smape=0.1371  rmse=23.3183  pocid=57.14  mape=0.1310
         laya iter 1 -> best_ETS conf=0.7735 rank=1
         laya iter 2 -> best_ETS conf=0.9779 rank=1
         laya iter 3 -> best_ETS conf=0.9779 rank=1
         laya iter 4 -> best_ETS conf=0.9779 rank=1
[  11] best_single    score= 0.5764 origin=agent    iters=4 stop=no new information in 3 consecutive turns
         TEST  smape=0.2058  rmse=22.6721  pocid=14.29  mape=0.1901
         laya iter 1 -> best_ONLY_FT_catboost conf=0.3715 rank=1
         laya iter 2 -> best_ONLY_FT_catboost conf=0.6432 rank=1
         laya iter 3 -> best_ONLY_FT_catboost conf=0.6432 rank=1
         laya iter 4 -> best_ONLY_FT_catboost conf=0.6432 rank=1
[  12] best_single    score= 0.6094 origin=agent    iters=6 stop=no new information in 3 consecutive turns
         TEST  smape=0.0746  rmse=15.7667  pocid=42.86  mape=0.0776
         laya iter 1 -> select_stable_k5 conf=0.325 obs=pool pool5 (5 models)
         laya iter 2 -> best_ARIMA conf=0.3755 rank=1
         laya iter 3 -> best_THETA conf=0.442 rank=1
         laya iter 4 -> best_THETA conf=0.442 rank=1
         laya iter 5 -> best_THETA conf=0.442 rank=1
         laya iter 6 -> best_THETA conf=0.442 rank=1
[  13] best_single    score= 0.6017 origin=agent    iters=5 stop=no new information in 3 consecutive turns
         TEST  smape=0.1095  rmse=15.9123  pocid=42.86  mape=0.1048
         laya iter 1 -> select_stable_k5 conf=0.3283 obs=pool pool5 (5 models)
         laya iter 2 -> best_ARIMA conf=0.3792 rank=1
         laya iter 3 -> best_ARIMA conf=0.6749 rank=1
         laya iter 4 -> best_ARIMA conf=0.6749 rank=1
         laya iter 5 -> best_ARIMA conf=0.6749 rank=1
[  14] best_single    score= 0.6747 origin=agent    iters=5 stop=no new information in 3 consecutive turns
         TEST  smape=0.0600  rmse=9.2913  pocid=71.43  mape=0.0600
         laya iter 1 -> select_stable_k5 conf=0.2577 obs=pool pool5 (5 models)
         laya iter 2 -> best_ONLY_DWT_catboost conf=0.3171 rank=1
         laya iter 3 -> best_ONLY_DWT_catboost conf=0.2862 rank=1
         laya iter 4 -> best_ONLY_DWT_catboost conf=0.2862 rank=1
         laya iter 5 -> best_ONLY_DWT_catboost conf=0.2862 rank=1
[  15] best_single    score= 0.6799 origin=agent    iters=4 stop=no new information in 3 consecutive turns
         TEST  smape=0.0380  rmse=8.5366  pocid=42.86  mape=0.0370
         laya iter 1 -> best_ONLY_DWT_rf conf=0.3175 rank=1
         laya iter 2 -> best_ONLY_DWT_rf conf=0.9522 rank=1
         laya iter 3 -> best_ONLY_DWT_rf conf=0.9522 rank=1
         laya iter 4 -> best_ONLY_DWT_rf conf=0.9522 rank=1
[  16] FAILED: ValueError: Attempt(attempt_id='a1', spec={'combine': 'mean', 'pool': 'pool_full'}, origin='baseline', aggregate={'MAPE': 0.2253480670522995, 'SMAPE': 0.20874515307644273, 'RMSE': 43.73554538205408, 'POCID': 47.61904761904762, 'MSMAPE': 0.20868481921516588, 'MAE': 36.89979610389732}, per_window=[{'MAPE': 0.13692254454979402, 'SMAPE': 0.13032376646741123, 'RMSE': 26.693767331389935, 'POCID': 71.42857142857143, 'MSMAPE': 0.13028584315254213, 'MAE': 22.649487215078217}, {'MAPE': 0.32332826661697656, 'SMAPE': 0.30757620043862977, 'RMSE': 62.552804114039, 'POCID': 42.857142857142854, 'MSMAPE': 0.30749344420226166, 'MAE': 58.61494541575196}, {'MAPE': 0.21579338999012798, 'SMAPE': 0.18833549232328728, 'RMSE': 33.36140393816515, 'POCID': 28.571428571428573, 'MSMAPE': 0.1882751702906937, 'MAE': 29.43495568086178}], score=0.7047619047619048, rationale='deterministic baseline: plain mean of the full pool', iteration=0, n_models=19, per_window_scores=[0.6571428571428571, 0.7142857142857143, 0.7428571428571429], residuals=[15.375287955814741, 45.263701552817565, 22.467872818532925, -13.543498160757622, 0.9552232639884437, 26.026864186775327, -14.78282459394191, -42.7806251879972, -70.87181904837311, -94.32370394878103, -71.29806211934763, 23.28142116330335, 57.921510632542464, 34.04341193893302, 72.34161106251442, 44.83802341222071, 11.481000056129574, 57.37029481434968, 22.917013634104705, 46.92870652286814, 9.411024626982623, 21.095488012863342, 29.720443521159524, 36.55567425843665], agent_converged=True, agent_rationale='laya selected mean_pool_full') is not in list
[  17] best_single    score= 0.5436 origin=agent    iters=4 stop=no new information in 3 consecutive turns
         TEST  smape=0.1055  rmse=17.4380  pocid=85.71  mape=0.0994
         laya iter 1 -> best_ONLY_FT_rf conf=0.6193 rank=1
         laya iter 2 -> best_ONLY_FT_rf conf=0.9549 rank=1
         laya iter 3 -> best_ONLY_FT_rf conf=0.9549 rank=1
         laya iter 4 -> best_ONLY_FT_rf conf=0.9549 rank=1
[  18] FAILED: ValueError: Attempt(attempt_id='a1', spec={'combine': 'mean', 'pool': 'pool_full'}, origin='baseline', aggregate={'MAPE': 0.1373440969871039, 'SMAPE': 0.12655310704758124, 'RMSE': 31.240487707263465, 'POCID': 47.61904761904762, 'MSMAPE': 0.12651829330695652, 'MAE': 23.329940778269858}, per_window=[{'MAPE': 0.09399205682621425, 'SMAPE': 0.0920488462261988, 'RMSE': 19.56146570633928, 'POCID': 57.142857142857146, 'MSMAPE': 0.09202496298927806, 'MAE': 17.79909860419184}, {'MAPE': 0.18952461728343764, 'SMAPE': 0.17651862327316412, 'RMSE': 41.26100304079127, 'POCID': 42.857142857142854, 'MSMAPE': 0.1764717282542898, 'MAE': 33.66208325285541}, {'MAPE': 0.12851561685165983, 'SMAPE': 0.11109185164338077, 'RMSE': 29.030723450347647, 'POCID': 42.857142857142854, 'MSMAPE': 0.11105818867730169, 'MAE': 18.528640477762327}], score=0.7047619047619048, rationale='deterministic baseline: plain mean of the full pool', iteration=0, n_models=19, per_window_scores=[0.6857142857142857, 0.7142857142857143, 0.7142857142857143], residuals=[17.36334286632649, 30.6789082320702, 22.62430629551801, -23.123433943747813, -5.8485801579109875, 7.7857702289908275, -11.750387508519026, -23.21805960045137, -0.038663550593526, -12.338958188860431, -74.17953257064957, 14.562596542659719, 56.29641889581717, 41.982467244127236, 48.69961001835742, 21.198419011778213, -21.814352231062713, 73.68180222005219, -2.4688533340414267, 3.352056455400543, -21.342638592585587, 0.7787383918952173, -17.71765959475789, -7.073023002303046], agent_converged=True, agent_rationale='laya selected mean_pool_full') is not in list
[  19] best_single    score= 0.6635 origin=agent    iters=5 stop=no new information in 3 consecutive turns
         TEST  smape=0.0632  rmse=10.6157  pocid=57.14  mape=0.0610
         laya iter 1 -> best_ETS conf=0.4138 rank=1
         laya iter 2 -> best_ONLY_FT_catboost conf=0.5295 rank=2
         laya iter 3 -> best_ONLY_FT_catboost conf=0.5295 rank=2
         laya iter 4 -> best_ONLY_FT_catboost conf=0.5295 rank=2
         laya iter 5 -> best_ONLY_FT_catboost conf=0.5295 rank=2
[  20] best_single    score= 0.7536 origin=agent    iters=4 stop=no new information in 3 consecutive turns
         TEST  smape=0.1079  rmse=13.9804  pocid=0.00  mape=0.1067
         laya iter 1 -> best_ETS conf=0.4812 rank=1
         laya iter 2 -> best_ETS conf=0.5456 rank=1
         laya iter 3 -> best_ETS conf=0.5456 rank=1
         laya iter 4 -> best_ETS conf=0.5456 rank=1
[  21] best_single    score= 0.7144 origin=agent    iters=5 stop=no new information in 3 consecutive turns
         TEST  smape=0.1015  rmse=14.3443  pocid=0.00  mape=0.0957
         laya iter 1 -> select_stable_k5 conf=0.3983 obs=pool pool5 (5 models)
         laya iter 2 -> best_ETS conf=0.482 rank=1
         laya iter 3 -> best_ETS conf=0.4751 rank=1
         laya iter 4 -> best_ETS conf=0.4751 rank=1
         laya iter 5 -> best_ETS conf=0.4751 rank=1
[  22] best_single    score= 0.6314 origin=agent    iters=4 stop=no new information in 3 consecutive turns
         TEST  smape=0.1191  rmse=10.9163  pocid=42.86  mape=0.1147
         laya iter 1 -> best_ONLY_FT_catboost conf=0.371 rank=1
         laya iter 2 -> best_ONLY_FT_catboost conf=0.4262 rank=1
         laya iter 3 -> best_ONLY_FT_catboost conf=0.4262 rank=1
         laya iter 4 -> best_ONLY_FT_catboost conf=0.4262 rank=1
[  23] best_single    score= 0.6938 origin=agent    iters=5 stop=no new information in 3 consecutive turns
         TEST  smape=0.1731  rmse=41.7125  pocid=28.57  mape=0.2020
         laya iter 1 -> select_stable_k5 conf=0.3157 obs=pool pool5 (5 models)
         laya iter 2 -> best_rf conf=0.3719 rank=1
         laya iter 3 -> best_rf conf=0.5671 rank=1
         laya iter 4 -> best_rf conf=0.5671 rank=1
         laya iter 5 -> best_rf conf=0.5671 rank=1
[  24] best_single    score= 0.7001 origin=agent    iters=5 stop=no new information in 3 consecutive turns
         TEST  smape=0.0662  rmse=12.5749  pocid=57.14  mape=0.0705
         laya iter 1 -> select_stable_k5 conf=0.2841 obs=pool pool5 (5 models)
         laya iter 2 -> best_FT_catboost conf=0.3252 rank=1
         laya iter 3 -> best_FT_catboost conf=0.3014 rank=1
         laya iter 4 -> best_FT_catboost conf=0.3014 rank=1
         laya iter 5 -> best_FT_catboost conf=0.3014 rank=1
[  25] best_single    score= 0.6794 origin=agent    iters=5 stop=no new information in 3 consecutive turns
         TEST  smape=0.1071  rmse=17.5679  pocid=42.86  mape=0.1139
         laya iter 1 -> best_FT_catboost conf=0.2735 rank=1
         laya iter 2 -> mean_pool4 conf=0.2518 rank=2
         laya iter 3 -> mean_pool4 conf=0.2518 rank=2
         laya iter 4 -> mean_pool4 conf=0.2518 rank=2
         laya iter 5 -> mean_pool4 conf=0.2518 rank=2
[  26] best_single    score= 0.3762 origin=agent    iters=6 stop=no new information in 3 consecutive turns
         TEST  smape=0.3525  rmse=23.8714  pocid=0.00  mape=0.4513
         laya iter 1 -> select_stable_k5 conf=0.327 obs=pool pool5 (5 models)
         laya iter 2 -> best_NaiveMovingAverage conf=0.3138 rank=1
         laya iter 3 -> best_THETA conf=0.2729 rank=1
         laya iter 4 -> best_THETA conf=0.2729 rank=1
         laya iter 5 -> best_THETA conf=0.2729 rank=1
         laya iter 6 -> best_THETA conf=0.2729 rank=1
[  27] best_single    score= 0.7221 origin=agent    iters=5 stop=no new information in 3 consecutive turns
         TEST  smape=0.1441  rmse=19.1749  pocid=42.86  mape=0.1394
         laya iter 1 -> select_stable_k5 conf=0.3864 obs=pool pool5 (5 models)
         laya iter 2 -> best_ARIMA conf=0.307 rank=1
         laya iter 3 -> best_ARIMA conf=0.4246 rank=1
         laya iter 4 -> best_ARIMA conf=0.4246 rank=1
         laya iter 5 -> best_ARIMA conf=0.4246 rank=1
[  28] best_single    score= 0.7038 origin=agent    iters=5 stop=no new information in 3 consecutive turns
         TEST  smape=0.1041  rmse=23.1480  pocid=28.57  mape=0.1107
         laya iter 1 -> select_stable_k5 conf=0.2456 obs=pool pool5 (5 models)
         laya iter 2 -> best_FT_catboost conf=0.54 rank=1
         laya iter 3 -> best_FT_catboost conf=0.4883 rank=1
         laya iter 4 -> best_FT_catboost conf=0.4883 rank=1
         laya iter 5 -> best_FT_catboost conf=0.4883 rank=1
[  29] best_single    score= 0.5451 origin=agent    iters=5 stop=no new information in 3 consecutive turns
         TEST  smape=0.1639  rmse=20.4668  pocid=57.14  mape=0.1884
         laya iter 1 -> select_stable_k5 conf=0.2865 obs=pool pool5 (5 models)
         laya iter 2 -> best_ONLY_FT_catboost conf=0.2947 rank=1
         laya iter 3 -> best_ONLY_FT_catboost conf=0.2741 rank=1
         laya iter 4 -> best_ONLY_FT_catboost conf=0.2741 rank=1
         laya iter 5 -> best_ONLY_FT_catboost conf=0.2741 rank=1
[  30] FAILED: ValueError: Attempt(attempt_id='a1', spec={'combine': 'mean', 'pool': 'pool_full'}, origin='baseline', aggregate={'MAPE': 0.08314648769884132, 'SMAPE': 0.08028830037467095, 'RMSE': 11.466359277504264, 'POCID': 57.142857142857146, 'MSMAPE': 0.08025497125555049, 'MAE': 9.690197661276658}, per_window=[{'MAPE': 0.06044154031602094, 'SMAPE': 0.05903088805171787, 'RMSE': 9.035250183938519, 'POCID': 57.142857142857146, 'MSMAPE': 0.059007591658671234, 'MAE': 7.484345153345069}, {'MAPE': 0.11681807536760364, 'SMAPE': 0.1090304141576658, 'RMSE': 14.407939483512727, 'POCID': 85.71428571428571, 'MSMAPE': 0.1089848595133464, 'MAE': 13.05413585893794}, {'MAPE': 0.0721798474128994, 'SMAPE': 0.07280359891462918, 'RMSE': 10.25708141702591, 'POCID': 28.571428571428573, 'MSMAPE': 0.07277246259463385, 'MAE': 8.532111971546964}], score=0.6857142857142857, rationale='deterministic baseline: plain mean of the full pool', iteration=0, n_models=19, per_window_scores=[0.6857142857142857, 0.6285714285714286, 0.7428571428571429], residuals=[-9.394125900264527, 17.99438189426955, -7.88422661696444, -0.8435527660220998, -2.1847791854669936, -5.426796138070131, 10.679349365236703, 5.4675493604661085, 7.29894799005001, 7.170435031326903, -5.476888743827175, 18.609872803371502, 17.103969716949806, 22.805817340821875, 16.850012963455242, 9.117142281701007, -7.067529568299548, -9.165487410999376, -4.799759002511166, 16.6860127452143, -18.04892229892532, -4.2157478236802035, 0.36286718280257446, -7.910569739943227], agent_converged=True, agent_rationale='laya selected mean_pool_full') is not in list
[  31] best_single    score= 0.6137 origin=agent    iters=4 stop=no new information in 3 consecutive turns
         TEST  smape=0.1881  rmse=30.7578  pocid=28.57  mape=0.2191
         laya iter 1 -> best_catboost conf=0.4219 rank=1
         laya iter 2 -> best_catboost conf=0.4823 rank=1
         laya iter 3 -> best_catboost conf=0.4823 rank=1
         laya iter 4 -> best_catboost conf=0.4823 rank=1
[  32] best_single    score= 0.6015 origin=agent    iters=5 stop=no new information in 3 consecutive turns
         TEST  smape=0.1681  rmse=29.8359  pocid=57.14  mape=0.1557
         laya iter 1 -> select_stable_k5 conf=0.3963 obs=pool pool5 (5 models)
         laya iter 2 -> best_ETS conf=0.4286 rank=1
         laya iter 3 -> best_ETS conf=0.3922 rank=1
         laya iter 4 -> best_ETS conf=0.3922 rank=1
         laya iter 5 -> best_ETS conf=0.3922 rank=1
[  33] best_single    score= 0.5378 origin=agent    iters=4 stop=no new information in 3 consecutive turns
         TEST  smape=0.0952  rmse=27.7791  pocid=14.29  mape=0.0968
         laya iter 1 -> best_catboost conf=0.3157 rank=1
         laya iter 2 -> best_catboost conf=0.6397 rank=1
         laya iter 3 -> best_catboost conf=0.6397 rank=1
         laya iter 4 -> best_catboost conf=0.6397 rank=1
[  34] best_single    score= 0.6120 origin=agent    iters=4 stop=no new information in 3 consecutive turns
         TEST  smape=0.0877  rmse=12.2689  pocid=71.43  mape=0.0875
         laya iter 1 -> best_rf conf=0.4609 rank=1
         laya iter 2 -> best_rf conf=0.9505 rank=1
         laya iter 3 -> best_rf conf=0.9505 rank=1
         laya iter 4 -> best_rf conf=0.9505 rank=1
[  35] best_single    score= 0.6698 origin=agent    iters=5 stop=no new information in 3 consecutive turns
         TEST  smape=0.1023  rmse=9.2547  pocid=57.14  mape=0.1050
         laya iter 1 -> select_stable_k5 conf=0.2709 obs=pool pool5 (5 models)
         laya iter 2 -> best_ONLY_FT_catboost conf=0.4652 rank=1
         laya iter 3 -> best_ONLY_FT_catboost conf=0.3206 rank=1
         laya iter 4 -> best_ONLY_FT_catboost conf=0.3206 rank=1
         laya iter 5 -> best_ONLY_FT_catboost conf=0.3206 rank=1
[  36] FAILED: ValueError: Attempt(attempt_id='a1', spec={'combine': 'mean', 'pool': 'pool_full'}, origin='baseline', aggregate={'MAPE': 0.3238544599615352, 'SMAPE': 0.23599842578510932, 'RMSE': 31.420011176807428, 'POCID': 57.14285714285714, 'MSMAPE': 0.2358787549791623, 'MAE': 24.25985676028606}, per_window=[{'MAPE': 0.2807764475585272, 'SMAPE': 0.24022811823562223, 'RMSE': 33.44574001083927, 'POCID': 42.857142857142854, 'MSMAPE': 0.24013480848157912, 'MAE': 31.02970117415247}, {'MAPE': 0.5682941984386111, 'SMAPE': 0.3546257870279625, 'RMSE': 40.846557246757705, 'POCID': 71.42857142857143, 'MSMAPE': 0.3544156963643198, 'MAE': 30.236864739342128}, {'MAPE': 0.12249273388746756, 'SMAPE': 0.1131413720917433, 'RMSE': 13.21334716363729, 'POCID': 57.142857142857146, 'MSMAPE': 0.113085760091588, 'MAE': 11.513004367363584}], score=0.6857142857142857, rationale='deterministic baseline: plain mean of the full pool', iteration=0, n_models=19, per_window_scores=[0.7142857142857143, 0.6571428571428571, 0.6857142857142857], residuals=[11.657740394423058, 19.585241783010773, 27.480084725855747, 43.21034523311262, 39.48071438694477, 22.009446728069364, 51.553429480921935, 33.26060666088151, -1.12100553923068, -2.937465352211376, 8.528819042984196, 62.01702839705365, 75.36937687521191, 49.1933928838132, 35.60163584972891, 7.12619397450311, -3.096453734164868, 6.843612563648463, 13.871553507255584, 25.420238895237333, 8.30900757056483, 7.226020111830707, 15.511659494978005, 11.825489061228879], agent_converged=True, agent_rationale='laya selected mean_pool_full') is not in list
[  37] FAILED: ValueError: Attempt(attempt_id='a1', spec={'combine': 'mean', 'pool': 'pool_full'}, origin='baseline', aggregate={'MAPE': 0.11332131059551383, 'SMAPE': 0.11333527719165332, 'RMSE': 32.92779748060475, 'POCID': 76.19047619047619, 'MSMAPE': 0.11330682177861083, 'MAE': 22.90193883550944}, per_window=[{'MAPE': 0.077044038163608, 'SMAPE': 0.0757917391680126, 'RMSE': 18.8672558588913, 'POCID': 85.71428571428571, 'MSMAPE': 0.07577194879431196, 'MAE': 14.699743133178476}, {'MAPE': 0.20194083131232043, 'SMAPE': 0.20362462197069323, 'RMSE': 51.732986178015096, 'POCID': 57.142857142857146, 'MSMAPE': 0.20357448805110198, 'MAE': 42.103526542240495}, {'MAPE': 0.060979062310613084, 'SMAPE': 0.06058947043625411, 'RMSE': 14.847368057389586, 'POCID': 85.71428571428571, 'MSMAPE': 0.060574028490418555, 'MAE': 11.902546831109362}], score=0.6476190476190476, rationale='deterministic baseline: plain mean of the full pool', iteration=0, n_models=19, per_window_scores=[0.6285714285714286, 0.6857142857142857, 0.6285714285714286], residuals=[1.8149084989410937, 23.870591708556617, -29.616425688250587, 0.7464071722152426, -8.608460910900106, 28.0557306180352, -1.8095964416257573, -23.075824026903206, -38.944157171516395, -50.666519102270996, -106.34566672853629, 56.612154435570545, 48.18298192670156, 15.456214014464166, 14.739552513712027, -5.880966445151984, -0.49759723750315743, 19.765901855674457, 17.84806299286572, 13.66989756615294, -20.793161142179116, -0.7944929042942306, -1.0394987040100148, -20.811762246195258], agent_converged=True, agent_rationale='laya selected mean_pool_full') is not in list
[  38] best_single    score= 0.4351 origin=agent    iters=4 stop=no new information in 3 consecutive turns
         TEST  smape=0.0969  rmse=13.8798  pocid=28.57  mape=0.0936
         laya iter 1 -> best_ETS conf=0.839 rank=1
         laya iter 2 -> best_ETS conf=0.9677 rank=1
         laya iter 3 -> best_ETS conf=0.9677 rank=1
         laya iter 4 -> best_ETS conf=0.9677 rank=1
[  39] best_single    score= 0.6866 origin=agent    iters=5 stop=no new information in 3 consecutive turns
         TEST  smape=0.1217  rmse=18.2437  pocid=28.57  mape=0.1191
         laya iter 1 -> select_stable_k5 conf=0.2643 obs=pool pool5 (5 models)
         laya iter 2 -> best_FT_catboost conf=0.4462 rank=1
         laya iter 3 -> best_FT_catboost conf=0.4222 rank=1
         laya iter 4 -> best_FT_catboost conf=0.4222 rank=1
         laya iter 5 -> best_FT_catboost conf=0.4222 rank=1
[  40] best_single    score= 0.6681 origin=agent    iters=5 stop=no new information in 3 consecutive turns
         TEST  smape=0.1499  rmse=22.9814  pocid=14.29  mape=0.1538
         laya iter 1 -> select_stable_k5 conf=0.3637 obs=pool pool5 (5 models)
         laya iter 2 -> best_rf conf=0.3946 rank=1
         laya iter 3 -> best_rf conf=0.5266 rank=1
         laya iter 4 -> best_rf conf=0.5266 rank=1
         laya iter 5 -> best_rf conf=0.5266 rank=1
[  41] best_single    score= 0.7704 origin=agent    iters=5 stop=no new information in 3 consecutive turns
         TEST  smape=0.0711  rmse=11.6541  pocid=0.00  mape=0.0712
         laya iter 1 -> select_stable_k5 conf=0.3752 obs=pool pool5 (5 models)
         laya iter 2 -> best_ETS conf=0.4221 rank=1
         laya iter 3 -> best_ETS conf=0.3138 rank=1
         laya iter 4 -> best_ETS conf=0.3138 rank=1
         laya iter 5 -> best_ETS conf=0.3138 rank=1
[  42] best_single    score= 0.5389 origin=agent    iters=5 stop=no new information in 3 consecutive turns
         TEST  smape=0.1069  rmse=21.8183  pocid=42.86  mape=0.1175
         laya iter 1 -> select_stable_k5 conf=0.3083 obs=pool pool5 (5 models)
         laya iter 2 -> best_NaiveMovingAverage conf=0.3143 rank=1
         laya iter 3 -> best_NaiveMovingAverage conf=0.3232 rank=1
         laya iter 4 -> best_NaiveMovingAverage conf=0.3232 rank=1
         laya iter 5 -> best_NaiveMovingAverage conf=0.3232 rank=1
[  43] best_single    score= 0.6653 origin=agent    iters=6 stop=no new information in 3 consecutive turns
         TEST  smape=0.0568  rmse=9.1850  pocid=85.71  mape=0.0577
         laya iter 1 -> select_stable_k5 conf=0.2473 obs=pool pool5 (5 models)
         laya iter 2 -> best_ARIMA conf=0.3117 rank=1
         laya iter 3 -> best_catboost conf=0.4647 rank=1
         laya iter 4 -> best_catboost conf=0.4647 rank=1
         laya iter 5 -> best_catboost conf=0.4647 rank=1
         laya iter 6 -> best_catboost conf=0.4647 rank=1
[  44] best_single    score= 0.7488 origin=agent    iters=5 stop=no new information in 3 consecutive turns
         TEST  smape=0.1340  rmse=18.0423  pocid=0.00  mape=0.1458
         laya iter 1 -> select_stable_k5 conf=0.424 obs=pool pool5 (5 models)
         laya iter 2 -> best_ETS conf=0.3697 rank=1
         laya iter 3 -> best_ETS conf=0.414 rank=1
         laya iter 4 -> best_ETS conf=0.414 rank=1
         laya iter 5 -> best_ETS conf=0.414 rank=1
[  45] best_single    score= 0.5544 origin=agent    iters=5 stop=no new information in 3 consecutive turns
         TEST  smape=0.1640  rmse=22.1222  pocid=28.57  mape=0.1493
         laya iter 1 -> select_stable_k5 conf=0.3697 obs=pool pool5 (5 models)
         laya iter 2 -> best_ARIMA conf=0.6432 rank=1
         laya iter 3 -> best_ARIMA conf=0.9187 rank=1
         laya iter 4 -> best_ARIMA conf=0.9187 rank=1
         laya iter 5 -> best_ARIMA conf=0.9187 rank=1
[  46] best_single    score= 0.6056 origin=agent    iters=5 stop=no new information in 3 consecutive turns
         TEST  smape=0.0409  rmse=14.5924  pocid=42.86  mape=0.0399
         laya iter 1 -> select_stable_k5 conf=0.3355 obs=pool pool5 (5 models)
         laya iter 2 -> best_ONLY_FT_rf conf=0.9717 rank=1
         laya iter 3 -> best_ONLY_FT_rf conf=0.9931 rank=1
         laya iter 4 -> best_ONLY_FT_rf conf=0.9931 rank=1
         laya iter 5 -> best_ONLY_FT_rf conf=0.9931 rank=1
[  47] best_single    score= 0.8259 origin=agent    iters=4 stop=no new information in 3 consecutive turns
         TEST  smape=0.1288  rmse=26.5512  pocid=28.57  mape=0.1340
         laya iter 1 -> best_ONLY_CWT_rf conf=0.4247 rank=1
         laya iter 2 -> best_ONLY_CWT_rf conf=0.79 rank=1
         laya iter 3 -> best_ONLY_CWT_rf conf=0.79 rank=1
         laya iter 4 -> best_ONLY_CWT_rf conf=0.79 rank=1
[  48] best_single    score= 0.5771 origin=agent    iters=4 stop=no new information in 3 consecutive turns
         TEST  smape=0.1312  rmse=22.2277  pocid=28.57  mape=0.1424
         laya iter 1 -> best_ONLY_DWT_catboost conf=0.2956 rank=1
         laya iter 2 -> best_ONLY_DWT_catboost conf=0.9868 rank=1
         laya iter 3 -> best_ONLY_DWT_catboost conf=0.9868 rank=1
         laya iter 4 -> best_ONLY_DWT_catboost conf=0.9868 rank=1
[  49] best_single    score= 0.4555 origin=agent    iters=4 stop=no new information in 3 consecutive turns
         TEST  smape=0.1371  rmse=23.3183  pocid=57.14  mape=0.1310
         laya iter 1 -> best_ETS conf=0.7735 rank=1
         laya iter 2 -> best_ETS conf=0.9779 rank=1
         laya iter 3 -> best_ETS conf=0.9779 rank=1
         laya iter 4 -> best_ETS conf=0.9779 rank=1
[  50] best_single    score= 0.6143 origin=agent    iters=5 stop=no new information in 3 consecutive turns
         TEST  smape=0.1780  rmse=25.7908  pocid=42.86  mape=0.1598
         laya iter 1 -> select_stable_k5 conf=0.3744 obs=pool pool5 (5 models)
         laya iter 2 -> best_ETS conf=0.5737 rank=1
         laya iter 3 -> best_ETS conf=0.5048 rank=1
         laya iter 4 -> best_ETS conf=0.5048 rank=1
         laya iter 5 -> best_ETS conf=0.5048 rank=1
[  51] best_single    score= 0.6508 origin=agent    iters=4 stop=no new information in 3 consecutive turns
         TEST  smape=0.0966  rmse=27.3718  pocid=85.71  mape=0.0970
         laya iter 1 -> best_ONLY_CWT_rf conf=0.3201 rank=1
         laya iter 2 -> best_ONLY_CWT_rf conf=0.9378 rank=1
         laya iter 3 -> best_ONLY_CWT_rf conf=0.9378 rank=1
         laya iter 4 -> best_ONLY_CWT_rf conf=0.9378 rank=1
[  52] best_single    score= 0.7025 origin=agent    iters=5 stop=no new information in 3 consecutive turns
         TEST  smape=0.0878  rmse=8.2607  pocid=0.00  mape=0.0842
         laya iter 1 -> select_stable_k5 conf=0.4024 obs=pool pool5 (5 models)
         laya iter 2 -> best_ETS conf=0.5177 rank=1
         laya iter 3 -> best_ETS conf=0.4455 rank=1
         laya iter 4 -> best_ETS conf=0.4455 rank=1
         laya iter 5 -> best_ETS conf=0.4455 rank=1
[  53] best_single    score= 0.6956 origin=agent    iters=4 stop=no new information in 3 consecutive turns
         TEST  smape=0.1221  rmse=16.0080  pocid=0.00  mape=0.1253
         laya iter 1 -> best_ETS conf=0.4862 rank=1
         laya iter 2 -> best_ETS conf=0.4421 rank=1
         laya iter 3 -> best_ETS conf=0.4421 rank=1
         laya iter 4 -> best_ETS conf=0.4421 rank=1
[  54] best_single    score= 0.5363 origin=agent    iters=5 stop=no new information in 3 consecutive turns
         TEST  smape=0.0670  rmse=6.6497  pocid=14.29  mape=0.0694
         laya iter 1 -> select_stable_k5 conf=0.2988 obs=pool pool5 (5 models)
         laya iter 2 -> best_catboost conf=0.4615 rank=1
         laya iter 3 -> best_catboost conf=0.7501 rank=1
         laya iter 4 -> best_catboost conf=0.7501 rank=1
         laya iter 5 -> best_catboost conf=0.7501 rank=1
[  55] best_single    score= 0.5616 origin=agent    iters=6 stop=no new information in 3 consecutive turns
         TEST  smape=0.2056  rmse=19.1195  pocid=42.86  mape=0.1957
         laya iter 1 -> select_stable_k5 conf=0.2504 obs=pool pool5 (5 models)
         laya iter 2 -> best_ONLY_DWT_rf conf=0.8072 rank=1
         laya iter 3 -> best_ONLY_DWT_catboost conf=0.6404 rank=1
         laya iter 4 -> best_ONLY_DWT_catboost conf=0.6404 rank=1
         laya iter 5 -> best_ONLY_DWT_catboost conf=0.6404 rank=1
         laya iter 6 -> best_ONLY_DWT_catboost conf=0.6404 rank=1
[  56] best_single    score= 0.6241 origin=agent    iters=5 stop=no new information in 3 consecutive turns
         TEST  smape=0.1125  rmse=15.0288  pocid=0.00  mape=0.1102
         laya iter 1 -> select_stable_k5 conf=0.3478 obs=pool pool5 (5 models)
         laya iter 2 -> best_ETS conf=0.7096 rank=1
         laya iter 3 -> best_ETS conf=0.6939 rank=1
         laya iter 4 -> best_ETS conf=0.6939 rank=1
         laya iter 5 -> best_ETS conf=0.6939 rank=1
[  57] best_single    score= 0.7003 origin=agent    iters=5 stop=no new information in 3 consecutive turns
         TEST  smape=0.0729  rmse=14.1576  pocid=0.00  mape=0.0706
         laya iter 1 -> select_stable_k5 conf=0.4193 obs=pool pool5 (5 models)
         laya iter 2 -> best_ARIMA conf=0.2949 rank=1
         laya iter 3 -> best_ARIMA conf=0.4341 rank=1
         laya iter 4 -> best_ARIMA conf=0.4341 rank=1
         laya iter 5 -> best_ARIMA conf=0.4341 rank=1
[  58] best_single    score= 0.6850 origin=agent    iters=4 stop=no new information in 3 consecutive turns
         TEST  smape=0.1869  rmse=19.5551  pocid=42.86  mape=0.1834
         laya iter 1 -> best_rf conf=0.3756 rank=1
         laya iter 2 -> best_rf conf=0.7872 rank=1
         laya iter 3 -> best_rf conf=0.7872 rank=1
         laya iter 4 -> best_rf conf=0.7872 rank=1
[  59] best_single    score= 0.5872 origin=agent    iters=5 stop=no new information in 3 consecutive turns
         TEST  smape=0.2371  rmse=30.1338  pocid=28.57  mape=0.2729
         laya iter 1 -> select_stable_k5 conf=0.4006 obs=pool pool5 (5 models)
         laya iter 2 -> best_ETS conf=0.5837 rank=1
         laya iter 3 -> best_ETS conf=0.435 rank=1
         laya iter 4 -> best_ETS conf=0.435 rank=1
         laya iter 5 -> best_ETS conf=0.435 rank=1
[  60] best_single    score= 0.6538 origin=agent    iters=5 stop=no new information in 3 consecutive turns
         TEST  smape=0.0879  rmse=11.9898  pocid=42.86  mape=0.0938
         laya iter 1 -> select_stable_k5 conf=0.2396 obs=pool pool5 (5 models)
         laya iter 2 -> best_ARIMA conf=0.3444 rank=1
         laya iter 3 -> best_ARIMA conf=0.6712 rank=1
         laya iter 4 -> best_ARIMA conf=0.6712 rank=1
         laya iter 5 -> best_ARIMA conf=0.6712 rank=1
[  61] best_single    score= 0.6126 origin=agent    iters=5 stop=no new information in 3 consecutive turns
         TEST  smape=0.1242  rmse=20.9437  pocid=57.14  mape=0.1330
         laya iter 1 -> select_stable_k5 conf=0.3629 obs=pool pool5 (5 models)
         laya iter 2 -> best_ARIMA conf=0.4667 rank=1
         laya iter 3 -> best_ARIMA conf=0.8427 rank=1
         laya iter 4 -> best_ARIMA conf=0.8427 rank=1
         laya iter 5 -> best_ARIMA conf=0.8427 rank=1
[  62] best_single    score= 0.5239 origin=agent    iters=5 stop=no new information in 3 consecutive turns
         TEST  smape=0.1059  rmse=12.8225  pocid=57.14  mape=0.1058
         laya iter 1 -> select_stable_k5 conf=0.3019 obs=pool pool5 (5 models)
         laya iter 2 -> best_ARIMA conf=0.3161 rank=1
         laya iter 3 -> best_ARIMA conf=0.4272 rank=1
         laya iter 4 -> best_ARIMA conf=0.4272 rank=1
         laya iter 5 -> best_ARIMA conf=0.4272 rank=1
[  63] best_single    score= 0.6251 origin=agent    iters=4 stop=no new information in 3 consecutive turns
         TEST  smape=0.1614  rmse=14.3574  pocid=57.14  mape=0.1537
         laya iter 1 -> best_ONLY_FT_catboost conf=0.4207 rank=1
         laya iter 2 -> best_ONLY_FT_catboost conf=0.4368 rank=1
         laya iter 3 -> best_ONLY_FT_catboost conf=0.4368 rank=1
         laya iter 4 -> best_ONLY_FT_catboost conf=0.4368 rank=1
[  64] best_single    score= 0.7014 origin=agent    iters=5 stop=no new information in 3 consecutive turns
         TEST  smape=0.1445  rmse=30.4450  pocid=0.00  mape=0.1340
         laya iter 1 -> select_stable_k5 conf=0.3942 obs=pool pool5 (5 models)
         laya iter 2 -> best_ETS conf=0.4885 rank=1
         laya iter 3 -> best_ETS conf=0.4126 rank=1
         laya iter 4 -> best_ETS conf=0.4126 rank=1
         laya iter 5 -> best_ETS conf=0.4126 rank=1
[  65] best_single    score= 0.7478 origin=agent    iters=5 stop=no new information in 3 consecutive turns
         TEST  smape=0.1482  rmse=30.5308  pocid=0.00  mape=0.1427
         laya iter 1 -> select_stable_k5 conf=0.4181 obs=pool pool5 (5 models)
         laya iter 2 -> best_ETS conf=0.3876 rank=1
         laya iter 3 -> best_ETS conf=0.437 rank=1
         laya iter 4 -> best_ETS conf=0.437 rank=1
         laya iter 5 -> best_ETS conf=0.437 rank=1
[  66] best_single    score= 0.5505 origin=agent    iters=4 stop=no new information in 3 consecutive turns
         TEST  smape=0.0877  rmse=20.0936  pocid=71.43  mape=0.0855
         laya iter 1 -> best_ONLY_FT_catboost conf=0.6883 rank=1
         laya iter 2 -> best_ONLY_FT_catboost conf=0.9855 rank=1
         laya iter 3 -> best_ONLY_FT_catboost conf=0.9855 rank=1
         laya iter 4 -> best_ONLY_FT_catboost conf=0.9855 rank=1
[  67] best_single    score= 0.5941 origin=agent    iters=5 stop=no new information in 3 consecutive turns
         TEST  smape=0.1565  rmse=56.7133  pocid=28.57  mape=0.1701
         laya iter 1 -> select_stable_k5 conf=0.2523 obs=pool pool5 (5 models)
         laya iter 2 -> best_rf conf=0.6114 rank=1
         laya iter 3 -> best_rf conf=0.8309 rank=1
         laya iter 4 -> best_rf conf=0.8309 rank=1
         laya iter 5 -> best_rf conf=0.8309 rank=1
[  68] best_single    score= 0.7059 origin=agent    iters=5 stop=no new information in 3 consecutive turns
         TEST  smape=0.1034  rmse=13.5854  pocid=42.86  mape=0.1035
         laya iter 1 -> select_stable_k5 conf=0.275 obs=pool pool5 (5 models)
         laya iter 2 -> best_FT_catboost conf=0.4892 rank=1
         laya iter 3 -> best_FT_catboost conf=0.3666 rank=1
         laya iter 4 -> best_FT_catboost conf=0.3666 rank=1
         laya iter 5 -> best_FT_catboost conf=0.3666 rank=1
[  69] best_single    score= 0.7231 origin=agent    iters=5 stop=no new information in 3 consecutive turns
         TEST  smape=0.1134  rmse=16.6033  pocid=42.86  mape=0.1258
         laya iter 1 -> select_stable_k5 conf=0.3001 obs=pool pool5 (5 models)
         laya iter 2 -> best_rf conf=0.5228 rank=1
         laya iter 3 -> best_rf conf=0.7457 rank=1
         laya iter 4 -> best_rf conf=0.7457 rank=1
         laya iter 5 -> best_rf conf=0.7457 rank=1
[  70] best_single    score= 0.6651 origin=agent    iters=4 stop=no new information in 3 consecutive turns
         TEST  smape=0.1963  rmse=19.7395  pocid=0.00  mape=0.1903
         laya iter 1 -> best_ETS conf=0.3715 rank=1
         laya iter 2 -> best_ETS conf=0.4325 rank=1
         laya iter 3 -> best_ETS conf=0.4325 rank=1
         laya iter 4 -> best_ETS conf=0.4325 rank=1
[  71] best_single    score= 0.6883 origin=agent    iters=5 stop=no new information in 3 consecutive turns
         TEST  smape=0.0770  rmse=9.9371  pocid=42.86  mape=0.0800
         laya iter 1 -> select_stable_k5 conf=0.281 obs=pool pool5 (5 models)
         laya iter 2 -> best_ONLY_DWT_rf conf=0.8871 rank=1
         laya iter 3 -> best_ONLY_DWT_rf conf=0.9681 rank=1
         laya iter 4 -> best_ONLY_DWT_rf conf=0.9681 rank=1
         laya iter 5 -> best_ONLY_DWT_rf conf=0.9681 rank=1
[  72] best_single    score= 0.6851 origin=agent    iters=4 stop=no new information in 3 consecutive turns
         TEST  smape=0.2258  rmse=28.8217  pocid=71.43  mape=0.2620
         laya iter 1 -> best_DWT_rf conf=0.5541 rank=1
         laya iter 2 -> best_DWT_rf conf=0.6878 rank=1
         laya iter 3 -> best_DWT_rf conf=0.6878 rank=1
         laya iter 4 -> best_DWT_rf conf=0.6878 rank=1
[  73] best_single    score= 0.5844 origin=agent    iters=4 stop=no new information in 3 consecutive turns
         TEST  smape=0.1663  rmse=19.1460  pocid=57.14  mape=0.1512
         laya iter 1 -> best_THETA conf=0.4705 rank=1
         laya iter 2 -> best_THETA conf=0.5612 rank=1
         laya iter 3 -> best_THETA conf=0.5612 rank=1
         laya iter 4 -> best_THETA conf=0.5612 rank=1
[  74] best_single    score= 0.6057 origin=agent    iters=4 stop=no new information in 3 consecutive turns
         TEST  smape=0.1115  rmse=13.7667  pocid=28.57  mape=0.1190
         laya iter 1 -> best_FT_rf conf=0.3882 rank=1
         laya iter 2 -> best_FT_rf conf=0.8607 rank=1
         laya iter 3 -> best_FT_rf conf=0.8607 rank=1
         laya iter 4 -> best_FT_rf conf=0.8607 rank=1
[  75] best_single    score= 0.3503 origin=agent    iters=5 stop=no new information in 3 consecutive turns
         TEST  smape=0.1477  rmse=17.6327  pocid=42.86  mape=0.1360
         laya iter 1 -> select_stable_k5 conf=0.4039 obs=pool pool5 (5 models)
         laya iter 2 -> best_ETS conf=0.4834 rank=1
         laya iter 3 -> best_ETS conf=0.4054 rank=1
         laya iter 4 -> best_ETS conf=0.4054 rank=1
         laya iter 5 -> best_ETS conf=0.4054 rank=1
[  76] best_single    score= 0.7522 origin=agent    iters=4 stop=no new information in 3 consecutive turns
         TEST  smape=0.0806  rmse=11.9689  pocid=0.00  mape=0.0850
         laya iter 1 -> best_ETS conf=0.7563 rank=1
         laya iter 2 -> best_ETS conf=0.9732 rank=1
         laya iter 3 -> best_ETS conf=0.9732 rank=1
         laya iter 4 -> best_ETS conf=0.9732 rank=1
[  77] best_single    score= 0.5908 origin=agent    iters=4 stop=no new information in 3 consecutive turns
         TEST  smape=0.0973  rmse=16.8748  pocid=42.86  mape=0.0978
         laya iter 1 -> best_rf conf=0.7655 rank=1
         laya iter 2 -> best_rf conf=0.901 rank=1
         laya iter 3 -> best_rf conf=0.901 rank=1
         laya iter 4 -> best_rf conf=0.901 rank=1
[  78] best_single    score= 0.6777 origin=agent    iters=4 stop=no new information in 3 consecutive turns
         TEST  smape=0.1112  rmse=16.2325  pocid=14.29  mape=0.1034
         laya iter 1 -> best_ONLY_DWT_rf conf=0.5784 rank=1
         laya iter 2 -> best_ONLY_DWT_rf conf=0.9542 rank=1
         laya iter 3 -> best_ONLY_DWT_rf conf=0.9542 rank=1
         laya iter 4 -> best_ONLY_DWT_rf conf=0.9542 rank=1
[  79] best_single    score= 0.6304 origin=agent    iters=4 stop=no new information in 3 consecutive turns
         TEST  smape=0.1140  rmse=21.3203  pocid=57.14  mape=0.1186
         laya iter 1 -> best_ETS conf=0.3997 rank=1
         laya iter 2 -> best_ETS conf=0.3809 rank=1
         laya iter 3 -> best_ETS conf=0.3809 rank=1
         laya iter 4 -> best_ETS conf=0.3809 rank=1
[  80] best_single    score= 0.6635 origin=agent    iters=4 stop=no new information in 3 consecutive turns
         TEST  smape=0.1356  rmse=10.3316  pocid=42.86  mape=0.1486
         laya iter 1 -> best_ONLY_CWT_catboost conf=0.9595 rank=1
         laya iter 2 -> best_ONLY_CWT_catboost conf=0.9917 rank=1
         laya iter 3 -> best_ONLY_CWT_catboost conf=0.9917 rank=1
         laya iter 4 -> best_ONLY_CWT_catboost conf=0.9917 rank=1
[  81] best_single    score= 0.4992 origin=agent    iters=5 stop=no new information in 3 consecutive turns
         TEST  smape=0.1587  rmse=16.7502  pocid=71.43  mape=0.1451
         laya iter 1 -> select_stable_k5 conf=0.4214 obs=pool pool5 (5 models)
         laya iter 2 -> best_ETS conf=0.4566 rank=1
         laya iter 3 -> best_ETS conf=0.4382 rank=1
         laya iter 4 -> best_ETS conf=0.4382 rank=1
         laya iter 5 -> best_ETS conf=0.4382 rank=1
[  82] best_single    score= 0.6165 origin=agent    iters=4 stop=no new information in 3 consecutive turns
         TEST  smape=0.1361  rmse=36.3039  pocid=14.29  mape=0.1365
         laya iter 1 -> best_ONLY_FT_catboost conf=0.8612 rank=1
         laya iter 2 -> best_ONLY_FT_catboost conf=0.838 rank=1
         laya iter 3 -> best_ONLY_FT_catboost conf=0.838 rank=1
         laya iter 4 -> best_ONLY_FT_catboost conf=0.838 rank=1
[  83] best_single    score= 0.6834 origin=agent    iters=5 stop=no new information in 3 consecutive turns
         TEST  smape=0.1108  rmse=18.8219  pocid=57.14  mape=0.1044
         laya iter 1 -> select_stable_k5 conf=0.2935 obs=pool pool5 (5 models)
         laya iter 2 -> best_ONLY_FT_catboost conf=0.4286 rank=1
         laya iter 3 -> best_ONLY_FT_catboost conf=0.4472 rank=1
         laya iter 4 -> best_ONLY_FT_catboost conf=0.4472 rank=1
         laya iter 5 -> best_ONLY_FT_catboost conf=0.4472 rank=1
[  84] FAILED: ValueError: Attempt(attempt_id='a1', spec={'combine': 'mean', 'pool': 'pool_full'}, origin='baseline', aggregate={'MAPE': 0.13903566890954364, 'SMAPE': 0.13343281207420052, 'RMSE': 16.002305285356623, 'POCID': 47.61904761904762, 'MSMAPE': 0.13336279904945114, 'MAE': 12.835633841717453}, per_window=[{'MAPE': 0.10267524371196474, 'SMAPE': 0.09949831983179976, 'RMSE': 11.963728497017042, 'POCID': 42.857142857142854, 'MSMAPE': 0.09944732420689828, 'MAE': 9.75863945997449}, {'MAPE': 0.161784575194231, 'SMAPE': 0.15218785612273472, 'RMSE': 18.590570223246676, 'POCID': 71.42857142857143, 'MSMAPE': 0.15210910837295838, 'MAE': 14.88087778572078}, {'MAPE': 0.15264718782243514, 'SMAPE': 0.14861226026806706, 'RMSE': 16.71769190293487, 'POCID': 28.571428571428573, 'MSMAPE': 0.14853196456849677, 'MAE': 13.867384279457088}], score=0.7047619047619048, rationale='deterministic baseline: plain mean of the full pool', iteration=0, n_models=19, per_window_scores=[0.7142857142857143, 0.6571428571428571, 0.7428571428571429], residuals=[-0.6563787272966692, -16.46464796869276, -5.003006958786671, -8.108942457251587, 13.387968860274114, -1.736973893745514, 22.07748259070172, -10.63371422304688, -3.2323274655368266, -14.764515443757261, -30.39935495496185, -0.641495623782717, 27.53568350586646, 1.4516172548491681, 18.25504378014935, 22.766984256862614, -28.71631435190949, -4.819154431770244, 6.085050076554097, 8.159516799064193, -1.7739112136065103, 24.546537890249823, 18.125056979234685, -18.713532493267664], agent_converged=True, agent_rationale='laya selected mean_pool_full') is not in list
[  85] best_single    score= 0.6329 origin=agent    iters=4 stop=no new information in 3 consecutive turns
         TEST  smape=0.0974  rmse=10.4743  pocid=71.43  mape=0.0974
         laya iter 1 -> best_ONLY_FT_catboost conf=0.3154 rank=1
         laya iter 2 -> best_ONLY_FT_catboost conf=0.4908 rank=1
         laya iter 3 -> best_ONLY_FT_catboost conf=0.4908 rank=1
         laya iter 4 -> best_ONLY_FT_catboost conf=0.4908 rank=1
[  86] best_single    score= 0.6230 origin=agent    iters=5 stop=no new information in 3 consecutive turns
         TEST  smape=0.0857  rmse=13.4324  pocid=57.14  mape=0.0857
         laya iter 1 -> select_stable_k5 conf=0.3431 obs=pool pool5 (5 models)
         laya iter 2 -> best_rf conf=0.3851 rank=1
         laya iter 3 -> best_rf conf=0.4788 rank=1
         laya iter 4 -> best_rf conf=0.4788 rank=1
         laya iter 5 -> best_rf conf=0.4788 rank=1
[  87] best_single    score= 0.6018 origin=agent    iters=4 stop=no new information in 3 consecutive turns
         TEST  smape=0.3971  rmse=33.1908  pocid=28.57  mape=0.5030
         laya iter 1 -> best_ARIMA conf=0.3821 rank=1
         laya iter 2 -> best_ARIMA conf=0.4224 rank=1
         laya iter 3 -> best_ARIMA conf=0.4224 rank=1
         laya iter 4 -> best_ARIMA conf=0.4224 rank=1
[  88] best_single    score= 0.7269 origin=agent    iters=5 stop=no new information in 3 consecutive turns
         TEST  smape=0.3794  rmse=28.0070  pocid=42.86  mape=0.5265
         laya iter 1 -> select_stable_k5 conf=0.2881 obs=pool pool5 (5 models)
         laya iter 2 -> best_ONLY_CWT_catboost conf=0.288 rank=1
         laya iter 3 -> best_ONLY_CWT_catboost conf=0.2235 rank=1
         laya iter 4 -> best_ONLY_CWT_catboost conf=0.2235 rank=1
         laya iter 5 -> best_ONLY_CWT_catboost conf=0.2235 rank=1
[  89] best_single    score= 0.6245 origin=agent    iters=5 stop=no new information in 3 consecutive turns
         TEST  smape=0.0971  rmse=15.9262  pocid=71.43  mape=0.1052
         laya iter 1 -> best_ETS conf=0.4182 rank=1
         laya iter 2 -> prune_redundant_full conf=0.3862 obs=pool pool5 (0 models)
         laya iter 3 -> best_ETS conf=0.4476 rank=1
         laya iter 4 -> best_ETS conf=0.4476 rank=1
         laya iter 5 -> best_ETS conf=0.4476 rank=1
[  90] best_single    score= 0.5601 origin=agent    iters=5 stop=no new information in 3 consecutive turns
         TEST  smape=0.1141  rmse=16.6181  pocid=28.57  mape=0.1353
         laya iter 1 -> select_stable_k5 conf=0.3252 obs=pool pool5 (5 models)
         laya iter 2 -> best_NaiveMovingAverage conf=0.3178 rank=1
         laya iter 3 -> best_NaiveMovingAverage conf=0.4401 rank=1
         laya iter 4 -> best_NaiveMovingAverage conf=0.4401 rank=1
         laya iter 5 -> best_NaiveMovingAverage conf=0.4401 rank=1
[  91] best_single    score= 0.6385 origin=agent    iters=5 stop=no new information in 3 consecutive turns
         TEST  smape=0.0754  rmse=12.8700  pocid=0.00  mape=0.0788
         laya iter 1 -> best_ETS conf=0.4415 rank=1
         laya iter 2 -> prune_redundant_full conf=0.3654 obs=pool pool5 (0 models)
         laya iter 3 -> best_ETS conf=0.3113 rank=1
         laya iter 4 -> best_ETS conf=0.3113 rank=1
         laya iter 5 -> best_ETS conf=0.3113 rank=1
[  92] best_single    score= 0.8342 origin=agent    iters=4 stop=no new information in 3 consecutive turns
         TEST  smape=0.1376  rmse=31.4675  pocid=57.14  mape=0.1369
         laya iter 1 -> best_rf conf=0.4308 rank=1
         laya iter 2 -> best_rf conf=0.9198 rank=1
         laya iter 3 -> best_rf conf=0.9198 rank=1
         laya iter 4 -> best_rf conf=0.9198 rank=1
[  93] best_single    score= 0.4692 origin=agent    iters=4 stop=no new information in 3 consecutive turns
         TEST  smape=0.1284  rmse=18.4865  pocid=0.00  mape=0.1292
         laya iter 1 -> best_ETS conf=0.4287 rank=1
         laya iter 2 -> best_ETS conf=0.6589 rank=1
         laya iter 3 -> best_ETS conf=0.6589 rank=1
         laya iter 4 -> best_ETS conf=0.6589 rank=1
[  94] best_single    score= 0.7229 origin=agent    iters=5 stop=no new information in 3 consecutive turns
         TEST  smape=0.0901  rmse=15.0667  pocid=0.00  mape=0.0913
         laya iter 1 -> select_stable_k5 conf=0.3894 obs=pool pool5 (5 models)
         laya iter 2 -> best_ETS conf=0.501 rank=1
         laya iter 3 -> best_ETS conf=0.4217 rank=1
         laya iter 4 -> best_ETS conf=0.4217 rank=1
         laya iter 5 -> best_ETS conf=0.4217 rank=1
[  95] FAILED: ValueError: Attempt(attempt_id='a1', spec={'combine': 'mean', 'pool': 'pool_full'}, origin='baseline', aggregate={'MAPE': 0.12271194774464063, 'SMAPE': 0.11317755410916512, 'RMSE': 23.200891788128533, 'POCID': 66.66666666666667, 'MSMAPE': 0.1131407624220857, 'MAE': 17.528903016576805}, per_window=[{'MAPE': 0.12101586120988692, 'SMAPE': 0.11120798820009531, 'RMSE': 20.791007521822376, 'POCID': 57.142857142857146, 'MSMAPE': 0.11117302942686669, 'MAE': 17.709625366655523}, {'MAPE': 0.20317142473819144, 'SMAPE': 0.18289564100588032, 'RMSE': 33.39965492392436, 'POCID': 71.42857142857143, 'MSMAPE': 0.18283608043124305, 'MAE': 28.358611366497687}, {'MAPE': 0.04394855728584356, 'SMAPE': 0.04542903312151971, 'RMSE': 8.187868860921665, 'POCID': 71.42857142857143, 'MSMAPE': 0.045413177408147445, 'MAE': 6.518472316577206}], score=0.6666666666666667, rationale='deterministic baseline: plain mean of the full pool', iteration=0, n_models=19, per_window_scores=[0.6857142857142857, 0.6571428571428571, 0.6571428571428571], residuals=[15.113962593832639, 34.17617834832342, 4.455982343800883, 15.414381330824142, 14.365753199703931, 37.09391607382406, 10.214178482091853, 10.842650560843254, 1.5434449004151531, -1.9809327481298453, -45.21016569403187, 19.121246054635947, 35.42274009226912, 36.002983883973826, 35.994700869385696, 51.59267668914005, -6.84439267284489, -8.67189947927389, -10.339291888456842, -3.3938826278518093, -3.4749555177131697, 2.4641971307216863, -0.29702193370496843, -16.662137282050395], agent_converged=True, agent_rationale='laya selected mean_pool_full') is not in list
[  96] best_single    score= 0.4726 origin=agent    iters=5 stop=no new information in 3 consecutive turns
         TEST  smape=0.1417  rmse=15.9605  pocid=71.43  mape=0.1304
         laya iter 1 -> select_stable_k5 conf=0.3531 obs=pool pool5 (5 models)
         laya iter 2 -> best_ONLY_DWT_rf conf=0.4222 rank=1
         laya iter 3 -> best_ONLY_DWT_rf conf=0.8201 rank=1
         laya iter 4 -> best_ONLY_DWT_rf conf=0.8201 rank=1
         laya iter 5 -> best_ONLY_DWT_rf conf=0.8201 rank=1
[  97] best_single    score= 0.7786 origin=agent    iters=5 stop=no new information in 3 consecutive turns
         TEST  smape=0.1663  rmse=32.4182  pocid=0.00  mape=0.2017
         laya iter 1 -> best_ETS conf=0.5117 rank=1
         laya iter 2 -> prune_redundant_full conf=0.3865 obs=pool pool5 (0 models)
         laya iter 3 -> best_ETS conf=0.2933 rank=1
         laya iter 4 -> best_ETS conf=0.2933 rank=1
         laya iter 5 -> best_ETS conf=0.2933 rank=1
[  98] best_single    score= 0.5827 origin=agent    iters=5 stop=no new information in 3 consecutive turns
         TEST  smape=0.2009  rmse=25.9748  pocid=0.00  mape=0.1799
         laya iter 1 -> best_ETS conf=0.4191 rank=1
         laya iter 2 -> prune_redundant_full conf=0.4252 obs=pool pool5 (0 models)
         laya iter 3 -> best_ETS conf=0.3419 rank=1
         laya iter 4 -> best_ETS conf=0.3419 rank=1
         laya iter 5 -> best_ETS conf=0.3419 rank=1
[  99] FAILED: ValueError: Attempt(attempt_id='a1', spec={'combine': 'mean', 'pool': 'pool_full'}, origin='baseline', aggregate={'MAPE': 0.16263345944695048, 'SMAPE': 0.14540459574561346, 'RMSE': 22.875886947768926, 'POCID': 57.14285714285714, 'MSMAPE': 0.14533757029411123, 'MAE': 16.226179355853684}, per_window=[{'MAPE': 0.2800188341028066, 'SMAPE': 0.23480398986356943, 'RMSE': 35.97467943959562, 'POCID': 85.71428571428571, 'MSMAPE': 0.23470681726690562, 'MAE': 29.127239689714017}, {'MAPE': 0.13523037771500326, 'SMAPE': 0.1256608522895001, 'RMSE': 14.229160873246178, 'POCID': 42.857142857142854, 'MSMAPE': 0.12559662312879355, 'MAE': 12.311265072008073}, {'MAPE': 0.0726511665230416, 'SMAPE': 0.07574894508377078, 'RMSE': 8.559908352484358, 'POCID': 42.857142857142854, 'MSMAPE': 0.07570927048663462, 'MAE': 7.240033305838962}], score=0.6857142857142857, rationale='deterministic baseline: plain mean of the full pool', iteration=0, n_models=19, per_window_scores=[0.6285714285714286, 0.7142857142857143, 0.7142857142857143], residuals=[11.176555562579239, 5.192018829744569, 37.99975980016539, 60.17922653427928, 11.916212062901096, 19.171669127179456, 23.583658965209963, 63.798816635653125, -1.9596900106696893, -2.29675951370929, -14.34408770940702, 15.33001583372915, 23.175076129887543, 8.368825045929242, 13.529920440827269, 19.48574589190538, -11.453757900221987, -6.948934657530856, -3.1333094091134512, 5.831899714202237, -15.620189248776583, -3.267954206100498, 1.3502339988841499, -10.313987311881931], agent_converged=True, agent_rationale='laya selected mean_pool_full') is not in list
[ 100] best_single    score= 0.4961 origin=agent    iters=5 stop=no new information in 3 consecutive turns
         TEST  smape=0.1122  rmse=18.6949  pocid=0.00  mape=0.1137
         laya iter 1 -> select_stable_k5 conf=0.3943 obs=pool pool5 (5 models)
         laya iter 2 -> best_ETS conf=0.7086 rank=1
         laya iter 3 -> best_ETS conf=0.8214 rank=1
         laya iter 4 -> best_ETS conf=0.8214 rank=1
         laya iter 5 -> best_ETS conf=0.8214 rank=1
[ 101] best_single    score= 0.5618 origin=agent    iters=5 stop=no new information in 3 consecutive turns
         TEST  smape=0.0802  rmse=12.4844  pocid=0.00  mape=0.0814
         laya iter 1 -> select_stable_k5 conf=0.3168 obs=pool pool5 (5 models)
         laya iter 2 -> best_ETS conf=0.4127 rank=1
         laya iter 3 -> best_ETS conf=0.399 rank=1
         laya iter 4 -> best_ETS conf=0.399 rank=1
         laya iter 5 -> best_ETS conf=0.399 rank=1
[ 102] best_single    score= 0.7363 origin=agent    iters=4 stop=no new information in 3 consecutive turns
         TEST  smape=0.3451  rmse=21.2797  pocid=28.57  mape=0.2861
         laya iter 1 -> best_ONLY_CWT_rf conf=0.9781 rank=1
         laya iter 2 -> best_ONLY_CWT_rf conf=0.99 rank=1
         laya iter 3 -> best_ONLY_CWT_rf conf=0.99 rank=1
         laya iter 4 -> best_ONLY_CWT_rf conf=0.99 rank=1
[ 103] best_single    score= 0.6658 origin=agent    iters=5 stop=no new information in 3 consecutive turns
         TEST  smape=0.0942  rmse=17.2709  pocid=57.14  mape=0.0925
         laya iter 1 -> select_stable_k5 conf=0.2498 obs=pool pool5 (5 models)
         laya iter 2 -> best_ONLY_CWT_rf conf=0.3475 rank=1
         laya iter 3 -> best_ONLY_CWT_rf conf=0.4425 rank=1
         laya iter 4 -> best_ONLY_CWT_rf conf=0.4425 rank=1
         laya iter 5 -> best_ONLY_CWT_rf conf=0.4425 rank=1
[ 104] best_single    score= 0.6837 origin=agent    iters=4 stop=no new information in 3 consecutive turns
         TEST  smape=0.0389  rmse=5.3478  pocid=57.14  mape=0.0392
         laya iter 1 -> best_ONLY_DWT_catboost conf=0.4238 rank=1
         laya iter 2 -> best_ONLY_DWT_catboost conf=0.7952 rank=1
         laya iter 3 -> best_ONLY_DWT_catboost conf=0.7952 rank=1
         laya iter 4 -> best_ONLY_DWT_catboost conf=0.7952 rank=1
[ 105] best_single    score= 0.7040 origin=agent    iters=4 stop=no new information in 3 consecutive turns
         TEST  smape=0.0644  rmse=10.3987  pocid=42.86  mape=0.0631
         laya iter 1 -> best_THETA conf=0.2725 rank=1
         laya iter 2 -> best_THETA conf=0.3465 rank=1
         laya iter 3 -> best_THETA conf=0.3465 rank=1
         laya iter 4 -> best_THETA conf=0.3465 rank=1
[ 106] best_single    score= 0.5604 origin=agent    iters=4 stop=no new information in 3 consecutive turns
         TEST  smape=0.1585  rmse=19.5066  pocid=42.86  mape=0.1681
         laya iter 1 -> best_ONLY_FT_catboost conf=0.3957 rank=1
         laya iter 2 -> best_ONLY_FT_catboost conf=0.676 rank=1
         laya iter 3 -> best_ONLY_FT_catboost conf=0.676 rank=1
         laya iter 4 -> best_ONLY_FT_catboost conf=0.676 rank=1
[ 107] FAILED: ValueError: Attempt(attempt_id='a1', spec={'combine': 'mean', 'pool': 'pool_full'}, origin='baseline', aggregate={'MAPE': 0.14909135728524744, 'SMAPE': 0.14047680385572417, 'RMSE': 18.72872724700897, 'POCID': 52.38095238095239, 'MSMAPE': 0.1404141471869714, 'MAE': 16.072668167643467}, per_window=[{'MAPE': 0.15910191600572854, 'SMAPE': 0.1465809817380055, 'RMSE': 22.071875683538188, 'POCID': 28.571428571428573, 'MSMAPE': 0.14652491359560554, 'MAE': 19.27449420204292}, {'MAPE': 0.1350237130643912, 'SMAPE': 0.1271359228121397, 'RMSE': 16.3068252878927, 'POCID': 57.142857142857146, 'MSMAPE': 0.12707847833713726, 'MAE': 14.140635898360856}, {'MAPE': 0.15314844278562256, 'SMAPE': 0.1477135070170273, 'RMSE': 17.297844539686064, 'POCID': 71.42857142857143, 'MSMAPE': 0.14763904962817145, 'MAE': 14.802874402526628}], score=0.6952380952380952, rationale='deterministic baseline: plain mean of the full pool', iteration=0, n_models=19, per_window_scores=[0.7428571428571429, 0.6857142857142857, 0.6571428571428571], residuals=[-1.0657038292773109, 19.89838896634906, 14.197526243774604, -26.22872384554745, 6.336888804365813, 22.153586598810392, 34.56468007803673, 29.750455250182, -3.8590961873901364, -9.816949580618513, -20.673901237963307, 0.6831688733200281, 13.959997678688396, 17.850499069317465, 24.491492121124764, 21.789982438464236, -23.736143047036265, -7.617287845224368, -9.628126653487726, -13.205669850595314, -18.14158933537253, -0.30306063885645074, 30.882515776598268, 14.908602073042104], agent_converged=True, agent_rationale='laya selected mean_pool_full') is not in list
[ 108] best_single    score= 0.7305 origin=agent    iters=4 stop=no new information in 3 consecutive turns
         TEST  smape=0.0969  rmse=19.8296  pocid=0.00  mape=0.0922
         laya iter 1 -> best_ETS conf=0.473 rank=1
         laya iter 2 -> best_ETS conf=0.6628 rank=1
         laya iter 3 -> best_ETS conf=0.6628 rank=1
         laya iter 4 -> best_ETS conf=0.6628 rank=1
[ 109] FAILED: ValueError: Attempt(attempt_id='a1', spec={'combine': 'mean', 'pool': 'pool_full'}, origin='baseline', aggregate={'MAPE': 0.28810064592445533, 'SMAPE': 0.22954203740500154, 'RMSE': 45.306885466397844, 'POCID': 61.904761904761905, 'MSMAPE': 0.22946311047322054, 'MAE': 34.099341820528586}, per_window=[{'MAPE': 0.38616481676449543, 'SMAPE': 0.3050049506002241, 'RMSE': 58.80383736247729, 'POCID': 71.42857142857143, 'MSMAPE': 0.3049146600523389, 'MAE': 51.89499235058845}, {'MAPE': 0.3897609550940666, 'SMAPE': 0.28822282363497764, 'RMSE': 49.269001932939844, 'POCID': 57.142857142857146, 'MSMAPE': 0.2881138436344179, 'MAE': 38.22051609706268}, {'MAPE': 0.08837616591480393, 'SMAPE': 0.0953983379798028, 'RMSE': 16.517135707354527, 'POCID': 57.142857142857146, 'MSMAPE': 0.095360827732905, 'MAE': 12.182517013934623}], score=0.6761904761904762, rationale='deterministic baseline: plain mean of the full pool', iteration=0, n_models=19, per_window_scores=[0.6571428571428571, 0.6857142857142857, 0.6857142857142857], residuals=[21.164484910786996, 62.73791237934728, -18.579604432108056, -24.459530459718025, 38.8376946745727, 90.64292570103663, 81.8518356722769, 76.88595057486101, 13.011777482622804, 26.98254973189981, 16.80573043893142, 11.450343803430968, -5.386788887528695, 73.24333142936615, 86.2596381708617, 72.62396883185986, -6.068567414235247, -0.3121709313105896, -22.188896986700698, -35.07149715530548, -0.57410682417364, 5.1337000253003, -13.207074431301422, -14.90412234314961], agent_converged=True, agent_rationale='laya selected mean_pool_full') is not in list
[ 110] best_single    score= 0.6754 origin=agent    iters=5 stop=no new information in 3 consecutive turns
         TEST  smape=0.1112  rmse=16.2325  pocid=14.29  mape=0.1034
         laya iter 1 -> select_stable_k5 conf=0.2681 obs=pool pool5 (5 models)
         laya iter 2 -> best_ONLY_DWT_rf conf=0.6969 rank=1
         laya iter 3 -> best_ONLY_DWT_rf conf=0.6739 rank=1
         laya iter 4 -> best_ONLY_DWT_rf conf=0.6739 rank=1
         laya iter 5 -> best_ONLY_DWT_rf conf=0.6739 rank=1
--------------------------------------------------------------------------
done in 16.9s | ok: 101 | failed: 10
DATASET SUMMARY over 101 series (mean across series):
  this run   smape=0.1296  rmse=19.2182  pocid=34.65  mape=0.1340  mae=16.2441
  baseline   (n/a - no-seeds arm: o agente partiu de histórico vazio)
  mean       smape=0.1190  rmse=18.4513  pocid=44.84  mape=0.1239
  median     smape=0.1185  rmse=18.1322  pocid=46.25  mape=0.1231
  dba        smape=0.1221  rmse=18.9343  pocid=46.96  mape=0.1267
  ADE        smape=0.1164  rmse=18.0206  pocid=45.40  mape=0.1213
  FFORMA     smape=0.1187  rmse=18.4188  pocid=44.98  mape=0.1238
csv: ./timeseries/mestrado/resultados/orchestrator_laya_laya_v0_noseeds/NN5_WEEKLY_DATASET.csv
