dataset      : ETTH2
source       : ETTH2.tsf
models       : 19
agent        : laya-english (max_len=None)
writing to   : ./timeseries/mestrado/resultados/orchestrator_laya_laya_v0
--------------------------------------------------------------------------
/home/lucas.castro/.conda/envs/agno/lib/python3.11/site-packages/tslearn/bases/bases.py:15: UserWarning: h5py not installed, hdf5 features will not be supported.
Install h5py to use hdf5 features: http://docs.h5py.org/
  warn(h5py_msg)
Fetching 5 files:   0%|          | 0/5 [00:00<?, ?it/s]Fetching 5 files: 100%|██████████| 5/5 [00:00<00:00, 2652.27it/s]
/home/lucas.castro/.conda/envs/agno/lib/python3.11/site-packages/laya/agent.py:928: RuntimeWarning: laya: this checkpoint ships invalid temperatures or values outside [0.5, 5]; using choice:11+=0.10058280825614929 -> 0.5. Treat confidence from the affected entries as uncalibrated.
  return Agent(model_id_or_path, device=device, token=token, subfolder=subfolder, fast=fast,
[   0] trimmed_mean   score=-0.1136 origin=baseline iters=4 stop=no new information in 3 consecutive turns
         TEST  smape=0.1310  rmse=5.4826  pocid=56.52  mape=0.1236  | FLOOR smape=0.1310
         laya iter 1 -> best_ONLY_CWT_rf conf=0.2761 rank=8
         laya iter 2 -> best_ONLY_CWT_rf conf=0.303 rank=8
         laya iter 3 -> best_ONLY_CWT_rf conf=0.303 rank=8
         laya iter 4 -> best_ONLY_CWT_rf conf=0.303 rank=8
[   1] median         score=-0.1019 origin=baseline iters=5 stop=no new information in 3 consecutive turns
         TEST  smape=0.1395  rmse=1.7078  pocid=60.87  mape=0.1370  | FLOOR smape=0.1395
         laya iter 1 -> mean_pool1 conf=0.2915 rank=3
         laya iter 2 -> best_ONLY_FT_rf conf=0.2588 rank=6
         laya iter 3 -> best_ONLY_FT_rf conf=0.2588 rank=6
         laya iter 4 -> best_ONLY_FT_rf conf=0.2588 rank=6
         laya iter 5 -> best_ONLY_FT_rf conf=0.2588 rank=6
[   2] median         score=-0.1181 origin=baseline iters=5 stop=no new information in 3 consecutive turns
         TEST  smape=0.1064  rmse=5.6368  pocid=69.57  mape=0.1011  | FLOOR smape=0.1064
         laya iter 1 -> mean_pool1 conf=0.2957 rank=7
         laya iter 2 -> best_CWT_rf conf=0.2835 rank=6
         laya iter 3 -> best_CWT_rf conf=0.2835 rank=6
         laya iter 4 -> best_CWT_rf conf=0.2835 rank=6
         laya iter 5 -> best_CWT_rf conf=0.2835 rank=6
[   3] mean           score=-0.1069 origin=agent    iters=5 stop=no new information in 3 consecutive turns
         TEST  smape=0.1156  rmse=1.5511  pocid=52.17  mape=0.1127  | FLOOR smape=0.1149
         laya iter 1 -> mean_pool_full conf=0.2935 rank=8
         laya iter 2 -> mean_pool4 conf=0.2258 rank=1
         laya iter 3 -> mean_pool4 conf=0.2258 rank=1
         laya iter 4 -> mean_pool4 conf=0.2258 rank=1
         laya iter 5 -> mean_pool4 conf=0.2258 rank=1
[   4] median         score=-0.0752 origin=baseline iters=5 stop=no new information in 3 consecutive turns
         TEST  smape=0.0793  rmse=1.0306  pocid=34.78  mape=0.0811  | FLOOR smape=0.0793
         laya iter 1 -> mean_pool1 conf=0.2769 rank=6
         laya iter 2 -> best_FT_rf conf=0.2489 rank=4
         laya iter 3 -> best_FT_rf conf=0.2489 rank=4
         laya iter 4 -> best_FT_rf conf=0.2489 rank=4
         laya iter 5 -> best_FT_rf conf=0.2489 rank=4
[   5] median         score=-0.0041 origin=baseline iters=5 stop=no new information in 3 consecutive turns
         TEST  smape=0.6525  rmse=0.7116  pocid=43.48  mape=1271662993922632.2500  | FLOOR smape=0.6525
         laya iter 1 -> mean_pool1 conf=0.3106 rank=5
         laya iter 2 -> mean_pool4 conf=0.2753 rank=8
         laya iter 3 -> mean_pool4 conf=0.2753 rank=8
         laya iter 4 -> mean_pool4 conf=0.2753 rank=8
         laya iter 5 -> mean_pool4 conf=0.2753 rank=8
[   6] median         score= 0.4724 origin=baseline iters=4 stop=no new information in 3 consecutive turns
         TEST  smape=0.0359  rmse=1.7847  pocid=73.91  mape=0.0355  | FLOOR smape=0.0359
         laya iter 1 -> best_FT_catboost conf=0.3951 rank=7
         laya iter 2 -> best_FT_catboost conf=0.4975 rank=7
         laya iter 3 -> best_FT_catboost conf=0.4975 rank=7
         laya iter 4 -> best_FT_catboost conf=0.4975 rank=7
--------------------------------------------------------------------------
done in 17.7s | ok: 7 | failed: 0
DATASET SUMMARY over 7 series (mean across series):
  this run   smape=0.1800  rmse=2.5579  pocid=55.90  mape=181666141988947.5312  mae=2.2110
  baseline   smape=0.1799  rmse=2.5553  pocid=55.28  mape=181666141988947.5312  <- this run is WORSE than the seed floor
  mean       smape=1.7197  rmse=99996379087.4691  pocid=49.69  mape=20879052073827343269888.0000  <- this run is better
  median     smape=0.1815  rmse=2.5568  pocid=56.52  mape=181666141988947.5312
  dba        smape=1.7257  rmse=151967111938.0612  pocid=52.80  mape=20879052073826667986944.0000  <- this run is better
  ADE        smape=0.2261  rmse=2.6531  pocid=56.52  mape=299065117726769.6250  <- this run is better
  FFORMA     smape=0.2035  rmse=2.5436  pocid=56.52  mape=269479043127657.0625
csv: ./timeseries/mestrado/resultados/orchestrator_laya_laya_v0/ETTH2.csv
