nohup: ignoring input
WARNING: 5 model(s) do not share the pool's windows on ETTM1 and are being DROPPED for every series: ['ONLY_CWT_catboost', 'ONLY_DWT_catboost', 'ONLY_DWT_rf', 'ONLY_FT_catboost', 'ONLY_FT_rf']
/home/lucas.castro/.conda/envs/agno/lib/python3.11/site-packages/tslearn/bases/bases.py:15: UserWarning: h5py not installed, hdf5 features will not be supported.
Install h5py to use hdf5 features: http://docs.h5py.org/
  warn(h5py_msg)
dataset      : ETTM1
source       : ETTM1.tsf
models       : 14
agent        : laya-multilingual (max_len=8192)
writing to   : ./timeseries/mestrado/resultados/orchestrator_laya_laya_v3_staged_text
--------------------------------------------------------------------------
Fetching 5 files:   0%|          | 0/5 [00:00<?, ?it/s]Fetching 5 files: 100%|██████████| 5/5 [00:00<00:00, 2948.34it/s]
[   0] trimmed_mean   score=-0.0913 origin=baseline iters=8 stop=no new information in 3 consecutive turns
         TEST  smape=1.1753  rmse=5.4608  pocid=78.26  mape=367565306684846.8125  | FLOOR smape=1.1753
[   0] FAILED: KeyError: 'confidence'
[   1] best_single    score=-0.0576 origin=agent    iters=4 stop=no new information in 3 consecutive turns
         TEST  smape=0.2232  rmse=1.1728  pocid=47.83  mape=0.2663  | FLOOR smape=0.2740
[   1] FAILED: KeyError: 'confidence'
[   2] mean           score=-0.0829 origin=baseline iters=5 stop=no new information in 3 consecutive turns
         TEST  smape=0.8916  rmse=5.6497  pocid=73.91  mape=0.8287  | FLOOR smape=0.8916
[   2] FAILED: KeyError: 'confidence'
[   3] trimmed_mean   score=-0.0526 origin=baseline iters=4 stop=no new information in 3 consecutive turns
         TEST  smape=0.3921  rmse=1.1923  pocid=47.83  mape=0.5529  | FLOOR smape=0.3921
[   3] FAILED: KeyError: 'confidence'
[   4] mean           score=-0.0911 origin=baseline iters=4 stop=no new information in 3 consecutive turns
         TEST  smape=0.2512  rmse=1.0856  pocid=43.48  mape=0.2966  | FLOOR smape=0.2512
[   4] FAILED: KeyError: 'confidence'
[   5] best_single    score=-0.0866 origin=agent    iters=5 stop=no new information in 3 consecutive turns
         TEST  smape=0.1234  rmse=0.2484  pocid=73.91  mape=0.1339  | FLOOR smape=0.1809
[   5] FAILED: KeyError: 'confidence'
[   6] trimmed_mean   score=-0.0942 origin=baseline iters=4 stop=no new information in 3 consecutive turns
         TEST  smape=0.0576  rmse=0.6518  pocid=52.17  mape=0.0580  | FLOOR smape=0.0576
[   6] FAILED: KeyError: 'confidence'
--------------------------------------------------------------------------
done in 61.9s | ok: 7 | failed: 7
DATASET SUMMARY over 7 series (mean across series):
  this run   smape=0.4449  rmse=2.2088  pocid=59.63  mape=52509329526406.9922  mae=1.8769
  baseline   smape=0.4604  rmse=2.2598  pocid=55.28  mape=52509329526407.0078  <- this run is better
csv: ./timeseries/mestrado/resultados/orchestrator_laya_laya_v3_staged_text/ETTM1.csv
WARNING: 5 model(s) do not share the pool's windows on ETTM2 and are being DROPPED for every series: ['ONLY_CWT_catboost', 'ONLY_DWT_catboost', 'ONLY_DWT_rf', 'ONLY_FT_catboost', 'ONLY_FT_rf']
dataset      : ETTM2
source       : ETTM2.tsf
models       : 14
agent        : laya-multilingual (max_len=8192)
writing to   : ./timeseries/mestrado/resultados/orchestrator_laya_laya_v3_staged_text
--------------------------------------------------------------------------
Fetching 5 files:   0%|          | 0/5 [00:00<?, ?it/s]Fetching 5 files: 100%|██████████| 5/5 [00:00<00:00, 3226.39it/s]
[   0] trimmed_mean   score=-0.0811 origin=baseline iters=4 stop=no new information in 3 consecutive turns
         TEST  smape=0.1983  rmse=7.9895  pocid=65.22  mape=0.1787  | FLOOR smape=0.1983
[   0] FAILED: KeyError: 'confidence'
[   1] best_single    score=-0.0818 origin=agent    iters=5 stop=no new information in 3 consecutive turns
         TEST  smape=0.2654  rmse=2.9547  pocid=47.83  mape=0.2325  | FLOOR smape=0.2653
[   1] FAILED: KeyError: 'confidence'
[   2] mean           score=-0.1042 origin=baseline iters=4 stop=no new information in 3 consecutive turns
         TEST  smape=0.1569  rmse=8.0382  pocid=52.17  mape=0.1446  | FLOOR smape=0.1569
[   2] FAILED: KeyError: 'confidence'
[   3] trimmed_mean   score=-0.0772 origin=baseline iters=4 stop=no new information in 3 consecutive turns
         TEST  smape=0.2551  rmse=2.9702  pocid=39.13  mape=0.2248  | FLOOR smape=0.2551
[   3] FAILED: KeyError: 'confidence'
[   4] best_single    score=-0.0541 origin=agent    iters=4 stop=no new information in 3 consecutive turns
         TEST  smape=0.0640  rmse=0.8246  pocid=17.39  mape=0.0614  | FLOOR smape=0.0741
[   4] FAILED: KeyError: 'confidence'
[   5] mean           score= 0.0447 origin=baseline iters=4 stop=no new information in 3 consecutive turns
         TEST  smape=0.4531  rmse=0.7836  pocid=30.43  mape=0.3633  | FLOOR smape=0.4531
[   5] FAILED: KeyError: 'confidence'
[   6] best_single    score= 0.2737 origin=agent    iters=4 stop=no new information in 3 consecutive turns
         TEST  smape=0.0154  rmse=0.8296  pocid=60.87  mape=0.0154  | FLOOR smape=0.0183
[   6] FAILED: KeyError: 'confidence'
--------------------------------------------------------------------------
done in 46.8s | ok: 7 | failed: 7
DATASET SUMMARY over 7 series (mean across series):
  this run   smape=0.2012  rmse=3.4843  pocid=44.72  mape=0.1744  mae=3.2744
  baseline   smape=0.2030  rmse=3.5354  pocid=45.34  mape=0.1760  <- this run is better
csv: ./timeseries/mestrado/resultados/orchestrator_laya_laya_v3_staged_text/ETTM2.csv
dataset      : ETTH1
source       : ETTH1.tsf
models       : 19
agent        : laya-multilingual (max_len=8192)
writing to   : ./timeseries/mestrado/resultados/orchestrator_laya_laya_v3_staged_text
--------------------------------------------------------------------------
Fetching 5 files:   0%|          | 0/5 [00:00<?, ?it/s]Fetching 5 files: 100%|██████████| 5/5 [00:00<00:00, 2473.93it/s]
[   0] best_single    score=-0.0512 origin=agent    iters=4 stop=no new information in 3 consecutive turns
         TEST  smape=0.5508  rmse=15.2618  pocid=65.22  mape=1.3179  | FLOOR smape=0.3882
[   0] FAILED: KeyError: 'confidence'
[   1] trimmed_mean   score=-0.1072 origin=baseline iters=4 stop=no new information in 3 consecutive turns
         TEST  smape=0.1711  rmse=0.9478  pocid=65.22  mape=0.1587  | FLOOR smape=0.1711
[   1] FAILED: KeyError: 'confidence'
[   2] trimmed_mean   score=-0.0572 origin=baseline iters=4 stop=no new information in 3 consecutive turns
         TEST  smape=0.3894  rmse=2.5624  pocid=82.61  mape=0.4100  | FLOOR smape=0.3894
[   2] FAILED: KeyError: 'confidence'
[   3] trimmed_mean   score=-0.0948 origin=baseline iters=6 stop=no new information in 3 consecutive turns
         TEST  smape=0.1965  rmse=0.6604  pocid=52.17  mape=0.1793  | FLOOR smape=0.1965
[   3] FAILED: KeyError: 'confidence'
[   4] best_single    score=-0.0921 origin=agent    iters=4 stop=no new information in 3 consecutive turns
         TEST  smape=0.1712  rmse=0.9154  pocid=47.83  mape=0.1674  | FLOOR smape=0.1984
[   4] FAILED: KeyError: 'confidence'
[   5] best_single    score=-0.1052 origin=agent    iters=4 stop=no new information in 3 consecutive turns
         TEST  smape=0.1948  rmse=0.3535  pocid=56.52  mape=0.1818  | FLOOR smape=0.1557
[   5] FAILED: KeyError: 'confidence'
[   6] best_single    score=-0.1038 origin=agent    iters=5 stop=no new information in 3 consecutive turns
         TEST  smape=0.0707  rmse=0.8725  pocid=56.52  mape=0.0748  | FLOOR smape=0.0844
[   6] FAILED: KeyError: 'confidence'
--------------------------------------------------------------------------
done in 18.1s | ok: 7 | failed: 7
DATASET SUMMARY over 7 series (mean across series):
  this run   smape=0.2492  rmse=3.0820  pocid=60.87  mape=0.3557  mae=1.8951
  baseline   smape=0.2262  rmse=1.3877  pocid=61.49  mape=0.2391  <- this run is WORSE than the seed floor
csv: ./timeseries/mestrado/resultados/orchestrator_laya_laya_v3_staged_text/ETTH1.csv
dataset      : ETTH2
source       : ETTH2.tsf
models       : 19
agent        : laya-multilingual (max_len=8192)
writing to   : ./timeseries/mestrado/resultados/orchestrator_laya_laya_v3_staged_text
--------------------------------------------------------------------------
Fetching 5 files:   0%|          | 0/5 [00:00<?, ?it/s]Fetching 5 files: 100%|██████████| 5/5 [00:00<00:00, 2208.92it/s]
[   0] best_single    score=-0.1198 origin=agent    iters=4 stop=no new information in 3 consecutive turns
         TEST  smape=0.1227  rmse=5.2048  pocid=60.87  mape=0.1159  | FLOOR smape=0.1310
[   0] FAILED: KeyError: 'confidence'
[   1] median         score=-0.1019 origin=baseline iters=4 stop=no new information in 3 consecutive turns
         TEST  smape=0.1395  rmse=1.7078  pocid=60.87  mape=0.1370  | FLOOR smape=0.1395
[   1] FAILED: KeyError: 'confidence'
[   2] median         score=-0.1181 origin=baseline iters=5 stop=no new information in 3 consecutive turns
         TEST  smape=0.1064  rmse=5.6368  pocid=69.57  mape=0.1011  | FLOOR smape=0.1064
[   2] FAILED: KeyError: 'confidence'
[   3] best_single    score=-0.1076 origin=agent    iters=5 stop=no new information in 3 consecutive turns
         TEST  smape=0.1153  rmse=1.5641  pocid=43.48  mape=0.1125  | FLOOR smape=0.1149
[   3] FAILED: KeyError: 'confidence'
[   4] median         score=-0.0752 origin=baseline iters=4 stop=no new information in 3 consecutive turns
         TEST  smape=0.0793  rmse=1.0306  pocid=34.78  mape=0.0811  | FLOOR smape=0.0793
[   4] FAILED: KeyError: 'confidence'
[   5] median         score=-0.0041 origin=baseline iters=4 stop=no new information in 3 consecutive turns
         TEST  smape=0.6525  rmse=0.7116  pocid=43.48  mape=1271662993922632.2500  | FLOOR smape=0.6525
[   5] FAILED: KeyError: 'confidence'
[   6] best_single    score= 0.4439 origin=agent    iters=4 stop=no new information in 3 consecutive turns
         TEST  smape=0.0490  rmse=2.2962  pocid=73.91  mape=0.0485  | FLOOR smape=0.0359
[   6] FAILED: KeyError: 'confidence'
--------------------------------------------------------------------------
done in 17.7s | ok: 7 | failed: 7
DATASET SUMMARY over 7 series (mean across series):
  this run   smape=0.1807  rmse=2.5931  pocid=55.28  mape=181666141988947.5312  mae=2.2504
  baseline   smape=0.1799  rmse=2.5553  pocid=55.28  mape=181666141988947.5312  <- this run is WORSE than the seed floor
csv: ./timeseries/mestrado/resultados/orchestrator_laya_laya_v3_staged_text/ETTH2.csv
dataset      : ANP_MONTHLY
source       : mes_11_venda_mensal.tsf
models       : 19
agent        : laya-multilingual (max_len=8192)
writing to   : ./timeseries/mestrado/resultados/orchestrator_laya_laya_v3_staged_text
--------------------------------------------------------------------------
Fetching 5 files:   0%|          | 0/5 [00:00<?, ?it/s]Fetching 5 files: 100%|██████████| 5/5 [00:00<00:00, 3066.01it/s]
[   0] best_single    score= 0.6782 origin=agent    iters=4 stop=no new information in 3 consecutive turns
         TEST  smape=0.1802  rmse=1450.2311  pocid=45.45  mape=0.1590  | FLOOR smape=0.3622
[   0] FAILED: KeyError: 'confidence'
[   1] trimmed_mean   score= 0.6131 origin=baseline iters=4 stop=no new information in 3 consecutive turns
         TEST  smape=0.1132  rmse=2240.3312  pocid=63.64  mape=0.1057  | FLOOR smape=0.1132
[   1] FAILED: KeyError: 'confidence'
[   2] dba            score= 0.6226 origin=baseline iters=4 stop=no new information in 3 consecutive turns
         TEST  smape=0.0471  rmse=5138.8514  pocid=90.91  mape=0.0489  | FLOOR smape=0.0471
[   2] FAILED: KeyError: 'confidence'
[   3] mean           score= 0.6424 origin=baseline iters=4 stop=no new information in 3 consecutive turns
         TEST  smape=0.3041  rmse=2999.0637  pocid=81.82  mape=0.2530  | FLOOR smape=0.3041
[   3] FAILED: KeyError: 'confidence'
[   4] mean           score= 0.6606 origin=baseline iters=4 stop=no new information in 3 consecutive turns
         TEST  smape=0.0520  rmse=3230.0159  pocid=72.73  mape=0.0515  | FLOOR smape=0.0520
[   4] FAILED: KeyError: 'confidence'
[   5] best_single    score= 0.5511 origin=agent    iters=5 stop=no new information in 3 consecutive turns
         TEST  smape=0.2370  rmse=29.2490  pocid=36.36  mape=0.2710  | FLOOR smape=0.2077
[   5] FAILED: KeyError: 'confidence'
[   6] mean           score= 0.6148 origin=baseline iters=5 stop=no new information in 3 consecutive turns
         TEST  smape=0.4842  rmse=4789.1974  pocid=72.73  mape=0.3706  | FLOOR smape=0.4842
[   6] FAILED: KeyError: 'confidence'
[   7] best_single    score= 0.5882 origin=agent    iters=4 stop=no new information in 3 consecutive turns
         TEST  smape=0.2018  rmse=110.0732  pocid=45.45  mape=0.2279  | FLOOR smape=0.1649
[   7] FAILED: KeyError: 'confidence'
[   8] median         score= 0.6811 origin=baseline iters=4 stop=no new information in 3 consecutive turns
         TEST  smape=0.5178  rmse=777.3991  pocid=54.55  mape=0.4008  | FLOOR smape=0.5178
[   8] FAILED: KeyError: 'confidence'
[   9] mean           score= 0.6667 origin=baseline iters=2 stop=laya_accept
         TEST  smape=0.0486  rmse=12303.7366  pocid=72.73  mape=0.0502  | FLOOR smape=0.0486
[   9] FAILED: KeyError: 'confidence'
[  10] trimmed_mean   score= 0.5394 origin=baseline iters=4 stop=no new information in 3 consecutive turns
         TEST  smape=0.2671  rmse=1574.1270  pocid=72.73  mape=0.2314  | FLOOR smape=0.2671
[  10] FAILED: KeyError: 'confidence'
[  11] best_single    score= 0.6513 origin=agent    iters=4 stop=no new information in 3 consecutive turns
         TEST  smape=0.5608  rmse=10014.3703  pocid=27.27  mape=0.4288  | FLOOR smape=0.7316
[  11] FAILED: KeyError: 'confidence'
[  12] median         score= 0.6904 origin=baseline iters=4 stop=no new information in 3 consecutive turns
         TEST  smape=1.1713  rmse=2460.0309  pocid=0.00  mape=27.4675  | FLOOR smape=1.1713
[  12] FAILED: KeyError: 'confidence'
[  13] best_single    score= 0.6154 origin=agent    iters=4 stop=no new information in 3 consecutive turns
         TEST  smape=0.2330  rmse=357.8048  pocid=54.55  mape=0.2702  | FLOOR smape=0.2182
[  13] FAILED: KeyError: 'confidence'
[  14] best_single    score= 0.6413 origin=agent    iters=4 stop=no new information in 3 consecutive turns
         TEST  smape=0.0660  rmse=2668.1560  pocid=45.45  mape=0.0635  | FLOOR smape=0.0466
[  14] FAILED: KeyError: 'confidence'
[  15] mean           score= 0.6909 origin=baseline iters=4 stop=no new information in 3 consecutive turns
         TEST  smape=0.0504  rmse=2642.4148  pocid=63.64  mape=0.0502  | FLOOR smape=0.0504
[  15] FAILED: KeyError: 'confidence'
[  16] best_single    score= 0.5103 origin=agent    iters=2 stop=laya_accept
         TEST  smape=0.1568  rmse=17349.3700  pocid=72.73  mape=0.1443  | FLOOR smape=0.1978
[  16] FAILED: KeyError: 'confidence'
[  17] trimmed_mean   score= 0.6006 origin=baseline iters=2 stop=laya_accept
         TEST  smape=0.1498  rmse=128987.7786  pocid=72.73  mape=0.1635  | FLOOR smape=0.1498
[  17] FAILED: KeyError: 'confidence'
[  18] best_single    score= 0.6320 origin=agent    iters=4 stop=no new information in 3 consecutive turns
         TEST  smape=1.3196  rmse=4617.4047  pocid=45.45  mape=175014548472309344.0000  | FLOOR smape=1.4312
[  18] FAILED: KeyError: 'confidence'
[  19] best_single    score= 0.6932 origin=agent    iters=4 stop=no new information in 3 consecutive turns
         TEST  smape=0.2301  rmse=651.3875  pocid=54.55  mape=0.2803  | FLOOR smape=0.2139
[  19] FAILED: KeyError: 'confidence'
[  20] best_single    score= 0.4873 origin=agent    iters=2 stop=laya_accept
         TEST  smape=0.2084  rmse=166525.8803  pocid=63.64  mape=0.1880  | FLOOR smape=0.1073
[  20] FAILED: KeyError: 'confidence'
[  21] dba            score= 0.6503 origin=baseline iters=2 stop=laya_accept
         TEST  smape=0.0311  rmse=3044.7534  pocid=72.73  mape=0.0319  | FLOOR smape=0.0311
[  21] FAILED: KeyError: 'confidence'
[  22] best_single    score= 0.5003 origin=agent    iters=5 stop=no new information in 3 consecutive turns
         TEST  smape=0.2766  rmse=1535.9493  pocid=63.64  mape=0.2913  | FLOOR smape=0.2940
[  22] FAILED: KeyError: 'confidence'
[  23] best_single    score= 0.4531 origin=agent    iters=2 stop=laya_accept
         TEST  smape=0.2516  rmse=6610.4004  pocid=90.91  mape=0.2166  | FLOOR smape=0.2674
[  23] FAILED: KeyError: 'confidence'
[  24] dba            score= 0.6427 origin=baseline iters=4 stop=no new information in 3 consecutive turns
         TEST  smape=0.0455  rmse=6840.2111  pocid=81.82  mape=0.0458  | FLOOR smape=0.0455
[  24] FAILED: KeyError: 'confidence'
[  25] mean           score= 0.6276 origin=baseline iters=4 stop=no new information in 3 consecutive turns
         TEST  smape=0.1671  rmse=51.3148  pocid=54.55  mape=0.1906  | FLOOR smape=0.1671
[  25] FAILED: KeyError: 'confidence'
[  26] mean           score= 0.6727 origin=baseline iters=4 stop=no new information in 3 consecutive turns
         TEST  smape=0.4658  rmse=2003.0215  pocid=36.36  mape=0.3751  | FLOOR smape=0.4658
[  26] FAILED: KeyError: 'confidence'
[  27] mean           score= 0.6727 origin=baseline iters=2 stop=laya_accept
         TEST  smape=0.3728  rmse=4401.5358  pocid=63.64  mape=0.3040  | FLOOR smape=0.3728
[  27] FAILED: KeyError: 'confidence'
[  28] best_single    score= 0.5756 origin=agent    iters=4 stop=no new information in 3 consecutive turns
         TEST  smape=0.0551  rmse=10350.5907  pocid=63.64  mape=0.0538  | FLOOR smape=0.0403
[  28] FAILED: KeyError: 'confidence'
[  29] best_single    score= 0.6337 origin=agent    iters=4 stop=no new information in 3 consecutive turns
         TEST  smape=0.2969  rmse=2456.6349  pocid=63.64  mape=0.2516  | FLOOR smape=0.3579
[  29] FAILED: KeyError: 'confidence'
[  30] mean           score= 0.6303 origin=baseline iters=4 stop=no new information in 3 consecutive turns
         TEST  smape=0.1473  rmse=236.1429  pocid=63.64  mape=0.1531  | FLOOR smape=0.1473
[  30] FAILED: KeyError: 'confidence'
[  31] mean           score= 0.6660 origin=baseline iters=4 stop=no new information in 3 consecutive turns
         TEST  smape=0.4562  rmse=19.0531  pocid=63.64  mape=0.8270  | FLOOR smape=0.4562
[  31] FAILED: KeyError: 'confidence'
[  32] trimmed_mean   score= 0.6181 origin=baseline iters=4 stop=no new information in 3 consecutive turns
         TEST  smape=1.2541  rmse=333.9222  pocid=27.27  mape=0.7390  | FLOOR smape=1.2541
[  32] FAILED: KeyError: 'confidence'
[  33] trimmed_mean   score= 0.5935 origin=baseline iters=4 stop=no new information in 3 consecutive turns
         TEST  smape=0.0600  rmse=62.4945  pocid=54.55  mape=0.0579  | FLOOR smape=0.0600
[  33] FAILED: KeyError: 'confidence'
[  34] dba            score= 0.6433 origin=baseline iters=4 stop=no new information in 3 consecutive turns
         TEST  smape=0.0492  rmse=521.4939  pocid=45.45  mape=0.0492  | FLOOR smape=0.0492
[  34] FAILED: KeyError: 'confidence'
[  35] median         score= 0.6826 origin=baseline iters=4 stop=no new information in 3 consecutive turns
         TEST  smape=0.2042  rmse=95.8023  pocid=45.45  mape=0.2225  | FLOOR smape=0.2042
[  35] FAILED: KeyError: 'confidence'
[  36] mean           score= 0.5962 origin=baseline iters=2 stop=laya_accept
         TEST  smape=0.1109  rmse=38618.7375  pocid=72.73  mape=0.1194  | FLOOR smape=0.1109
[  36] FAILED: KeyError: 'confidence'
[  37] median         score= 0.6394 origin=baseline iters=4 stop=no new information in 3 consecutive turns
         TEST  smape=0.2102  rmse=62.1482  pocid=54.55  mape=0.2148  | FLOOR smape=0.2102
[  37] FAILED: KeyError: 'confidence'
[  38] trimmed_mean   score= 0.5992 origin=baseline iters=4 stop=no new information in 3 consecutive turns
         TEST  smape=0.7530  rmse=5214.5959  pocid=54.55  mape=0.5439  | FLOOR smape=0.7530
[  38] FAILED: KeyError: 'confidence'
[  39] median         score= 0.6038 origin=baseline iters=4 stop=no new information in 3 consecutive turns
         TEST  smape=0.0388  rmse=4844.3248  pocid=81.82  mape=0.0398  | FLOOR smape=0.0388
[  39] FAILED: KeyError: 'confidence'
[  40] mean           score= 0.6667 origin=baseline iters=4 stop=no new information in 3 consecutive turns
         TEST  smape=0.0417  rmse=6931.2255  pocid=72.73  mape=0.0426  | FLOOR smape=0.0417
[  40] FAILED: KeyError: 'confidence'
[  41] best_single    score= 0.5789 origin=agent    iters=2 stop=laya_accept
         TEST  smape=0.1629  rmse=11402.2176  pocid=63.64  mape=0.1494  | FLOOR smape=0.1736
[  41] FAILED: KeyError: 'confidence'
[  42] best_single    score= 0.6719 origin=agent    iters=4 stop=no new information in 3 consecutive turns
         TEST  smape=0.2779  rmse=5.9476  pocid=72.73  mape=0.3310  | FLOOR smape=0.2940
[  42] FAILED: KeyError: 'confidence'
[  43] best_single    score= 0.5151 origin=agent    iters=5 stop=no new information in 3 consecutive turns
         TEST  smape=0.0894  rmse=1695.6377  pocid=81.82  mape=0.0860  | FLOOR smape=0.0858
[  43] FAILED: KeyError: 'confidence'
[  44] mean           score= 0.6848 origin=baseline iters=4 stop=no new information in 3 consecutive turns
         TEST  smape=0.5948  rmse=4998.1034  pocid=72.73  mape=1.2563  | FLOOR smape=0.5948
[  44] FAILED: KeyError: 'confidence'
[  45] best_single    score= 0.5014 origin=agent    iters=4 stop=no new information in 3 consecutive turns
         TEST  smape=0.3127  rmse=5445.2251  pocid=36.36  mape=0.2611  | FLOOR smape=0.2695
[  45] FAILED: KeyError: 'confidence'
[  46] best_single    score= 0.6534 origin=agent    iters=4 stop=no new information in 3 consecutive turns
         TEST  smape=0.1406  rmse=15158.2571  pocid=45.45  mape=0.1607  | FLOOR smape=0.1677
[  46] FAILED: KeyError: 'confidence'
[  47] mean           score= 0.5673 origin=baseline iters=4 stop=no new information in 3 consecutive turns
         TEST  smape=0.1329  rmse=402.7202  pocid=90.91  mape=0.1485  | FLOOR smape=0.1329
[  47] FAILED: KeyError: 'confidence'
[  48] best_single    score= 0.5721 origin=agent    iters=5 stop=no new information in 3 consecutive turns
         TEST  smape=0.3075  rmse=367.5940  pocid=45.45  mape=0.2532  | FLOOR smape=0.3216
[  48] FAILED: KeyError: 'confidence'
[  49] dba            score= 0.6288 origin=baseline iters=4 stop=no new information in 3 consecutive turns
         TEST  smape=0.2523  rmse=2299.8628  pocid=27.27  mape=0.2116  | FLOOR smape=0.2523
[  49] FAILED: KeyError: 'confidence'
[  50] trimmed_mean   score= 0.6647 origin=baseline iters=7 stop=no new information in 3 consecutive turns
         TEST  smape=0.1063  rmse=84.8195  pocid=45.45  mape=0.1037  | FLOOR smape=0.1063
[  50] FAILED: KeyError: 'confidence'
[  51] dba            score= 0.6584 origin=baseline iters=4 stop=no new information in 3 consecutive turns
         TEST  smape=0.1676  rmse=7.7880  pocid=72.73  mape=0.1846  | FLOOR smape=0.1676
[  51] FAILED: KeyError: 'confidence'
[  52] trimmed_mean   score= 0.5589 origin=baseline iters=4 stop=no new information in 3 consecutive turns
         TEST  smape=0.1344  rmse=3056.9489  pocid=63.64  mape=0.1421  | FLOOR smape=0.1344
[  52] FAILED: KeyError: 'confidence'
[  53] mean           score= 0.6485 origin=baseline iters=5 stop=no new information in 3 consecutive turns
         TEST  smape=0.0757  rmse=1762.7107  pocid=63.64  mape=0.0728  | FLOOR smape=0.0757
[  53] FAILED: KeyError: 'confidence'
[  54] best_single    score= 0.5629 origin=agent    iters=5 stop=no new information in 3 consecutive turns
         TEST  smape=0.2401  rmse=1510.5177  pocid=63.64  mape=0.2071  | FLOOR smape=0.2612
[  54] FAILED: KeyError: 'confidence'
[  55] dba            score= 0.4742 origin=baseline iters=4 stop=no new information in 3 consecutive turns
         TEST  smape=0.1207  rmse=698.3422  pocid=54.55  mape=0.1114  | FLOOR smape=0.1207
[  55] FAILED: KeyError: 'confidence'
[  56] best_single    score= 0.5531 origin=agent    iters=5 stop=no new information in 3 consecutive turns
         TEST  smape=0.1575  rmse=366.8919  pocid=54.55  mape=0.1755  | FLOOR smape=0.1550
[  56] FAILED: KeyError: 'confidence'
[  57] best_single    score= 0.6220 origin=agent    iters=2 stop=laya_accept
         TEST  smape=0.3284  rmse=5757.8613  pocid=63.64  mape=0.3114  | FLOOR smape=0.3214
[  57] FAILED: KeyError: 'confidence'
[  58] best_single    score= 0.6859 origin=agent    iters=5 stop=no new information in 3 consecutive turns
         TEST  smape=0.1706  rmse=84.1707  pocid=72.73  mape=0.1633  | FLOOR smape=0.1508
[  58] FAILED: KeyError: 'confidence'
[  59] median         score= 0.6748 origin=baseline iters=4 stop=no new information in 3 consecutive turns
         TEST  smape=0.2581  rmse=2066.5892  pocid=54.55  mape=0.2248  | FLOOR smape=0.2581
[  59] FAILED: KeyError: 'confidence'
[  60] best_single    score= 0.6435 origin=agent    iters=4 stop=no new information in 3 consecutive turns
         TEST  smape=0.0313  rmse=4647.3382  pocid=72.73  mape=0.0318  | FLOOR smape=0.0323
[  60] FAILED: KeyError: 'confidence'
[  61] best_single    score= 0.5823 origin=agent    iters=6 stop=no new information in 3 consecutive turns
         TEST  smape=0.2666  rmse=6281.7458  pocid=63.64  mape=0.2328  | FLOOR smape=0.3027
[  61] FAILED: KeyError: 'confidence'
[  62] dba            score= 0.6710 origin=baseline iters=2 stop=laya_accept
         TEST  smape=0.1001  rmse=14267.5998  pocid=36.36  mape=0.1067  | FLOOR smape=0.1001
[  62] FAILED: KeyError: 'confidence'
[  63] trimmed_mean   score= 0.5225 origin=baseline iters=2 stop=laya_accept
         TEST  smape=0.2984  rmse=4232.1421  pocid=36.36  mape=0.2577  | FLOOR smape=0.2984
[  63] FAILED: KeyError: 'confidence'
[  64] best_single    score= 0.6147 origin=agent    iters=4 stop=no new information in 3 consecutive turns
         TEST  smape=0.4975  rmse=29.4514  pocid=90.91  mape=0.6124  | FLOOR smape=0.4520
[  64] FAILED: KeyError: 'confidence'
[  65] trimmed_mean   score= 0.5831 origin=baseline iters=4 stop=no new information in 3 consecutive turns
         TEST  smape=0.1016  rmse=9227.9017  pocid=72.73  mape=0.1087  | FLOOR smape=0.1016
[  65] FAILED: KeyError: 'confidence'
[  66] best_single    score= 0.5953 origin=agent    iters=4 stop=no new information in 3 consecutive turns
         TEST  smape=0.4459  rmse=25258.1656  pocid=72.73  mape=0.7570  | FLOOR smape=0.4457
[  66] FAILED: KeyError: 'confidence'
[  67] dba            score= 0.6648 origin=baseline iters=4 stop=no new information in 3 consecutive turns
         TEST  smape=0.0473  rmse=932.8979  pocid=54.55  mape=0.0487  | FLOOR smape=0.0473
[  67] FAILED: KeyError: 'confidence'
[  68] mean           score= 0.6545 origin=baseline iters=4 stop=no new information in 3 consecutive turns
         TEST  smape=0.1450  rmse=9765.7560  pocid=72.73  mape=0.1580  | FLOOR smape=0.1450
[  68] FAILED: KeyError: 'confidence'
[  69] best_single    score= 0.5607 origin=agent    iters=5 stop=no new information in 3 consecutive turns
         TEST  smape=0.9291  rmse=1635.2867  pocid=81.82  mape=1.2997  | FLOOR smape=0.9523
[  69] FAILED: KeyError: 'confidence'
[  70] best_single    score= 0.6641 origin=agent    iters=6 stop=no new information in 3 consecutive turns
         TEST  smape=0.1232  rmse=5523.7034  pocid=63.64  mape=0.1167  | FLOOR smape=0.1397