WARNING: 5 model(s) do not share the pool's windows on ETTM1 and are being DROPPED for every series: ['ONLY_CWT_catboost', 'ONLY_DWT_catboost', 'ONLY_DWT_rf', 'ONLY_FT_catboost', 'ONLY_FT_rf']
dataset      : ETTM1
source       : ETTM1.tsf
models       : 14
agent        : laya-english (max_len=None)
writing to   : ./timeseries/mestrado/resultados/orchestrator_laya_laya_v0_noseeds
--------------------------------------------------------------------------
/home/lucas.castro/.conda/envs/agno/lib/python3.11/site-packages/tslearn/bases/bases.py:15: UserWarning: h5py not installed, hdf5 features will not be supported.
Install h5py to use hdf5 features: http://docs.h5py.org/
  warn(h5py_msg)
Fetching 5 files:   0%|          | 0/5 [00:00<?, ?it/s]Fetching 5 files: 100%|██████████| 5/5 [00:00<00:00, 2599.67it/s]
/home/lucas.castro/.conda/envs/agno/lib/python3.11/site-packages/laya/agent.py:928: RuntimeWarning: laya: this checkpoint ships invalid temperatures or values outside [0.5, 5]; using choice:11+=0.10058280825614929 -> 0.5. Treat confidence from the affected entries as uncalibrated.
  return Agent(model_id_or_path, device=device, token=token, subfolder=subfolder, fast=fast,
[   0] best_single    score=-0.0833 origin=agent    iters=5 stop=no new information in 3 consecutive turns
         TEST  smape=1.2993  rmse=6.2978  pocid=69.57  mape=74287427544434.7969
         laya iter 1 -> select_stable_k5 conf=0.2923 obs=pool pool5 (5 models)
         laya iter 2 -> best_DWT_rf conf=0.3993 rank=1
         laya iter 3 -> best_DWT_rf conf=0.6003 rank=1
         laya iter 4 -> best_DWT_rf conf=0.6003 rank=1
         laya iter 5 -> best_DWT_rf conf=0.6003 rank=1
[   1] best_single    score=-0.0453 origin=agent    iters=4 stop=no new information in 3 consecutive turns
         TEST  smape=0.2725  rmse=1.4106  pocid=43.48  mape=0.3304
         laya iter 1 -> best_rf conf=0.7341 rank=1
         laya iter 2 -> best_rf conf=0.7063 rank=1
         laya iter 3 -> best_rf conf=0.7063 rank=1
         laya iter 4 -> best_rf conf=0.7063 rank=1
[   2] best_single    score=-0.0726 origin=agent    iters=5 stop=no new information in 3 consecutive turns
         TEST  smape=1.0541  rmse=6.7702  pocid=82.61  mape=1.0003
         laya iter 1 -> select_stable_k5 conf=0.2883 obs=pool pool5 (5 models)
         laya iter 2 -> best_DWT_rf conf=0.4927 rank=1
         laya iter 3 -> best_DWT_rf conf=0.6864 rank=1
         laya iter 4 -> best_DWT_rf conf=0.6864 rank=1
         laya iter 5 -> best_DWT_rf conf=0.6864 rank=1
[   3] best_single    score=-0.0733 origin=agent    iters=4 stop=no new information in 3 consecutive turns
         TEST  smape=0.3802  rmse=1.2509  pocid=52.17  mape=0.5468
         laya iter 1 -> best_rf conf=0.5135 rank=1
         laya iter 2 -> best_rf conf=0.7469 rank=1
         laya iter 3 -> best_rf conf=0.7469 rank=1
         laya iter 4 -> best_rf conf=0.7469 rank=1
[   4] best_single    score=-0.0839 origin=agent    iters=4 stop=no new information in 3 consecutive turns
         TEST  smape=0.2841  rmse=1.2028  pocid=43.48  mape=0.3409
         laya iter 1 -> best_ONLY_CWT_rf conf=0.3916 rank=1
         laya iter 2 -> best_ONLY_CWT_rf conf=0.4582 rank=1
         laya iter 3 -> best_ONLY_CWT_rf conf=0.4582 rank=1
         laya iter 4 -> best_ONLY_CWT_rf conf=0.4582 rank=1
[   5] best_single    score=-0.0589 origin=agent    iters=5 stop=no new information in 3 consecutive turns
         TEST  smape=0.1346  rmse=0.2904  pocid=47.83  mape=0.1435
         laya iter 1 -> select_stable_k5 conf=0.3069 obs=pool pool5 (5 models)
         laya iter 2 -> best_rf conf=0.6784 rank=1
         laya iter 3 -> best_rf conf=0.9276 rank=1
         laya iter 4 -> best_rf conf=0.9276 rank=1
         laya iter 5 -> best_rf conf=0.9276 rank=1
[   6] best_single    score=-0.1073 origin=agent    iters=4 stop=no new information in 3 consecutive turns
         TEST  smape=0.0612  rmse=0.6708  pocid=56.52  mape=0.0626
         laya iter 1 -> best_FT_rf conf=0.664 rank=1
         laya iter 2 -> best_FT_rf conf=0.8509 rank=1
         laya iter 3 -> best_FT_rf conf=0.8509 rank=1
         laya iter 4 -> best_FT_rf conf=0.8509 rank=1
--------------------------------------------------------------------------
done in 43.2s | ok: 7 | failed: 0
DATASET SUMMARY over 7 series (mean across series):
  this run   smape=0.4980  rmse=2.5562  pocid=56.52  mape=10612489649205.3164  mae=2.1296
  baseline   (n/a - no-seeds arm: o agente partiu de histórico vazio)
  mean       smape=2.0000  rmse=136084107294.9405  pocid=44.72  mape=52599961740521154543616.0000  <- this run is better
  median     smape=0.5443  rmse=2.5657  pocid=58.39  mape=9059687099970.2324  <- this run is better
  dba        smape=2.0000  rmse=195921298116.2774  pocid=47.20  mape=69231906943291170816.0000  <- this run is better
  ADE        smape=0.4572  rmse=2.4809  pocid=50.93  mape=21115097813161.2109
  FFORMA     smape=0.4396  rmse=2.2985  pocid=51.55  mape=59253483494535.9609
csv: ./timeseries/mestrado/resultados/orchestrator_laya_laya_v0_noseeds/ETTM1.csv
