WARNING: 5 model(s) do not share the pool's windows on ETTM1 and are being DROPPED for every series: ['ONLY_CWT_catboost', 'ONLY_DWT_catboost', 'ONLY_DWT_rf', 'ONLY_FT_catboost', 'ONLY_FT_rf']
dataset      : ETTM1
source       : ETTM1.tsf
models       : 14
agent        : laya-english (max_len=None)
writing to   : ./timeseries/mestrado/resultados/orchestrator_laya_laya_v0
--------------------------------------------------------------------------
/home/lucas.castro/.conda/envs/agno/lib/python3.11/site-packages/tslearn/bases/bases.py:15: UserWarning: h5py not installed, hdf5 features will not be supported.
Install h5py to use hdf5 features: http://docs.h5py.org/
  warn(h5py_msg)
Fetching 5 files:   0%|          | 0/5 [00:00<?, ?it/s]Fetching 5 files: 100%|██████████| 5/5 [00:00<00:00, 2744.60it/s]
/home/lucas.castro/.conda/envs/agno/lib/python3.11/site-packages/laya/agent.py:928: RuntimeWarning: laya: this checkpoint ships invalid temperatures or values outside [0.5, 5]; using choice:11+=0.10058280825614929 -> 0.5. Treat confidence from the affected entries as uncalibrated.
  return Agent(model_id_or_path, device=device, token=token, subfolder=subfolder, fast=fast,
[   0] trimmed_mean   score=-0.0913 origin=baseline iters=5 stop=no new information in 3 consecutive turns
         TEST  smape=1.1753  rmse=5.4608  pocid=78.26  mape=367565306684846.8125  | FLOOR smape=1.1753
         laya iter 1 -> mean_pool1 conf=0.2751 rank=6
         laya iter 2 -> mean_pool4 conf=0.2311 rank=8
         laya iter 3 -> mean_pool4 conf=0.2311 rank=8
         laya iter 4 -> mean_pool4 conf=0.2311 rank=8
         laya iter 5 -> mean_pool4 conf=0.2311 rank=8
[   1] trimmed_mean   score=-0.0537 origin=baseline iters=4 stop=no new information in 3 consecutive turns
         TEST  smape=0.2740  rmse=1.4455  pocid=43.48  mape=0.3359  | FLOOR smape=0.2740
         laya iter 1 -> best_rf conf=0.3725 rank=2
         laya iter 2 -> best_rf conf=0.5226 rank=2
         laya iter 3 -> best_rf conf=0.5226 rank=2
         laya iter 4 -> best_rf conf=0.5226 rank=2
[   2] mean           score=-0.0829 origin=baseline iters=5 stop=no new information in 3 consecutive turns
         TEST  smape=0.8916  rmse=5.6497  pocid=73.91  mape=0.8287  | FLOOR smape=0.8916
         laya iter 1 -> mean_pool1 conf=0.3133 rank=3
         laya iter 2 -> best_DWT_rf conf=0.2919 rank=4
         laya iter 3 -> best_DWT_rf conf=0.2919 rank=4
         laya iter 4 -> best_DWT_rf conf=0.2919 rank=4
         laya iter 5 -> best_DWT_rf conf=0.2919 rank=4
[   3] best_single    score=-0.0733 origin=agent    iters=4 stop=no new information in 3 consecutive turns
         TEST  smape=0.3802  rmse=1.2509  pocid=52.17  mape=0.5468  | FLOOR smape=0.3921
         laya iter 1 -> best_rf conf=0.496 rank=1
         laya iter 2 -> best_rf conf=0.6601 rank=1
         laya iter 3 -> best_rf conf=0.6601 rank=1
         laya iter 4 -> best_rf conf=0.6601 rank=1
[   4] mean           score=-0.0911 origin=baseline iters=5 stop=no new information in 3 consecutive turns
         TEST  smape=0.2512  rmse=1.0856  pocid=43.48  mape=0.2966  | FLOOR smape=0.2512
         laya iter 1 -> mean_pool1 conf=0.2854 rank=3
         laya iter 2 -> best_ONLY_CWT_rf conf=0.2732 rank=3
         laya iter 3 -> best_ONLY_CWT_rf conf=0.2732 rank=3
         laya iter 4 -> best_ONLY_CWT_rf conf=0.2732 rank=3
         laya iter 5 -> best_ONLY_CWT_rf conf=0.2732 rank=3
[   5] mean           score=-0.0759 origin=baseline iters=5 stop=no new information in 3 consecutive turns
         TEST  smape=0.1809  rmse=0.3329  pocid=47.83  mape=0.2019  | FLOOR smape=0.1809
         laya iter 1 -> mean_pool1 conf=0.3204 rank=5
         laya iter 2 -> best_rf conf=0.3725 rank=8
         laya iter 3 -> best_rf conf=0.3725 rank=8
         laya iter 4 -> best_rf conf=0.3725 rank=8
         laya iter 5 -> best_rf conf=0.3725 rank=8
[   6] best_single    score=-0.1073 origin=agent    iters=4 stop=no new information in 3 consecutive turns
         TEST  smape=0.0612  rmse=0.6708  pocid=56.52  mape=0.0626  | FLOOR smape=0.0576
         laya iter 1 -> best_FT_rf conf=0.6194 rank=1
         laya iter 2 -> best_FT_rf conf=0.7322 rank=1
         laya iter 3 -> best_FT_rf conf=0.7322 rank=1
         laya iter 4 -> best_FT_rf conf=0.7322 rank=1
--------------------------------------------------------------------------
done in 42.9s | ok: 7 | failed: 0
DATASET SUMMARY over 7 series (mean across series):
  this run   smape=0.4592  rmse=2.2709  pocid=56.52  mape=52509329526407.0078  mae=1.9376
  baseline   smape=0.4604  rmse=2.2598  pocid=55.28  mape=52509329526407.0078  <- this run is WORSE than the seed floor
  mean       smape=2.0000  rmse=136084107294.9405  pocid=44.72  mape=52599961740521154543616.0000  <- this run is better
  median     smape=0.5443  rmse=2.5657  pocid=58.39  mape=9059687099970.2324  <- this run is better
  dba        smape=2.0000  rmse=195921298116.2774  pocid=47.20  mape=69231906943291170816.0000  <- this run is better
  ADE        smape=0.4572  rmse=2.4809  pocid=50.93  mape=21115097813161.2109  <- this run is better
  FFORMA     smape=0.4396  rmse=2.2985  pocid=51.55  mape=59253483494535.9609  <- this run is better
csv: ./timeseries/mestrado/resultados/orchestrator_laya_laya_v0/ETTM1.csv
