WARNING: 5 model(s) do not share the pool's windows on ETTM2 and are being DROPPED for every series: ['ONLY_CWT_catboost', 'ONLY_DWT_catboost', 'ONLY_DWT_rf', 'ONLY_FT_catboost', 'ONLY_FT_rf']
dataset      : ETTM2
source       : ETTM2.tsf
models       : 14
agent        : laya-english (max_len=None)
writing to   : ./timeseries/mestrado/resultados/orchestrator_laya_laya_v0_noseeds
--------------------------------------------------------------------------
/home/lucas.castro/.conda/envs/agno/lib/python3.11/site-packages/tslearn/bases/bases.py:15: UserWarning: h5py not installed, hdf5 features will not be supported.
Install h5py to use hdf5 features: http://docs.h5py.org/
  warn(h5py_msg)
Fetching 5 files:   0%|          | 0/5 [00:00<?, ?it/s]Fetching 5 files: 100%|██████████| 5/5 [00:00<00:00, 2534.94it/s]
/home/lucas.castro/.conda/envs/agno/lib/python3.11/site-packages/laya/agent.py:928: RuntimeWarning: laya: this checkpoint ships invalid temperatures or values outside [0.5, 5]; using choice:11+=0.10058280825614929 -> 0.5. Treat confidence from the affected entries as uncalibrated.
  return Agent(model_id_or_path, device=device, token=token, subfolder=subfolder, fast=fast,
[   0] best_single    score=-0.0900 origin=agent    iters=5 stop=no new information in 3 consecutive turns
         TEST  smape=0.1151  rmse=5.1485  pocid=56.52  mape=0.1152
         laya iter 1 -> select_stable_k5 conf=0.2782 obs=pool pool5 (5 models)
         laya iter 2 -> best_ARIMA conf=0.3716 rank=1
         laya iter 3 -> best_ARIMA conf=0.6244 rank=1
         laya iter 4 -> best_ARIMA conf=0.6244 rank=1
         laya iter 5 -> best_ARIMA conf=0.6244 rank=1
[   1] best_single    score=-0.0634 origin=agent    iters=5 stop=no new information in 3 consecutive turns
         TEST  smape=0.2030  rmse=2.4092  pocid=47.83  mape=0.1819
         laya iter 1 -> select_stable_k5 conf=0.3138 obs=pool pool5 (5 models)
         laya iter 2 -> best_rf conf=0.9633 rank=1
         laya iter 3 -> best_rf conf=0.9947 rank=1
         laya iter 4 -> best_rf conf=0.9947 rank=1
         laya iter 5 -> best_rf conf=0.9947 rank=1
[   2] best_single    score=-0.0852 origin=agent    iters=4 stop=no new information in 3 consecutive turns
         TEST  smape=0.1228  rmse=6.5712  pocid=52.17  mape=0.1148
         laya iter 1 -> best_rf conf=0.9808 rank=1
         laya iter 2 -> best_rf conf=0.9688 rank=1
         laya iter 3 -> best_rf conf=0.9688 rank=1
         laya iter 4 -> best_rf conf=0.9688 rank=1
[   3] best_single    score=-0.0745 origin=agent    iters=4 stop=no new information in 3 consecutive turns
         TEST  smape=0.1937  rmse=2.3626  pocid=60.87  mape=0.1752
         laya iter 1 -> best_rf conf=0.4031 rank=1
         laya iter 2 -> best_rf conf=0.7464 rank=1
         laya iter 3 -> best_rf conf=0.7464 rank=1
         laya iter 4 -> best_rf conf=0.7464 rank=1
[   4] best_single    score=-0.0520 origin=agent    iters=5 stop=no new information in 3 consecutive turns
         TEST  smape=0.0654  rmse=0.8501  pocid=21.74  mape=0.0625
         laya iter 1 -> select_stable_k5 conf=0.3169 obs=pool pool5 (5 models)
         laya iter 2 -> best_CWT_rf conf=0.7672 rank=1
         laya iter 3 -> best_CWT_rf conf=0.5086 rank=1
         laya iter 4 -> best_CWT_rf conf=0.5086 rank=1
         laya iter 5 -> best_CWT_rf conf=0.5086 rank=1
[   5] best_single    score= 0.0353 origin=agent    iters=4 stop=no new information in 3 consecutive turns
         TEST  smape=0.7310  rmse=1.0954  pocid=26.09  mape=0.5263
         laya iter 1 -> best_DWT_rf conf=0.4575 rank=1
         laya iter 2 -> best_DWT_rf conf=0.9148 rank=1
         laya iter 3 -> best_DWT_rf conf=0.9148 rank=1
         laya iter 4 -> best_DWT_rf conf=0.9148 rank=1
[   6] best_single    score= 0.2528 origin=agent    iters=4 stop=no new information in 3 consecutive turns
         TEST  smape=0.0197  rmse=1.1166  pocid=60.87  mape=0.0194
         laya iter 1 -> best_CWT_rf conf=0.4042 rank=1
         laya iter 2 -> best_CWT_rf conf=0.7344 rank=1
         laya iter 3 -> best_CWT_rf conf=0.7344 rank=1
         laya iter 4 -> best_CWT_rf conf=0.7344 rank=1
--------------------------------------------------------------------------
done in 43.6s | ok: 7 | failed: 0
DATASET SUMMARY over 7 series (mean across series):
  this run   smape=0.2072  rmse=2.7934  pocid=46.58  mape=0.1708  mae=2.5383
  baseline   (n/a - no-seeds arm: o agente partiu de histórico vazio)
  mean       smape=1.7405  rmse=63484511305.5706  pocid=43.48  mape=3253528624.5137  <- this run is better
  median     smape=0.1997  rmse=3.6501  pocid=39.13  mape=0.1739  <- this run is better
  dba        smape=1.7438  rmse=106383343565.7140  pocid=37.27  mape=2228290941.4547  <- this run is better
  ADE        smape=0.1872  rmse=4.0934  pocid=31.06  mape=0.1752  <- this run is better
  FFORMA     smape=0.1654  rmse=3.9513  pocid=31.06  mape=0.1525  <- this run is better
csv: ./timeseries/mestrado/resultados/orchestrator_laya_laya_v0_noseeds/ETTM2.csv
