dataset      : ANP_MONTHLY
source       : mes_11_venda_mensal.tsf
models       : 19
agent        : laya-english (max_len=None)
writing to   : ./timeseries/mestrado/resultados/orchestrator_laya_laya_v0
--------------------------------------------------------------------------
/home/lucas.castro/.conda/envs/agno/lib/python3.11/site-packages/tslearn/bases/bases.py:15: UserWarning: h5py not installed, hdf5 features will not be supported.
Install h5py to use hdf5 features: http://docs.h5py.org/
  warn(h5py_msg)
Fetching 5 files:   0%|          | 0/5 [00:00<?, ?it/s]Fetching 5 files: 100%|██████████| 5/5 [00:00<00:00, 2759.41it/s]
/home/lucas.castro/.conda/envs/agno/lib/python3.11/site-packages/laya/agent.py:928: RuntimeWarning: laya: this checkpoint ships invalid temperatures or values outside [0.5, 5]; using choice:11+=0.10058280825614929 -> 0.5. Treat confidence from the affected entries as uncalibrated.
  return Agent(model_id_or_path, device=device, token=token, subfolder=subfolder, fast=fast,
[   0] best_single    score= 0.6782 origin=agent    iters=4 stop=no new information in 3 consecutive turns
         TEST  smape=0.1802  rmse=1450.2311  pocid=45.45  mape=0.1590  | FLOOR smape=0.3622
         laya iter 1 -> best_ONLY_DWT_rf conf=0.3892 rank=1
         laya iter 2 -> best_ONLY_DWT_rf conf=0.4483 rank=1
         laya iter 3 -> best_ONLY_DWT_rf conf=0.4483 rank=1
         laya iter 4 -> best_ONLY_DWT_rf conf=0.4483 rank=1
[   1] mean           score= 0.4744 origin=agent    iters=5 stop=no new information in 3 consecutive turns
         TEST  smape=0.1332  rmse=2503.6990  pocid=81.82  mape=0.1236  | FLOOR smape=0.1132
         laya iter 1 -> mean_pool1 conf=0.2929 rank=2
         laya iter 2 -> mean_pool4 conf=0.2506 rank=1
         laya iter 3 -> mean_pool4 conf=0.2506 rank=1
         laya iter 4 -> mean_pool4 conf=0.2506 rank=1
         laya iter 5 -> mean_pool4 conf=0.2506 rank=1
[   2] dba            score= 0.6226 origin=baseline iters=5 stop=no new information in 3 consecutive turns
         TEST  smape=0.0471  rmse=5138.8514  pocid=90.91  mape=0.0489  | FLOOR smape=0.0471
         laya iter 1 -> mean_pool1 conf=0.3336 rank=9
         laya iter 2 -> mean_pool4 conf=0.3116 rank=9
         laya iter 3 -> mean_pool4 conf=0.3116 rank=9
         laya iter 4 -> mean_pool4 conf=0.3116 rank=9
         laya iter 5 -> mean_pool4 conf=0.3116 rank=9
[   3] best_single    score= 0.5469 origin=agent    iters=5 stop=no new information in 3 consecutive turns
         TEST  smape=0.3961  rmse=3444.0776  pocid=72.73  mape=0.3213  | FLOOR smape=0.3041
         laya iter 1 -> mean_pool1 conf=0.3226 rank=3
         laya iter 2 -> best_ETS conf=0.3093 rank=1
         laya iter 3 -> best_ETS conf=0.3093 rank=1
         laya iter 4 -> best_ETS conf=0.3093 rank=1
         laya iter 5 -> best_ETS conf=0.3093 rank=1
[   4] mean           score= 0.5728 origin=agent    iters=5 stop=no new information in 3 consecutive turns
         TEST  smape=0.0616  rmse=3823.7586  pocid=72.73  mape=0.0595  | FLOOR smape=0.0520
         laya iter 1 -> mean_pool1 conf=0.3119 rank=8
         laya iter 2 -> mean_pool4 conf=0.2417 rank=1
         laya iter 3 -> mean_pool4 conf=0.2417 rank=1
         laya iter 4 -> mean_pool4 conf=0.2417 rank=1
         laya iter 5 -> mean_pool4 conf=0.2417 rank=1
[   5] best_single    score= 0.5511 origin=agent    iters=4 stop=no new information in 3 consecutive turns
         TEST  smape=0.2370  rmse=29.2490  pocid=36.36  mape=0.2710  | FLOOR smape=0.2077
         laya iter 1 -> best_FT_rf conf=0.3232 rank=1
         laya iter 2 -> best_FT_rf conf=0.3432 rank=1
         laya iter 3 -> best_FT_rf conf=0.3432 rank=1
         laya iter 4 -> best_FT_rf conf=0.3432 rank=1
[   6] best_single    score= 0.5527 origin=agent    iters=5 stop=no new information in 3 consecutive turns
         TEST  smape=0.5737  rmse=5253.6827  pocid=81.82  mape=0.4291  | FLOOR smape=0.4842
         laya iter 1 -> mean_pool1 conf=0.2543 rank=4
         laya iter 2 -> best_THETA conf=0.2611 rank=1
         laya iter 3 -> best_THETA conf=0.2611 rank=1
         laya iter 4 -> best_THETA conf=0.2611 rank=1
         laya iter 5 -> best_THETA conf=0.2611 rank=1
[   7] best_single    score= 0.5882 origin=agent    iters=5 stop=no new information in 3 consecutive turns
         TEST  smape=0.2018  rmse=110.0732  pocid=45.45  mape=0.2279  | FLOOR smape=0.1649
         laya iter 1 -> mean_pool1 conf=0.2966 rank=5
         laya iter 2 -> best_ONLY_CWT_catboost conf=0.2699 rank=1
         laya iter 3 -> best_ONLY_CWT_catboost conf=0.2699 rank=1
         laya iter 4 -> best_ONLY_CWT_catboost conf=0.2699 rank=1
         laya iter 5 -> best_ONLY_CWT_catboost conf=0.2699 rank=1
[   8] best_single    score= 0.5913 origin=agent    iters=4 stop=no new information in 3 consecutive turns
         TEST  smape=0.3857  rmse=638.8080  pocid=36.36  mape=0.3133  | FLOOR smape=0.5178
         laya iter 1 -> best_DWT_rf conf=0.3425 rank=1
         laya iter 2 -> best_DWT_rf conf=0.4702 rank=1
         laya iter 3 -> best_DWT_rf conf=0.4702 rank=1
         laya iter 4 -> best_DWT_rf conf=0.4702 rank=1
[   9] mean           score= 0.6667 origin=baseline iters=5 stop=no new information in 3 consecutive turns
         TEST  smape=0.0486  rmse=12303.7366  pocid=72.73  mape=0.0502  | FLOOR smape=0.0486
         laya iter 1 -> mean_pool1 conf=0.3003 rank=9
         laya iter 2 -> mean_pool4 conf=0.2902 rank=10
         laya iter 3 -> mean_pool4 conf=0.2902 rank=10
         laya iter 4 -> mean_pool4 conf=0.2902 rank=10
         laya iter 5 -> mean_pool4 conf=0.2902 rank=10
[  10] best_single    score= 0.4507 origin=agent    iters=5 stop=no new information in 3 consecutive turns
         TEST  smape=0.2564  rmse=1539.9087  pocid=72.73  mape=0.2221  | FLOOR smape=0.2671
         laya iter 1 -> mean_pool1 conf=0.2717 rank=2
         laya iter 2 -> best_THETA conf=0.3035 rank=1
         laya iter 3 -> best_THETA conf=0.3035 rank=1
         laya iter 4 -> best_THETA conf=0.3035 rank=1
         laya iter 5 -> best_THETA conf=0.3035 rank=1
[  11] best_single    score= 0.6370 origin=agent    iters=4 stop=no new information in 3 consecutive turns
         TEST  smape=0.5972  rmse=10701.2866  pocid=54.55  mape=0.4555  | FLOOR smape=0.7316
         laya iter 1 -> best_FT_rf conf=0.4794 rank=1
         laya iter 2 -> best_FT_rf conf=0.6019 rank=1
         laya iter 3 -> best_FT_rf conf=0.6019 rank=1
         laya iter 4 -> best_FT_rf conf=0.6019 rank=1
[  12] median         score= 0.6904 origin=baseline iters=4 stop=no new information in 3 consecutive turns
         TEST  smape=1.1713  rmse=2460.0309  pocid=0.00  mape=27.4675  | FLOOR smape=1.1713
         laya iter 1 -> best_FT_catboost conf=0.3761 rank=3
         laya iter 2 -> best_FT_catboost conf=0.4976 rank=3
         laya iter 3 -> best_FT_catboost conf=0.4976 rank=3
         laya iter 4 -> best_FT_catboost conf=0.4976 rank=3
[  13] dba            score= 0.6472 origin=baseline iters=5 stop=no new information in 3 consecutive turns
         TEST  smape=0.2182  rmse=323.4298  pocid=54.55  mape=0.2484  | FLOOR smape=0.2182
         laya iter 1 -> mean_pool1 conf=0.2712 rank=4
         laya iter 2 -> mean_pool4 conf=0.2446 rank=10
         laya iter 3 -> mean_pool4 conf=0.2446 rank=10
         laya iter 4 -> mean_pool4 conf=0.2446 rank=10
         laya iter 5 -> mean_pool4 conf=0.2446 rank=10
[  14] mean           score= 0.6788 origin=baseline iters=5 stop=no new information in 3 consecutive turns
         TEST  smape=0.0466  rmse=2068.6530  pocid=63.64  mape=0.0460  | FLOOR smape=0.0466
         laya iter 1 -> mean_pool1 conf=0.3676 rank=8
         laya iter 2 -> mean_pool4 conf=0.2703 rank=10
         laya iter 3 -> mean_pool4 conf=0.2703 rank=10
         laya iter 4 -> mean_pool4 conf=0.2703 rank=10
         laya iter 5 -> mean_pool4 conf=0.2703 rank=10
[  15] mean           score= 0.6909 origin=baseline iters=4 stop=no new information in 3 consecutive turns
         TEST  smape=0.0504  rmse=2642.4148  pocid=63.64  mape=0.0502  | FLOOR smape=0.0504
         laya iter 1 -> best_ONLY_CWT_rf conf=0.3371 rank=4
         laya iter 2 -> best_ONLY_CWT_rf conf=0.3537 rank=4
         laya iter 3 -> best_ONLY_CWT_rf conf=0.3537 rank=4
         laya iter 4 -> best_ONLY_CWT_rf conf=0.3537 rank=4
[  16] median         score= 0.6631 origin=baseline iters=5 stop=no new information in 3 consecutive turns
         TEST  smape=0.1978  rmse=21616.9319  pocid=36.36  mape=0.1785  | FLOOR smape=0.1978
         laya iter 1 -> mean_pool1 conf=0.3875 rank=9
         laya iter 2 -> mean_pool4 conf=0.3236 rank=7
         laya iter 3 -> mean_pool4 conf=0.3236 rank=7
         laya iter 4 -> mean_pool4 conf=0.3236 rank=7
         laya iter 5 -> mean_pool4 conf=0.3236 rank=7
[  17] trimmed_mean   score= 0.6006 origin=baseline iters=4 stop=no new information in 3 consecutive turns
         TEST  smape=0.1498  rmse=128987.7786  pocid=72.73  mape=0.1635  | FLOOR smape=0.1498
         laya iter 1 -> best_ONLY_DWT_rf conf=0.3368 rank=5
         laya iter 2 -> best_ONLY_DWT_rf conf=0.3596 rank=5
         laya iter 3 -> best_ONLY_DWT_rf conf=0.3596 rank=5
         laya iter 4 -> best_ONLY_DWT_rf conf=0.3596 rank=5
[  18] median         score= 0.6605 origin=baseline iters=5 stop=no new information in 3 consecutive turns
         TEST  smape=1.4312  rmse=4817.0742  pocid=54.55  mape=230028294017373600.0000  | FLOOR smape=1.4312
         laya iter 1 -> mean_pool1 conf=0.2815 rank=9
         laya iter 2 -> mean_pool4 conf=0.2337 rank=10
         laya iter 3 -> mean_pool4 conf=0.2337 rank=10
         laya iter 4 -> mean_pool4 conf=0.2337 rank=10
         laya iter 5 -> mean_pool4 conf=0.2337 rank=10
[  19] best_single    score= 0.5703 origin=agent    iters=4 stop=no new information in 3 consecutive turns
         TEST  smape=0.2095  rmse=593.8564  pocid=72.73  mape=0.2503  | FLOOR smape=0.2139
         laya iter 1 -> best_DWT_rf conf=0.4055 rank=1
         laya iter 2 -> best_DWT_rf conf=0.519 rank=1
         laya iter 3 -> best_DWT_rf conf=0.519 rank=1
         laya iter 4 -> best_DWT_rf conf=0.519 rank=1
[  20] mean           score= 0.6131 origin=agent    iters=5 stop=no new information in 3 consecutive turns
         TEST  smape=0.1379  rmse=114032.0574  pocid=100.00  mape=0.1287  | FLOOR smape=0.1073
         laya iter 1 -> mean_pool1 conf=0.3708 rank=3
         laya iter 2 -> mean_pool4 conf=0.2903 rank=1
         laya iter 3 -> mean_pool4 conf=0.2903 rank=1
         laya iter 4 -> mean_pool4 conf=0.2903 rank=1
         laya iter 5 -> mean_pool4 conf=0.2903 rank=1
[  21] dba            score= 0.6503 origin=baseline iters=5 stop=no new information in 3 consecutive turns
         TEST  smape=0.0311  rmse=3044.7534  pocid=72.73  mape=0.0319  | FLOOR smape=0.0311
         laya iter 1 -> mean_pool1 conf=0.3136 rank=4
         laya iter 2 -> mean_pool4 conf=0.2747 rank=7
         laya iter 3 -> mean_pool4 conf=0.2747 rank=7
         laya iter 4 -> mean_pool4 conf=0.2747 rank=7
         laya iter 5 -> mean_pool4 conf=0.2747 rank=7
[  22] best_single    score= 0.5003 origin=agent    iters=4 stop=no new information in 3 consecutive turns
         TEST  smape=0.2766  rmse=1535.9493  pocid=63.64  mape=0.2913  | FLOOR smape=0.2940
         laya iter 1 -> best_FT_rf conf=0.3645 rank=1
         laya iter 2 -> best_FT_rf conf=0.4298 rank=1
         laya iter 3 -> best_FT_rf conf=0.4298 rank=1
         laya iter 4 -> best_FT_rf conf=0.4298 rank=1
[  23] trimmed_mean   score= 0.4814 origin=baseline iters=5 stop=no new information in 3 consecutive turns
         TEST  smape=0.2674  rmse=6971.4135  pocid=90.91  mape=0.2281  | FLOOR smape=0.2674
         laya iter 1 -> mean_pool1 conf=0.2997 rank=5
         laya iter 2 -> mean_pool4 conf=0.2368 rank=2
         laya iter 3 -> mean_pool4 conf=0.2368 rank=2
         laya iter 4 -> mean_pool4 conf=0.2368 rank=2
         laya iter 5 -> mean_pool4 conf=0.2368 rank=2
[  24] dba            score= 0.6427 origin=baseline iters=5 stop=no new information in 3 consecutive turns
         TEST  smape=0.0455  rmse=6840.2111  pocid=81.82  mape=0.0458  | FLOOR smape=0.0455
         laya iter 1 -> mean_pool1 conf=0.3335 rank=9
         laya iter 2 -> mean_pool4 conf=0.2788 rank=10
         laya iter 3 -> mean_pool4 conf=0.2788 rank=10
         laya iter 4 -> mean_pool4 conf=0.2788 rank=10
         laya iter 5 -> mean_pool4 conf=0.2788 rank=10
[  25] mean           score= 0.6276 origin=baseline iters=4 stop=no new information in 3 consecutive turns
         TEST  smape=0.1671  rmse=51.3148  pocid=54.55  mape=0.1906  | FLOOR smape=0.1671
         laya iter 1 -> best_ONLY_FT_catboost conf=0.3179 rank=5
         laya iter 2 -> best_ONLY_FT_catboost conf=0.3534 rank=5
         laya iter 3 -> best_ONLY_FT_catboost conf=0.3534 rank=5
         laya iter 4 -> best_ONLY_FT_catboost conf=0.3534 rank=5
[  26] best_single    score= 0.4994 origin=agent    iters=5 stop=no new information in 3 consecutive turns
         TEST  smape=0.3514  rmse=1622.9242  pocid=45.45  mape=0.2957  | FLOOR smape=0.4658
         laya iter 1 -> mean_pool1 conf=0.3331 rank=9
         laya iter 2 -> best_CWT_rf conf=0.323 rank=1
         laya iter 3 -> best_CWT_rf conf=0.323 rank=1
         laya iter 4 -> best_CWT_rf conf=0.323 rank=1
         laya iter 5 -> best_CWT_rf conf=0.323 rank=1
[  27] mean           score= 0.6727 origin=baseline iters=4 stop=no new information in 3 consecutive turns
         TEST  smape=0.3728  rmse=4401.5358  pocid=63.64  mape=0.3040  | FLOOR smape=0.3728
         laya iter 1 -> best_ONLY_DWT_rf conf=0.475 rank=4
         laya iter 2 -> best_ONLY_DWT_rf conf=0.5358 rank=4
         laya iter 3 -> best_ONLY_DWT_rf conf=0.5358 rank=4
         laya iter 4 -> best_ONLY_DWT_rf conf=0.5358 rank=4
[  28] best_single    score= 0.5756 origin=agent    iters=4 stop=no new information in 3 consecutive turns
         TEST  smape=0.0551  rmse=10350.5907  pocid=63.64  mape=0.0538  | FLOOR smape=0.0403
         laya iter 1 -> best_ONLY_CWT_catboost conf=0.9529 rank=1
         laya iter 2 -> best_ONLY_CWT_catboost conf=0.972 rank=1
         laya iter 3 -> best_ONLY_CWT_catboost conf=0.972 rank=1
         laya iter 4 -> best_ONLY_CWT_catboost conf=0.972 rank=1
[  29] best_single    score= 0.4967 origin=agent    iters=4 stop=no new information in 3 consecutive turns
         TEST  smape=0.3824  rmse=2970.6623  pocid=63.64  mape=0.3124  | FLOOR smape=0.3579
         laya iter 1 -> best_THETA conf=0.2983 rank=1
         laya iter 2 -> best_THETA conf=0.3506 rank=1
         laya iter 3 -> best_THETA conf=0.3506 rank=1
         laya iter 4 -> best_THETA conf=0.3506 rank=1
[  30] mean           score= 0.6303 origin=baseline iters=5 stop=no new information in 3 consecutive turns
         TEST  smape=0.1473  rmse=236.1429  pocid=63.64  mape=0.1531  | FLOOR smape=0.1473
         laya iter 1 -> mean_pool1 conf=0.2843 rank=9
         laya iter 2 -> mean_pool4 conf=0.2715 rank=9
         laya iter 3 -> mean_pool4 conf=0.2715 rank=9
         laya iter 4 -> mean_pool4 conf=0.2715 rank=9
         laya iter 5 -> mean_pool4 conf=0.2715 rank=9
[  31] mean           score= 0.6660 origin=baseline iters=5 stop=no new information in 3 consecutive turns
         TEST  smape=0.4562  rmse=19.0531  pocid=63.64  mape=0.8270  | FLOOR smape=0.4562
         laya iter 1 -> mean_pool1 conf=0.3704 rank=4
         laya iter 2 -> mean_pool4 conf=0.3371 rank=4
         laya iter 3 -> mean_pool4 conf=0.3371 rank=4
         laya iter 4 -> mean_pool4 conf=0.3371 rank=4
         laya iter 5 -> mean_pool4 conf=0.3371 rank=4
[  32] mean           score= 0.5844 origin=agent    iters=5 stop=no new information in 3 consecutive turns
         TEST  smape=1.2082  rmse=330.7339  pocid=72.73  mape=0.7189  | FLOOR smape=1.2541
         laya iter 1 -> mean_pool1 conf=0.392 rank=3
         laya iter 2 -> mean_pool4 conf=0.3018 rank=1
         laya iter 3 -> mean_pool4 conf=0.3018 rank=1
         laya iter 4 -> mean_pool4 conf=0.3018 rank=1
         laya iter 5 -> mean_pool4 conf=0.3018 rank=1
[  33] trimmed_mean   score= 0.5935 origin=baseline iters=4 stop=no new information in 3 consecutive turns
         TEST  smape=0.0600  rmse=62.4945  pocid=54.55  mape=0.0579  | FLOOR smape=0.0600
         laya iter 1 -> best_ONLY_DWT_rf conf=0.365 rank=5
         laya iter 2 -> best_ONLY_DWT_rf conf=0.3967 rank=5
         laya iter 3 -> best_ONLY_DWT_rf conf=0.3967 rank=5
         laya iter 4 -> best_ONLY_DWT_rf conf=0.3967 rank=5
[  34] best_single    score= 0.5180 origin=agent    iters=4 stop=no new information in 3 consecutive turns
         TEST  smape=0.0589  rmse=620.0266  pocid=54.55  mape=0.0607  | FLOOR smape=0.0492
         laya iter 1 -> best_ETS conf=0.3479 rank=1
         laya iter 2 -> best_ETS conf=0.3999 rank=1
         laya iter 3 -> best_ETS conf=0.3999 rank=1
         laya iter 4 -> best_ETS conf=0.3999 rank=1
[  35] best_single    score= 0.5857 origin=agent    iters=5 stop=no new information in 3 consecutive turns
         TEST  smape=0.1993  rmse=98.0423  pocid=54.55  mape=0.2120  | FLOOR smape=0.2042
         laya iter 1 -> mean_pool1 conf=0.2884 rank=9
         laya iter 2 -> best_ARIMA conf=0.294 rank=1
         laya iter 3 -> best_ARIMA conf=0.294 rank=1
         laya iter 4 -> best_ARIMA conf=0.294 rank=1
         laya iter 5 -> best_ARIMA conf=0.294 rank=1
[  36] mean           score= 0.5962 origin=baseline iters=4 stop=no new information in 3 consecutive turns
         TEST  smape=0.1109  rmse=38618.7375  pocid=72.73  mape=0.1194  | FLOOR smape=0.1109
         laya iter 1 -> best_ONLY_FT_rf conf=0.4984 rank=4
         laya iter 2 -> best_ONLY_FT_rf conf=0.6463 rank=4
         laya iter 3 -> best_ONLY_FT_rf conf=0.6463 rank=4
         laya iter 4 -> best_ONLY_FT_rf conf=0.6463 rank=4
[  37] best_single    score= 0.6080 origin=agent    iters=4 stop=no new information in 3 consecutive turns
         TEST  smape=0.2190  rmse=64.4430  pocid=54.55  mape=0.2220  | FLOOR smape=0.2102
         laya iter 1 -> best_rf conf=0.4105 rank=1
         laya iter 2 -> best_rf conf=0.5204 rank=1
         laya iter 3 -> best_rf conf=0.5204 rank=1
         laya iter 4 -> best_rf conf=0.5204 rank=1
[  38] best_single    score= 0.5232 origin=agent    iters=4 stop=no new information in 3 consecutive turns
         TEST  smape=0.7710  rmse=5301.5358  pocid=45.45  mape=0.5533  | FLOOR smape=0.7530
         laya iter 1 -> best_ONLY_CWT_catboost conf=0.364 rank=1
         laya iter 2 -> best_ONLY_CWT_catboost conf=0.4458 rank=1
         laya iter 3 -> best_ONLY_CWT_catboost conf=0.4458 rank=1
         laya iter 4 -> best_ONLY_CWT_catboost conf=0.4458 rank=1
[  39] best_single    score= 0.5954 origin=agent    iters=5 stop=no new information in 3 consecutive turns
         TEST  smape=0.0337  rmse=4494.8945  pocid=81.82  mape=0.0344  | FLOOR smape=0.0388
         laya iter 1 -> mean_pool1 conf=0.2665 rank=8
         laya iter 2 -> best_CWT_rf conf=0.2839 rank=1
         laya iter 3 -> best_CWT_rf conf=0.2839 rank=1
         laya iter 4 -> best_CWT_rf conf=0.2839 rank=1
         laya iter 5 -> best_CWT_rf conf=0.2839 rank=1
[  40] best_single    score= 0.5012 origin=agent    iters=5 stop=no new information in 3 consecutive turns
         TEST  smape=0.0333  rmse=4790.0939  pocid=81.82  mape=0.0331  | FLOOR smape=0.0417
         laya iter 1 -> mean_pool1 conf=0.3264 rank=4
         laya iter 2 -> best_ETS conf=0.3121 rank=1
         laya iter 3 -> best_ETS conf=0.3121 rank=1
         laya iter 4 -> best_ETS conf=0.3121 rank=1
         laya iter 5 -> best_ETS conf=0.3121 rank=1
[  41] best_single    score= 0.5417 origin=agent    iters=5 stop=no new information in 3 consecutive turns
         TEST  smape=0.1601  rmse=11464.7557  pocid=54.55  mape=0.1465  | FLOOR smape=0.1736
         laya iter 1 -> mean_pool1 conf=0.285 rank=4
         laya iter 2 -> best_FT_catboost conf=0.2991 rank=1
         laya iter 3 -> best_FT_catboost conf=0.2991 rank=1
         laya iter 4 -> best_FT_catboost conf=0.2991 rank=1
         laya iter 5 -> best_FT_catboost conf=0.2991 rank=1
[  42] mean           score= 0.6848 origin=baseline iters=5 stop=no new information in 3 consecutive turns
         TEST  smape=0.2940  rmse=6.2915  pocid=63.64  mape=0.3538  | FLOOR smape=0.2940
         laya iter 1 -> mean_pool1 conf=0.4108 rank=9
         laya iter 2 -> mean_pool4 conf=0.3016 rank=10
         laya iter 3 -> mean_pool4 conf=0.3016 rank=10
         laya iter 4 -> mean_pool4 conf=0.3016 rank=10
         laya iter 5 -> mean_pool4 conf=0.3016 rank=10
[  43] best_single    score= 0.5151 origin=agent    iters=4 stop=no new information in 3 consecutive turns
         TEST  smape=0.0894  rmse=1695.6377  pocid=81.82  mape=0.0860  | FLOOR smape=0.0858
         laya iter 1 -> best_NaiveSeasonal conf=0.2807 rank=1
         laya iter 2 -> best_NaiveSeasonal conf=0.3216 rank=1
         laya iter 3 -> best_NaiveSeasonal conf=0.3216 rank=1
         laya iter 4 -> best_NaiveSeasonal conf=0.3216 rank=1
[  44] best_single    score= 0.6606 origin=agent    iters=4 stop=no new information in 3 consecutive turns
         TEST  smape=0.5891  rmse=4845.1696  pocid=54.55  mape=1.2415  | FLOOR smape=0.5948
         laya iter 1 -> best_FT_catboost conf=0.3338 rank=1
         laya iter 2 -> best_FT_catboost conf=0.339 rank=1
         laya iter 3 -> best_FT_catboost conf=0.339 rank=1
         laya iter 4 -> best_FT_catboost conf=0.339 rank=1
[  45] dba            score= 0.6774 origin=baseline iters=5 stop=no new information in 3 consecutive turns
         TEST  smape=0.2695  rmse=4879.6834  pocid=63.64  mape=0.2300  | FLOOR smape=0.2695
         laya iter 1 -> mean_pool1 conf=0.4075 rank=9
         laya iter 2 -> mean_pool4 conf=0.3308 rank=9
         laya iter 3 -> mean_pool4 conf=0.3308 rank=9
         laya iter 4 -> mean_pool4 conf=0.3308 rank=9
         laya iter 5 -> mean_pool4 conf=0.3308 rank=9
[  46] best_single    score= 0.6331 origin=agent    iters=5 stop=no new information in 3 consecutive turns
         TEST  smape=0.1555  rmse=13731.0815  pocid=72.73  mape=0.1612  | FLOOR smape=0.1677
         laya iter 1 -> mean_pool1 conf=0.2849 rank=3
         laya iter 2 -> best_FT_rf conf=0.2825 rank=1
         laya iter 3 -> best_FT_rf conf=0.2825 rank=1
         laya iter 4 -> best_FT_rf conf=0.2825 rank=1
         laya iter 5 -> best_FT_rf conf=0.2825 rank=1
[  47] mean           score= 0.5045 origin=agent    iters=5 stop=no new information in 3 consecutive turns
         TEST  smape=0.1376  rmse=413.1731  pocid=81.82  mape=0.1540  | FLOOR smape=0.1329
         laya iter 1 -> mean_pool_full conf=0.3502 rank=8
         laya iter 2 -> mean_pool4 conf=0.2997 rank=1
         laya iter 3 -> mean_pool4 conf=0.2997 rank=1
         laya iter 4 -> mean_pool4 conf=0.2997 rank=1
         laya iter 5 -> mean_pool4 conf=0.2997 rank=1
[  48] mean           score= 0.7091 origin=baseline iters=5 stop=no new information in 3 consecutive turns
         TEST  smape=0.3216  rmse=377.0562  pocid=36.36  mape=0.2640  | FLOOR smape=0.3216
         laya iter 1 -> mean_pool_full conf=0.3735 rank=1
         laya iter 2 -> mean_pool4 conf=0.2869 rank=10
         laya iter 3 -> mean_pool4 conf=0.2869 rank=10
         laya iter 4 -> mean_pool4 conf=0.2869 rank=10
         laya iter 5 -> mean_pool4 conf=0.2869 rank=10
[  49] dba            score= 0.6288 origin=baseline iters=4 stop=no new information in 3 consecutive turns
         TEST  smape=0.2523  rmse=2299.8628  pocid=27.27  mape=0.2116  | FLOOR smape=0.2523
         laya iter 1 -> best_ONLY_CWT_rf conf=0.2865 rank=2
         laya iter 2 -> best_ONLY_CWT_rf conf=0.306 rank=2
         laya iter 3 -> best_ONLY_CWT_rf conf=0.306 rank=2
         laya iter 4 -> best_ONLY_CWT_rf conf=0.306 rank=2
[  50] trimmed_mean   score= 0.6647 origin=baseline iters=5 stop=no new information in 3 consecutive turns
         TEST  smape=0.1063  rmse=84.8195  pocid=45.45  mape=0.1037  | FLOOR smape=0.1063
         laya iter 1 -> mean_pool1 conf=0.3521 rank=6
         laya iter 2 -> mean_pool4 conf=0.2775 rank=4
         laya iter 3 -> mean_pool4 conf=0.2775 rank=4
         laya iter 4 -> mean_pool4 conf=0.2775 rank=4
         laya iter 5 -> mean_pool4 conf=0.2775 rank=4
[  51] dba            score= 0.6584 origin=baseline iters=4 stop=no new information in 3 consecutive turns
         TEST  smape=0.1676  rmse=7.7880  pocid=72.73  mape=0.1846  | FLOOR smape=0.1676
         laya iter 1 -> best_ONLY_FT_rf conf=0.69 rank=2
         laya iter 2 -> best_ONLY_FT_rf conf=0.7785 rank=2
         laya iter 3 -> best_ONLY_FT_rf conf=0.7785 rank=2
         laya iter 4 -> best_ONLY_FT_rf conf=0.7785 rank=2
[  52] trimmed_mean   score= 0.5589 origin=baseline iters=5 stop=no new information in 3 consecutive turns
         TEST  smape=0.1344  rmse=3056.9489  pocid=63.64  mape=0.1421  | FLOOR smape=0.1344
         laya iter 1 -> mean_pool1 conf=0.3779 rank=2
         laya iter 2 -> mean_pool4 conf=0.3137 rank=9
         laya iter 3 -> mean_pool4 conf=0.3137 rank=9
         laya iter 4 -> mean_pool4 conf=0.3137 rank=9
         laya iter 5 -> mean_pool4 conf=0.3137 rank=9
[  53] best_single    score= 0.6222 origin=agent    iters=4 stop=no new information in 3 consecutive turns
         TEST  smape=0.0813  rmse=1711.9838  pocid=90.91  mape=0.0783  | FLOOR smape=0.0757
         laya iter 1 -> best_ETS conf=0.3407 rank=1
         laya iter 2 -> best_ETS conf=0.4033 rank=1
         laya iter 3 -> best_ETS conf=0.4033 rank=1
         laya iter 4 -> best_ETS conf=0.4033 rank=1
[  54] trimmed_mean   score= 0.5779 origin=baseline iters=5 stop=no new information in 3 consecutive turns
         TEST  smape=0.2612  rmse=1631.1812  pocid=45.45  mape=0.2217  | FLOOR smape=0.2612
         laya iter 1 -> mean_pool1 conf=0.3034 rank=6
         laya iter 2 -> mean_pool4 conf=0.2568 rank=8
         laya iter 3 -> mean_pool4 conf=0.2568 rank=8
         laya iter 4 -> mean_pool4 conf=0.2568 rank=8
         laya iter 5 -> mean_pool4 conf=0.2568 rank=8
[  55] best_single    score= 0.2921 origin=agent    iters=4 stop=no new information in 3 consecutive turns
         TEST  smape=0.1142  rmse=674.2101  pocid=90.91  mape=0.1049  | FLOOR smape=0.1207
         laya iter 1 -> best_ETS conf=0.4632 rank=1
         laya iter 2 -> best_ETS conf=0.6017 rank=1
         laya iter 3 -> best_ETS conf=0.6017 rank=1
         laya iter 4 -> best_ETS conf=0.6017 rank=1
[  56] best_single    score= 0.5531 origin=agent    iters=5 stop=no new information in 3 consecutive turns
         TEST  smape=0.1575  rmse=366.8919  pocid=54.55  mape=0.1755  | FLOOR smape=0.1550
         laya iter 1 -> mean_pool1 conf=0.3475 rank=1
         laya iter 2 -> best_ONLY_DWT_catboost conf=0.3456 rank=1
         laya iter 3 -> best_ONLY_DWT_catboost conf=0.3456 rank=1
         laya iter 4 -> best_ONLY_DWT_catboost conf=0.3456 rank=1
         laya iter 5 -> best_ONLY_DWT_catboost conf=0.3456 rank=1
[  57] best_single    score= 0.6220 origin=agent    iters=4 stop=no new information in 3 consecutive turns
         TEST  smape=0.3284  rmse=5757.8613  pocid=63.64  mape=0.3114  | FLOOR smape=0.3214
         laya iter 1 -> best_ONLY_CWT_rf conf=0.3218 rank=1
         laya iter 2 -> best_ONLY_CWT_rf conf=0.3448 rank=1
         laya iter 3 -> best_ONLY_CWT_rf conf=0.3448 rank=1
         laya iter 4 -> best_ONLY_CWT_rf conf=0.3448 rank=1
[  58] best_single    score= 0.6859 origin=agent    iters=5 stop=no new information in 3 consecutive turns
         TEST  smape=0.1706  rmse=84.1707  pocid=72.73  mape=0.1633  | FLOOR smape=0.1508
         laya iter 1 -> mean_pool1 conf=0.3694 rank=9
         laya iter 2 -> best_ONLY_CWT_catboost conf=0.3628 rank=1
         laya iter 3 -> best_ONLY_CWT_catboost conf=0.3628 rank=1
         laya iter 4 -> best_ONLY_CWT_catboost conf=0.3628 rank=1
         laya iter 5 -> best_ONLY_CWT_catboost conf=0.3628 rank=1
[  59] median         score= 0.6748 origin=baseline iters=4 stop=no new information in 3 consecutive turns
         TEST  smape=0.2581  rmse=2066.5892  pocid=54.55  mape=0.2248  | FLOOR smape=0.2581
         laya iter 1 -> best_rf conf=0.8177 rank=2
         laya iter 2 -> best_rf conf=0.8765 rank=2
         laya iter 3 -> best_rf conf=0.8765 rank=2
         laya iter 4 -> best_rf conf=0.8765 rank=2
[  60] mean           score= 0.6545 origin=baseline iters=5 stop=no new information in 3 consecutive turns
         TEST  smape=0.0323  rmse=4838.1117  pocid=81.82  mape=0.0323  | FLOOR smape=0.0323
         laya iter 1 -> mean_pool1 conf=0.2795 rank=2
         laya iter 2 -> mean_pool4 conf=0.2331 rank=10
         laya iter 3 -> mean_pool4 conf=0.2331 rank=10
         laya iter 4 -> mean_pool4 conf=0.2331 rank=10
         laya iter 5 -> mean_pool4 conf=0.2331 rank=10
[  61] best_single    score= 0.5823 origin=agent    iters=4 stop=no new information in 3 consecutive turns
         TEST  smape=0.2666  rmse=6281.7458  pocid=63.64  mape=0.2328  | FLOOR smape=0.3027
         laya iter 1 -> best_ONLY_CWT_rf conf=0.4139 rank=1
         laya iter 2 -> best_ONLY_CWT_rf conf=0.5213 rank=1
         laya iter 3 -> best_ONLY_CWT_rf conf=0.5213 rank=1
         laya iter 4 -> best_ONLY_CWT_rf conf=0.5213 rank=1
[  62] dba            score= 0.6710 origin=baseline iters=4 stop=no new information in 3 consecutive turns
         TEST  smape=0.1001  rmse=14267.5998  pocid=36.36  mape=0.1067  | FLOOR smape=0.1001
         laya iter 1 -> best_ONLY_DWT_catboost conf=0.9439 rank=4
         laya iter 2 -> best_ONLY_DWT_catboost conf=0.9597 rank=4
         laya iter 3 -> best_ONLY_DWT_catboost conf=0.9597 rank=4
         laya iter 4 -> best_ONLY_DWT_catboost conf=0.9597 rank=4
[  63] trimmed_mean   score= 0.5225 origin=baseline iters=5 stop=no new information in 3 consecutive turns
         TEST  smape=0.2984  rmse=4232.1421  pocid=36.36  mape=0.2577  | FLOOR smape=0.2984
         laya iter 1 -> mean_pool1 conf=0.347 rank=3
         laya iter 2 -> mean_pool4 conf=0.3008 rank=3
         laya iter 3 -> mean_pool4 conf=0.3008 rank=3
         laya iter 4 -> mean_pool4 conf=0.3008 rank=3
         laya iter 5 -> mean_pool4 conf=0.3008 rank=3
[  64] best_single    score= 0.6189 origin=agent    iters=4 stop=no new information in 3 consecutive turns
         TEST  smape=0.5118  rmse=30.2943  pocid=54.55  mape=0.5821  | FLOOR smape=0.4520
         laya iter 1 -> best_DWT_rf conf=0.2789 rank=1
         laya iter 2 -> best_DWT_rf conf=0.315 rank=1
         laya iter 3 -> best_DWT_rf conf=0.315 rank=1
         laya iter 4 -> best_DWT_rf conf=0.315 rank=1
[  65] mean           score= 0.5673 origin=agent    iters=5 stop=no new information in 3 consecutive turns
         TEST  smape=0.0915  rmse=8247.9011  pocid=72.73  mape=0.0972  | FLOOR smape=0.1016
         laya iter 1 -> mean_pool1 conf=0.3709 rank=2
         laya iter 2 -> mean_pool4 conf=0.2897 rank=1
         laya iter 3 -> mean_pool4 conf=0.2897 rank=1
         laya iter 4 -> mean_pool4 conf=0.2897 rank=1
         laya iter 5 -> mean_pool4 conf=0.2897 rank=1
[  66] best_single    score= 0.5572 origin=agent    iters=5 stop=no new information in 3 consecutive turns
         TEST  smape=0.4399  rmse=24713.5621  pocid=27.27  mape=0.7421  | FLOOR smape=0.4457
         laya iter 1 -> mean_pool1 conf=0.2575 rank=6
         laya iter 2 -> best_FT_rf conf=0.2376 rank=1
         laya iter 3 -> best_FT_rf conf=0.2376 rank=1
         laya iter 4 -> best_FT_rf conf=0.2376 rank=1
         laya iter 5 -> best_FT_rf conf=0.2376 rank=1
[  67] dba            score= 0.6648 origin=baseline iters=5 stop=no new information in 3 consecutive turns
         TEST  smape=0.0473  rmse=932.8979  pocid=54.55  mape=0.0487  | FLOOR smape=0.0473
         laya iter 1 -> mean_pool1 conf=0.3038 rank=9
         laya iter 2 -> mean_pool4 conf=0.2642 rank=8
         laya iter 3 -> mean_pool4 conf=0.2642 rank=8
         laya iter 4 -> mean_pool4 conf=0.2642 rank=8
         laya iter 5 -> mean_pool4 conf=0.2642 rank=8
[  68] mean           score= 0.6545 origin=baseline iters=5 stop=no new information in 3 consecutive turns
         TEST  smape=0.1450  rmse=9765.7560  pocid=72.73  mape=0.1580  | FLOOR smape=0.1450
         laya iter 1 -> mean_pool1 conf=0.252 rank=8
         laya iter 2 -> mean_pool4 conf=0.2456 rank=4
         laya iter 3 -> mean_pool4 conf=0.2456 rank=4
         laya iter 4 -> mean_pool4 conf=0.2456 rank=4
         laya iter 5 -> mean_pool4 conf=0.2456 rank=4
[  69] median         score= 0.6004 origin=baseline iters=5 stop=no new information in 3 consecutive turns
         TEST  smape=0.9523  rmse=1637.3550  pocid=63.64  mape=1.4443  | FLOOR smape=0.9523
         laya iter 1 -> mean_pool1 conf=0.4036 rank=9
         laya iter 2 -> mean_pool4 conf=0.3058 rank=9
         laya iter 3 -> mean_pool4 conf=0.3058 rank=9
         laya iter 4 -> mean_pool4 conf=0.3058 rank=9
         laya iter 5 -> mean_pool4 conf=0.3058 rank=9
[  70] best_single    score= 0.6641 origin=agent    iters=4 stop=no new information in 3 consecutive turns
         TEST  smape=0.1232  rmse=5523.7034  pocid=63.64  mape=0.1167  | FLOOR smape=0.1397
         laya iter 1 -> best_ONLY_DWT_rf conf=0.5743 rank=1
         laya iter 2 -> best_ONLY_DWT_rf conf=0.6593 rank=1
         laya iter 3 -> best_ONLY_DWT_rf conf=0.6593 rank=1
         laya iter 4 -> best_ONLY_DWT_rf conf=0.6593 rank=1
[  71] trimmed_mean   score= 0.6224 origin=baseline iters=5 stop=no new information in 3 consecutive turns
         TEST  smape=0.2199  rmse=6568.6229  pocid=45.45  mape=0.1854  | FLOOR smape=0.2199
         laya iter 1 -> mean_pool1 conf=0.2697 rank=6
         laya iter 2 -> best_DWT_rf conf=0.2672 rank=3
         laya iter 3 -> best_DWT_rf conf=0.2672 rank=3
         laya iter 4 -> best_DWT_rf conf=0.2672 rank=3
         laya iter 5 -> best_DWT_rf conf=0.2672 rank=3
[  72] dba            score= 0.6517 origin=baseline iters=5 stop=no new information in 3 consecutive turns
         TEST  smape=0.0342  rmse=11665.6296  pocid=36.36  mape=0.0342  | FLOOR smape=0.0342
         laya iter 1 -> mean_pool1 conf=0.2737 rank=5
         laya iter 2 -> best_THETA conf=0.253 rank=3
         laya iter 3 -> best_THETA conf=0.253 rank=3
         laya iter 4 -> best_THETA conf=0.253 rank=3
         laya iter 5 -> best_THETA conf=0.253 rank=3
[  73] best_single    score= 0.6221 origin=agent    iters=4 stop=no new information in 3 consecutive turns
         TEST  smape=0.0948  rmse=41563.8480  pocid=63.64  mape=0.1009  | FLOOR smape=0.0870
         laya iter 1 -> best_rf conf=0.3507 rank=1
         laya iter 2 -> best_rf conf=0.4321 rank=1
         laya iter 3 -> best_rf conf=0.4321 rank=1
         laya iter 4 -> best_rf conf=0.4321 rank=1
[  74] best_single    score= 0.6221 origin=agent    iters=4 stop=no new information in 3 consecutive turns
         TEST  smape=0.1235  rmse=7302.4323  pocid=36.36  mape=0.1336  | FLOOR smape=0.1027
         laya iter 1 -> best_ONLY_CWT_rf conf=0.3821 rank=1
         laya iter 2 -> best_ONLY_CWT_rf conf=0.4621 rank=1
         laya iter 3 -> best_ONLY_CWT_rf conf=0.4621 rank=1
         laya iter 4 -> best_ONLY_CWT_rf conf=0.4621 rank=1
[  75] best_single    score= 0.6298 origin=agent    iters=5 stop=no new information in 3 consecutive turns
         TEST  smape=0.0845  rmse=1195.8626  pocid=81.82  mape=0.0823  | FLOOR smape=0.0775
         laya iter 1 -> mean_pool1 conf=0.2649 rank=7
         laya iter 2 -> best_DWT_rf conf=0.2663 rank=1
         laya iter 3 -> best_DWT_rf conf=0.2663 rank=1
         laya iter 4 -> best_DWT_rf conf=0.2663 rank=1
         laya iter 5 -> best_DWT_rf conf=0.2663 rank=1
[  76] best_single    score= 0.4201 origin=agent    iters=4 stop=no new information in 3 consecutive turns
         TEST  smape=0.0460  rmse=10774.4965  pocid=63.64  mape=0.0451  | FLOOR smape=0.0412
         laya iter 1 -> best_ETS conf=0.5597 rank=1
         laya iter 2 -> best_ETS conf=0.7265 rank=1
         laya iter 3 -> best_ETS conf=0.7265 rank=1
         laya iter 4 -> best_ETS conf=0.7265 rank=1
[  77] median         score= 0.5925 origin=baseline iters=5 stop=no new information in 3 consecutive turns
         TEST  smape=1.1166  rmse=879.5491  pocid=81.82  mape=6.3226  | FLOOR smape=1.1166
         laya iter 1 -> mean_pool1 conf=0.4514 rank=7
         laya iter 2 -> mean_pool4 conf=0.3206 rank=7
         laya iter 3 -> mean_pool4 conf=0.3206 rank=7
         laya iter 4 -> mean_pool4 conf=0.3206 rank=7
         laya iter 5 -> mean_pool4 conf=0.3206 rank=7
[  78] median         score= 0.6721 origin=baseline iters=5 stop=no new information in 3 consecutive turns
         TEST  smape=0.3944  rmse=25.4188  pocid=63.64  mape=0.6090  | FLOOR smape=0.3944
         laya iter 1 -> mean_pool1 conf=0.3528 rank=8
         laya iter 2 -> mean_pool4 conf=0.2637 rank=10
         laya iter 3 -> mean_pool4 conf=0.2637 rank=10
         laya iter 4 -> mean_pool4 conf=0.2637 rank=10
         laya iter 5 -> mean_pool4 conf=0.2637 rank=10
[  79] best_single    score= 0.5894 origin=agent    iters=4 stop=no new information in 3 consecutive turns
         TEST  smape=0.0660  rmse=19801.2922  pocid=72.73  mape=0.0684  | FLOOR smape=0.0659
         laya iter 1 -> best_FT_rf conf=0.2926 rank=1
         laya iter 2 -> best_FT_rf conf=0.3065 rank=1
         laya iter 3 -> best_FT_rf conf=0.3065 rank=1
         laya iter 4 -> best_FT_rf conf=0.3065 rank=1
[  80] best_single    score= 0.5454 origin=agent    iters=4 stop=no new information in 3 consecutive turns
         TEST  smape=0.4100  rmse=31449.0516  pocid=72.73  mape=0.3380  | FLOOR smape=0.2088
         laya iter 1 -> best_ONLY_FT_rf conf=0.344 rank=1
         laya iter 2 -> best_ONLY_FT_rf conf=0.3531 rank=1
         laya iter 3 -> best_ONLY_FT_rf conf=0.3531 rank=1
         laya iter 4 -> best_ONLY_FT_rf conf=0.3531 rank=1
[  81] best_single    score= 0.6121 origin=agent    iters=5 stop=no new information in 3 consecutive turns
         TEST  smape=0.2496  rmse=1207.8589  pocid=54.55  mape=0.2888  | FLOOR smape=0.2884
         laya iter 1 -> mean_pool1 conf=0.3049 rank=2
         laya iter 2 -> best_ETS conf=0.3052 rank=1
         laya iter 3 -> best_ETS conf=0.3052 rank=1
         laya iter 4 -> best_ETS conf=0.3052 rank=1
         laya iter 5 -> best_ETS conf=0.3052 rank=1
[  82] best_single    score= 0.6250 origin=agent    iters=4 stop=no new information in 3 consecutive turns
         TEST  smape=0.5854  rmse=26.4483  pocid=27.27  mape=0.8273  | FLOOR smape=0.4143
         laya iter 1 -> best_ONLY_FT_catboost conf=0.5108 rank=1
         laya iter 2 -> best_ONLY_FT_catboost conf=0.6482 rank=1
         laya iter 3 -> best_ONLY_FT_catboost conf=0.6482 rank=1
         laya iter 4 -> best_ONLY_FT_catboost conf=0.6482 rank=1
[  83] dba            score= 0.6201 origin=baseline iters=5 stop=no new information in 3 consecutive turns
         TEST  smape=0.0401  rmse=3073.0864  pocid=72.73  mape=0.0412  | FLOOR smape=0.0401
         laya iter 1 -> mean_pool1 conf=0.3559 rank=9
         laya iter 2 -> mean_pool4 conf=0.2679 rank=9
         laya iter 3 -> mean_pool4 conf=0.2679 rank=9
         laya iter 4 -> mean_pool4 conf=0.2679 rank=9
         laya iter 5 -> mean_pool4 conf=0.2679 rank=9
[  84] mean           score= 0.6362 origin=agent    iters=5 stop=no new information in 3 consecutive turns
         TEST  smape=0.0357  rmse=1542.7142  pocid=63.64  mape=0.0363  | FLOOR smape=0.0389
         laya iter 1 -> mean_pool1 conf=0.3311 rank=7
         laya iter 2 -> mean_pool4 conf=0.2919 rank=1
         laya iter 3 -> mean_pool4 conf=0.2919 rank=1
         laya iter 4 -> mean_pool4 conf=0.2919 rank=1
         laya iter 5 -> mean_pool4 conf=0.2919 rank=1
[  85] best_single    score= 0.6500 origin=agent    iters=4 stop=no new information in 3 consecutive turns
         TEST  smape=1.3326  rmse=43.4709  pocid=36.36  mape=59117553604144680.0000  | FLOOR smape=1.3540
         laya iter 1 -> best_rf conf=0.3804 rank=1
         laya iter 2 -> best_rf conf=0.4604 rank=1
         laya iter 3 -> best_rf conf=0.4604 rank=1
         laya iter 4 -> best_rf conf=0.4604 rank=1
[  86] best_single    score= 0.5860 origin=agent    iters=4 stop=no new information in 3 consecutive turns
         TEST  smape=0.7330  rmse=2472.4733  pocid=45.45  mape=0.5482  | FLOOR smape=0.6998
         laya iter 1 -> best_FT_rf conf=0.4411 rank=1
         laya iter 2 -> best_FT_rf conf=0.5694 rank=1
         laya iter 3 -> best_FT_rf conf=0.5694 rank=1
         laya iter 4 -> best_FT_rf conf=0.5694 rank=1
[  87] mean           score= 0.6545 origin=baseline iters=5 stop=no new information in 3 consecutive turns
         TEST  smape=0.0439  rmse=7446.9473  pocid=90.91  mape=0.0442  | FLOOR smape=0.0439
         laya iter 1 -> mean_pool1 conf=0.2606 rank=8
         laya iter 2 -> mean_pool4 conf=0.2411 rank=10
         laya iter 3 -> mean_pool4 conf=0.2411 rank=10
         laya iter 4 -> mean_pool4 conf=0.2411 rank=10
         laya iter 5 -> mean_pool4 conf=0.2411 rank=10
[  88] best_single    score= 0.6192 origin=agent    iters=4 stop=no new information in 3 consecutive turns
         TEST  smape=0.2381  rmse=4342.6391  pocid=54.55  mape=0.2095  | FLOOR smape=0.2286
         laya iter 1 -> best_ONLY_FT_rf conf=0.3632 rank=1
         laya iter 2 -> best_ONLY_FT_rf conf=0.3823 rank=1
         laya iter 3 -> best_ONLY_FT_rf conf=0.3823 rank=1
         laya iter 4 -> best_ONLY_FT_rf conf=0.3823 rank=1
[  89] best_single    score= 0.6024 origin=agent    iters=4 stop=no new information in 3 consecutive turns
         TEST  smape=0.3604  rmse=4399.5600  pocid=27.27  mape=0.5619  | FLOOR smape=0.3305
         laya iter 1 -> best_ONLY_FT_catboost conf=0.9493 rank=1
         laya iter 2 -> best_ONLY_FT_catboost conf=0.9768 rank=1
         laya iter 3 -> best_ONLY_FT_catboost conf=0.9768 rank=1
         laya iter 4 -> best_ONLY_FT_catboost conf=0.9768 rank=1
[  90] best_single    score= 0.6022 origin=agent    iters=4 stop=no new information in 3 consecutive turns
         TEST  smape=0.9613  rmse=840.7238  pocid=81.82  mape=0.6178  | FLOOR smape=0.9555
         laya iter 1 -> best_FT_rf conf=0.3028 rank=1
         laya iter 2 -> best_FT_rf conf=0.3625 rank=1
         laya iter 3 -> best_FT_rf conf=0.3625 rank=1
         laya iter 4 -> best_FT_rf conf=0.3625 rank=1
[  91] dba            score= 0.6106 origin=baseline iters=5 stop=no new information in 3 consecutive turns
         TEST  smape=0.0423  rmse=848.1501  pocid=63.64  mape=0.0436  | FLOOR smape=0.0423
         laya iter 1 -> mean_pool1 conf=0.2803 rank=7
         laya iter 2 -> mean_pool4 conf=0.2297 rank=10
         laya iter 3 -> mean_pool4 conf=0.2297 rank=10
         laya iter 4 -> mean_pool4 conf=0.2297 rank=10
         laya iter 5 -> mean_pool4 conf=0.2297 rank=10
[  92] best_single    score= 0.5712 origin=agent    iters=5 stop=no new information in 3 consecutive turns
         TEST  smape=0.6309  rmse=18.6780  pocid=36.36  mape=10791682538931182.0000  | FLOOR smape=0.6326
         laya iter 1 -> mean_pool1 conf=0.2784 rank=2
         laya iter 2 -> best_FT_rf conf=0.2956 rank=1
         laya iter 3 -> best_FT_rf conf=0.2956 rank=1
         laya iter 4 -> best_FT_rf conf=0.2956 rank=1
         laya iter 5 -> best_FT_rf conf=0.2956 rank=1
[  93] mean           score= 0.7394 origin=baseline iters=5 stop=no new information in 3 consecutive turns
         TEST  smape=0.5194  rmse=45.8077  pocid=36.36  mape=0.3861  | FLOOR smape=0.5194
         laya iter 1 -> mean_pool1 conf=0.3003 rank=8
         laya iter 2 -> best_rf conf=0.2537 rank=10
         laya iter 3 -> best_rf conf=0.2537 rank=10
         laya iter 4 -> best_rf conf=0.2537 rank=10
         laya iter 5 -> best_rf conf=0.2537 rank=10
[  94] mean           score= 0.6606 origin=baseline iters=5 stop=no new information in 3 consecutive turns
         TEST  smape=0.0383  rmse=4309.6067  pocid=81.82  mape=0.0386  | FLOOR smape=0.0383
         laya iter 1 -> mean_pool1 conf=0.3938 rank=9
         laya iter 2 -> mean_pool4 conf=0.3047 rank=10
         laya iter 3 -> mean_pool4 conf=0.3047 rank=10
         laya iter 4 -> mean_pool4 conf=0.3047 rank=10
         laya iter 5 -> mean_pool4 conf=0.3047 rank=10
[  95] mean           score= 0.6295 origin=baseline iters=5 stop=no new information in 3 consecutive turns
         TEST  smape=0.0354  rmse=1670.1153  pocid=81.82  mape=0.0360  | FLOOR smape=0.0354
         laya iter 1 -> mean_pool1 conf=0.2843 rank=4
         laya iter 2 -> mean_pool4 conf=0.2518 rank=10
         laya iter 3 -> mean_pool4 conf=0.2518 rank=10
         laya iter 4 -> mean_pool4 conf=0.2518 rank=10
         laya iter 5 -> mean_pool4 conf=0.2518 rank=10
[  96] mean           score= 0.4267 origin=agent    iters=5 stop=no new information in 3 consecutive turns
         TEST  smape=0.0409  rmse=2476.5310  pocid=63.64  mape=0.0417  | FLOOR smape=0.0448
         laya iter 1 -> mean_pool1 conf=0.3436 rank=2
         laya iter 2 -> mean_pool4 conf=0.2882 rank=1
         laya iter 3 -> mean_pool4 conf=0.2882 rank=1
         laya iter 4 -> mean_pool4 conf=0.2882 rank=1
         laya iter 5 -> mean_pool4 conf=0.2882 rank=1
[  97] mean           score= 0.6476 origin=baseline iters=5 stop=no new information in 3 consecutive turns
         TEST  smape=0.0405  rmse=733.8901  pocid=72.73  mape=0.0423  | FLOOR smape=0.0405
         laya iter 1 -> mean_pool1 conf=0.2882 rank=6
         laya iter 2 -> mean_pool4 conf=0.2339 rank=8
         laya iter 3 -> mean_pool4 conf=0.2339 rank=8
         laya iter 4 -> mean_pool4 conf=0.2339 rank=8
         laya iter 5 -> mean_pool4 conf=0.2339 rank=8
[  98] best_single    score= 0.6543 origin=agent    iters=5 stop=no new information in 3 consecutive turns
         TEST  smape=0.3492  rmse=23.3770  pocid=36.36  mape=0.3856  | FLOOR smape=0.2995
         laya iter 1 -> mean_pool_full conf=0.2736 rank=7
         laya iter 2 -> best_DWT_catboost conf=0.2722 rank=1
         laya iter 3 -> best_DWT_catboost conf=0.2722 rank=1
         laya iter 4 -> best_DWT_catboost conf=0.2722 rank=1
         laya iter 5 -> best_DWT_catboost conf=0.2722 rank=1
[  99] dba            score= 0.6373 origin=baseline iters=4 stop=no new information in 3 consecutive turns
         TEST  smape=0.0572  rmse=23571.2345  pocid=63.64  mape=0.0586  | FLOOR smape=0.0572
         laya iter 1 -> best_ONLY_FT_rf conf=0.383 rank=4
         laya iter 2 -> best_ONLY_FT_rf conf=0.4085 rank=4
         laya iter 3 -> best_ONLY_FT_rf conf=0.4085 rank=4
         laya iter 4 -> best_ONLY_FT_rf conf=0.4085 rank=4
[ 100] best_single    score= 0.6453 origin=agent    iters=5 stop=no new information in 3 consecutive turns
         TEST  smape=0.1429  rmse=2013.2417  pocid=45.45  mape=0.1460  | FLOOR smape=0.1284
         laya iter 1 -> mean_pool1 conf=0.3785 rank=1
         laya iter 2 -> best_FT_catboost conf=0.4078 rank=1
         laya iter 3 -> best_FT_catboost conf=0.4078 rank=1
         laya iter 4 -> best_FT_catboost conf=0.4078 rank=1
         laya iter 5 -> best_FT_catboost conf=0.4078 rank=1
[ 101] trimmed_mean   score= 0.5471 origin=baseline iters=5 stop=no new information in 3 consecutive turns
         TEST  smape=0.4370  rmse=1780.5711  pocid=27.27  mape=0.3534  | FLOOR smape=0.4370
         laya iter 1 -> mean_pool1 conf=0.4062 rank=9
         laya iter 2 -> mean_pool4 conf=0.3134 rank=9
         laya iter 3 -> mean_pool4 conf=0.3134 rank=9
         laya iter 4 -> mean_pool4 conf=0.3134 rank=9
         laya iter 5 -> mean_pool4 conf=0.3134 rank=9
[ 102] best_single    score= 0.6202 origin=agent    iters=4 stop=no new information in 3 consecutive turns
         TEST  smape=0.4452  rmse=10725.8392  pocid=54.55  mape=0.3463  | FLOOR smape=0.4447
         laya iter 1 -> best_FT_rf conf=0.2974 rank=1
         laya iter 2 -> best_FT_rf conf=0.3263 rank=1
         laya iter 3 -> best_FT_rf conf=0.3263 rank=1
         laya iter 4 -> best_FT_rf conf=0.3263 rank=1
[ 103] best_single    score= 0.5378 origin=agent    iters=4 stop=no new information in 3 consecutive turns
         TEST  smape=0.0282  rmse=8410.9579  pocid=72.73  mape=0.0282  | FLOOR smape=0.0321
         laya iter 1 -> best_FT_rf conf=0.3728 rank=1
         laya iter 2 -> best_FT_rf conf=0.4587 rank=1
         laya iter 3 -> best_FT_rf conf=0.4587 rank=1
         laya iter 4 -> best_FT_rf conf=0.4587 rank=1
[ 104] best_single    score= 0.4538 origin=agent    iters=4 stop=no new information in 3 consecutive turns
         TEST  smape=0.6858  rmse=7.6080  pocid=45.45  mape=13850147707356640.0000  | FLOOR smape=0.6929
         laya iter 1 -> best_rf conf=0.7002 rank=1
         laya iter 2 -> best_rf conf=0.8019 rank=1
         laya iter 3 -> best_rf conf=0.8019 rank=1
         laya iter 4 -> best_rf conf=0.8019 rank=1
[ 105] best_single    score= 0.6203 origin=agent    iters=5 stop=no new information in 3 consecutive turns
         TEST  smape=0.0371  rmse=323.5446  pocid=72.73  mape=0.0365  | FLOOR smape=0.0380
         laya iter 1 -> mean_pool1 conf=0.2668 rank=3
         laya iter 2 -> best_ETS conf=0.2653 rank=1
         laya iter 3 -> best_ETS conf=0.2653 rank=1
         laya iter 4 -> best_ETS conf=0.2653 rank=1
         laya iter 5 -> best_ETS conf=0.2653 rank=1
[ 106] mean           score= 0.6230 origin=baseline iters=4 stop=no new information in 3 consecutive turns
         TEST  smape=0.0383  rmse=132.5842  pocid=72.73  mape=0.0373  | FLOOR smape=0.0383
         laya iter 1 -> best_DWT_rf conf=0.3551 rank=7
         laya iter 2 -> best_DWT_rf conf=0.3881 rank=7
         laya iter 3 -> best_DWT_rf conf=0.3881 rank=7
         laya iter 4 -> best_DWT_rf conf=0.3881 rank=7
[ 107] median         score= 0.6080 origin=baseline iters=5 stop=no new information in 3 consecutive turns
         TEST  smape=0.0479  rmse=1263.4323  pocid=63.64  mape=0.0469  | FLOOR smape=0.0479
         laya iter 1 -> mean_pool1 conf=0.315 rank=8
         laya iter 2 -> mean_pool4 conf=0.2503 rank=3
         laya iter 3 -> mean_pool4 conf=0.2503 rank=3
         laya iter 4 -> mean_pool4 conf=0.2503 rank=3
         laya iter 5 -> mean_pool4 conf=0.2503 rank=3
[ 108] best_single    score= 0.5179 origin=agent    iters=4 stop=no new information in 3 consecutive turns
         TEST  smape=0.0325  rmse=1460.3561  pocid=81.82  mape=0.0318  | FLOOR smape=0.0252
         laya iter 1 -> best_ONLY_CWT_catboost conf=0.4086 rank=1
         laya iter 2 -> best_ONLY_CWT_catboost conf=0.3994 rank=1
         laya iter 3 -> best_ONLY_CWT_catboost conf=0.3994 rank=1
         laya iter 4 -> best_ONLY_CWT_catboost conf=0.3994 rank=1
[ 109] best_single    score= 0.5175 origin=agent    iters=5 stop=no new information in 3 consecutive turns
         TEST  smape=0.0343  rmse=3217.6990  pocid=72.73  mape=0.0351  | FLOOR smape=0.0301
         laya iter 1 -> mean_pool1 conf=0.3238 rank=2
         laya iter 2 -> best_ARIMA conf=0.3352 rank=1
         laya iter 3 -> best_ARIMA conf=0.3352 rank=1
         laya iter 4 -> best_ARIMA conf=0.3352 rank=1
         laya iter 5 -> best_ARIMA conf=0.3352 rank=1
[ 110] median         score= 0.6703 origin=baseline iters=5 stop=no new information in 3 consecutive turns
         TEST  smape=0.0561  rmse=13845.2719  pocid=54.55  mape=0.0542  | FLOOR smape=0.0561
         laya iter 1 -> mean_pool1 conf=0.3885 rank=9
         laya iter 2 -> mean_pool4 conf=0.2939 rank=10
         laya iter 3 -> mean_pool4 conf=0.2939 rank=10
         laya iter 4 -> mean_pool4 conf=0.2939 rank=10
         laya iter 5 -> mean_pool4 conf=0.2939 rank=10
[ 111] best_single    score= 0.6642 origin=agent    iters=4 stop=no new information in 3 consecutive turns
         TEST  smape=0.2433  rmse=32.8290  pocid=45.45  mape=0.2805  | FLOOR smape=0.2334
         laya iter 1 -> best_ONLY_FT_rf conf=0.8036 rank=1
         laya iter 2 -> best_ONLY_FT_rf conf=0.832 rank=1
         laya iter 3 -> best_ONLY_FT_rf conf=0.832 rank=1
         laya iter 4 -> best_ONLY_FT_rf conf=0.832 rank=1
[ 112] median         score= 0.6222 origin=baseline iters=4 stop=no new information in 3 consecutive turns
         TEST  smape=0.0412  rmse=55656.8059  pocid=90.91  mape=0.0415  | FLOOR smape=0.0412
         laya iter 1 -> best_rf conf=0.3669 rank=3
         laya iter 2 -> best_rf conf=0.4481 rank=3
         laya iter 3 -> best_rf conf=0.4481 rank=3
         laya iter 4 -> best_rf conf=0.4481 rank=3
[ 113] best_single    score= 0.6218 origin=agent    iters=4 stop=no new information in 3 consecutive turns
         TEST  smape=0.1826  rmse=50.7514  pocid=63.64  mape=0.2009  | FLOOR smape=0.1842
         laya iter 1 -> best_ONLY_DWT_rf conf=0.302 rank=1
         laya iter 2 -> best_ONLY_DWT_rf conf=0.2815 rank=1
         laya iter 3 -> best_ONLY_DWT_rf conf=0.2815 rank=1
         laya iter 4 -> best_ONLY_DWT_rf conf=0.2815 rank=1
[ 114] best_single    score= 0.6042 origin=agent    iters=5 stop=no new information in 3 consecutive turns
         TEST  smape=0.0602  rmse=1525.0011  pocid=27.27  mape=0.0586  | FLOOR smape=0.0493
         laya iter 1 -> mean_pool1 conf=0.2792 rank=8
         laya iter 2 -> best_CWT_rf conf=0.2987 rank=1
         laya iter 3 -> best_CWT_rf conf=0.2987 rank=1
         laya iter 4 -> best_CWT_rf conf=0.2987 rank=1
         laya iter 5 -> best_CWT_rf conf=0.2987 rank=1
[ 115] mean           score= 0.6286 origin=baseline iters=5 stop=no new information in 3 consecutive turns
         TEST  smape=0.5585  rmse=21.5391  pocid=45.45  mape=15702490422335918.0000  | FLOOR smape=0.5585
         laya iter 1 -> mean_pool1 conf=0.292 rank=1
         laya iter 2 -> best_ONLY_FT_rf conf=0.2901 rank=3
         laya iter 3 -> best_ONLY_FT_rf conf=0.2901 rank=3
         laya iter 4 -> best_ONLY_FT_rf conf=0.2901 rank=3
         laya iter 5 -> best_ONLY_FT_rf conf=0.2901 rank=3
[ 116] mean           score= 0.5424 origin=agent    iters=5 stop=no new information in 3 consecutive turns
         TEST  smape=0.0571  rmse=22676.6040  pocid=72.73  mape=0.0568  | FLOOR smape=0.0569
         laya iter 1 -> mean_pool1 conf=0.3055 rank=2
         laya iter 2 -> mean_pool4 conf=0.2212 rank=1
         laya iter 3 -> mean_pool4 conf=0.2212 rank=1
         laya iter 4 -> mean_pool4 conf=0.2212 rank=1
         laya iter 5 -> mean_pool4 conf=0.2212 rank=1
[ 117] mean           score= 0.4503 origin=agent    iters=5 stop=no new information in 3 consecutive turns
         TEST  smape=0.0347  rmse=553.8859  pocid=81.82  mape=0.0347  | FLOOR smape=0.0371
         laya iter 1 -> mean_pool1 conf=0.3055 rank=3
         laya iter 2 -> mean_pool4 conf=0.2407 rank=1
         laya iter 3 -> mean_pool4 conf=0.2407 rank=1
         laya iter 4 -> mean_pool4 conf=0.2407 rank=1
         laya iter 5 -> mean_pool4 conf=0.2407 rank=1
[ 118] mean           score= 0.6667 origin=baseline iters=5 stop=no new information in 3 consecutive turns
         TEST  smape=0.0440  rmse=13612.0071  pocid=63.64  mape=0.0428  | FLOOR smape=0.0440
         laya iter 1 -> mean_pool1 conf=0.2922 rank=6
         laya iter 2 -> best_FT_catboost conf=0.3233 rank=3
         laya iter 3 -> best_FT_catboost conf=0.3233 rank=3
         laya iter 4 -> best_FT_catboost conf=0.3233 rank=3
         laya iter 5 -> best_FT_catboost conf=0.3233 rank=3
[ 119] best_single    score= 0.5989 origin=agent    iters=4 stop=no new information in 3 consecutive turns
         TEST  smape=0.2956  rmse=4664.0933  pocid=63.64  mape=0.2374  | FLOOR smape=0.4791
         laya iter 1 -> best_DWT_rf conf=0.3421 rank=1
         laya iter 2 -> best_DWT_rf conf=0.4355 rank=1
         laya iter 3 -> best_DWT_rf conf=0.4355 rank=1
         laya iter 4 -> best_DWT_rf conf=0.4355 rank=1
[ 120] best_single    score= 0.5040 origin=agent    iters=5 stop=no new information in 3 consecutive turns
         TEST  smape=0.0345  rmse=11315.9775  pocid=72.73  mape=0.0350  | FLOOR smape=0.0351
         laya iter 1 -> mean_pool1 conf=0.3269 rank=8
         laya iter 2 -> best_ARIMA conf=0.3642 rank=1
         laya iter 3 -> best_ARIMA conf=0.3642 rank=1
         laya iter 4 -> best_ARIMA conf=0.3642 rank=1
         laya iter 5 -> best_ARIMA conf=0.3642 rank=1
[ 121] mean           score= 0.5881 origin=baseline iters=5 stop=no new information in 3 consecutive turns
         TEST  smape=0.0688  rmse=2714.2835  pocid=54.55  mape=0.0660  | FLOOR smape=0.0688
         laya iter 1 -> mean_pool1 conf=0.3446 rank=1
         laya iter 2 -> mean_pool4 conf=0.265 rank=10
         laya iter 3 -> mean_pool4 conf=0.265 rank=10
         laya iter 4 -> mean_pool4 conf=0.265 rank=10
         laya iter 5 -> mean_pool4 conf=0.265 rank=10
[ 122] trimmed_mean   score= 0.6140 origin=baseline iters=4 stop=no new information in 3 consecutive turns
         TEST  smape=0.0575  rmse=8654.2656  pocid=63.64  mape=0.0550  | FLOOR smape=0.0575
         laya iter 1 -> best_NaiveSeasonal conf=0.4928 rank=9
         laya iter 2 -> best_NaiveSeasonal conf=0.6266 rank=9
         laya iter 3 -> best_NaiveSeasonal conf=0.6266 rank=9
         laya iter 4 -> best_NaiveSeasonal conf=0.6266 rank=9
[ 123] dba            score= 0.6112 origin=baseline iters=5 stop=no new information in 3 consecutive turns
         TEST  smape=0.0373  rmse=546.9746  pocid=90.91  mape=0.0376  | FLOOR smape=0.0373
         laya iter 1 -> mean_pool1 conf=0.3629 rank=6
         laya iter 2 -> mean_pool4 conf=0.3128 rank=10
         laya iter 3 -> mean_pool4 conf=0.3128 rank=10
         laya iter 4 -> mean_pool4 conf=0.3128 rank=10
         laya iter 5 -> mean_pool4 conf=0.3128 rank=10
[ 124] mean           score= 0.6209 origin=agent    iters=5 stop=no new information in 3 consecutive turns
         TEST  smape=0.2498  rmse=11.6587  pocid=45.45  mape=0.2776  | FLOOR smape=0.2624
         laya iter 1 -> mean_pool1 conf=0.3535 rank=2
         laya iter 2 -> mean_pool4 conf=0.2683 rank=1
         laya iter 3 -> mean_pool4 conf=0.2683 rank=1
         laya iter 4 -> mean_pool4 conf=0.2683 rank=1
         laya iter 5 -> mean_pool4 conf=0.2683 rank=1
[ 125] mean           score= 0.7030 origin=baseline iters=5 stop=no new information in 3 consecutive turns
         TEST  smape=0.2661  rmse=21.4886  pocid=63.64  mape=0.5655  | FLOOR smape=0.2661
         laya iter 1 -> mean_pool1 conf=0.2957 rank=8
         laya iter 2 -> best_ONLY_FT_rf conf=0.2744 rank=3
         laya iter 3 -> best_ONLY_FT_rf conf=0.2744 rank=3
         laya iter 4 -> best_ONLY_FT_rf conf=0.2744 rank=3
         laya iter 5 -> best_ONLY_FT_rf conf=0.2744 rank=3
[ 126] best_single    score= 0.6821 origin=agent    iters=4 stop=no new information in 3 consecutive turns
         TEST  smape=0.6607  rmse=7.4004  pocid=63.64  mape=3.8161  | FLOOR smape=0.6310
         laya iter 1 -> best_FT_rf conf=0.3739 rank=1
         laya iter 2 -> best_FT_rf conf=0.4811 rank=1
         laya iter 3 -> best_FT_rf conf=0.4811 rank=1
         laya iter 4 -> best_FT_rf conf=0.4811 rank=1
[ 127] best_single    score= 0.5122 origin=agent    iters=4 stop=no new information in 3 consecutive turns
         TEST  smape=0.0395  rmse=14081.7726  pocid=81.82  mape=0.0399  | FLOOR smape=0.0395
         laya iter 1 -> best_DWT_catboost conf=0.3222 rank=1
         laya iter 2 -> best_DWT_catboost conf=0.3519 rank=1
         laya iter 3 -> best_DWT_catboost conf=0.3519 rank=1
         laya iter 4 -> best_DWT_catboost conf=0.3519 rank=1
[ 128] mean           score= 0.5732 origin=agent    iters=5 stop=no new information in 3 consecutive turns
         TEST  smape=0.0324  rmse=299.6559  pocid=81.82  mape=0.0324  | FLOOR smape=0.0360
         laya iter 1 -> mean_pool1 conf=0.2856 rank=2
         laya iter 2 -> mean_pool4 conf=0.2484 rank=1
         laya iter 3 -> mean_pool4 conf=0.2484 rank=1
         laya iter 4 -> mean_pool4 conf=0.2484 rank=1
         laya iter 5 -> mean_pool4 conf=0.2484 rank=1
[ 129] mean           score= 0.4777 origin=baseline iters=4 stop=no new information in 3 consecutive turns
         TEST  smape=0.0366  rmse=3704.4067  pocid=72.73  mape=0.0366  | FLOOR smape=0.0366
         laya iter 1 -> best_rf conf=0.4026 rank=4
         laya iter 2 -> best_rf conf=0.4899 rank=4
         laya iter 3 -> best_rf conf=0.4899 rank=4
         laya iter 4 -> best_rf conf=0.4899 rank=4
[ 130] mean           score= 0.5634 origin=agent    iters=5 stop=no new information in 3 consecutive turns
         TEST  smape=0.0519  rmse=2228.0653  pocid=90.91  mape=0.0507  | FLOOR smape=0.0515
         laya iter 1 -> mean_pool1 conf=0.3616 rank=1
         laya iter 2 -> mean_pool4 conf=0.2708 rank=1
         laya iter 3 -> mean_pool4 conf=0.2708 rank=1
         laya iter 4 -> mean_pool4 conf=0.2708 rank=1
         laya iter 5 -> mean_pool4 conf=0.2708 rank=1
[ 131] best_single    score= 0.5513 origin=agent    iters=4 stop=no new information in 3 consecutive turns
         TEST  smape=0.0772  rmse=3723.4972  pocid=72.73  mape=0.0738  | FLOOR smape=0.0832
         laya iter 1 -> best_FT_rf conf=0.4705 rank=1
         laya iter 2 -> best_FT_rf conf=0.5975 rank=1
         laya iter 3 -> best_FT_rf conf=0.5975 rank=1
         laya iter 4 -> best_FT_rf conf=0.5975 rank=1
[ 132] mean           score= 0.6928 origin=agent    iters=5 stop=no new information in 3 consecutive turns
         TEST  smape=0.2478  rmse=11.6106  pocid=81.82  mape=0.2656  | FLOOR smape=0.2510
         laya iter 1 -> mean_pool1 conf=0.3383 rank=5
         laya iter 2 -> mean_pool4 conf=0.2833 rank=1
         laya iter 3 -> mean_pool4 conf=0.2833 rank=1
         laya iter 4 -> mean_pool4 conf=0.2833 rank=1
         laya iter 5 -> mean_pool4 conf=0.2833 rank=1
[ 133] mean           score= 0.6605 origin=agent    iters=5 stop=no new information in 3 consecutive turns
         TEST  smape=0.1733  rmse=52.4114  pocid=36.36  mape=0.1873  | FLOOR smape=0.1799
         laya iter 1 -> mean_pool1 conf=0.2825 rank=7
         laya iter 2 -> mean_pool4 conf=0.266 rank=1
         laya iter 3 -> mean_pool4 conf=0.266 rank=1
         laya iter 4 -> mean_pool4 conf=0.266 rank=1
         laya iter 5 -> mean_pool4 conf=0.266 rank=1
[ 134] best_single    score= 0.6199 origin=agent    iters=4 stop=no new information in 3 consecutive turns
         TEST  smape=0.0654  rmse=4271.2548  pocid=72.73  mape=0.0643  | FLOOR smape=0.0679
         laya iter 1 -> best_ONLY_DWT_catboost conf=0.6285 rank=1
         laya iter 2 -> best_ONLY_DWT_catboost conf=0.7 rank=1
         laya iter 3 -> best_ONLY_DWT_catboost conf=0.7 rank=1
         laya iter 4 -> best_ONLY_DWT_catboost conf=0.7 rank=1
[ 135] mean           score= 0.6012 origin=agent    iters=5 stop=no new information in 3 consecutive turns
         TEST  smape=0.4551  rmse=13.3715  pocid=36.36  mape=0.7409  | FLOOR smape=0.4553
         laya iter 1 -> mean_pool1 conf=0.395 rank=1
         laya iter 2 -> mean_pool4 conf=0.3004 rank=1
         laya iter 3 -> mean_pool4 conf=0.3004 rank=1
         laya iter 4 -> mean_pool4 conf=0.3004 rank=1
         laya iter 5 -> mean_pool4 conf=0.3004 rank=1
[ 136] median         score= 0.6281 origin=baseline iters=4 stop=no new information in 3 consecutive turns
         TEST  smape=0.0479  rmse=1634.8155  pocid=72.73  mape=0.0463  | FLOOR smape=0.0479
         laya iter 1 -> best_FT_catboost conf=0.4261 rank=5
         laya iter 2 -> best_FT_catboost conf=0.5198 rank=5
         laya iter 3 -> best_FT_catboost conf=0.5198 rank=5
         laya iter 4 -> best_FT_catboost conf=0.5198 rank=5
[ 137] mean           score= 0.6727 origin=baseline iters=5 stop=no new information in 3 consecutive turns
         TEST  smape=0.0661  rmse=7274.0709  pocid=72.73  mape=0.0632  | FLOOR smape=0.0661
         laya iter 1 -> mean_pool1 conf=0.3771 rank=8
         laya iter 2 -> mean_pool4 conf=0.2778 rank=7
         laya iter 3 -> mean_pool4 conf=0.2778 rank=7
         laya iter 4 -> mean_pool4 conf=0.2778 rank=7
         laya iter 5 -> mean_pool4 conf=0.2778 rank=7
[ 138] best_single    score= 0.6088 origin=agent    iters=4 stop=no new information in 3 consecutive turns
         TEST  smape=0.4064  rmse=913.3203  pocid=72.73  mape=0.3337  | FLOOR smape=0.5755
         laya iter 1 -> best_CWT_rf conf=0.4324 rank=1
         laya iter 2 -> best_CWT_rf conf=0.5113 rank=1
         laya iter 3 -> best_CWT_rf conf=0.5113 rank=1
         laya iter 4 -> best_CWT_rf conf=0.5113 rank=1
[ 139] mean           score= 0.5701 origin=baseline iters=4 stop=no new information in 3 consecutive turns
         TEST  smape=0.0340  rmse=98.8840  pocid=72.73  mape=0.0336  | FLOOR smape=0.0340
         laya iter 1 -> best_ONLY_DWT_rf conf=0.6313 rank=2
         laya iter 2 -> best_ONLY_DWT_rf conf=0.5698 rank=2
         laya iter 3 -> best_ONLY_DWT_rf conf=0.5698 rank=2
         laya iter 4 -> best_ONLY_DWT_rf conf=0.5698 rank=2
[ 140] median         score= 0.5430 origin=baseline iters=5 stop=no new information in 3 consecutive turns
         TEST  smape=0.0461  rmse=3673.7033  pocid=72.73  mape=0.0466  | FLOOR smape=0.0461
         laya iter 1 -> mean_pool1 conf=0.3416 rank=7
         laya iter 2 -> mean_pool4 conf=0.2853 rank=8
         laya iter 3 -> mean_pool4 conf=0.2853 rank=8
         laya iter 4 -> mean_pool4 conf=0.2853 rank=8
         laya iter 5 -> mean_pool4 conf=0.2853 rank=8
[ 141] mean           score= 0.6247 origin=agent    iters=5 stop=no new information in 3 consecutive turns
         TEST  smape=0.3267  rmse=15.2199  pocid=72.73  mape=0.2704  | FLOOR smape=0.3280
         laya iter 1 -> mean_pool1 conf=0.3351 rank=2
         laya iter 2 -> mean_pool4 conf=0.2878 rank=1
         laya iter 3 -> mean_pool4 conf=0.2878 rank=1
         laya iter 4 -> mean_pool4 conf=0.2878 rank=1
         laya iter 5 -> mean_pool4 conf=0.2878 rank=1
[ 142] trimmed_mean   score= 0.5347 origin=baseline iters=5 stop=no new information in 3 consecutive turns
         TEST  smape=0.0688  rmse=3949.6556  pocid=72.73  mape=0.0659  | FLOOR smape=0.0688
         laya iter 1 -> mean_pool1 conf=0.3421 rank=2
         laya iter 2 -> mean_pool4 conf=0.2594 rank=10
         laya iter 3 -> mean_pool4 conf=0.2594 rank=10
         laya iter 4 -> mean_pool4 conf=0.2594 rank=10
         laya iter 5 -> mean_pool4 conf=0.2594 rank=10
[ 143] median         score= 0.6735 origin=baseline iters=4 stop=no new information in 3 consecutive turns
         TEST  smape=0.6512  rmse=5112.7161  pocid=45.45  mape=0.4876  | FLOOR smape=0.6512
         laya iter 1 -> best_ONLY_DWT_catboost conf=0.3181 rank=2
         laya iter 2 -> best_ONLY_DWT_catboost conf=0.3469 rank=2
         laya iter 3 -> best_ONLY_DWT_catboost conf=0.3469 rank=2
         laya iter 4 -> best_ONLY_DWT_catboost conf=0.3469 rank=2
[ 144] mean           score= 0.4742 origin=agent    iters=5 stop=no new information in 3 consecutive turns
         TEST  smape=0.0573  rmse=6476.1054  pocid=81.82  mape=0.0553  | FLOOR smape=0.0574
         laya iter 1 -> mean_pool1 conf=0.2806 rank=2
         laya iter 2 -> mean_pool4 conf=0.261 rank=1
         laya iter 3 -> mean_pool4 conf=0.261 rank=1
         laya iter 4 -> mean_pool4 conf=0.261 rank=1
         laya iter 5 -> mean_pool4 conf=0.261 rank=1
[ 145] best_single    score= 0.6117 origin=agent    iters=4 stop=no new information in 3 consecutive turns
         TEST  smape=0.1671  rmse=38.9373  pocid=45.45  mape=0.1932  | FLOOR smape=0.1305
         laya iter 1 -> best_ONLY_FT_rf conf=0.6041 rank=1
         laya iter 2 -> best_ONLY_FT_rf conf=0.7028 rank=1
         laya iter 3 -> best_ONLY_FT_rf conf=0.7028 rank=1
         laya iter 4 -> best_ONLY_FT_rf conf=0.7028 rank=1
[ 146] best_single    score= 0.6358 origin=agent    iters=4 stop=no new information in 3 consecutive turns
         TEST  smape=0.0867  rmse=19101.5821  pocid=54.55  mape=0.0906  | FLOOR smape=0.0636
         laya iter 1 -> best_ONLY_DWT_rf conf=0.4626 rank=1
         laya iter 2 -> best_ONLY_DWT_rf conf=0.4625 rank=1
         laya iter 3 -> best_ONLY_DWT_rf conf=0.4625 rank=1
         laya iter 4 -> best_ONLY_DWT_rf conf=0.4625 rank=1
[ 147] best_single    score= 0.5824 origin=agent    iters=4 stop=no new information in 3 consecutive turns
         TEST  smape=0.0718  rmse=2621.2998  pocid=90.91  mape=0.0730  | FLOOR smape=0.0712
         laya iter 1 -> best_FT_rf conf=0.6465 rank=1
         laya iter 2 -> best_FT_rf conf=0.7958 rank=1
         laya iter 3 -> best_FT_rf conf=0.7958 rank=1
         laya iter 4 -> best_FT_rf conf=0.7958 rank=1
[ 148] best_single    score= 0.5407 origin=agent    iters=5 stop=no new information in 3 consecutive turns
         TEST  smape=0.0485  rmse=194.0153  pocid=100.00  mape=0.0470  | FLOOR smape=0.0454
         laya iter 1 -> mean_pool1 conf=0.3309 rank=2
         laya iter 2 -> best_ETS conf=0.3358 rank=1
         laya iter 3 -> best_ETS conf=0.3358 rank=1
         laya iter 4 -> best_ETS conf=0.3358 rank=1
         laya iter 5 -> best_ETS conf=0.3358 rank=1
[ 149] dba            score= 0.6525 origin=baseline iters=5 stop=no new information in 3 consecutive turns
         TEST  smape=0.6712  rmse=16730.0623  pocid=54.55  mape=0.4969  | FLOOR smape=0.6712
         laya iter 1 -> mean_pool1 conf=0.2743 rank=8
         laya iter 2 -> mean_pool4 conf=0.2353 rank=10
         laya iter 3 -> mean_pool4 conf=0.2353 rank=10
         laya iter 4 -> mean_pool4 conf=0.2353 rank=10
         laya iter 5 -> mean_pool4 conf=0.2353 rank=10
[ 150] dba            score= 0.6017 origin=baseline iters=5 stop=no new information in 3 consecutive turns
         TEST  smape=0.0311  rmse=780.9135  pocid=63.64  mape=0.0310  | FLOOR smape=0.0311
         laya iter 1 -> mean_pool1 conf=0.3115 rank=8
         laya iter 2 -> mean_pool4 conf=0.272 rank=8
         laya iter 3 -> mean_pool4 conf=0.272 rank=8
         laya iter 4 -> mean_pool4 conf=0.272 rank=8
         laya iter 5 -> mean_pool4 conf=0.272 rank=8
[ 151] trimmed_mean   score= 0.6335 origin=baseline iters=5 stop=no new information in 3 consecutive turns
         TEST  smape=0.0417  rmse=2503.1066  pocid=63.64  mape=0.0409  | FLOOR smape=0.0417
         laya iter 1 -> mean_pool1 conf=0.2899 rank=8
         laya iter 2 -> mean_pool4 conf=0.2659 rank=8
         laya iter 3 -> mean_pool4 conf=0.2659 rank=8
         laya iter 4 -> mean_pool4 conf=0.2659 rank=8
         laya iter 5 -> mean_pool4 conf=0.2659 rank=8
[ 152] best_single    score= 0.5442 origin=agent    iters=5 stop=no new information in 3 consecutive turns
         TEST  smape=0.0453  rmse=800.1632  pocid=81.82  mape=0.0443  | FLOOR smape=0.0434
         laya iter 1 -> mean_pool1 conf=0.3444 rank=2
         laya iter 2 -> best_ETS conf=0.3309 rank=1
         laya iter 3 -> best_ETS conf=0.3309 rank=1
         laya iter 4 -> best_ETS conf=0.3309 rank=1
         laya iter 5 -> best_ETS conf=0.3309 rank=1
[ 153] best_single    score= 0.5568 origin=agent    iters=4 stop=no new information in 3 consecutive turns
         TEST  smape=0.0353  rmse=30707.9330  pocid=72.73  mape=0.0346  | FLOOR smape=0.0341
         laya iter 1 -> best_ONLY_CWT_rf conf=0.991 rank=1
         laya iter 2 -> best_ONLY_CWT_rf conf=0.9918 rank=1
         laya iter 3 -> best_ONLY_CWT_rf conf=0.9918 rank=1
         laya iter 4 -> best_ONLY_CWT_rf conf=0.9918 rank=1
[ 154] best_single    score= 0.6231 origin=agent    iters=5 stop=no new information in 3 consecutive turns
         TEST  smape=0.2004  rmse=5787.6167  pocid=54.55  mape=0.1809  | FLOOR smape=0.2957
         laya iter 1 -> mean_pool1 conf=0.2619 rank=7
         laya iter 2 -> best_FT_rf conf=0.2649 rank=1
         laya iter 3 -> best_FT_rf conf=0.2649 rank=1
         laya iter 4 -> best_FT_rf conf=0.2649 rank=1
         laya iter 5 -> best_FT_rf conf=0.2649 rank=1
[ 155] mean           score= 0.6741 origin=baseline iters=4 stop=no new information in 3 consecutive turns
         TEST  smape=0.1033  rmse=17.7444  pocid=90.91  mape=0.1066  | FLOOR smape=0.1033
         laya iter 1 -> best_ONLY_DWT_rf conf=0.3831 rank=2
         laya iter 2 -> best_ONLY_DWT_rf conf=0.44 rank=2
         laya iter 3 -> best_ONLY_DWT_rf conf=0.44 rank=2
         laya iter 4 -> best_ONLY_DWT_rf conf=0.44 rank=2
[ 156] best_single    score= 0.6539 origin=agent    iters=5 stop=no new information in 3 consecutive turns
         TEST  smape=0.1422  rmse=16.9211  pocid=45.45  mape=0.1346  | FLOOR smape=0.1226
         laya iter 1 -> mean_pool1 conf=0.3373 rank=2
         laya iter 2 -> best_FT_rf conf=0.3253 rank=1
         laya iter 3 -> best_FT_rf conf=0.3253 rank=1
         laya iter 4 -> best_FT_rf conf=0.3253 rank=1
         laya iter 5 -> best_FT_rf conf=0.3253 rank=1
[ 157] best_single    score= 0.4772 origin=agent    iters=4 stop=no new information in 3 consecutive turns
         TEST  smape=0.3425  rmse=1205.8907  pocid=63.64  mape=0.2809  | FLOOR smape=0.3502
         laya iter 1 -> best_FT_catboost conf=0.3286 rank=1
         laya iter 2 -> best_FT_catboost conf=0.3425 rank=1
         laya iter 3 -> best_FT_catboost conf=0.3425 rank=1
         laya iter 4 -> best_FT_catboost conf=0.3425 rank=1
[ 158] mean           score= 0.5245 origin=agent    iters=5 stop=no new information in 3 consecutive turns
         TEST  smape=0.0492  rmse=893.2549  pocid=63.64  mape=0.0478  | FLOOR smape=0.0414
         laya iter 1 -> mean_pool1 conf=0.3418 rank=3
         laya iter 2 -> mean_pool4 conf=0.3035 rank=1
         laya iter 3 -> mean_pool4 conf=0.3035 rank=1
         laya iter 4 -> mean_pool4 conf=0.3035 rank=1
         laya iter 5 -> mean_pool4 conf=0.3035 rank=1
[ 159] trimmed_mean   score= 0.5770 origin=baseline iters=5 stop=no new information in 3 consecutive turns
         TEST  smape=0.0507  rmse=17653.4035  pocid=90.91  mape=0.0499  | FLOOR smape=0.0507
         laya iter 1 -> mean_pool1 conf=0.2784 rank=6
         laya iter 2 -> mean_pool4 conf=0.2549 rank=8
         laya iter 3 -> mean_pool4 conf=0.2549 rank=8
         laya iter 4 -> mean_pool4 conf=0.2549 rank=8
         laya iter 5 -> mean_pool4 conf=0.2549 rank=8
[ 160] dba            score= 0.6697 origin=baseline iters=4 stop=no new information in 3 consecutive turns
         TEST  smape=0.1737  rmse=1187.7709  pocid=72.73  mape=0.1556  | FLOOR smape=0.1737
         laya iter 1 -> best_ETS conf=0.3413 rank=4
         laya iter 2 -> best_ETS conf=0.3725 rank=4
         laya iter 3 -> best_ETS conf=0.3725 rank=4
         laya iter 4 -> best_ETS conf=0.3725 rank=4
[ 161] mean           score= 0.5409 origin=agent    iters=5 stop=no new information in 3 consecutive turns
         TEST  smape=0.0768  rmse=32357.0632  pocid=72.73  mape=0.0744  | FLOOR smape=0.0798
         laya iter 1 -> mean_pool1 conf=0.2639 rank=2
         laya iter 2 -> mean_pool4 conf=0.2206 rank=1
         laya iter 3 -> mean_pool4 conf=0.2206 rank=1
         laya iter 4 -> mean_pool4 conf=0.2206 rank=1
         laya iter 5 -> mean_pool4 conf=0.2206 rank=1
[ 162] dba            score= 0.6645 origin=baseline iters=5 stop=no new information in 3 consecutive turns
         TEST  smape=0.0649  rmse=5910.2261  pocid=72.73  mape=0.0664  | FLOOR smape=0.0649
         laya iter 1 -> mean_pool1 conf=0.3654 rank=5
         laya iter 2 -> mean_pool4 conf=0.3022 rank=10
         laya iter 3 -> mean_pool4 conf=0.3022 rank=10
         laya iter 4 -> mean_pool4 conf=0.3022 rank=10
         laya iter 5 -> mean_pool4 conf=0.3022 rank=10
[ 163] median         score= 0.6237 origin=baseline iters=5 stop=no new information in 3 consecutive turns
         TEST  smape=0.0479  rmse=6365.7596  pocid=63.64  mape=0.0482  | FLOOR smape=0.0479
         laya iter 1 -> mean_pool1 conf=0.2859 rank=9
         laya iter 2 -> mean_pool4 conf=0.2345 rank=9
         laya iter 3 -> mean_pool4 conf=0.2345 rank=9
         laya iter 4 -> mean_pool4 conf=0.2345 rank=9
         laya iter 5 -> mean_pool4 conf=0.2345 rank=9
[ 164] dba            score= 0.6458 origin=baseline iters=5 stop=no new information in 3 consecutive turns
         TEST  smape=0.0406  rmse=2585.7250  pocid=63.64  mape=0.0394  | FLOOR smape=0.0406
         laya iter 1 -> mean_pool1 conf=0.3338 rank=8
         laya iter 2 -> mean_pool4 conf=0.2971 rank=10
         laya iter 3 -> mean_pool4 conf=0.2971 rank=10
         laya iter 4 -> mean_pool4 conf=0.2971 rank=10
         laya iter 5 -> mean_pool4 conf=0.2971 rank=10
[ 165] best_single    score= 0.5788 origin=agent    iters=4 stop=no new information in 3 consecutive turns
         TEST  smape=0.0445  rmse=32571.2481  pocid=63.64  mape=0.0442  | FLOOR smape=0.0492
         laya iter 1 -> best_ONLY_DWT_rf conf=0.3076 rank=1
         laya iter 2 -> best_ONLY_DWT_rf conf=0.3182 rank=1
         laya iter 3 -> best_ONLY_DWT_rf conf=0.3182 rank=1
         laya iter 4 -> best_ONLY_DWT_rf conf=0.3182 rank=1
[ 166] trimmed_mean   score= 0.5948 origin=baseline iters=5 stop=no new information in 3 consecutive turns
         TEST  smape=0.0343  rmse=737.0073  pocid=63.64  mape=0.0336  | FLOOR smape=0.0343
         laya iter 1 -> mean_pool1 conf=0.3498 rank=6
         laya iter 2 -> mean_pool4 conf=0.2868 rank=10
         laya iter 3 -> mean_pool4 conf=0.2868 rank=10
         laya iter 4 -> mean_pool4 conf=0.2868 rank=10
         laya iter 5 -> mean_pool4 conf=0.2868 rank=10
[ 167] mean           score= 0.6970 origin=baseline iters=5 stop=no new information in 3 consecutive turns
         TEST  smape=0.3503  rmse=38.9857  pocid=36.36  mape=0.4237  | FLOOR smape=0.3503
         laya iter 1 -> mean_pool1 conf=0.3098 rank=7
         laya iter 2 -> mean_pool4 conf=0.3044 rank=4
         laya iter 3 -> mean_pool4 conf=0.3044 rank=4
         laya iter 4 -> mean_pool4 conf=0.3044 rank=4
         laya iter 5 -> mean_pool4 conf=0.3044 rank=4
[ 168] best_single    score= 0.5684 origin=agent    iters=5 stop=no new information in 3 consecutive turns
         TEST  smape=0.0503  rmse=13782.7859  pocid=36.36  mape=0.0489  | FLOOR smape=0.0418
         laya iter 1 -> mean_pool1 conf=0.2981 rank=9
         laya iter 2 -> best_ONLY_DWT_catboost conf=0.2757 rank=1
         laya iter 3 -> best_ONLY_DWT_catboost conf=0.2757 rank=1
         laya iter 4 -> best_ONLY_DWT_catboost conf=0.2757 rank=1
         laya iter 5 -> best_ONLY_DWT_catboost conf=0.2757 rank=1
[ 169] trimmed_mean   score= 0.4883 origin=baseline iters=5 stop=no new information in 3 consecutive turns
         TEST  smape=0.0866  rmse=3980.8161  pocid=72.73  mape=0.0803  | FLOOR smape=0.0866
         laya iter 1 -> mean_pool1 conf=0.3777 rank=2
         laya iter 2 -> mean_pool4 conf=0.2877 rank=3
         laya iter 3 -> mean_pool4 conf=0.2877 rank=3
         laya iter 4 -> mean_pool4 conf=0.2877 rank=3
         laya iter 5 -> mean_pool4 conf=0.2877 rank=3
[ 170] best_single    score= 0.4895 origin=agent    iters=5 stop=no new information in 3 consecutive turns
         TEST  smape=0.0557  rmse=2984.4128  pocid=63.64  mape=0.0542  | FLOOR smape=0.0484
         laya iter 1 -> mean_pool1 conf=0.3241 rank=8
         laya iter 2 -> best_ARIMA conf=0.3046 rank=1
         laya iter 3 -> best_ARIMA conf=0.3046 rank=1
         laya iter 4 -> best_ARIMA conf=0.3046 rank=1
         laya iter 5 -> best_ARIMA conf=0.3046 rank=1
[ 171] dba            score= 0.6288 origin=baseline iters=5 stop=no new information in 3 consecutive turns
         TEST  smape=0.0590  rmse=3120.9711  pocid=81.82  mape=0.0566  | FLOOR smape=0.0590
         laya iter 1 -> mean_pool1 conf=0.2564 rank=9
         laya iter 2 -> best_DWT_rf conf=0.2673 rank=2
         laya iter 3 -> best_DWT_rf conf=0.2673 rank=2
         laya iter 4 -> best_DWT_rf conf=0.2673 rank=2
         laya iter 5 -> best_DWT_rf conf=0.2673 rank=2
[ 172] best_single    score= 0.4381 origin=agent    iters=4 stop=no new information in 3 consecutive turns
         TEST  smape=0.1503  rmse=306.7160  pocid=54.55  mape=0.1380  | FLOOR smape=0.1332
         laya iter 1 -> best_ETS conf=0.3609 rank=1
         laya iter 2 -> best_ETS conf=0.3864 rank=1
         laya iter 3 -> best_ETS conf=0.3864 rank=1
         laya iter 4 -> best_ETS conf=0.3864 rank=1
[ 173] best_single    score= 0.5895 origin=agent    iters=4 stop=no new information in 3 consecutive turns
         TEST  smape=0.2272  rmse=277.8467  pocid=63.64  mape=0.2067  | FLOOR smape=0.2018
         laya iter 1 -> best_THETA conf=0.3265 rank=1
         laya iter 2 -> best_THETA conf=0.3864 rank=1
         laya iter 3 -> best_THETA conf=0.3864 rank=1
         laya iter 4 -> best_THETA conf=0.3864 rank=1
[ 174] best_single    score= 0.5950 origin=agent    iters=5 stop=no new information in 3 consecutive turns
         TEST  smape=0.0590  rmse=1178.9465  pocid=54.55  mape=0.0564  | FLOOR smape=0.0549
         laya iter 1 -> mean_pool1 conf=0.2818 rank=7
         laya iter 2 -> best_DWT_catboost conf=0.2882 rank=1
         laya iter 3 -> best_DWT_catboost conf=0.2882 rank=1
         laya iter 4 -> best_DWT_catboost conf=0.2882 rank=1
         laya iter 5 -> best_DWT_catboost conf=0.2882 rank=1
[ 175] mean           score= 0.5917 origin=baseline iters=5 stop=no new information in 3 consecutive turns
         TEST  smape=0.0319  rmse=587.1865  pocid=81.82  mape=0.0320  | FLOOR smape=0.0319
         laya iter 1 -> mean_pool1 conf=0.3121 rank=1
         laya iter 2 -> mean_pool4 conf=0.2367 rank=5
         laya iter 3 -> mean_pool4 conf=0.2367 rank=5
         laya iter 4 -> mean_pool4 conf=0.2367 rank=5
         laya iter 5 -> mean_pool4 conf=0.2367 rank=5
[ 176] median         score= 0.4742 origin=baseline iters=5 stop=no new information in 3 consecutive turns
         TEST  smape=0.1105  rmse=6131.7362  pocid=81.82  mape=0.1040  | FLOOR smape=0.1105
         laya iter 1 -> mean_pool1 conf=0.4098 rank=2
         laya iter 2 -> mean_pool4 conf=0.3385 rank=3
         laya iter 3 -> mean_pool4 conf=0.3385 rank=3
         laya iter 4 -> mean_pool4 conf=0.3385 rank=3
         laya iter 5 -> mean_pool4 conf=0.3385 rank=3
[ 177] mean           score= 0.4406 origin=baseline iters=4 stop=no new information in 3 consecutive turns
         TEST  smape=0.2371  rmse=2319.2196  pocid=72.73  mape=0.2004  | FLOOR smape=0.2371
         laya iter 1 -> best_NaiveSeasonal conf=0.3821 rank=2
         laya iter 2 -> best_NaiveSeasonal conf=0.4669 rank=2
         laya iter 3 -> best_NaiveSeasonal conf=0.4669 rank=2
         laya iter 4 -> best_NaiveSeasonal conf=0.4669 rank=2
[ 178] best_single    score= 0.6074 origin=agent    iters=4 stop=no new information in 3 consecutive turns
         TEST  smape=0.2356  rmse=44.4890  pocid=54.55  mape=0.2268  | FLOOR smape=0.2115
         laya iter 1 -> best_ETS conf=0.391 rank=1
         laya iter 2 -> best_ETS conf=0.4811 rank=1
         laya iter 3 -> best_ETS conf=0.4811 rank=1
         laya iter 4 -> best_ETS conf=0.4811 rank=1
[ 179] best_single    score= 0.6216 origin=agent    iters=4 stop=no new information in 3 consecutive turns
         TEST  smape=0.1024  rmse=32.7210  pocid=72.73  mape=0.0949  | FLOOR smape=0.1076
         laya iter 1 -> best_rf conf=0.5106 rank=1
         laya iter 2 -> best_rf conf=0.6109 rank=1
         laya iter 3 -> best_rf conf=0.6109 rank=1
         laya iter 4 -> best_rf conf=0.6109 rank=1
[ 180] median         score= 0.6805 origin=baseline iters=5 stop=no new information in 3 consecutive turns
         TEST  smape=0.0995  rmse=14765.0166  pocid=63.64  mape=0.0939  | FLOOR smape=0.0995
         laya iter 1 -> mean_pool1 conf=0.2866 rank=7
         laya iter 2 -> mean_pool4 conf=0.2349 rank=10
         laya iter 3 -> mean_pool4 conf=0.2349 rank=10
         laya iter 4 -> mean_pool4 conf=0.2349 rank=10
         laya iter 5 -> mean_pool4 conf=0.2349 rank=10
[ 181] mean           score= 0.5000 origin=agent    iters=5 stop=no new information in 3 consecutive turns
         TEST  smape=0.0378  rmse=3176.8347  pocid=72.73  mape=0.0385  | FLOOR smape=0.0417
         laya iter 1 -> mean_pool1 conf=0.3392 rank=2
         laya iter 2 -> mean_pool4 conf=0.2656 rank=1
         laya iter 3 -> mean_pool4 conf=0.2656 rank=1
         laya iter 4 -> mean_pool4 conf=0.2656 rank=1
         laya iter 5 -> mean_pool4 conf=0.2656 rank=1
--------------------------------------------------------------------------
done in 38.9s | ok: 182 | failed: 0
DATASET SUMMARY over 182 series (mean across series):
  this run   smape=0.2208  rmse=6588.6177  pocid=63.29  mape=1810385540055726.0000  mae=5734.4469
  baseline   smape=0.2212  rmse=6361.3526  pocid=62.14  mape=1839764113501077.5000  <- this run is WORSE than the seed floor
  mean       smape=0.2206  rmse=6315.3736  pocid=61.89  mape=2069887256147612.2500
  median     smape=0.2194  rmse=6388.0611  pocid=61.94  mape=1847438750372403.0000
  dba        smape=0.2252  rmse=6398.3966  pocid=60.54  mape=2360707168394951.5000
  ADE        smape=0.2177  rmse=6137.6834  pocid=62.39  mape=2082486066574125.0000
  FFORMA     smape=0.2166  rmse=6035.2411  pocid=65.13  mape=2022245026195087.0000
csv: ./timeseries/mestrado/resultados/orchestrator_laya_laya_v0/ANP_MONTHLY.csv
