WARNING: 5 model(s) do not share the pool's windows on ETTM2 and are being DROPPED for every series: ['ONLY_CWT_catboost', 'ONLY_DWT_catboost', 'ONLY_DWT_rf', 'ONLY_FT_catboost', 'ONLY_FT_rf']
dataset      : ETTM2
source       : ETTM2.tsf
models       : 14
agent        : laya-english (max_len=None)
writing to   : ./timeseries/mestrado/resultados/orchestrator_laya_laya_v0
--------------------------------------------------------------------------
/home/lucas.castro/.conda/envs/agno/lib/python3.11/site-packages/tslearn/bases/bases.py:15: UserWarning: h5py not installed, hdf5 features will not be supported.
Install h5py to use hdf5 features: http://docs.h5py.org/
  warn(h5py_msg)
Fetching 5 files:   0%|          | 0/5 [00:00<?, ?it/s]Fetching 5 files:  20%|██        | 1/5 [00:00<00:00,  6.60it/s]Warning: You are sending unauthenticated requests to the HF Hub. Please set a HF_TOKEN to enable higher rate limits and faster downloads.
Fetching 5 files:  40%|████      | 2/5 [00:00<00:00,  4.89it/s]Fetching 5 files: 100%|██████████| 5/5 [00:14<00:00,  3.41s/it]Fetching 5 files: 100%|██████████| 5/5 [00:14<00:00,  2.89s/it]
/home/lucas.castro/.conda/envs/agno/lib/python3.11/site-packages/laya/agent.py:928: RuntimeWarning: laya: this checkpoint ships invalid temperatures or values outside [0.5, 5]; using choice:11+=0.10058280825614929 -> 0.5. Treat confidence from the affected entries as uncalibrated.
  return Agent(model_id_or_path, device=device, token=token, subfolder=subfolder, fast=fast,
[   0] trimmed_mean   score=-0.0811 origin=baseline iters=5 stop=no new information in 3 consecutive turns
         TEST  smape=0.1983  rmse=7.9895  pocid=65.22  mape=0.1787  | FLOOR smape=0.1983
         laya iter 1 -> mean_pool1 conf=0.2885 rank=3
         laya iter 2 -> mean_pool4 conf=0.2516 rank=6
         laya iter 3 -> mean_pool4 conf=0.2516 rank=6
         laya iter 4 -> mean_pool4 conf=0.2516 rank=6
         laya iter 5 -> mean_pool4 conf=0.2516 rank=6
[   1] mean           score=-0.0775 origin=baseline iters=4 stop=no new information in 3 consecutive turns
         TEST  smape=0.2653  rmse=2.9583  pocid=47.83  mape=0.2323  | FLOOR smape=0.2653
         laya iter 1 -> best_rf conf=0.4243 rank=7
         laya iter 2 -> best_rf conf=0.5308 rank=7
         laya iter 3 -> best_rf conf=0.5308 rank=7
         laya iter 4 -> best_rf conf=0.5308 rank=7
[   2] mean           score=-0.1042 origin=baseline iters=4 stop=no new information in 3 consecutive turns
         TEST  smape=0.1569  rmse=8.0382  pocid=52.17  mape=0.1446  | FLOOR smape=0.1569
         laya iter 1 -> best_rf conf=0.8656 rank=8
         laya iter 2 -> best_rf conf=0.9164 rank=8
         laya iter 3 -> best_rf conf=0.9164 rank=8
         laya iter 4 -> best_rf conf=0.9164 rank=8
[   3] trimmed_mean   score=-0.0772 origin=baseline iters=4 stop=no new information in 3 consecutive turns
         TEST  smape=0.2551  rmse=2.9702  pocid=39.13  mape=0.2248  | FLOOR smape=0.2551
         laya iter 1 -> best_rf conf=0.5248 rank=2
         laya iter 2 -> best_rf conf=0.7208 rank=2
         laya iter 3 -> best_rf conf=0.7208 rank=2
         laya iter 4 -> best_rf conf=0.7208 rank=2
[   4] best_single    score=-0.0520 origin=agent    iters=5 stop=no new information in 3 consecutive turns
         TEST  smape=0.0654  rmse=0.8501  pocid=21.74  mape=0.0625  | FLOOR smape=0.0741
         laya iter 1 -> mean_pool1 conf=0.3171 rank=2
         laya iter 2 -> best_CWT_rf conf=0.294 rank=1
         laya iter 3 -> best_CWT_rf conf=0.294 rank=1
         laya iter 4 -> best_CWT_rf conf=0.294 rank=1
         laya iter 5 -> best_CWT_rf conf=0.294 rank=1
[   5] best_single    score= 0.0353 origin=agent    iters=4 stop=no new information in 3 consecutive turns
         TEST  smape=0.7310  rmse=1.0954  pocid=26.09  mape=0.5263  | FLOOR smape=0.4531
         laya iter 1 -> best_DWT_rf conf=0.3174 rank=1
         laya iter 2 -> best_DWT_rf conf=0.3961 rank=1
         laya iter 3 -> best_DWT_rf conf=0.3961 rank=1
         laya iter 4 -> best_DWT_rf conf=0.3961 rank=1
[   6] best_single    score= 0.2528 origin=agent    iters=4 stop=no new information in 3 consecutive turns
         TEST  smape=0.0197  rmse=1.1166  pocid=60.87  mape=0.0194  | FLOOR smape=0.0183
         laya iter 1 -> best_CWT_rf conf=0.2926 rank=1
         laya iter 2 -> best_CWT_rf conf=0.3558 rank=1
         laya iter 3 -> best_CWT_rf conf=0.3558 rank=1
         laya iter 4 -> best_CWT_rf conf=0.3558 rank=1
--------------------------------------------------------------------------
done in 66.5s | ok: 7 | failed: 0
DATASET SUMMARY over 7 series (mean across series):
  this run   smape=0.2417  rmse=3.5740  pocid=44.72  mape=0.1984  mae=3.3452
  baseline   smape=0.2030  rmse=3.5354  pocid=45.34  mape=0.1760  <- this run is WORSE than the seed floor
  mean       smape=1.7405  rmse=63484511305.5706  pocid=43.48  mape=3253528624.5137  <- this run is better
  median     smape=0.1997  rmse=3.6501  pocid=39.13  mape=0.1739  <- this run is better
  dba        smape=1.7438  rmse=106383343565.7140  pocid=37.27  mape=2228290941.4547  <- this run is better
  ADE        smape=0.1872  rmse=4.0934  pocid=31.06  mape=0.1752  <- this run is better
  FFORMA     smape=0.1654  rmse=3.9513  pocid=31.06  mape=0.1525  <- this run is better
csv: ./timeseries/mestrado/resultados/orchestrator_laya_laya_v0/ETTM2.csv
