dataset      : NN5_WEEKLY_DATASET
source       : nn5_weekly_dataset.tsf
models       : 19
agent        : laya-english (max_len=None)
writing to   : ./timeseries/mestrado/resultados/orchestrator_laya_laya_v0
--------------------------------------------------------------------------
/home/lucas.castro/.conda/envs/agno/lib/python3.11/site-packages/tslearn/bases/bases.py:15: UserWarning: h5py not installed, hdf5 features will not be supported.
Install h5py to use hdf5 features: http://docs.h5py.org/
  warn(h5py_msg)
Fetching 5 files:   0%|          | 0/5 [00:00<?, ?it/s]Fetching 5 files: 100%|██████████| 5/5 [00:00<00:00, 2504.96it/s]
/home/lucas.castro/.conda/envs/agno/lib/python3.11/site-packages/laya/agent.py:928: RuntimeWarning: laya: this checkpoint ships invalid temperatures or values outside [0.5, 5]; using choice:11+=0.10058280825614929 -> 0.5. Treat confidence from the affected entries as uncalibrated.
  return Agent(model_id_or_path, device=device, token=token, subfolder=subfolder, fast=fast,
[   0] best_single    score= 0.6156 origin=agent    iters=4 stop=no new information in 3 consecutive turns
         TEST  smape=0.0409  rmse=14.5924  pocid=42.86  mape=0.0399  | FLOOR smape=0.0422
         laya iter 1 -> best_ONLY_FT_rf conf=0.6678 rank=1
         laya iter 2 -> best_ONLY_FT_rf conf=0.813 rank=1
         laya iter 3 -> best_ONLY_FT_rf conf=0.813 rank=1
         laya iter 4 -> best_ONLY_FT_rf conf=0.813 rank=1
[   1] trimmed_mean   score= 0.5579 origin=baseline iters=5 stop=no new information in 3 consecutive turns
         TEST  smape=0.1090  rmse=16.3937  pocid=28.57  mape=0.1027  | FLOOR smape=0.1090
         laya iter 1 -> mean_pool1 conf=0.3593 rank=2
         laya iter 2 -> mean_pool4 conf=0.311 rank=2
         laya iter 3 -> mean_pool4 conf=0.311 rank=2
         laya iter 4 -> mean_pool4 conf=0.311 rank=2
         laya iter 5 -> mean_pool4 conf=0.311 rank=2
[   2] trimmed_mean   score= 0.6171 origin=baseline iters=4 stop=no new information in 3 consecutive turns
         TEST  smape=0.0697  rmse=16.1184  pocid=42.86  mape=0.0702  | FLOOR smape=0.0697
         laya iter 1 -> best_CWT_rf conf=0.3699 rank=2
         laya iter 2 -> best_CWT_rf conf=0.4366 rank=2
         laya iter 3 -> best_CWT_rf conf=0.4366 rank=2
         laya iter 4 -> best_CWT_rf conf=0.4366 rank=2
[   3] dba            score= 0.7144 origin=baseline iters=3 stop=no new information in 3 consecutive turns
         TEST  smape=0.0826  rmse=16.0588  pocid=28.57  mape=0.0857  | FLOOR smape=0.0826
         laya iter 1 -> mean_pool_full conf=0.3905 rank=2
         laya iter 2 -> mean_pool_full conf=0.2831 rank=2
         laya iter 3 -> mean_pool_full conf=0.2831 rank=2
[   4] best_single    score= 0.6904 origin=agent    iters=4 stop=no new information in 3 consecutive turns
         TEST  smape=0.0956  rmse=20.3402  pocid=42.86  mape=0.0917  | FLOOR smape=0.0998
         laya iter 1 -> best_DWT_rf conf=0.4226 rank=1
         laya iter 2 -> best_DWT_rf conf=0.5254 rank=1
         laya iter 3 -> best_DWT_rf conf=0.5254 rank=1
         laya iter 4 -> best_DWT_rf conf=0.5254 rank=1
[   5] best_single    score= 0.5947 origin=agent    iters=5 stop=no new information in 3 consecutive turns
         TEST  smape=0.1176  rmse=21.4997  pocid=42.86  mape=0.1368  | FLOOR smape=0.1078
         laya iter 1 -> mean_pool_full conf=0.325 rank=3
         laya iter 2 -> best_DWT_catboost conf=0.2667 rank=1
         laya iter 3 -> best_DWT_catboost conf=0.2667 rank=1
         laya iter 4 -> best_DWT_catboost conf=0.2667 rank=1
         laya iter 5 -> best_DWT_catboost conf=0.2667 rank=1
[   6] mean           score= 0.4362 origin=baseline iters=5 stop=no new information in 3 consecutive turns
         TEST  smape=0.1187  rmse=21.3796  pocid=14.29  mape=0.1099  | FLOOR smape=0.1187
         laya iter 1 -> mean_pool1 conf=0.3961 rank=1
         laya iter 2 -> mean_pool4 conf=0.3148 rank=2
         laya iter 3 -> mean_pool4 conf=0.3148 rank=2
         laya iter 4 -> mean_pool4 conf=0.3148 rank=2
         laya iter 5 -> mean_pool4 conf=0.3148 rank=2
[   7] mean           score= 0.7429 origin=baseline iters=5 stop=no new information in 3 consecutive turns
         TEST  smape=0.1228  rmse=18.4162  pocid=42.86  mape=0.1297  | FLOOR smape=0.1228
         laya iter 1 -> mean_pool1 conf=0.3841 rank=6
         laya iter 2 -> mean_pool4 conf=0.3149 rank=8
         laya iter 3 -> mean_pool4 conf=0.3149 rank=8
         laya iter 4 -> mean_pool4 conf=0.3149 rank=8
         laya iter 5 -> mean_pool4 conf=0.3149 rank=8
[   8] best_single    score= 0.6115 origin=agent    iters=5 stop=no new information in 3 consecutive turns
         TEST  smape=0.1034  rmse=7.3099  pocid=0.00  mape=0.1082  | FLOOR smape=0.1042
         laya iter 1 -> mean_pool1 conf=0.3405 rank=6
         laya iter 2 -> best_ETS conf=0.3104 rank=1
         laya iter 3 -> best_ETS conf=0.3104 rank=1
         laya iter 4 -> best_ETS conf=0.3104 rank=1
         laya iter 5 -> best_ETS conf=0.3104 rank=1
[   9] mean           score= 0.7333 origin=baseline iters=5 stop=no new information in 3 consecutive turns
         TEST  smape=0.1040  rmse=17.5233  pocid=28.57  mape=0.0998  | FLOOR smape=0.1040
         laya iter 1 -> mean_pool1 conf=0.3488 rank=9
         laya iter 2 -> mean_pool4 conf=0.2883 rank=10
         laya iter 3 -> mean_pool4 conf=0.2883 rank=10
         laya iter 4 -> mean_pool4 conf=0.2883 rank=10
         laya iter 5 -> mean_pool4 conf=0.2883 rank=10
[  10] best_single    score= 0.4309 origin=agent    iters=4 stop=no new information in 3 consecutive turns
         TEST  smape=0.1371  rmse=23.3183  pocid=57.14  mape=0.1310  | FLOOR smape=0.1199
         laya iter 1 -> best_ETS conf=0.5605 rank=1
         laya iter 2 -> best_ETS conf=0.7108 rank=1
         laya iter 3 -> best_ETS conf=0.7108 rank=1
         laya iter 4 -> best_ETS conf=0.7108 rank=1
[  11] best_single    score= 0.5764 origin=agent    iters=5 stop=no new information in 3 consecutive turns
         TEST  smape=0.2058  rmse=22.6721  pocid=14.29  mape=0.1901  | FLOOR smape=0.1394
         laya iter 1 -> mean_pool1 conf=0.3358 rank=1
         laya iter 2 -> best_ONLY_FT_catboost conf=0.2952 rank=1
         laya iter 3 -> best_ONLY_FT_catboost conf=0.2952 rank=1
         laya iter 4 -> best_ONLY_FT_catboost conf=0.2952 rank=1
         laya iter 5 -> best_ONLY_FT_catboost conf=0.2952 rank=1
[  12] mean           score= 0.6331 origin=baseline iters=5 stop=no new information in 3 consecutive turns
         TEST  smape=0.1194  rmse=19.5971  pocid=28.57  mape=0.1159  | FLOOR smape=0.1194
         laya iter 1 -> mean_pool1 conf=0.3525 rank=4
         laya iter 2 -> mean_pool4 conf=0.2732 rank=4
         laya iter 3 -> mean_pool4 conf=0.2732 rank=4
         laya iter 4 -> mean_pool4 conf=0.2732 rank=4
         laya iter 5 -> mean_pool4 conf=0.2732 rank=4
[  13] trimmed_mean   score= 0.6667 origin=baseline iters=5 stop=no new information in 3 consecutive turns
         TEST  smape=0.0794  rmse=12.6205  pocid=42.86  mape=0.0785  | FLOOR smape=0.0794
         laya iter 1 -> mean_pool1 conf=0.3413 rank=2
         laya iter 2 -> mean_pool4 conf=0.2827 rank=7
         laya iter 3 -> mean_pool4 conf=0.2827 rank=7
         laya iter 4 -> mean_pool4 conf=0.2827 rank=7
         laya iter 5 -> mean_pool4 conf=0.2827 rank=7
[  14] mean           score= 0.6857 origin=baseline iters=3 stop=no new information in 3 consecutive turns
         TEST  smape=0.0704  rmse=10.8648  pocid=42.86  mape=0.0688  | FLOOR smape=0.0704
         laya iter 1 -> mean_pool_full conf=0.3832 rank=1
         laya iter 2 -> mean_pool_full conf=0.2667 rank=1
         laya iter 3 -> mean_pool_full conf=0.2667 rank=1
[  15] best_single    score= 0.6799 origin=agent    iters=4 stop=no new information in 3 consecutive turns
         TEST  smape=0.0380  rmse=8.5366  pocid=42.86  mape=0.0370  | FLOOR smape=0.0618
         laya iter 1 -> best_ONLY_DWT_rf conf=0.5597 rank=1
         laya iter 2 -> best_ONLY_DWT_rf conf=0.7159 rank=1
         laya iter 3 -> best_ONLY_DWT_rf conf=0.7159 rank=1
         laya iter 4 -> best_ONLY_DWT_rf conf=0.7159 rank=1
[  16] median         score= 0.6431 origin=baseline iters=5 stop=no new information in 3 consecutive turns
         TEST  smape=0.1198  rmse=20.7102  pocid=57.14  mape=0.1218  | FLOOR smape=0.1198
         laya iter 1 -> mean_pool1 conf=0.3552 rank=5
         laya iter 2 -> mean_pool4 conf=0.2588 rank=4
         laya iter 3 -> mean_pool4 conf=0.2588 rank=4
         laya iter 4 -> mean_pool4 conf=0.2588 rank=4
         laya iter 5 -> mean_pool4 conf=0.2588 rank=4
[  17] best_single    score= 0.5436 origin=agent    iters=4 stop=no new information in 3 consecutive turns
         TEST  smape=0.1055  rmse=17.4380  pocid=85.71  mape=0.0994  | FLOOR smape=0.0593
         laya iter 1 -> best_ONLY_FT_rf conf=0.8795 rank=1
         laya iter 2 -> best_ONLY_FT_rf conf=0.9087 rank=1
         laya iter 3 -> best_ONLY_FT_rf conf=0.9087 rank=1
         laya iter 4 -> best_ONLY_FT_rf conf=0.9087 rank=1
[  18] mean           score= 0.7048 origin=baseline iters=5 stop=no new information in 3 consecutive turns
         TEST  smape=0.0528  rmse=14.4762  pocid=28.57  mape=0.0561  | FLOOR smape=0.0528
         laya iter 1 -> mean_pool1 conf=0.3397 rank=9
         laya iter 2 -> mean_pool4 conf=0.2465 rank=2
         laya iter 3 -> mean_pool4 conf=0.2465 rank=2
         laya iter 4 -> mean_pool4 conf=0.2465 rank=2
         laya iter 5 -> mean_pool4 conf=0.2465 rank=2
[  19] best_single    score= 0.6635 origin=agent    iters=4 stop=no new information in 3 consecutive turns
         TEST  smape=0.0632  rmse=10.6157  pocid=57.14  mape=0.0610  | FLOOR smape=0.0718
         laya iter 1 -> best_ETS conf=0.3442 rank=1
         laya iter 2 -> best_ETS conf=0.3301 rank=1
         laya iter 3 -> best_ETS conf=0.3301 rank=1
         laya iter 4 -> best_ETS conf=0.3301 rank=1
[  20] median         score= 0.7064 origin=baseline iters=5 stop=no new information in 3 consecutive turns
         TEST  smape=0.0908  rmse=11.7390  pocid=71.43  mape=0.0914  | FLOOR smape=0.0908
         laya iter 1 -> mean_pool1 conf=0.317 rank=9
         laya iter 2 -> best_ETS conf=0.3279 rank=8
         laya iter 3 -> best_ETS conf=0.3279 rank=8
         laya iter 4 -> best_ETS conf=0.3279 rank=8
         laya iter 5 -> best_ETS conf=0.3279 rank=8
[  21] mean           score= 0.6741 origin=agent    iters=5 stop=no new information in 3 consecutive turns
         TEST  smape=0.0951  rmse=13.6591  pocid=28.57  mape=0.0898  | FLOOR smape=0.0713
         laya iter 1 -> mean_pool1 conf=0.4232 rank=9
         laya iter 2 -> mean_pool4 conf=0.3351 rank=1
         laya iter 3 -> mean_pool4 conf=0.3351 rank=1
         laya iter 4 -> mean_pool4 conf=0.3351 rank=1
         laya iter 5 -> mean_pool4 conf=0.3351 rank=1
[  22] trimmed_mean   score= 0.5867 origin=baseline iters=3 stop=no new information in 3 consecutive turns
         TEST  smape=0.1238  rmse=11.0990  pocid=71.43  mape=0.1181  | FLOOR smape=0.1238
         laya iter 1 -> mean_pool_full conf=0.4096 rank=7
         laya iter 2 -> mean_pool_full conf=0.3224 rank=7
         laya iter 3 -> mean_pool_full conf=0.3224 rank=7
[  23] median         score= 0.6780 origin=baseline iters=5 stop=no new information in 3 consecutive turns
         TEST  smape=0.1646  rmse=40.6866  pocid=28.57  mape=0.1934  | FLOOR smape=0.1646
         laya iter 1 -> mean_pool1 conf=0.3268 rank=5
         laya iter 2 -> mean_pool4 conf=0.273 rank=6
         laya iter 3 -> mean_pool4 conf=0.273 rank=6
         laya iter 4 -> mean_pool4 conf=0.273 rank=6
         laya iter 5 -> mean_pool4 conf=0.273 rank=6
[  24] mean           score= 0.6688 origin=baseline iters=5 stop=no new information in 3 consecutive turns
         TEST  smape=0.0586  rmse=11.3368  pocid=71.43  mape=0.0620  | FLOOR smape=0.0586
         laya iter 1 -> mean_pool1 conf=0.3718 rank=1
         laya iter 2 -> mean_pool4 conf=0.2421 rank=4
         laya iter 3 -> mean_pool4 conf=0.2421 rank=4
         laya iter 4 -> mean_pool4 conf=0.2421 rank=4
         laya iter 5 -> mean_pool4 conf=0.2421 rank=4
[  25] mean           score= 0.7429 origin=baseline iters=5 stop=no new information in 3 consecutive turns
         TEST  smape=0.1342  rmse=19.5075  pocid=28.57  mape=0.1334  | FLOOR smape=0.1342
         laya iter 1 -> mean_pool1 conf=0.3467 rank=3
         laya iter 2 -> mean_pool4 conf=0.2517 rank=8
         laya iter 3 -> mean_pool4 conf=0.2517 rank=8
         laya iter 4 -> mean_pool4 conf=0.2517 rank=8
         laya iter 5 -> mean_pool4 conf=0.2517 rank=8
[  26] mean           score= 0.5939 origin=baseline iters=5 stop=no new information in 3 consecutive turns
         TEST  smape=0.1354  rmse=9.6349  pocid=71.43  mape=0.1554  | FLOOR smape=0.1354
         laya iter 1 -> mean_pool1 conf=0.3608 rank=1
         laya iter 2 -> mean_pool4 conf=0.278 rank=10
         laya iter 3 -> mean_pool4 conf=0.278 rank=10
         laya iter 4 -> mean_pool4 conf=0.278 rank=10
         laya iter 5 -> mean_pool4 conf=0.278 rank=10
[  27] mean           score= 0.6592 origin=baseline iters=5 stop=no new information in 3 consecutive turns
         TEST  smape=0.1222  rmse=17.1321  pocid=42.86  mape=0.1195  | FLOOR smape=0.1222
         laya iter 1 -> mean_pool1 conf=0.3866 rank=3
         laya iter 2 -> mean_pool4 conf=0.2947 rank=2
         laya iter 3 -> mean_pool4 conf=0.2947 rank=2
         laya iter 4 -> mean_pool4 conf=0.2947 rank=2
         laya iter 5 -> mean_pool4 conf=0.2947 rank=2
[  28] mean           score= 0.6828 origin=baseline iters=5 stop=no new information in 3 consecutive turns
         TEST  smape=0.1011  rmse=23.0454  pocid=42.86  mape=0.1058  | FLOOR smape=0.1011
         laya iter 1 -> mean_pool1 conf=0.3534 rank=9
         laya iter 2 -> best_FT_catboost conf=0.3132 rank=5
         laya iter 3 -> best_FT_catboost conf=0.3132 rank=5
         laya iter 4 -> best_FT_catboost conf=0.3132 rank=5
         laya iter 5 -> best_FT_catboost conf=0.3132 rank=5
[  29] median         score= 0.5504 origin=baseline iters=5 stop=no new information in 3 consecutive turns
         TEST  smape=0.1508  rmse=19.8722  pocid=57.14  mape=0.1752  | FLOOR smape=0.1508
         laya iter 1 -> mean_pool1 conf=0.3406 rank=6
         laya iter 2 -> mean_pool4 conf=0.2304 rank=8
         laya iter 3 -> mean_pool4 conf=0.2304 rank=8
         laya iter 4 -> mean_pool4 conf=0.2304 rank=8
         laya iter 5 -> mean_pool4 conf=0.2304 rank=8
[  30] mean           score= 0.6497 origin=baseline iters=5 stop=no new information in 3 consecutive turns
         TEST  smape=0.0645  rmse=9.8088  pocid=42.86  mape=0.0656  | FLOOR smape=0.0645
         laya iter 1 -> mean_pool1 conf=0.3378 rank=6
         laya iter 2 -> mean_pool4 conf=0.2497 rank=2
         laya iter 3 -> mean_pool4 conf=0.2497 rank=2
         laya iter 4 -> mean_pool4 conf=0.2497 rank=2
         laya iter 5 -> mean_pool4 conf=0.2497 rank=2
[  31] best_single    score= 0.6137 origin=agent    iters=4 stop=no new information in 3 consecutive turns
         TEST  smape=0.1881  rmse=30.7578  pocid=28.57  mape=0.2191  | FLOOR smape=0.1713
         laya iter 1 -> best_catboost conf=0.3406 rank=1
         laya iter 2 -> best_catboost conf=0.3424 rank=1
         laya iter 3 -> best_catboost conf=0.3424 rank=1
         laya iter 4 -> best_catboost conf=0.3424 rank=1
[  32] best_single    score= 0.6015 origin=agent    iters=5 stop=no new information in 3 consecutive turns
         TEST  smape=0.1681  rmse=29.8359  pocid=57.14  mape=0.1557  | FLOOR smape=0.1696
         laya iter 1 -> mean_pool1 conf=0.358 rank=6
         laya iter 2 -> best_ETS conf=0.2955 rank=1
         laya iter 3 -> best_ETS conf=0.2955 rank=1
         laya iter 4 -> best_ETS conf=0.2955 rank=1
         laya iter 5 -> best_ETS conf=0.2955 rank=1
[  33] best_single    score= 0.5378 origin=agent    iters=4 stop=no new information in 3 consecutive turns
         TEST  smape=0.0952  rmse=27.7791  pocid=14.29  mape=0.0968  | FLOOR smape=0.0941
         laya iter 1 -> best_catboost conf=0.3661 rank=1
         laya iter 2 -> best_catboost conf=0.4005 rank=1
         laya iter 3 -> best_catboost conf=0.4005 rank=1
         laya iter 4 -> best_catboost conf=0.4005 rank=1
[  34] best_single    score= 0.6120 origin=agent    iters=4 stop=no new information in 3 consecutive turns
         TEST  smape=0.0877  rmse=12.2689  pocid=71.43  mape=0.0875  | FLOOR smape=0.0927
         laya iter 1 -> best_rf conf=0.7727 rank=1
         laya iter 2 -> best_rf conf=0.8185 rank=1
         laya iter 3 -> best_rf conf=0.8185 rank=1
         laya iter 4 -> best_rf conf=0.8185 rank=1
[  35] trimmed_mean   score= 0.6540 origin=baseline iters=5 stop=no new information in 3 consecutive turns
         TEST  smape=0.0974  rmse=9.1676  pocid=85.71  mape=0.1046  | FLOOR smape=0.0974
         laya iter 1 -> mean_pool_full conf=0.3642 rank=5
         laya iter 2 -> best_ONLY_FT_catboost conf=0.3146 rank=3
         laya iter 3 -> best_ONLY_FT_catboost conf=0.3146 rank=3
         laya iter 4 -> best_ONLY_FT_catboost conf=0.3146 rank=3
         laya iter 5 -> best_ONLY_FT_catboost conf=0.3146 rank=3
[  36] median         score= 0.5368 origin=baseline iters=5 stop=no new information in 3 consecutive turns
         TEST  smape=0.2612  rmse=35.4157  pocid=57.14  mape=0.2636  | FLOOR smape=0.2612
         laya iter 1 -> mean_pool1 conf=0.3642 rank=9
         laya iter 2 -> mean_pool4 conf=0.2648 rank=10
         laya iter 3 -> mean_pool4 conf=0.2648 rank=10
         laya iter 4 -> mean_pool4 conf=0.2648 rank=10
         laya iter 5 -> mean_pool4 conf=0.2648 rank=10
[  37] dba            score= 0.6398 origin=baseline iters=5 stop=no new information in 3 consecutive turns
         TEST  smape=0.0559  rmse=15.3509  pocid=42.86  mape=0.0547  | FLOOR smape=0.0559
         laya iter 1 -> mean_pool1 conf=0.354 rank=8
         laya iter 2 -> mean_pool4 conf=0.2616 rank=10
         laya iter 3 -> mean_pool4 conf=0.2616 rank=10
         laya iter 4 -> mean_pool4 conf=0.2616 rank=10
         laya iter 5 -> mean_pool4 conf=0.2616 rank=10
[  38] best_single    score= 0.4351 origin=agent    iters=4 stop=no new information in 3 consecutive turns
         TEST  smape=0.0969  rmse=13.8798  pocid=28.57  mape=0.0936  | FLOOR smape=0.0663
         laya iter 1 -> best_ETS conf=0.5449 rank=1
         laya iter 2 -> best_ETS conf=0.6801 rank=1
         laya iter 3 -> best_ETS conf=0.6801 rank=1
         laya iter 4 -> best_ETS conf=0.6801 rank=1
[  39] best_single    score= 0.6866 origin=agent    iters=5 stop=no new information in 3 consecutive turns
         TEST  smape=0.1217  rmse=18.2437  pocid=28.57  mape=0.1191  | FLOOR smape=0.1228
         laya iter 1 -> mean_pool1 conf=0.2967 rank=8
         laya iter 2 -> best_FT_catboost conf=0.2652 rank=1
         laya iter 3 -> best_FT_catboost conf=0.2652 rank=1
         laya iter 4 -> best_FT_catboost conf=0.2652 rank=1
         laya iter 5 -> best_FT_catboost conf=0.2652 rank=1
[  40] mean           score= 0.6571 origin=baseline iters=5 stop=no new information in 3 consecutive turns
         TEST  smape=0.1226  rmse=18.5063  pocid=14.29  mape=0.1270  | FLOOR smape=0.1226
         laya iter 1 -> mean_pool1 conf=0.3142 rank=3
         laya iter 2 -> best_rf conf=0.2681 rank=2
         laya iter 3 -> best_rf conf=0.2681 rank=2
         laya iter 4 -> best_rf conf=0.2681 rank=2
         laya iter 5 -> best_rf conf=0.2681 rank=2
[  41] mean           score= 0.7073 origin=agent    iters=5 stop=no new information in 3 consecutive turns
         TEST  smape=0.0707  rmse=11.5645  pocid=42.86  mape=0.0713  | FLOOR smape=0.0725
         laya iter 1 -> mean_pool1 conf=0.4217 rank=1
         laya iter 2 -> mean_pool4 conf=0.3331 rank=1
         laya iter 3 -> mean_pool4 conf=0.3331 rank=1
         laya iter 4 -> mean_pool4 conf=0.3331 rank=1
         laya iter 5 -> mean_pool4 conf=0.3331 rank=1
[  42] trimmed_mean   score= 0.6035 origin=baseline iters=5 stop=no new information in 3 consecutive turns
         TEST  smape=0.0986  rmse=20.7030  pocid=57.14  mape=0.1059  | FLOOR smape=0.0986
         laya iter 1 -> mean_pool1 conf=0.3733 rank=2
         laya iter 2 -> mean_pool4 conf=0.2905 rank=10
         laya iter 3 -> mean_pool4 conf=0.2905 rank=10
         laya iter 4 -> mean_pool4 conf=0.2905 rank=10
         laya iter 5 -> mean_pool4 conf=0.2905 rank=10
[  43] mean           score= 0.6762 origin=baseline iters=5 stop=no new information in 3 consecutive turns
         TEST  smape=0.0538  rmse=10.4702  pocid=71.43  mape=0.0534  | FLOOR smape=0.0538
         laya iter 1 -> mean_pool1 conf=0.3947 rank=9
         laya iter 2 -> mean_pool4 conf=0.3117 rank=10
         laya iter 3 -> mean_pool4 conf=0.3117 rank=10
         laya iter 4 -> mean_pool4 conf=0.3117 rank=10
         laya iter 5 -> mean_pool4 conf=0.3117 rank=10
[  44] median         score= 0.7025 origin=baseline iters=5 stop=no new information in 3 consecutive turns
         TEST  smape=0.1146  rmse=20.4007  pocid=42.86  mape=0.1407  | FLOOR smape=0.1146
         laya iter 1 -> mean_pool1 conf=0.4122 rank=7
         laya iter 2 -> mean_pool4 conf=0.3223 rank=6
         laya iter 3 -> mean_pool4 conf=0.3223 rank=6
         laya iter 4 -> mean_pool4 conf=0.3223 rank=6
         laya iter 5 -> mean_pool4 conf=0.3223 rank=6
[  45] best_single    score= 0.5544 origin=agent    iters=4 stop=no new information in 3 consecutive turns
         TEST  smape=0.1640  rmse=22.1222  pocid=28.57  mape=0.1493  | FLOOR smape=0.1306
         laya iter 1 -> best_ARIMA conf=0.3693 rank=1
         laya iter 2 -> best_ARIMA conf=0.4306 rank=1
         laya iter 3 -> best_ARIMA conf=0.4306 rank=1
         laya iter 4 -> best_ARIMA conf=0.4306 rank=1
[  46] best_single    score= 0.6056 origin=agent    iters=4 stop=no new information in 3 consecutive turns
         TEST  smape=0.0409  rmse=14.5924  pocid=42.86  mape=0.0399  | FLOOR smape=0.0421
         laya iter 1 -> best_ONLY_FT_rf conf=0.6678 rank=1
         laya iter 2 -> best_ONLY_FT_rf conf=0.813 rank=1
         laya iter 3 -> best_ONLY_FT_rf conf=0.813 rank=1
         laya iter 4 -> best_ONLY_FT_rf conf=0.813 rank=1
[  47] mean           score= 0.6952 origin=baseline iters=4 stop=no new information in 3 consecutive turns
         TEST  smape=0.1546  rmse=29.1903  pocid=28.57  mape=0.1515  | FLOOR smape=0.1546
         laya iter 1 -> best_ONLY_CWT_rf conf=0.628 rank=4
         laya iter 2 -> best_ONLY_CWT_rf conf=0.6767 rank=4
         laya iter 3 -> best_ONLY_CWT_rf conf=0.6767 rank=4
         laya iter 4 -> best_ONLY_CWT_rf conf=0.6767 rank=4
[  48] best_single    score= 0.5771 origin=agent    iters=4 stop=no new information in 3 consecutive turns
         TEST  smape=0.1312  rmse=22.2277  pocid=28.57  mape=0.1424  | FLOOR smape=0.1015
         laya iter 1 -> best_ONLY_DWT_catboost conf=0.6501 rank=1
         laya iter 2 -> best_ONLY_DWT_catboost conf=0.6602 rank=1
         laya iter 3 -> best_ONLY_DWT_catboost conf=0.6602 rank=1
         laya iter 4 -> best_ONLY_DWT_catboost conf=0.6602 rank=1
[  49] best_single    score= 0.4555 origin=agent    iters=4 stop=no new information in 3 consecutive turns
         TEST  smape=0.1371  rmse=23.3183  pocid=57.14  mape=0.1310  | FLOOR smape=0.1144
         laya iter 1 -> best_ETS conf=0.5605 rank=1
         laya iter 2 -> best_ETS conf=0.7108 rank=1
         laya iter 3 -> best_ETS conf=0.7108 rank=1
         laya iter 4 -> best_ETS conf=0.7108 rank=1
[  50] mean           score= 0.6757 origin=agent    iters=5 stop=no new information in 3 consecutive turns
         TEST  smape=0.1807  rmse=26.0830  pocid=57.14  mape=0.1619  | FLOOR smape=0.1268
         laya iter 1 -> mean_pool1 conf=0.3815 rank=9
         laya iter 2 -> mean_pool4 conf=0.31 rank=1
         laya iter 3 -> mean_pool4 conf=0.31 rank=1
         laya iter 4 -> mean_pool4 conf=0.31 rank=1
         laya iter 5 -> mean_pool4 conf=0.31 rank=1
[  51] best_single    score= 0.6508 origin=agent    iters=4 stop=no new information in 3 consecutive turns
         TEST  smape=0.0966  rmse=27.3718  pocid=85.71  mape=0.0970  | FLOOR smape=0.0896
         laya iter 1 -> best_ONLY_CWT_rf conf=0.6511 rank=1
         laya iter 2 -> best_ONLY_CWT_rf conf=0.7982 rank=1
         laya iter 3 -> best_ONLY_CWT_rf conf=0.7982 rank=1
         laya iter 4 -> best_ONLY_CWT_rf conf=0.7982 rank=1
[  52] median         score= 0.6638 origin=baseline iters=5 stop=no new information in 3 consecutive turns
         TEST  smape=0.0821  rmse=7.8417  pocid=85.71  mape=0.0789  | FLOOR smape=0.0821
         laya iter 1 -> mean_pool1 conf=0.3763 rank=9
         laya iter 2 -> mean_pool4 conf=0.3141 rank=10
         laya iter 3 -> mean_pool4 conf=0.3141 rank=10
         laya iter 4 -> mean_pool4 conf=0.3141 rank=10
         laya iter 5 -> mean_pool4 conf=0.3141 rank=10
[  53] trimmed_mean   score= 0.5847 origin=baseline iters=4 stop=no new information in 3 consecutive turns
         TEST  smape=0.1175  rmse=15.7569  pocid=28.57  mape=0.1172  | FLOOR smape=0.1175
         laya iter 1 -> best_ETS conf=0.3459 rank=7
         laya iter 2 -> best_ETS conf=0.3647 rank=7
         laya iter 3 -> best_ETS conf=0.3647 rank=7
         laya iter 4 -> best_ETS conf=0.3647 rank=7
[  54] best_single    score= 0.5363 origin=agent    iters=5 stop=no new information in 3 consecutive turns
         TEST  smape=0.0670  rmse=6.6497  pocid=14.29  mape=0.0694  | FLOOR smape=0.0587
         laya iter 1 -> mean_pool1 conf=0.3051 rank=2
         laya iter 2 -> best_catboost conf=0.2541 rank=1
         laya iter 3 -> best_catboost conf=0.2541 rank=1
         laya iter 4 -> best_catboost conf=0.2541 rank=1
         laya iter 5 -> best_catboost conf=0.2541 rank=1
[  55] best_single    score= 0.5863 origin=agent    iters=5 stop=no new information in 3 consecutive turns
         TEST  smape=0.1482  rmse=16.7520  pocid=42.86  mape=0.1472  | FLOOR smape=0.1519
         laya iter 1 -> mean_pool_full conf=0.3072 rank=8
         laya iter 2 -> best_ONLY_DWT_rf conf=0.2556 rank=1
         laya iter 3 -> best_ONLY_DWT_rf conf=0.2556 rank=1
         laya iter 4 -> best_ONLY_DWT_rf conf=0.2556 rank=1
         laya iter 5 -> best_ONLY_DWT_rf conf=0.2556 rank=1
[  56] best_single    score= 0.6241 origin=agent    iters=4 stop=no new information in 3 consecutive turns
         TEST  smape=0.1125  rmse=15.0288  pocid=0.00  mape=0.1102  | FLOOR smape=0.0754
         laya iter 1 -> best_ETS conf=0.4635 rank=1
         laya iter 2 -> best_ETS conf=0.5576 rank=1
         laya iter 3 -> best_ETS conf=0.5576 rank=1
         laya iter 4 -> best_ETS conf=0.5576 rank=1
[  57] trimmed_mean   score= 0.5933 origin=baseline iters=5 stop=no new information in 3 consecutive turns
         TEST  smape=0.0757  rmse=14.8265  pocid=0.00  mape=0.0727  | FLOOR smape=0.0757
         laya iter 1 -> mean_pool1 conf=0.4251 rank=6
         laya iter 2 -> mean_pool4 conf=0.3256 rank=10
         laya iter 3 -> mean_pool4 conf=0.3256 rank=10
         laya iter 4 -> mean_pool4 conf=0.3256 rank=10
         laya iter 5 -> mean_pool4 conf=0.3256 rank=10
[  58] trimmed_mean   score= 0.6786 origin=baseline iters=4 stop=no new information in 3 consecutive turns
         TEST  smape=0.1799  rmse=18.9438  pocid=42.86  mape=0.1826  | FLOOR smape=0.1799
         laya iter 1 -> best_rf conf=0.4723 rank=2
         laya iter 2 -> best_rf conf=0.5318 rank=2
         laya iter 3 -> best_rf conf=0.5318 rank=2
         laya iter 4 -> best_rf conf=0.5318 rank=2
[  59] mean           score= 0.6575 origin=agent    iters=5 stop=no new information in 3 consecutive turns
         TEST  smape=0.2303  rmse=29.4488  pocid=71.43  mape=0.2651  | FLOOR smape=0.1932
         laya iter 1 -> mean_pool1 conf=0.3535 rank=5
         laya iter 2 -> mean_pool4 conf=0.2784 rank=1
         laya iter 3 -> mean_pool4 conf=0.2784 rank=1
         laya iter 4 -> mean_pool4 conf=0.2784 rank=1
         laya iter 5 -> mean_pool4 conf=0.2784 rank=1
[  60] mean           score= 0.6651 origin=baseline iters=5 stop=no new information in 3 consecutive turns
         TEST  smape=0.0564  rmse=8.7210  pocid=14.29  mape=0.0594  | FLOOR smape=0.0564
         laya iter 1 -> mean_pool1 conf=0.3665 rank=7
         laya iter 2 -> mean_pool4 conf=0.3051 rank=6
         laya iter 3 -> mean_pool4 conf=0.3051 rank=6
         laya iter 4 -> mean_pool4 conf=0.3051 rank=6
         laya iter 5 -> mean_pool4 conf=0.3051 rank=6
[  61] mean           score= 0.5940 origin=agent    iters=5 stop=no new information in 3 consecutive turns
         TEST  smape=0.1209  rmse=20.8054  pocid=28.57  mape=0.1307  | FLOOR smape=0.1226
         laya iter 1 -> mean_pool1 conf=0.3714 rank=2
         laya iter 2 -> mean_pool4 conf=0.3087 rank=1
         laya iter 3 -> mean_pool4 conf=0.3087 rank=1
         laya iter 4 -> mean_pool4 conf=0.3087 rank=1
         laya iter 5 -> mean_pool4 conf=0.3087 rank=1
[  62] mean           score= 0.7173 origin=agent    iters=5 stop=no new information in 3 consecutive turns
         TEST  smape=0.0851  rmse=10.9640  pocid=57.14  mape=0.0897  | FLOOR smape=0.0775
         laya iter 1 -> mean_pool1 conf=0.3801 rank=1
         laya iter 2 -> mean_pool4 conf=0.2961 rank=1
         laya iter 3 -> mean_pool4 conf=0.2961 rank=1
         laya iter 4 -> mean_pool4 conf=0.2961 rank=1
         laya iter 5 -> mean_pool4 conf=0.2961 rank=1
[  63] best_single    score= 0.6251 origin=agent    iters=4 stop=no new information in 3 consecutive turns
         TEST  smape=0.1614  rmse=14.3574  pocid=57.14  mape=0.1537  | FLOOR smape=0.1190
         laya iter 1 -> best_ONLY_FT_catboost conf=0.3621 rank=1
         laya iter 2 -> best_ONLY_FT_catboost conf=0.3533 rank=1
         laya iter 3 -> best_ONLY_FT_catboost conf=0.3533 rank=1
         laya iter 4 -> best_ONLY_FT_catboost conf=0.3533 rank=1
[  64] median         score= 0.7227 origin=baseline iters=5 stop=no new information in 3 consecutive turns
         TEST  smape=0.1143  rmse=26.0085  pocid=42.86  mape=0.1080  | FLOOR smape=0.1143
         laya iter 1 -> mean_pool1 conf=0.3964 rank=7
         laya iter 2 -> mean_pool4 conf=0.3241 rank=10
         laya iter 3 -> mean_pool4 conf=0.3241 rank=10
         laya iter 4 -> mean_pool4 conf=0.3241 rank=10
         laya iter 5 -> mean_pool4 conf=0.3241 rank=10
[  65] dba            score= 0.6577 origin=baseline iters=5 stop=no new information in 3 consecutive turns
         TEST  smape=0.1253  rmse=27.1082  pocid=42.86  mape=0.1283  | FLOOR smape=0.1253
         laya iter 1 -> mean_pool_full conf=0.4152 rank=2
         laya iter 2 -> mean_pool4 conf=0.3206 rank=10
         laya iter 3 -> mean_pool4 conf=0.3206 rank=10
         laya iter 4 -> mean_pool4 conf=0.3206 rank=10
         laya iter 5 -> mean_pool4 conf=0.3206 rank=10
[  66] best_single    score= 0.5505 origin=agent    iters=4 stop=no new information in 3 consecutive turns
         TEST  smape=0.0877  rmse=20.0936  pocid=71.43  mape=0.0855  | FLOOR smape=0.0750
         laya iter 1 -> best_ONLY_FT_catboost conf=0.7304 rank=1
         laya iter 2 -> best_ONLY_FT_catboost conf=0.8179 rank=1
         laya iter 3 -> best_ONLY_FT_catboost conf=0.8179 rank=1
         laya iter 4 -> best_ONLY_FT_catboost conf=0.8179 rank=1
[  67] mean           score= 0.5852 origin=agent    iters=5 stop=no new information in 3 consecutive turns
         TEST  smape=0.1428  rmse=50.7571  pocid=42.86  mape=0.1582  | FLOOR smape=0.1476
         laya iter 1 -> mean_pool1 conf=0.3104 rank=6
         laya iter 2 -> mean_pool4 conf=0.237 rank=1
         laya iter 3 -> mean_pool4 conf=0.237 rank=1
         laya iter 4 -> mean_pool4 conf=0.237 rank=1
         laya iter 5 -> mean_pool4 conf=0.237 rank=1
[  68] best_single    score= 0.7059 origin=agent    iters=5 stop=no new information in 3 consecutive turns
         TEST  smape=0.1034  rmse=13.5854  pocid=42.86  mape=0.1035  | FLOOR smape=0.0983
         laya iter 1 -> mean_pool1 conf=0.3554 rank=9
         laya iter 2 -> best_FT_catboost conf=0.3701 rank=1
         laya iter 3 -> best_FT_catboost conf=0.3701 rank=1
         laya iter 4 -> best_FT_catboost conf=0.3701 rank=1
         laya iter 5 -> best_FT_catboost conf=0.3701 rank=1
[  69] mean           score= 0.6952 origin=baseline iters=5 stop=no new information in 3 consecutive turns
         TEST  smape=0.1305  rmse=18.9446  pocid=14.29  mape=0.1463  | FLOOR smape=0.1305
         laya iter 1 -> mean_pool1 conf=0.3324 rank=6
         laya iter 2 -> mean_pool4 conf=0.2894 rank=8
         laya iter 3 -> mean_pool4 conf=0.2894 rank=8
         laya iter 4 -> mean_pool4 conf=0.2894 rank=8
         laya iter 5 -> mean_pool4 conf=0.2894 rank=8
[  70] dba            score= 0.6383 origin=baseline iters=5 stop=no new information in 3 consecutive turns
         TEST  smape=0.1595  rmse=16.2623  pocid=57.14  mape=0.1687  | FLOOR smape=0.1595
         laya iter 1 -> mean_pool1 conf=0.3884 rank=7
         laya iter 2 -> mean_pool4 conf=0.3313 rank=6
         laya iter 3 -> mean_pool4 conf=0.3313 rank=6
         laya iter 4 -> mean_pool4 conf=0.3313 rank=6
         laya iter 5 -> mean_pool4 conf=0.3313 rank=6
[  71] mean           score= 0.6857 origin=baseline iters=4 stop=no new information in 3 consecutive turns
         TEST  smape=0.0851  rmse=10.9971  pocid=28.57  mape=0.0856  | FLOOR smape=0.0851
         laya iter 1 -> best_ONLY_DWT_rf conf=0.4033 rank=2
         laya iter 2 -> best_ONLY_DWT_rf conf=0.4702 rank=2
         laya iter 3 -> best_ONLY_DWT_rf conf=0.4702 rank=2
         laya iter 4 -> best_ONLY_DWT_rf conf=0.4702 rank=2
[  72] median         score= 0.6780 origin=baseline iters=4 stop=no new information in 3 consecutive turns
         TEST  smape=0.1378  rmse=16.9550  pocid=57.14  mape=0.1516  | FLOOR smape=0.1378
         laya iter 1 -> best_DWT_rf conf=0.6974 rank=3
         laya iter 2 -> best_DWT_rf conf=0.8163 rank=3
         laya iter 3 -> best_DWT_rf conf=0.8163 rank=3
         laya iter 4 -> best_DWT_rf conf=0.8163 rank=3
[  73] mean           score= 0.6572 origin=baseline iters=5 stop=no new information in 3 consecutive turns
         TEST  smape=0.1579  rmse=18.2593  pocid=42.86  mape=0.1444  | FLOOR smape=0.1579
         laya iter 1 -> mean_pool1 conf=0.2921 rank=5
         laya iter 2 -> mean_pool4 conf=0.2563 rank=10
         laya iter 3 -> mean_pool4 conf=0.2563 rank=10
         laya iter 4 -> mean_pool4 conf=0.2563 rank=10
         laya iter 5 -> mean_pool4 conf=0.2563 rank=10
[  74] best_single    score= 0.6057 origin=agent    iters=4 stop=no new information in 3 consecutive turns
         TEST  smape=0.1115  rmse=13.7667  pocid=28.57  mape=0.1190  | FLOOR smape=0.1377
         laya iter 1 -> best_FT_rf conf=0.3913 rank=1
         laya iter 2 -> best_FT_rf conf=0.4901 rank=1
         laya iter 3 -> best_FT_rf conf=0.4901 rank=1
         laya iter 4 -> best_FT_rf conf=0.4901 rank=1
[  75] mean           score= 0.4107 origin=agent    iters=5 stop=no new information in 3 consecutive turns
         TEST  smape=0.1513  rmse=18.1347  pocid=71.43  mape=0.1388  | FLOOR smape=0.1245
         laya iter 1 -> mean_pool1 conf=0.399 rank=2
         laya iter 2 -> mean_pool4 conf=0.3273 rank=1
         laya iter 3 -> mean_pool4 conf=0.3273 rank=1
         laya iter 4 -> mean_pool4 conf=0.3273 rank=1
         laya iter 5 -> mean_pool4 conf=0.3273 rank=1
[  76] mean           score= 0.5996 origin=baseline iters=4 stop=no new information in 3 consecutive turns
         TEST  smape=0.0786  rmse=11.7526  pocid=57.14  mape=0.0820  | FLOOR smape=0.0786
         laya iter 1 -> best_ETS conf=0.5079 rank=10
         laya iter 2 -> best_ETS conf=0.6602 rank=10
         laya iter 3 -> best_ETS conf=0.6602 rank=10
         laya iter 4 -> best_ETS conf=0.6602 rank=10
[  77] mean           score= 0.5843 origin=baseline iters=4 stop=no new information in 3 consecutive turns
         TEST  smape=0.0885  rmse=17.1500  pocid=42.86  mape=0.0933  | FLOOR smape=0.0885
         laya iter 1 -> best_rf conf=0.5343 rank=3
         laya iter 2 -> best_rf conf=0.5509 rank=3
         laya iter 3 -> best_rf conf=0.5509 rank=3
         laya iter 4 -> best_rf conf=0.5509 rank=3
[  78] trimmed_mean   score= 0.6282 origin=baseline iters=4 stop=no new information in 3 consecutive turns
         TEST  smape=0.1014  rmse=13.7804  pocid=14.29  mape=0.0958  | FLOOR smape=0.1014
         laya iter 1 -> best_ONLY_DWT_rf conf=0.5552 rank=9
         laya iter 2 -> best_ONLY_DWT_rf conf=0.6551 rank=9
         laya iter 3 -> best_ONLY_DWT_rf conf=0.6551 rank=9
         laya iter 4 -> best_ONLY_DWT_rf conf=0.6551 rank=9
[  79] trimmed_mean   score= 0.6296 origin=baseline iters=5 stop=no new information in 3 consecutive turns
         TEST  smape=0.1177  rmse=23.0436  pocid=71.43  mape=0.1205  | FLOOR smape=0.1177
         laya iter 1 -> mean_pool1 conf=0.3204 rank=3
         laya iter 2 -> best_ETS conf=0.3112 rank=2
         laya iter 3 -> best_ETS conf=0.3112 rank=2
         laya iter 4 -> best_ETS conf=0.3112 rank=2
         laya iter 5 -> best_ETS conf=0.3112 rank=2
[  80] trimmed_mean   score= 0.6175 origin=baseline iters=4 stop=no new information in 3 consecutive turns
         TEST  smape=0.1695  rmse=12.9178  pocid=0.00  mape=0.1919  | FLOOR smape=0.1695
         laya iter 1 -> best_ONLY_CWT_catboost conf=0.7962 rank=9
         laya iter 2 -> best_ONLY_CWT_catboost conf=0.8137 rank=9
         laya iter 3 -> best_ONLY_CWT_catboost conf=0.8137 rank=9
         laya iter 4 -> best_ONLY_CWT_catboost conf=0.8137 rank=9
[  81] dba            score= 0.6377 origin=baseline iters=5 stop=no new information in 3 consecutive turns
         TEST  smape=0.1137  rmse=11.8396  pocid=85.71  mape=0.1109  | FLOOR smape=0.1137
         laya iter 1 -> mean_pool1 conf=0.3439 rank=7
         laya iter 2 -> mean_pool4 conf=0.2967 rank=10
         laya iter 3 -> mean_pool4 conf=0.2967 rank=10
         laya iter 4 -> mean_pool4 conf=0.2967 rank=10
         laya iter 5 -> mean_pool4 conf=0.2967 rank=10
[  82] best_single    score= 0.6165 origin=agent    iters=4 stop=no new information in 3 consecutive turns
         TEST  smape=0.1361  rmse=36.3039  pocid=14.29  mape=0.1365  | FLOOR smape=0.1296
         laya iter 1 -> best_ONLY_FT_catboost conf=0.424 rank=1
         laya iter 2 -> best_ONLY_FT_catboost conf=0.4852 rank=1
         laya iter 3 -> best_ONLY_FT_catboost conf=0.4852 rank=1
         laya iter 4 -> best_ONLY_FT_catboost conf=0.4852 rank=1
[  83] mean           score= 0.6857 origin=baseline iters=5 stop=no new information in 3 consecutive turns
         TEST  smape=0.1207  rmse=21.0334  pocid=42.86  mape=0.1114  | FLOOR smape=0.1207
         laya iter 1 -> mean_pool1 conf=0.3327 rank=8
         laya iter 2 -> mean_pool4 conf=0.2636 rank=8
         laya iter 3 -> mean_pool4 conf=0.2636 rank=8
         laya iter 4 -> mean_pool4 conf=0.2636 rank=8
         laya iter 5 -> mean_pool4 conf=0.2636 rank=8
[  84] mean           score= 0.6932 origin=baseline iters=5 stop=no new information in 3 consecutive turns
         TEST  smape=0.1366  rmse=14.3723  pocid=42.86  mape=0.1534  | FLOOR smape=0.1366
         laya iter 1 -> mean_pool1 conf=0.4526 rank=9
         laya iter 2 -> mean_pool4 conf=0.3486 rank=7
         laya iter 3 -> mean_pool4 conf=0.3486 rank=7
         laya iter 4 -> mean_pool4 conf=0.3486 rank=7
         laya iter 5 -> mean_pool4 conf=0.3486 rank=7
[  85] best_single    score= 0.6329 origin=agent    iters=5 stop=no new information in 3 consecutive turns
         TEST  smape=0.0974  rmse=10.4743  pocid=71.43  mape=0.0974  | FLOOR smape=0.0844
         laya iter 1 -> mean_pool_full conf=0.3491 rank=4
         laya iter 2 -> best_ONLY_FT_catboost conf=0.3382 rank=1
         laya iter 3 -> best_ONLY_FT_catboost conf=0.3382 rank=1
         laya iter 4 -> best_ONLY_FT_catboost conf=0.3382 rank=1
         laya iter 5 -> best_ONLY_FT_catboost conf=0.3382 rank=1
[  86] dba            score= 0.6423 origin=baseline iters=5 stop=no new information in 3 consecutive turns
         TEST  smape=0.0894  rmse=13.5008  pocid=71.43  mape=0.0866  | FLOOR smape=0.0894
         laya iter 1 -> mean_pool_full conf=0.3512 rank=2
         laya iter 2 -> mean_pool4 conf=0.2572 rank=3
         laya iter 3 -> mean_pool4 conf=0.2572 rank=3
         laya iter 4 -> mean_pool4 conf=0.2572 rank=3
         laya iter 5 -> mean_pool4 conf=0.2572 rank=3
[  87] best_single    score= 0.6018 origin=agent    iters=5 stop=no new information in 3 consecutive turns
         TEST  smape=0.3971  rmse=33.1908  pocid=28.57  mape=0.5030  | FLOOR smape=0.4153
         laya iter 1 -> mean_pool1 conf=0.3618 rank=4
         laya iter 2 -> best_ARIMA conf=0.3292 rank=1
         laya iter 3 -> best_ARIMA conf=0.3292 rank=1
         laya iter 4 -> best_ARIMA conf=0.3292 rank=1
         laya iter 5 -> best_ARIMA conf=0.3292 rank=1
[  88] median         score= 0.6488 origin=baseline iters=5 stop=no new information in 3 consecutive turns
         TEST  smape=0.3900  rmse=28.7573  pocid=71.43  mape=0.5437  | FLOOR smape=0.3900
         laya iter 1 -> mean_pool1 conf=0.3581 rank=8
         laya iter 2 -> mean_pool4 conf=0.2638 rank=10
         laya iter 3 -> mean_pool4 conf=0.2638 rank=10
         laya iter 4 -> mean_pool4 conf=0.2638 rank=10
         laya iter 5 -> mean_pool4 conf=0.2638 rank=10
[  89] median         score= 0.6878 origin=baseline iters=5 stop=no new information in 3 consecutive turns
         TEST  smape=0.1170  rmse=19.8321  pocid=28.57  mape=0.1294  | FLOOR smape=0.1170
         laya iter 1 -> mean_pool_full conf=0.4007 rank=3
         laya iter 2 -> mean_pool4 conf=0.3244 rank=7
         laya iter 3 -> mean_pool4 conf=0.3244 rank=7
         laya iter 4 -> mean_pool4 conf=0.3244 rank=7
         laya iter 5 -> mean_pool4 conf=0.3244 rank=7
[  90] mean           score= 0.6163 origin=baseline iters=5 stop=no new information in 3 consecutive turns
         TEST  smape=0.0993  rmse=13.2988  pocid=57.14  mape=0.1112  | FLOOR smape=0.0993
         laya iter 1 -> mean_pool1 conf=0.3475 rank=5
         laya iter 2 -> mean_pool4 conf=0.2703 rank=10
         laya iter 3 -> mean_pool4 conf=0.2703 rank=10
         laya iter 4 -> mean_pool4 conf=0.2703 rank=10
         laya iter 5 -> mean_pool4 conf=0.2703 rank=10
[  91] mean           score= 0.6052 origin=baseline iters=5 stop=no new information in 3 consecutive turns
         TEST  smape=0.1806  rmse=21.6758  pocid=57.14  mape=0.1667  | FLOOR smape=0.1806
         laya iter 1 -> mean_pool_full conf=0.4036 rank=6
         laya iter 2 -> mean_pool4 conf=0.3126 rank=3
         laya iter 3 -> mean_pool4 conf=0.3126 rank=3
         laya iter 4 -> mean_pool4 conf=0.3126 rank=3
         laya iter 5 -> mean_pool4 conf=0.3126 rank=3
[  92] dba            score= 0.6467 origin=baseline iters=4 stop=no new information in 3 consecutive turns
         TEST  smape=0.1299  rmse=27.6728  pocid=71.43  mape=0.1214  | FLOOR smape=0.1299
         laya iter 1 -> best_rf conf=0.6339 rank=4
         laya iter 2 -> best_rf conf=0.6966 rank=4
         laya iter 3 -> best_rf conf=0.6966 rank=4
         laya iter 4 -> best_rf conf=0.6966 rank=4
[  93] best_single    score= 0.4692 origin=agent    iters=4 stop=no new information in 3 consecutive turns
         TEST  smape=0.1284  rmse=18.4865  pocid=0.00  mape=0.1292  | FLOOR smape=0.1256
         laya iter 1 -> best_ETS conf=0.399 rank=1
         laya iter 2 -> best_ETS conf=0.3962 rank=1
         laya iter 3 -> best_ETS conf=0.3962 rank=1
         laya iter 4 -> best_ETS conf=0.3962 rank=1
[  94] trimmed_mean   score= 0.6267 origin=baseline iters=5 stop=no new information in 3 consecutive turns
         TEST  smape=0.0954  rmse=18.6102  pocid=57.14  mape=0.0906  | FLOOR smape=0.0954
         laya iter 1 -> mean_pool_full conf=0.4082 rank=3
         laya iter 2 -> mean_pool4 conf=0.3275 rank=2
         laya iter 3 -> mean_pool4 conf=0.3275 rank=2
         laya iter 4 -> mean_pool4 conf=0.3275 rank=2
         laya iter 5 -> mean_pool4 conf=0.3275 rank=2
[  95] mean           score= 0.5994 origin=agent    iters=5 stop=no new information in 3 consecutive turns
         TEST  smape=0.0584  rmse=10.8459  pocid=28.57  mape=0.0601  | FLOOR smape=0.0423
         laya iter 1 -> mean_pool1 conf=0.3299 rank=3
         laya iter 2 -> mean_pool4 conf=0.2365 rank=1
         laya iter 3 -> mean_pool4 conf=0.2365 rank=1
         laya iter 4 -> mean_pool4 conf=0.2365 rank=1
         laya iter 5 -> mean_pool4 conf=0.2365 rank=1
[  96] mean           score= 0.4739 origin=baseline iters=5 stop=no new information in 3 consecutive turns
         TEST  smape=0.1002  rmse=12.8702  pocid=57.14  mape=0.1004  | FLOOR smape=0.1002
         laya iter 1 -> mean_pool1 conf=0.3654 rank=5
         laya iter 2 -> mean_pool4 conf=0.276 rank=8
         laya iter 3 -> mean_pool4 conf=0.276 rank=8
         laya iter 4 -> mean_pool4 conf=0.276 rank=8
         laya iter 5 -> mean_pool4 conf=0.276 rank=8
[  97] mean           score= 0.7036 origin=baseline iters=5 stop=no new information in 3 consecutive turns
         TEST  smape=0.1185  rmse=23.7866  pocid=57.14  mape=0.1382  | FLOOR smape=0.1185
         laya iter 1 -> mean_pool_full conf=0.4414 rank=5
         laya iter 2 -> mean_pool4 conf=0.3385 rank=10
         laya iter 3 -> mean_pool4 conf=0.3385 rank=10
         laya iter 4 -> mean_pool4 conf=0.3385 rank=10
         laya iter 5 -> mean_pool4 conf=0.3385 rank=10
[  98] dba            score= 0.6345 origin=baseline iters=5 stop=no new information in 3 consecutive turns
         TEST  smape=0.1435  rmse=19.7560  pocid=28.57  mape=0.1363  | FLOOR smape=0.1435
         laya iter 1 -> mean_pool_full conf=0.3525 rank=2
         laya iter 2 -> mean_pool4 conf=0.2909 rank=9
         laya iter 3 -> mean_pool4 conf=0.2909 rank=9
         laya iter 4 -> mean_pool4 conf=0.2909 rank=9
         laya iter 5 -> mean_pool4 conf=0.2909 rank=9
[  99] mean           score= 0.4563 origin=agent    iters=5 stop=no new information in 3 consecutive turns
         TEST  smape=0.0639  rmse=8.1392  pocid=57.14  mape=0.0628  | FLOOR smape=0.0674
         laya iter 1 -> mean_pool1 conf=0.3692 rank=2
         laya iter 2 -> mean_pool4 conf=0.2683 rank=1
         laya iter 3 -> mean_pool4 conf=0.2683 rank=1
         laya iter 4 -> mean_pool4 conf=0.2683 rank=1
         laya iter 5 -> mean_pool4 conf=0.2683 rank=1
[ 100] best_single    score= 0.4961 origin=agent    iters=5 stop=no new information in 3 consecutive turns
         TEST  smape=0.1122  rmse=18.6949  pocid=0.00  mape=0.1137  | FLOOR smape=0.1093
         laya iter 1 -> mean_pool1 conf=0.3529 rank=2
         laya iter 2 -> best_ETS conf=0.3367 rank=1
         laya iter 3 -> best_ETS conf=0.3367 rank=1
         laya iter 4 -> best_ETS conf=0.3367 rank=1
         laya iter 5 -> best_ETS conf=0.3367 rank=1
[ 101] best_single    score= 0.5618 origin=agent    iters=5 stop=no new information in 3 consecutive turns
         TEST  smape=0.0802  rmse=12.4844  pocid=0.00  mape=0.0814  | FLOOR smape=0.0915
         laya iter 1 -> mean_pool1 conf=0.3554 rank=9
         laya iter 2 -> best_ETS conf=0.3201 rank=1
         laya iter 3 -> best_ETS conf=0.3201 rank=1
         laya iter 4 -> best_ETS conf=0.3201 rank=1
         laya iter 5 -> best_ETS conf=0.3201 rank=1
[ 102] trimmed_mean   score= 0.7090 origin=baseline iters=4 stop=no new information in 3 consecutive turns
         TEST  smape=0.1511  rmse=10.9337  pocid=42.86  mape=0.1403  | FLOOR smape=0.1511
         laya iter 1 -> best_ONLY_CWT_rf conf=0.9698 rank=7
         laya iter 2 -> best_ONLY_CWT_rf conf=0.9825 rank=7
         laya iter 3 -> best_ONLY_CWT_rf conf=0.9825 rank=7
         laya iter 4 -> best_ONLY_CWT_rf conf=0.9825 rank=7
[ 103] dba            score= 0.6755 origin=baseline iters=3 stop=no new information in 3 consecutive turns
         TEST  smape=0.1008  rmse=18.7019  pocid=57.14  mape=0.0976  | FLOOR smape=0.1008
         laya iter 1 -> mean_pool_full conf=0.3792 rank=2
         laya iter 2 -> mean_pool_full conf=0.2789 rank=2
         laya iter 3 -> mean_pool_full conf=0.2789 rank=2
[ 104] median         score= 0.6796 origin=baseline iters=4 stop=no new information in 3 consecutive turns
         TEST  smape=0.0414  rmse=5.8662  pocid=57.14  mape=0.0421  | FLOOR smape=0.0414
         laya iter 1 -> best_ONLY_DWT_catboost conf=0.4603 rank=2
         laya iter 2 -> best_ONLY_DWT_catboost conf=0.4477 rank=2
         laya iter 3 -> best_ONLY_DWT_catboost conf=0.4477 rank=2
         laya iter 4 -> best_ONLY_DWT_catboost conf=0.4477 rank=2
[ 105] median         score= 0.6583 origin=baseline iters=5 stop=no new information in 3 consecutive turns
         TEST  smape=0.0585  rmse=9.9628  pocid=57.14  mape=0.0591  | FLOOR smape=0.0585
         laya iter 1 -> mean_pool1 conf=0.27 rank=9
         laya iter 2 -> best_ONLY_DWT_rf conf=0.2486 rank=6
         laya iter 3 -> best_ONLY_DWT_rf conf=0.2486 rank=6
         laya iter 4 -> best_ONLY_DWT_rf conf=0.2486 rank=6
         laya iter 5 -> best_ONLY_DWT_rf conf=0.2486 rank=6
[ 106] best_single    score= 0.5604 origin=agent    iters=5 stop=no new information in 3 consecutive turns
         TEST  smape=0.1585  rmse=19.5066  pocid=42.86  mape=0.1681  | FLOOR smape=0.1564
         laya iter 1 -> mean_pool1 conf=0.4081 rank=4
         laya iter 2 -> best_ONLY_FT_catboost conf=0.3484 rank=1
         laya iter 3 -> best_ONLY_FT_catboost conf=0.3484 rank=1
         laya iter 4 -> best_ONLY_FT_catboost conf=0.3484 rank=1
         laya iter 5 -> best_ONLY_FT_catboost conf=0.3484 rank=1
[ 107] trimmed_mean   score= 0.6052 origin=baseline iters=5 stop=no new information in 3 consecutive turns
         TEST  smape=0.1064  rmse=14.7482  pocid=42.86  mape=0.1098  | FLOOR smape=0.1064
         laya iter 1 -> mean_pool1 conf=0.3833 rank=2
         laya iter 2 -> mean_pool4 conf=0.2794 rank=3
         laya iter 3 -> mean_pool4 conf=0.2794 rank=3
         laya iter 4 -> mean_pool4 conf=0.2794 rank=3
         laya iter 5 -> mean_pool4 conf=0.2794 rank=3
[ 108] mean           score= 0.6762 origin=baseline iters=4 stop=no new information in 3 consecutive turns
         TEST  smape=0.0835  rmse=17.3461  pocid=57.14  mape=0.0799  | FLOOR smape=0.0835
         laya iter 1 -> best_ETS conf=0.354 rank=7
         laya iter 2 -> best_ETS conf=0.4537 rank=7
         laya iter 3 -> best_ETS conf=0.4537 rank=7
         laya iter 4 -> best_ETS conf=0.4537 rank=7
[ 109] mean           score= 0.5400 origin=agent    iters=5 stop=no new information in 3 consecutive turns
         TEST  smape=0.2457  rmse=66.0666  pocid=57.14  mape=0.2331  | FLOOR smape=0.3514
         laya iter 1 -> mean_pool1 conf=0.4055 rank=4
         laya iter 2 -> mean_pool4 conf=0.2877 rank=1
         laya iter 3 -> mean_pool4 conf=0.2877 rank=1
         laya iter 4 -> mean_pool4 conf=0.2877 rank=1
         laya iter 5 -> mean_pool4 conf=0.2877 rank=1
[ 110] trimmed_mean   score= 0.6209 origin=baseline iters=5 stop=no new information in 3 consecutive turns
         TEST  smape=0.1009  rmse=13.8069  pocid=28.57  mape=0.0952  | FLOOR smape=0.1009
         laya iter 1 -> mean_pool_full conf=0.3413 rank=3
         laya iter 2 -> best_ONLY_DWT_rf conf=0.2842 rank=10
         laya iter 3 -> best_ONLY_DWT_rf conf=0.2842 rank=10
         laya iter 4 -> best_ONLY_DWT_rf conf=0.2842 rank=10
         laya iter 5 -> best_ONLY_DWT_rf conf=0.2842 rank=10
--------------------------------------------------------------------------
done in 17.3s | ok: 111 | failed: 0
DATASET SUMMARY over 111 series (mean across series):
  this run   smape=0.1188  rmse=18.3732  pocid=43.63  mape=0.1227  mae=15.2404
  baseline   smape=0.1156  rmse=18.2258  pocid=46.46  mape=0.1207  <- this run is WORSE than the seed floor
  mean       smape=0.1199  rmse=18.8837  pocid=44.53  mape=0.1241  <- this run is better
  median     smape=0.1201  rmse=18.6626  pocid=46.20  mape=0.1238  <- this run is better
  dba        smape=0.1226  rmse=19.3352  pocid=46.46  mape=0.1265  <- this run is better
  ADE        smape=0.1178  rmse=18.5121  pocid=45.05  mape=0.1219  <- this run is better
  FFORMA     smape=0.1197  rmse=18.8493  pocid=44.66  mape=0.1239  <- this run is better
csv: ./timeseries/mestrado/resultados/orchestrator_laya_laya_v0/NN5_WEEKLY_DATASET.csv
