nohup: ignoring input
WARNING: 5 model(s) do not share the pool's windows on ETTM2 and are being DROPPED for every series: ['ONLY_CWT_catboost', 'ONLY_DWT_catboost', 'ONLY_DWT_rf', 'ONLY_FT_catboost', 'ONLY_FT_rf']
dataset      : ETTM2
source       : ETTM2.tsf
models       : 14
agent        : laya-multilingual (max_len=8192)
writing to   : ./timeseries/mestrado/resultados/orchestrator_laya_laya_v0_ml8192
--------------------------------------------------------------------------
/home/lucas.castro/.conda/envs/agno/lib/python3.11/site-packages/tslearn/bases/bases.py:15: UserWarning: h5py not installed, hdf5 features will not be supported.
Install h5py to use hdf5 features: http://docs.h5py.org/
  warn(h5py_msg)
Fetching 5 files:   0%|          | 0/5 [00:00<?, ?it/s]Fetching 5 files: 100%|██████████| 5/5 [00:00<00:00, 2684.18it/s]
[   0] median         score=-0.0820 origin=agent    iters=5 stop=no new information in 3 consecutive turns
         TEST  smape=0.2052  rmse=8.3393  pocid=52.17  mape=0.1838  | FLOOR smape=0.1983
         laya iter 1 -> median_pool2 conf=0.2628 rank=2
         laya iter 2 -> median_pool1 conf=0.5139 rank=1
         laya iter 3 -> median_pool1 conf=0.4587 rank=1
         laya iter 4 -> median_pool1 conf=0.4587 rank=1
         laya iter 5 -> median_pool1 conf=0.4587 rank=1
[   1] mean           score=-0.0775 origin=baseline iters=4 stop=no new information in 3 consecutive turns
         TEST  smape=0.2653  rmse=2.9583  pocid=47.83  mape=0.2323  | FLOOR smape=0.2653
         laya iter 1 -> median_pool2 conf=0.7708 rank=7
         laya iter 2 -> median_pool2 conf=0.429 rank=7
         laya iter 3 -> median_pool2 conf=0.429 rank=7
         laya iter 4 -> median_pool2 conf=0.429 rank=7
[   2] mean           score=-0.1042 origin=baseline iters=5 stop=no new information in 3 consecutive turns
         TEST  smape=0.1569  rmse=8.0382  pocid=52.17  mape=0.1446  | FLOOR smape=0.1569
         laya iter 1 -> median_pool2 conf=0.8351 rank=4
         laya iter 2 -> trimmed_mean_pool_full conf=0.186 rank=9
         laya iter 3 -> trimmed_mean_pool_full conf=0.186 rank=9
         laya iter 4 -> trimmed_mean_pool_full conf=0.186 rank=9
         laya iter 5 -> trimmed_mean_pool_full conf=0.186 rank=9
[   3] median         score=-0.0801 origin=agent    iters=4 stop=no new information in 3 consecutive turns
         TEST  smape=0.2575  rmse=2.9991  pocid=39.13  mape=0.2265  | FLOOR smape=0.2551
         laya iter 1 -> median_pool2 conf=0.7354 rank=1
         laya iter 2 -> median_pool2 conf=0.9428 rank=1
         laya iter 3 -> median_pool2 conf=0.9428 rank=1
         laya iter 4 -> median_pool2 conf=0.9428 rank=1
[   4] trimmed_mean   score=-0.0512 origin=baseline iters=4 stop=no new information in 3 consecutive turns
         TEST  smape=0.0741  rmse=0.9424  pocid=21.74  mape=0.0705  | FLOOR smape=0.0741
         laya iter 1 -> median_pool2 conf=0.3187 rank=4
         laya iter 2 -> median_pool2 conf=0.4555 rank=4
         laya iter 3 -> median_pool2 conf=0.4555 rank=4
         laya iter 4 -> median_pool2 conf=0.4555 rank=4
[   5] mean           score= 0.0447 origin=baseline iters=4 stop=no new information in 3 consecutive turns
         TEST  smape=0.4531  rmse=0.7836  pocid=30.43  mape=0.3633  | FLOOR smape=0.4531
         laya iter 1 -> best_ONLY_CWT_rf conf=0.5961 rank=6
         laya iter 2 -> best_ONLY_CWT_rf conf=0.9924 rank=6
         laya iter 3 -> best_ONLY_CWT_rf conf=0.9924 rank=6
         laya iter 4 -> best_ONLY_CWT_rf conf=0.9924 rank=6
[   6] mean           score= 0.2793 origin=baseline iters=6 stop=no new information in 3 consecutive turns
         TEST  smape=0.0183  rmse=1.0657  pocid=60.87  mape=0.0180  | FLOOR smape=0.0183
         laya iter 1 -> median_pool3 conf=0.6858 rank=6
         laya iter 2 -> median_pool2 conf=1.0 rank=5
         laya iter 3 -> median_pool1 conf=0.5591 rank=5
         laya iter 4 -> median_pool2 conf=0.9608 rank=6
         laya iter 5 -> median_pool2 conf=0.9608 rank=6
         laya iter 6 -> median_pool2 conf=0.9608 rank=6
--------------------------------------------------------------------------
done in 46.4s | ok: 7 | failed: 0
DATASET SUMMARY over 7 series (mean across series):
  this run   smape=0.2043  rmse=3.5895  pocid=43.48  mape=0.1770  mae=3.3431
  baseline   smape=0.2030  rmse=3.5354  pocid=45.34  mape=0.1760  <- this run is WORSE than the seed floor
  mean       smape=1.7405  rmse=63484511305.5706  pocid=43.48  mape=3253528624.5137  <- this run is better
  median     smape=0.1997  rmse=3.6501  pocid=39.13  mape=0.1739  <- this run is better
  dba        smape=1.7438  rmse=106383343565.7140  pocid=37.27  mape=2228290941.4547  <- this run is better
  ADE        smape=0.1872  rmse=4.0934  pocid=31.06  mape=0.1752  <- this run is better
  FFORMA     smape=0.1654  rmse=3.9513  pocid=31.06  mape=0.1525  <- this run is better
csv: ./timeseries/mestrado/resultados/orchestrator_laya_laya_v0_ml8192/ETTM2.csv
dataset      : NN5_WEEKLY_DATASET
source       : nn5_weekly_dataset.tsf
models       : 19
agent        : laya-multilingual (max_len=8192)
writing to   : ./timeseries/mestrado/resultados/orchestrator_laya_laya_v0_ml8192
--------------------------------------------------------------------------
Fetching 5 files:   0%|          | 0/5 [00:00<?, ?it/s]Fetching 5 files: 100%|██████████| 5/5 [00:00<00:00, 2399.21it/s]
[   0] best_single    score= 0.6156 origin=agent    iters=4 stop=no new information in 3 consecutive turns
         TEST  smape=0.0409  rmse=14.5924  pocid=42.86  mape=0.0399  | FLOOR smape=0.0422
         laya iter 1 -> best_ONLY_FT_rf conf=0.5899 rank=1
         laya iter 2 -> best_ONLY_FT_rf conf=0.9765 rank=1
         laya iter 3 -> best_ONLY_FT_rf conf=0.9765 rank=1
         laya iter 4 -> best_ONLY_FT_rf conf=0.9765 rank=1
[   1] trimmed_mean   score= 0.5579 origin=baseline iters=4 stop=no new information in 3 consecutive turns
         TEST  smape=0.1090  rmse=16.3937  pocid=28.57  mape=0.1027  | FLOOR smape=0.1090
         laya iter 1 -> median_pool2 conf=0.4677 rank=3
         laya iter 2 -> median_pool2 conf=0.9616 rank=3
         laya iter 3 -> median_pool2 conf=0.9616 rank=3
         laya iter 4 -> median_pool2 conf=0.9616 rank=3
[   2] best_single    score= 0.5961 origin=agent    iters=4 stop=no new information in 3 consecutive turns
         TEST  smape=0.0789  rmse=16.6496  pocid=57.14  mape=0.0769  | FLOOR smape=0.0697
         laya iter 1 -> best_FT_catboost conf=0.3784 rank=1
         laya iter 2 -> best_FT_catboost conf=0.4648 rank=1
         laya iter 3 -> best_FT_catboost conf=0.4648 rank=1
         laya iter 4 -> best_FT_catboost conf=0.4648 rank=1
[   3] dba            score= 0.7144 origin=baseline iters=5 stop=no new information in 3 consecutive turns
         TEST  smape=0.0826  rmse=16.0588  pocid=28.57  mape=0.0857  | FLOOR smape=0.0826
         laya iter 1 -> trimmed_mean_pool2 conf=0.3215 rank=6
         laya iter 2 -> median_pool2 conf=0.7001 rank=8
         laya iter 3 -> median_pool2 conf=0.7001 rank=8
         laya iter 4 -> median_pool2 conf=0.7001 rank=8
         laya iter 5 -> median_pool2 conf=0.7001 rank=8
[   4] mean           score= 0.7048 origin=baseline iters=4 stop=no new information in 3 consecutive turns
         TEST  smape=0.0998  rmse=23.6849  pocid=42.86  mape=0.0921  | FLOOR smape=0.0998
         laya iter 1 -> median_pool2 conf=0.8768 rank=10
         laya iter 2 -> median_pool2 conf=0.6102 rank=10
         laya iter 3 -> median_pool2 conf=0.6102 rank=10
         laya iter 4 -> median_pool2 conf=0.6102 rank=10
[   5] best_single    score= 0.6311 origin=agent    iters=4 stop=no new information in 3 consecutive turns
         TEST  smape=0.1164  rmse=19.7825  pocid=42.86  mape=0.1261  | FLOOR smape=0.1078
         laya iter 1 -> best_ONLY_DWT_catboost conf=0.5949 rank=1
         laya iter 2 -> best_ONLY_DWT_catboost conf=0.6627 rank=1
         laya iter 3 -> best_ONLY_DWT_catboost conf=0.6627 rank=1
         laya iter 4 -> best_ONLY_DWT_catboost conf=0.6627 rank=1
[   6] mean           score= 0.4362 origin=baseline iters=4 stop=no new information in 3 consecutive turns
         TEST  smape=0.1187  rmse=21.3796  pocid=14.29  mape=0.1099  | FLOOR smape=0.1187
         laya iter 1 -> median_pool2 conf=0.3651 rank=3
         laya iter 2 -> median_pool2 conf=0.743 rank=3
         laya iter 3 -> median_pool2 conf=0.743 rank=3
         laya iter 4 -> median_pool2 conf=0.743 rank=3
[   7] trimmed_mean   score= 0.7414 origin=agent    iters=4 stop=no new information in 3 consecutive turns
         TEST  smape=0.1152  rmse=17.8077  pocid=42.86  mape=0.1194  | FLOOR smape=0.1228
         laya iter 1 -> trimmed_mean_pool_full conf=0.3636 rank=1
         laya iter 2 -> trimmed_mean_pool_full conf=0.7213 rank=1
         laya iter 3 -> trimmed_mean_pool_full conf=0.7213 rank=1
         laya iter 4 -> trimmed_mean_pool_full conf=0.7213 rank=1
[   8] dba            score= 0.6415 origin=baseline iters=3 stop=no new information in 3 consecutive turns
         TEST  smape=0.1042  rmse=7.4097  pocid=57.14  mape=0.1132  | FLOOR smape=0.1042
         laya iter 1 -> median_pool_full conf=0.5082 rank=4
         laya iter 2 -> median_pool_full conf=0.6935 rank=4
         laya iter 3 -> median_pool_full conf=0.6935 rank=4
[   9] mean           score= 0.7333 origin=baseline iters=5 stop=no new information in 3 consecutive turns
         TEST  smape=0.1040  rmse=17.5233  pocid=28.57  mape=0.0998  | FLOOR smape=0.1040
         laya iter 1 -> trimmed_mean_pool2 conf=0.452 rank=4
         laya iter 2 -> median_pool2 conf=0.3934 rank=5
         laya iter 3 -> median_pool2 conf=0.4172 rank=5
         laya iter 4 -> median_pool2 conf=0.4172 rank=5
         laya iter 5 -> median_pool2 conf=0.4172 rank=5
[  10] dba            score= 0.5977 origin=baseline iters=5 stop=no new information in 3 consecutive turns
         TEST  smape=0.1199  rmse=21.0343  pocid=71.43  mape=0.1162  | FLOOR smape=0.1199
         laya iter 1 -> median_pool_full conf=0.3393 rank=4
         laya iter 2 -> median_pool2 conf=0.4762 rank=10
         laya iter 3 -> median_pool2 conf=0.4762 rank=10
         laya iter 4 -> median_pool2 conf=0.4762 rank=10
         laya iter 5 -> median_pool2 conf=0.4762 rank=10
[  11] mean           score= 0.6156 origin=baseline iters=4 stop=no new information in 3 consecutive turns
         TEST  smape=0.1394  rmse=16.4066  pocid=14.29  mape=0.1347  | FLOOR smape=0.1394
         laya iter 1 -> median_pool2 conf=0.8104 rank=3
         laya iter 2 -> median_pool2 conf=0.4159 rank=3
         laya iter 3 -> median_pool2 conf=0.4159 rank=3
         laya iter 4 -> median_pool2 conf=0.4159 rank=3
[  12] mean           score= 0.6331 origin=baseline iters=4 stop=no new information in 3 consecutive turns
         TEST  smape=0.1194  rmse=19.5971  pocid=28.57  mape=0.1159  | FLOOR smape=0.1194
         laya iter 1 -> median_pool2 conf=0.5376 rank=2
         laya iter 2 -> median_pool2 conf=0.4413 rank=2
         laya iter 3 -> median_pool2 conf=0.4413 rank=2
         laya iter 4 -> median_pool2 conf=0.4413 rank=2
[  13] trimmed_mean   score= 0.6667 origin=baseline iters=3 stop=no new information in 3 consecutive turns
         TEST  smape=0.0794  rmse=12.6205  pocid=42.86  mape=0.0785  | FLOOR smape=0.0794
         laya iter 1 -> median_pool_full conf=0.3909 rank=3
         laya iter 2 -> median_pool_full conf=0.5287 rank=3
         laya iter 3 -> median_pool_full conf=0.5287 rank=3
[  14] mean           score= 0.6857 origin=baseline iters=4 stop=no new information in 3 consecutive turns
         TEST  smape=0.0704  rmse=10.8648  pocid=42.86  mape=0.0688  | FLOOR smape=0.0704
         laya iter 1 -> median_pool2 conf=0.4964 rank=5
         laya iter 2 -> median_pool2 conf=0.6445 rank=5
         laya iter 3 -> median_pool2 conf=0.6445 rank=5
         laya iter 4 -> median_pool2 conf=0.6445 rank=5
[  15] median         score= 0.6844 origin=baseline iters=4 stop=no new information in 3 consecutive turns
         TEST  smape=0.0618  rmse=12.1874  pocid=42.86  mape=0.0595  | FLOOR smape=0.0618
         laya iter 1 -> median_pool2 conf=0.509 rank=3
         laya iter 2 -> median_pool2 conf=0.3679 rank=3
         laya iter 3 -> median_pool2 conf=0.3679 rank=3
         laya iter 4 -> median_pool2 conf=0.3679 rank=3
[  16] median         score= 0.6431 origin=baseline iters=4 stop=no new information in 3 consecutive turns
         TEST  smape=0.1198  rmse=20.7102  pocid=57.14  mape=0.1218  | FLOOR smape=0.1198
         laya iter 1 -> median_pool2 conf=0.4257 rank=6
         laya iter 2 -> median_pool2 conf=0.4722 rank=6
         laya iter 3 -> median_pool2 conf=0.4722 rank=6
         laya iter 4 -> median_pool2 conf=0.4722 rank=6
[  17] best_single    score= 0.5436 origin=agent    iters=4 stop=no new information in 3 consecutive turns
         TEST  smape=0.1055  rmse=17.4380  pocid=85.71  mape=0.0994  | FLOOR smape=0.0593
         laya iter 1 -> best_ONLY_FT_rf conf=0.9838 rank=1
         laya iter 2 -> best_ONLY_FT_rf conf=0.978 rank=1
         laya iter 3 -> best_ONLY_FT_rf conf=0.978 rank=1
         laya iter 4 -> best_ONLY_FT_rf conf=0.978 rank=1
[  18] mean           score= 0.7048 origin=baseline iters=4 stop=no new information in 3 consecutive turns
         TEST  smape=0.0528  rmse=14.4762  pocid=28.57  mape=0.0561  | FLOOR smape=0.0528
         laya iter 1 -> median_pool2 conf=0.6131 rank=6
         laya iter 2 -> median_pool2 conf=0.9607 rank=6
         laya iter 3 -> median_pool2 conf=0.9607 rank=6
         laya iter 4 -> median_pool2 conf=0.9607 rank=6
[  19] mean           score= 0.7306 origin=baseline iters=4 stop=no new information in 3 consecutive turns
         TEST  smape=0.0718  rmse=11.9468  pocid=85.71  mape=0.0680  | FLOOR smape=0.0718
         laya iter 1 -> trimmed_mean_pool_full conf=0.2322 rank=4
         laya iter 2 -> trimmed_mean_pool_full conf=0.3501 rank=4
         laya iter 3 -> trimmed_mean_pool_full conf=0.3501 rank=4
         laya iter 4 -> trimmed_mean_pool_full conf=0.3501 rank=4
[  20] median         score= 0.7064 origin=baseline iters=5 stop=no new information in 3 consecutive turns
         TEST  smape=0.0908  rmse=11.7390  pocid=71.43  mape=0.0914  | FLOOR smape=0.0908
         laya iter 1 -> trimmed_mean_pool2 conf=0.3812 rank=2
         laya iter 2 -> median_pool2 conf=0.5096 rank=7
         laya iter 3 -> median_pool2 conf=0.5096 rank=7
         laya iter 4 -> median_pool2 conf=0.5096 rank=7
         laya iter 5 -> median_pool2 conf=0.5096 rank=7
[  21] trimmed_mean   score= 0.6741 origin=agent    iters=5 stop=no new information in 3 consecutive turns
         TEST  smape=0.0951  rmse=13.6591  pocid=28.57  mape=0.0898  | FLOOR smape=0.0713
         laya iter 1 -> trimmed_mean_pool2 conf=0.96 rank=2
         laya iter 2 -> trimmed_mean_pool4 conf=0.4987 rank=1
         laya iter 3 -> trimmed_mean_pool2 conf=0.4044 rank=3
         laya iter 4 -> trimmed_mean_pool2 conf=0.4044 rank=3
         laya iter 5 -> trimmed_mean_pool2 conf=0.4044 rank=3
[  22] trimmed_mean   score= 0.5867 origin=baseline iters=4 stop=no new information in 3 consecutive turns
         TEST  smape=0.1238  rmse=11.0990  pocid=71.43  mape=0.1181  | FLOOR smape=0.1238
         laya iter 1 -> best_ONLY_FT_catboost conf=0.9719 rank=7
         laya iter 2 -> best_ONLY_FT_catboost conf=0.9658 rank=7
         laya iter 3 -> best_ONLY_FT_catboost conf=0.9658 rank=7
         laya iter 4 -> best_ONLY_FT_catboost conf=0.9658 rank=7
[  23] median         score= 0.6780 origin=baseline iters=4 stop=no new information in 3 consecutive turns
         TEST  smape=0.1646  rmse=40.6866  pocid=28.57  mape=0.1934  | FLOOR smape=0.1646
         laya iter 1 -> median_pool2 conf=0.5088 rank=8
         laya iter 2 -> trimmed_mean_pool2 conf=0.2995 rank=6
         laya iter 3 -> trimmed_mean_pool2 conf=0.2995 rank=6
         laya iter 4 -> trimmed_mean_pool2 conf=0.2995 rank=6
[  24] mean           score= 0.6688 origin=baseline iters=5 stop=no new information in 3 consecutive turns
         TEST  smape=0.0586  rmse=11.3368  pocid=71.43  mape=0.0620  | FLOOR smape=0.0586
         laya iter 1 -> trimmed_mean_pool2 conf=0.4142 rank=5
         laya iter 2 -> trimmed_mean_pool_full conf=0.4314 rank=8
         laya iter 3 -> trimmed_mean_pool_full conf=0.4314 rank=8
         laya iter 4 -> trimmed_mean_pool_full conf=0.4314 rank=8
         laya iter 5 -> trimmed_mean_pool_full conf=0.4314 rank=8
[  25] mean           score= 0.7429 origin=baseline iters=4 stop=no new information in 3 consecutive turns
         TEST  smape=0.1342  rmse=19.5075  pocid=28.57  mape=0.1334  | FLOOR smape=0.1342
         laya iter 1 -> best_ONLY_CWT_catboost conf=0.6067 rank=3
         laya iter 2 -> best_ONLY_CWT_catboost conf=0.7691 rank=3
         laya iter 3 -> best_ONLY_CWT_catboost conf=0.7691 rank=3
         laya iter 4 -> best_ONLY_CWT_catboost conf=0.7691 rank=3
[  26] mean           score= 0.5939 origin=baseline iters=4 stop=no new information in 3 consecutive turns
         TEST  smape=0.1354  rmse=9.6349  pocid=71.43  mape=0.1554  | FLOOR smape=0.1354
         laya iter 1 -> median_pool2 conf=0.2508 rank=9
         laya iter 2 -> median_pool2 conf=0.4403 rank=9
         laya iter 3 -> median_pool2 conf=0.4403 rank=9
         laya iter 4 -> median_pool2 conf=0.4403 rank=9
[  27] mean           score= 0.6592 origin=baseline iters=3 stop=no new information in 3 consecutive turns
         TEST  smape=0.1222  rmse=17.1321  pocid=42.86  mape=0.1195  | FLOOR smape=0.1222
         laya iter 1 -> trimmed_mean_pool2 conf=0.271 rank=8
         laya iter 2 -> trimmed_mean_pool1 conf=0.3762 rank=5
         laya iter 3 -> trimmed_mean_pool1 conf=0.3762 rank=5
[  28] mean           score= 0.6828 origin=baseline iters=3 stop=no new information in 3 consecutive turns
         TEST  smape=0.1011  rmse=23.0454  pocid=42.86  mape=0.1058  | FLOOR smape=0.1011
         laya iter 1 -> trimmed_mean_pool2 conf=0.6072 rank=6
         laya iter 2 -> trimmed_mean_pool1 conf=0.4261 rank=7
         laya iter 3 -> trimmed_mean_pool1 conf=0.4261 rank=7
[  29] median         score= 0.5504 origin=baseline iters=5 stop=no new information in 3 consecutive turns
         TEST  smape=0.1508  rmse=19.8722  pocid=57.14  mape=0.1752  | FLOOR smape=0.1508
         laya iter 1 -> median_pool2 conf=0.5021 rank=8
         laya iter 2 -> median_pool1 conf=0.3082 rank=9
         laya iter 3 -> median_pool1 conf=0.3082 rank=9
         laya iter 4 -> median_pool1 conf=0.3082 rank=9
         laya iter 5 -> median_pool1 conf=0.3082 rank=9
[  30] mean           score= 0.6497 origin=baseline iters=5 stop=no new information in 3 consecutive turns
         TEST  smape=0.0645  rmse=9.8088  pocid=42.86  mape=0.0656  | FLOOR smape=0.0645
         laya iter 1 -> trimmed_mean_pool2 conf=0.2101 rank=4
         laya iter 2 -> trimmed_mean_pool_full conf=0.3426 rank=5
         laya iter 3 -> trimmed_mean_pool_full conf=0.4237 rank=5
         laya iter 4 -> trimmed_mean_pool_full conf=0.4237 rank=5
         laya iter 5 -> trimmed_mean_pool_full conf=0.4237 rank=5
[  31] median         score= 0.6642 origin=baseline iters=4 stop=no new information in 3 consecutive turns
         TEST  smape=0.1713  rmse=26.0545  pocid=42.86  mape=0.1940  | FLOOR smape=0.1713
         laya iter 1 -> median_pool2 conf=0.5511 rank=8
         laya iter 2 -> median_pool2 conf=0.4228 rank=8
         laya iter 3 -> median_pool2 conf=0.4228 rank=8
         laya iter 4 -> median_pool2 conf=0.4228 rank=8
[  32] median         score= 0.6655 origin=baseline iters=5 stop=no new information in 3 consecutive turns
         TEST  smape=0.1696  rmse=29.7170  pocid=28.57  mape=0.1585  | FLOOR smape=0.1696
         laya iter 1 -> trimmed_mean_pool2 conf=0.584 rank=5
         laya iter 2 -> trimmed_mean_pool_full conf=0.4107 rank=2
         laya iter 3 -> trimmed_mean_pool1 conf=0.3398 rank=5
         laya iter 4 -> trimmed_mean_pool1 conf=0.3398 rank=5
         laya iter 5 -> trimmed_mean_pool1 conf=0.3398 rank=5
[  33] median         score= 0.5886 origin=agent    iters=5 stop=no new information in 3 consecutive turns
         TEST  smape=0.0940  rmse=27.6730  pocid=28.57  mape=0.0955  | FLOOR smape=0.0941
         laya iter 1 -> median_pool_full conf=0.4077 rank=1
         laya iter 2 -> median_pool2 conf=0.3315 rank=1
         laya iter 3 -> median_pool2 conf=0.9397 rank=1
         laya iter 4 -> median_pool2 conf=0.9397 rank=1
         laya iter 5 -> median_pool2 conf=0.9397 rank=1
[  34] trimmed_mean   score= 0.6274 origin=baseline iters=4 stop=no new information in 3 consecutive turns
         TEST  smape=0.0927  rmse=13.8588  pocid=57.14  mape=0.0941  | FLOOR smape=0.0927
         laya iter 1 -> best_ONLY_DWT_catboost conf=0.4862 rank=5
         laya iter 2 -> best_ONLY_DWT_catboost conf=0.7867 rank=5
         laya iter 3 -> best_ONLY_DWT_catboost conf=0.7867 rank=5
         laya iter 4 -> best_ONLY_DWT_catboost conf=0.7867 rank=5
[  35] trimmed_mean   score= 0.6540 origin=baseline iters=4 stop=no new information in 3 consecutive turns
         TEST  smape=0.0974  rmse=9.1676  pocid=85.71  mape=0.1046  | FLOOR smape=0.0974
         laya iter 1 -> best_ONLY_FT_catboost conf=0.7606 rank=3
         laya iter 2 -> best_ONLY_FT_catboost conf=0.9997 rank=3
         laya iter 3 -> best_ONLY_FT_catboost conf=0.9997 rank=3
         laya iter 4 -> best_ONLY_FT_catboost conf=0.9997 rank=3
[  36] median         score= 0.5368 origin=baseline iters=4 stop=no new information in 3 consecutive turns
         TEST  smape=0.2612  rmse=35.4157  pocid=57.14  mape=0.2636  | FLOOR smape=0.2612
         laya iter 1 -> trimmed_mean_pool_full conf=0.2091 rank=2
         laya iter 2 -> trimmed_mean_pool_full conf=0.4822 rank=2
         laya iter 3 -> trimmed_mean_pool_full conf=0.4822 rank=2
         laya iter 4 -> trimmed_mean_pool_full conf=0.4822 rank=2
[  37] dba            score= 0.6398 origin=baseline iters=4 stop=no new information in 3 consecutive turns
         TEST  smape=0.0559  rmse=15.3509  pocid=42.86  mape=0.0547  | FLOOR smape=0.0559
         laya iter 1 -> median_pool2 conf=0.4659 rank=10
         laya iter 2 -> median_pool2 conf=0.5042 rank=10
         laya iter 3 -> median_pool2 conf=0.5042 rank=10
         laya iter 4 -> median_pool2 conf=0.5042 rank=10
[  38] mean           score= 0.5965 origin=baseline iters=3 stop=no new information in 3 consecutive turns
         TEST  smape=0.0663  rmse=10.6326  pocid=57.14  mape=0.0652  | FLOOR smape=0.0663
         laya iter 1 -> trimmed_mean_pool2 conf=0.3643 rank=4
         laya iter 2 -> trimmed_mean_pool2 conf=0.3405 rank=4
         laya iter 3 -> trimmed_mean_pool2 conf=0.3405 rank=4
[  39] best_single    score= 0.6749 origin=agent    iters=4 stop=no new information in 3 consecutive turns
         TEST  smape=0.1203  rmse=17.9891  pocid=28.57  mape=0.1178  | FLOOR smape=0.1228
         laya iter 1 -> best_ONLY_DWT_catboost conf=0.4995 rank=1
         laya iter 2 -> best_ONLY_DWT_catboost conf=0.6997 rank=1
         laya iter 3 -> best_ONLY_DWT_catboost conf=0.6997 rank=1
         laya iter 4 -> best_ONLY_DWT_catboost conf=0.6997 rank=1
[  40] mean           score= 0.6571 origin=baseline iters=6 stop=no new information in 3 consecutive turns
         TEST  smape=0.1226  rmse=18.5063  pocid=14.29  mape=0.1270  | FLOOR smape=0.1226
         laya iter 1 -> median_pool3 conf=0.332 rank=8
         laya iter 2 -> trimmed_mean_pool_full conf=0.3956 rank=2
         laya iter 3 -> median_pool2 conf=0.3793 rank=11
         laya iter 4 -> median_pool2 conf=0.3793 rank=11
         laya iter 5 -> median_pool2 conf=0.3793 rank=11
         laya iter 6 -> median_pool2 conf=0.3793 rank=11
[  41] mean           score= 0.7140 origin=baseline iters=4 stop=no new information in 3 consecutive turns
         TEST  smape=0.0725  rmse=11.8407  pocid=42.86  mape=0.0731  | FLOOR smape=0.0725
         laya iter 1 -> trimmed_mean_pool_full conf=0.3206 rank=5
         laya iter 2 -> trimmed_mean_pool1 conf=0.5587 rank=9
         laya iter 3 -> trimmed_mean_pool1 conf=0.5587 rank=9
         laya iter 4 -> trimmed_mean_pool1 conf=0.5587 rank=9
[  42] trimmed_mean   score= 0.6035 origin=baseline iters=4 stop=no new information in 3 consecutive turns
         TEST  smape=0.0986  rmse=20.7030  pocid=57.14  mape=0.1059  | FLOOR smape=0.0986
         laya iter 1 -> median_pool2 conf=0.1908 rank=3
         laya iter 2 -> median_pool2 conf=0.7041 rank=3
         laya iter 3 -> median_pool2 conf=0.7041 rank=3
         laya iter 4 -> median_pool2 conf=0.7041 rank=3
[  43] mean           score= 0.6762 origin=baseline iters=6 stop=no new information in 3 consecutive turns
         TEST  smape=0.0538  rmse=10.4702  pocid=71.43  mape=0.0534  | FLOOR smape=0.0538
         laya iter 1 -> trimmed_mean_pool2 conf=0.6571 rank=6
         laya iter 2 -> best_ONLY_CWT_rf conf=0.5051 rank=2
         laya iter 3 -> trimmed_mean_pool_full conf=0.8016 rank=6
         laya iter 4 -> trimmed_mean_pool2 conf=0.6157 rank=8
         laya iter 5 -> trimmed_mean_pool2 conf=0.6157 rank=8
         laya iter 6 -> trimmed_mean_pool2 conf=0.6157 rank=8
[  44] median         score= 0.7025 origin=baseline iters=4 stop=no new information in 3 consecutive turns
         TEST  smape=0.1146  rmse=20.4007  pocid=42.86  mape=0.1407  | FLOOR smape=0.1146
         laya iter 1 -> trimmed_mean_pool_full conf=0.4317 rank=4
         laya iter 2 -> trimmed_mean_pool_full conf=0.431 rank=4
         laya iter 3 -> trimmed_mean_pool_full conf=0.431 rank=4
         laya iter 4 -> trimmed_mean_pool_full conf=0.431 rank=4
[  45] trimmed_mean   score= 0.5916 origin=baseline iters=4 stop=no new information in 3 consecutive turns
         TEST  smape=0.1306  rmse=18.2953  pocid=42.86  mape=0.1209  | FLOOR smape=0.1306
         laya iter 1 -> trimmed_mean_pool_full conf=0.3675 rank=7
         laya iter 2 -> trimmed_mean_pool_full conf=0.7756 rank=7
         laya iter 3 -> trimmed_mean_pool_full conf=0.7756 rank=7
         laya iter 4 -> trimmed_mean_pool_full conf=0.7756 rank=7
[  46] best_single    score= 0.6056 origin=agent    iters=4 stop=no new information in 3 consecutive turns
         TEST  smape=0.0409  rmse=14.5924  pocid=42.86  mape=0.0399  | FLOOR smape=0.0421
         laya iter 1 -> best_ONLY_FT_rf conf=0.9636 rank=1
         laya iter 2 -> best_ONLY_FT_rf conf=0.9512 rank=1
         laya iter 3 -> best_ONLY_FT_rf conf=0.9512 rank=1
         laya iter 4 -> best_ONLY_FT_rf conf=0.9512 rank=1
[  47] mean           score= 0.6952 origin=baseline iters=5 stop=no new information in 3 consecutive turns
         TEST  smape=0.1546  rmse=29.1903  pocid=28.57  mape=0.1515  | FLOOR smape=0.1546
         laya iter 1 -> median_pool2 conf=0.3361 rank=7
         laya iter 2 -> trimmed_mean_pool_full conf=0.462 rank=2
         laya iter 3 -> trimmed_mean_pool1 conf=0.4287 rank=10
         laya iter 4 -> trimmed_mean_pool1 conf=0.4287 rank=10
         laya iter 5 -> trimmed_mean_pool1 conf=0.4287 rank=10
[  48] best_single    score= 0.5771 origin=agent    iters=4 stop=no new information in 3 consecutive turns
         TEST  smape=0.1312  rmse=22.2277  pocid=28.57  mape=0.1424  | FLOOR smape=0.1015
         laya iter 1 -> best_ONLY_DWT_catboost conf=0.5738 rank=1
         laya iter 2 -> best_ONLY_DWT_catboost conf=0.5305 rank=1
         laya iter 3 -> best_ONLY_DWT_catboost conf=0.5305 rank=1
         laya iter 4 -> best_ONLY_DWT_catboost conf=0.5305 rank=1
[  49] trimmed_mean   score= 0.6347 origin=baseline iters=4 stop=no new information in 3 consecutive turns
         TEST  smape=0.1144  rmse=20.0170  pocid=71.43  mape=0.1124  | FLOOR smape=0.1144
         laya iter 1 -> median_pool2 conf=0.505 rank=6
         laya iter 2 -> median_pool2 conf=0.961 rank=6
         laya iter 3 -> median_pool2 conf=0.961 rank=6
         laya iter 4 -> median_pool2 conf=0.961 rank=6
[  50] dba            score= 0.7059 origin=baseline iters=3 stop=no new information in 3 consecutive turns
         TEST  smape=0.1268  rmse=20.7675  pocid=42.86  mape=0.1215  | FLOOR smape=0.1268
         laya iter 1 -> trimmed_mean_pool2 conf=0.5448 rank=6
         laya iter 2 -> trimmed_mean_pool2 conf=0.414 rank=6
         laya iter 3 -> trimmed_mean_pool2 conf=0.414 rank=6
[  51] best_single    score= 0.6508 origin=agent    iters=4 stop=no new information in 3 consecutive turns
         TEST  smape=0.0966  rmse=27.3718  pocid=85.71  mape=0.0970  | FLOOR smape=0.0896
         laya iter 1 -> best_ONLY_CWT_rf conf=0.3621 rank=1
         laya iter 2 -> trimmed_mean_pool2 conf=0.3707 rank=5
         laya iter 3 -> trimmed_mean_pool2 conf=0.3707 rank=5
         laya iter 4 -> trimmed_mean_pool2 conf=0.3707 rank=5
[  52] median         score= 0.6638 origin=baseline iters=3 stop=no new information in 3 consecutive turns
         TEST  smape=0.0821  rmse=7.8417  pocid=85.71  mape=0.0789  | FLOOR smape=0.0821
         laya iter 1 -> trimmed_mean_pool2 conf=0.2727 rank=7
         laya iter 2 -> median_pool_full conf=0.3119 rank=1
         laya iter 3 -> median_pool_full conf=0.3119 rank=1
[  53] trimmed_mean   score= 0.5847 origin=baseline iters=3 stop=no new information in 3 consecutive turns
         TEST  smape=0.1175  rmse=15.7569  pocid=28.57  mape=0.1172  | FLOOR smape=0.1175
         laya iter 1 -> trimmed_mean_pool2 conf=0.3717 rank=6
         laya iter 2 -> trimmed_mean_pool2 conf=0.4466 rank=6
         laya iter 3 -> trimmed_mean_pool2 conf=0.4466 rank=6
[  54] trimmed_mean   score= 0.6999 origin=baseline iters=4 stop=no new information in 3 consecutive turns
         TEST  smape=0.0587  rmse=6.3736  pocid=28.57  mape=0.0608  | FLOOR smape=0.0587
         laya iter 1 -> median_pool2 conf=0.6984 rank=7
         laya iter 2 -> median_pool2 conf=0.8392 rank=7
         laya iter 3 -> median_pool2 conf=0.8392 rank=7
         laya iter 4 -> median_pool2 conf=0.8392 rank=7
[  55] trimmed_mean   score= 0.6214 origin=baseline iters=5 stop=no new information in 3 consecutive turns
         TEST  smape=0.1519  rmse=16.9829  pocid=42.86  mape=0.1494  | FLOOR smape=0.1519
         laya iter 1 -> median_pool2 conf=0.4822 rank=3
         laya iter 2 -> median_pool1 conf=0.4569 rank=4
         laya iter 3 -> median_pool1 conf=0.4766 rank=4
         laya iter 4 -> median_pool1 conf=0.4766 rank=4
         laya iter 5 -> median_pool1 conf=0.4766 rank=4
[  56] mean           score= 0.6544 origin=baseline iters=5 stop=no new information in 3 consecutive turns
         TEST  smape=0.0754  rmse=11.6284  pocid=71.43  mape=0.0792  | FLOOR smape=0.0754
         laya iter 1 -> trimmed_mean_pool2 conf=0.3352 rank=5
         laya iter 2 -> trimmed_mean_pool_full conf=0.511 rank=7
         laya iter 3 -> trimmed_mean_pool_full conf=0.511 rank=7
         laya iter 4 -> trimmed_mean_pool_full conf=0.511 rank=7
         laya iter 5 -> trimmed_mean_pool_full conf=0.511 rank=7
[  57] trimmed_mean   score= 0.5933 origin=baseline iters=4 stop=no new information in 3 consecutive turns
         TEST  smape=0.0757  rmse=14.8265  pocid=0.00  mape=0.0727  | FLOOR smape=0.0757
         laya iter 1 -> trimmed_mean_pool_full conf=0.2432 rank=8
         laya iter 2 -> trimmed_mean_pool_full conf=0.5185 rank=8
         laya iter 3 -> trimmed_mean_pool_full conf=0.5185 rank=8
         laya iter 4 -> trimmed_mean_pool_full conf=0.5185 rank=8
[  58] trimmed_mean   score= 0.6786 origin=baseline iters=5 stop=no new information in 3 consecutive turns
         TEST  smape=0.1799  rmse=18.9438  pocid=42.86  mape=0.1826  | FLOOR smape=0.1799
         laya iter 1 -> median_pool2 conf=0.4642 rank=2
         laya iter 2 -> best_ONLY_FT_catboost conf=0.7625 rank=9
         laya iter 3 -> best_ONLY_FT_catboost conf=0.7625 rank=9
         laya iter 4 -> best_ONLY_FT_catboost conf=0.7625 rank=9
         laya iter 5 -> best_ONLY_FT_catboost conf=0.7625 rank=9
[  59] median         score= 0.6582 origin=baseline iters=5 stop=no new information in 3 consecutive turns
         TEST  smape=0.1932  rmse=26.2256  pocid=42.86  mape=0.2205  | FLOOR smape=0.1932
         laya iter 1 -> median_pool2 conf=0.319 rank=4
         laya iter 2 -> trimmed_mean_pool_full conf=0.4444 rank=2
         laya iter 3 -> median_pool2 conf=0.9696 rank=5
         laya iter 4 -> median_pool2 conf=0.9696 rank=5
         laya iter 5 -> median_pool2 conf=0.9696 rank=5
[  60] mean           score= 0.6651 origin=baseline iters=4 stop=no new information in 3 consecutive turns
         TEST  smape=0.0564  rmse=8.7210  pocid=14.29  mape=0.0594  | FLOOR smape=0.0564
         laya iter 1 -> median_pool2 conf=0.4973 rank=6
         laya iter 2 -> median_pool2 conf=0.8101 rank=6
         laya iter 3 -> median_pool2 conf=0.8101 rank=6
         laya iter 4 -> median_pool2 conf=0.8101 rank=6
[  61] trimmed_mean   score= 0.6373 origin=baseline iters=4 stop=no new information in 3 consecutive turns
         TEST  smape=0.1226  rmse=21.1952  pocid=28.57  mape=0.1327  | FLOOR smape=0.1226
         laya iter 1 -> trimmed_mean_pool_full conf=0.2835 rank=6
         laya iter 2 -> trimmed_mean_pool_full conf=0.3269 rank=6
         laya iter 3 -> trimmed_mean_pool_full conf=0.3269 rank=6
         laya iter 4 -> trimmed_mean_pool_full conf=0.3269 rank=6
[  62] mean           score= 0.7197 origin=baseline iters=5 stop=no new information in 3 consecutive turns
         TEST  smape=0.0775  rmse=10.5140  pocid=71.43  mape=0.0830  | FLOOR smape=0.0775
         laya iter 1 -> trimmed_mean_pool2 conf=0.6026 rank=5
         laya iter 2 -> trimmed_mean_pool_full conf=0.4546 rank=7
         laya iter 3 -> trimmed_mean_pool_full conf=0.4546 rank=7
         laya iter 4 -> trimmed_mean_pool_full conf=0.4546 rank=7
         laya iter 5 -> trimmed_mean_pool_full conf=0.4546 rank=7
[  63] best_single    score= 0.6251 origin=agent    iters=4 stop=no new information in 3 consecutive turns
         TEST  smape=0.1614  rmse=14.3574  pocid=57.14  mape=0.1537  | FLOOR smape=0.1190
         laya iter 1 -> best_ONLY_FT_catboost conf=0.4016 rank=1
         laya iter 2 -> best_ONLY_FT_catboost conf=0.6091 rank=1
         laya iter 3 -> best_ONLY_FT_catboost conf=0.6091 rank=1
         laya iter 4 -> best_ONLY_FT_catboost conf=0.6091 rank=1
[  64] trimmed_mean   score= 0.7103 origin=agent    iters=5 stop=no new information in 3 consecutive turns
         TEST  smape=0.1188  rmse=26.6866  pocid=28.57  mape=0.1118  | FLOOR smape=0.1143
         laya iter 1 -> median_pool2 conf=0.3314 rank=10
         laya iter 2 -> trimmed_mean_pool_full conf=0.458 rank=1
         laya iter 3 -> trimmed_mean_pool2 conf=0.4348 rank=9
         laya iter 4 -> trimmed_mean_pool2 conf=0.4348 rank=9
         laya iter 5 -> trimmed_mean_pool2 conf=0.4348 rank=9
[  65] dba            score= 0.6577 origin=baseline iters=3 stop=no new information in 3 consecutive turns
         TEST  smape=0.1253  rmse=27.1082  pocid=42.86  mape=0.1283  | FLOOR smape=0.1253
         laya iter 1 -> trimmed_mean_pool2 conf=0.3403 rank=6
         laya iter 2 -> trimmed_mean_pool2 conf=0.7179 rank=6
         laya iter 3 -> trimmed_mean_pool2 conf=0.7179 rank=6
[  66] best_single    score= 0.5505 origin=agent    iters=4 stop=no new information in 3 consecutive turns
         TEST  smape=0.0877  rmse=20.0936  pocid=71.43  mape=0.0855  | FLOOR smape=0.0750
         laya iter 1 -> best_ONLY_FT_catboost conf=0.7105 rank=1
         laya iter 2 -> best_ONLY_FT_catboost conf=0.934 rank=1
         laya iter 3 -> best_ONLY_FT_catboost conf=0.934 rank=1
         laya iter 4 -> best_ONLY_FT_catboost conf=0.934 rank=1
[  67] best_single    score= 0.5236 origin=agent    iters=4 stop=no new information in 3 consecutive turns
         TEST  smape=0.1361  rmse=50.4637  pocid=28.57  mape=0.1526  | FLOOR smape=0.1476
         laya iter 1 -> best_ONLY_DWT_catboost conf=0.988 rank=1
         laya iter 2 -> best_ONLY_DWT_catboost conf=0.9341 rank=1
         laya iter 3 -> best_ONLY_DWT_catboost conf=0.9341 rank=1
         laya iter 4 -> best_ONLY_DWT_catboost conf=0.9341 rank=1
[  68] trimmed_mean   score= 0.7241 origin=agent    iters=5 stop=no new information in 3 consecutive turns
         TEST  smape=0.0957  rmse=13.0736  pocid=42.86  mape=0.0979  | FLOOR smape=0.0983
         laya iter 1 -> median_pool2 conf=0.3107 rank=3
         laya iter 2 -> trimmed_mean_pool_full conf=0.6154 rank=1
         laya iter 3 -> trimmed_mean_pool_full conf=0.4066 rank=1
         laya iter 4 -> trimmed_mean_pool_full conf=0.4066 rank=1
         laya iter 5 -> trimmed_mean_pool_full conf=0.4066 rank=1
[  69] mean           score= 0.6952 origin=baseline iters=5 stop=no new information in 3 consecutive turns
         TEST  smape=0.1305  rmse=18.9446  pocid=14.29  mape=0.1463  | FLOOR smape=0.1305
         laya iter 1 -> trimmed_mean_pool2 conf=0.4561 rank=3
         laya iter 2 -> trimmed_mean_pool_full conf=0.451 rank=6
         laya iter 3 -> trimmed_mean_pool2 conf=0.4388 rank=3
         laya iter 4 -> trimmed_mean_pool2 conf=0.4388 rank=3
         laya iter 5 -> trimmed_mean_pool2 conf=0.4388 rank=3
[  70] dba            score= 0.6383 origin=baseline iters=5 stop=no new information in 3 consecutive turns
         TEST  smape=0.1595  rmse=16.2623  pocid=57.14  mape=0.1687  | FLOOR smape=0.1595
         laya iter 1 -> median_pool3 conf=0.2568 rank=6
         laya iter 2 -> median_pool2 conf=0.7759 rank=6
         laya iter 3 -> median_pool2 conf=0.9725 rank=6
         laya iter 4 -> median_pool2 conf=0.9725 rank=6
         laya iter 5 -> median_pool2 conf=0.9725 rank=6
[  71] mean           score= 0.6857 origin=baseline iters=4 stop=no new information in 3 consecutive turns
         TEST  smape=0.0851  rmse=10.9971  pocid=28.57  mape=0.0856  | FLOOR smape=0.0851
         laya iter 1 -> median_pool2 conf=0.2723 rank=7
         laya iter 2 -> median_pool2 conf=0.2009 rank=7
         laya iter 3 -> median_pool2 conf=0.2009 rank=7
         laya iter 4 -> median_pool2 conf=0.2009 rank=7
[  72] median         score= 0.6780 origin=baseline iters=5 stop=no new information in 3 consecutive turns
         TEST  smape=0.1378  rmse=16.9550  pocid=57.14  mape=0.1516  | FLOOR smape=0.1378
         laya iter 1 -> median_pool2 conf=0.2823 rank=9
         laya iter 2 -> median_pool1 conf=0.6465 rank=10
         laya iter 3 -> median_pool1 conf=0.6465 rank=10
         laya iter 4 -> median_pool1 conf=0.6465 rank=10
         laya iter 5 -> median_pool1 conf=0.6465 rank=10
[  73] mean           score= 0.6572 origin=baseline iters=4 stop=no new information in 3 consecutive turns
         TEST  smape=0.1579  rmse=18.2593  pocid=42.86  mape=0.1444  | FLOOR smape=0.1579
         laya iter 1 -> trimmed_mean_pool_full conf=0.2144 rank=6
         laya iter 2 -> trimmed_mean_pool_full conf=0.6995 rank=6
         laya iter 3 -> trimmed_mean_pool_full conf=0.6995 rank=6
         laya iter 4 -> trimmed_mean_pool_full conf=0.6995 rank=6
[  74] best_single    score= 0.6057 origin=agent    iters=4 stop=no new information in 3 consecutive turns
         TEST  smape=0.1115  rmse=13.7667  pocid=28.57  mape=0.1190  | FLOOR smape=0.1377
         laya iter 1 -> best_FT_rf conf=0.5576 rank=1
         laya iter 2 -> best_FT_rf conf=0.6408 rank=1
         laya iter 3 -> best_FT_rf conf=0.6408 rank=1
         laya iter 4 -> best_FT_rf conf=0.6408 rank=1
[  75] trimmed_mean   score= 0.4479 origin=baseline iters=4 stop=no new information in 3 consecutive turns
         TEST  smape=0.1245  rmse=15.0899  pocid=100.00  mape=0.1166  | FLOOR smape=0.1245
         laya iter 1 -> trimmed_mean_pool_full conf=0.1994 rank=9
         laya iter 2 -> trimmed_mean_pool_full conf=0.3049 rank=9
         laya iter 3 -> trimmed_mean_pool_full conf=0.3049 rank=9
         laya iter 4 -> trimmed_mean_pool_full conf=0.3049 rank=9
[  76] mean           score= 0.5996 origin=baseline iters=5 stop=no new information in 3 consecutive turns
         TEST  smape=0.0786  rmse=11.7526  pocid=57.14  mape=0.0820  | FLOOR smape=0.0786
         laya iter 1 -> trimmed_mean_pool2 conf=0.2574 rank=3
         laya iter 2 -> trimmed_mean_pool_full conf=0.2666 rank=8
         laya iter 3 -> trimmed_mean_pool_full conf=0.2666 rank=8
         laya iter 4 -> trimmed_mean_pool_full conf=0.2666 rank=8
         laya iter 5 -> trimmed_mean_pool_full conf=0.2666 rank=8
[  77] mean           score= 0.5843 origin=baseline iters=5 stop=no new information in 3 consecutive turns
         TEST  smape=0.0885  rmse=17.1500  pocid=42.86  mape=0.0933  | FLOOR smape=0.0885
         laya iter 1 -> trimmed_mean_pool2 conf=0.268 rank=4
         laya iter 2 -> median_pool2 conf=0.3048 rank=7
         laya iter 3 -> median_pool2 conf=0.3048 rank=7
         laya iter 4 -> median_pool2 conf=0.3048 rank=7
         laya iter 5 -> median_pool2 conf=0.3048 rank=7
[  78] trimmed_mean   score= 0.6282 origin=baseline iters=4 stop=no new information in 3 consecutive turns
         TEST  smape=0.1014  rmse=13.7804  pocid=14.29  mape=0.0958  | FLOOR smape=0.1014
         laya iter 1 -> median_pool2 conf=0.6778 rank=8
         laya iter 2 -> median_pool_full conf=0.383 rank=6
         laya iter 3 -> median_pool_full conf=0.383 rank=6
         laya iter 4 -> median_pool_full conf=0.383 rank=6
[  79] trimmed_mean   score= 0.6296 origin=baseline iters=5 stop=no new information in 3 consecutive turns
         TEST  smape=0.1177  rmse=23.0436  pocid=71.43  mape=0.1205  | FLOOR smape=0.1177
         laya iter 1 -> trimmed_mean_pool2 conf=0.3341 rank=5
         laya iter 2 -> trimmed_mean_pool_full conf=0.4199 rank=9
         laya iter 3 -> trimmed_mean_pool_full conf=0.4199 rank=9
         laya iter 4 -> trimmed_mean_pool_full conf=0.4199 rank=9
         laya iter 5 -> trimmed_mean_pool_full conf=0.4199 rank=9
[  80] trimmed_mean   score= 0.6175 origin=baseline iters=5 stop=no new information in 3 consecutive turns
         TEST  smape=0.1695  rmse=12.9178  pocid=0.00  mape=0.1919  | FLOOR smape=0.1695
         laya iter 1 -> median_pool2 conf=0.9996 rank=3
         laya iter 2 -> median_pool1 conf=0.2623 rank=10
         laya iter 3 -> median_pool1 conf=0.2623 rank=10
         laya iter 4 -> median_pool1 conf=0.2623 rank=10
         laya iter 5 -> median_pool1 conf=0.2623 rank=10
[  81] dba            score= 0.6377 origin=baseline iters=7 stop=no new information in 3 consecutive turns
         TEST  smape=0.1137  rmse=11.8396  pocid=85.71  mape=0.1109  | FLOOR smape=0.1137
         laya iter 1 -> median_pool3 conf=0.6912 rank=4
         laya iter 2 -> median_pool1 conf=0.4045 rank=5
         laya iter 3 -> trimmed_mean_pool_full conf=0.5977 rank=3
         laya iter 4 -> median_pool2 conf=0.9376 rank=13
         laya iter 5 -> median_pool2 conf=0.9376 rank=13
         laya iter 6 -> median_pool2 conf=0.9376 rank=13
         laya iter 7 -> median_pool2 conf=0.9376 rank=13
[  82] median         score= 0.6986 origin=agent    iters=5 stop=no new information in 3 consecutive turns
         TEST  smape=0.1241  rmse=36.4670  pocid=42.86  mape=0.1293  | FLOOR smape=0.1296
         laya iter 1 -> median_pool2 conf=0.9566 rank=1
         laya iter 2 -> median_pool1 conf=0.3082 rank=1
         laya iter 3 -> median_pool2 conf=0.2665 rank=2
         laya iter 4 -> median_pool2 conf=0.2665 rank=2
         laya iter 5 -> median_pool2 conf=0.2665 rank=2
[  83] mean           score= 0.6857 origin=baseline iters=4 stop=no new information in 3 consecutive turns
         TEST  smape=0.1207  rmse=21.0334  pocid=42.86  mape=0.1114  | FLOOR smape=0.1207
         laya iter 1 -> median_pool2 conf=0.4191 rank=6
         laya iter 2 -> median_pool2 conf=0.9983 rank=6
         laya iter 3 -> median_pool2 conf=0.9983 rank=6
         laya iter 4 -> median_pool2 conf=0.9983 rank=6
[  84] best_single    score= 0.6482 origin=agent    iters=6 stop=no new information in 3 consecutive turns
         TEST  smape=0.1206  rmse=10.7870  pocid=42.86  mape=0.1269  | FLOOR smape=0.1366
         laya iter 1 -> trimmed_mean_pool2 conf=0.3993 rank=5
         laya iter 2 -> trimmed_mean_pool_full conf=0.5068 rank=3
         laya iter 3 -> best_FT_catboost conf=0.4299 rank=1
         laya iter 4 -> best_FT_catboost conf=0.4964 rank=1
         laya iter 5 -> best_FT_catboost conf=0.4964 rank=1
         laya iter 6 -> best_FT_catboost conf=0.4964 rank=1
[  85] best_single    score= 0.6329 origin=agent    iters=4 stop=no new information in 3 consecutive turns
         TEST  smape=0.0974  rmse=10.4743  pocid=71.43  mape=0.0974  | FLOOR smape=0.0844
         laya iter 1 -> best_ONLY_FT_catboost conf=0.9968 rank=1
         laya iter 2 -> best_ONLY_FT_catboost conf=1.0 rank=1
         laya iter 3 -> best_ONLY_FT_catboost conf=1.0 rank=1
         laya iter 4 -> best_ONLY_FT_catboost conf=1.0 rank=1
[  86] dba            score= 0.6423 origin=baseline iters=3 stop=no new information in 3 consecutive turns
         TEST  smape=0.0894  rmse=13.5008  pocid=71.43  mape=0.0866  | FLOOR smape=0.0894
         laya iter 1 -> median_pool_full conf=0.3782 rank=5
         laya iter 2 -> median_pool_full conf=0.36 rank=5
         laya iter 3 -> median_pool_full conf=0.36 rank=5
[  87] trimmed_mean   score= 0.6906 origin=agent    iters=4 stop=no new information in 3 consecutive turns
         TEST  smape=0.4104  rmse=41.5790  pocid=71.43  mape=0.6402  | FLOOR smape=0.4153
         laya iter 1 -> trimmed_mean_pool_full conf=0.6972 rank=1
         laya iter 2 -> trimmed_mean_pool_full conf=0.8403 rank=1
         laya iter 3 -> trimmed_mean_pool_full conf=0.8403 rank=1
         laya iter 4 -> trimmed_mean_pool_full conf=0.8403 rank=1
[  88] median         score= 0.6488 origin=baseline iters=4 stop=no new information in 3 consecutive turns
         TEST  smape=0.3900  rmse=28.7573  pocid=71.43  mape=0.5437  | FLOOR smape=0.3900
         laya iter 1 -> best_ONLY_CWT_catboost conf=0.4876 rank=4
         laya iter 2 -> best_ONLY_CWT_catboost conf=0.4743 rank=4
         laya iter 3 -> best_ONLY_CWT_catboost conf=0.4743 rank=4
         laya iter 4 -> best_ONLY_CWT_catboost conf=0.4743 rank=4
[  89] median         score= 0.6758 origin=agent    iters=5 stop=no new information in 3 consecutive turns
         TEST  smape=0.1193  rmse=20.5038  pocid=42.86  mape=0.1322  | FLOOR smape=0.1170
         laya iter 1 -> best_FT_rf conf=0.3382 rank=2
         laya iter 2 -> median_pool2 conf=0.2617 rank=1
         laya iter 3 -> median_pool2 conf=0.5549 rank=1
         laya iter 4 -> median_pool2 conf=0.5549 rank=1
         laya iter 5 -> median_pool2 conf=0.5549 rank=1
[  90] median         score= 0.5858 origin=agent    iters=4 stop=no new information in 3 consecutive turns
         TEST  smape=0.1091  rmse=14.4689  pocid=28.57  mape=0.1244  | FLOOR smape=0.0993
         laya iter 1 -> median_pool2 conf=0.3101 rank=1
         laya iter 2 -> median_pool2 conf=0.4479 rank=1
         laya iter 3 -> median_pool2 conf=0.4479 rank=1
         laya iter 4 -> median_pool2 conf=0.4479 rank=1
[  91] mean           score= 0.6052 origin=baseline iters=5 stop=no new information in 3 consecutive turns
         TEST  smape=0.1806  rmse=21.6758  pocid=57.14  mape=0.1667  | FLOOR smape=0.1806
         laya iter 1 -> trimmed_mean_pool2 conf=0.2672 rank=5
         laya iter 2 -> median_pool2 conf=0.5364 rank=3
         laya iter 3 -> median_pool2 conf=0.9588 rank=3
         laya iter 4 -> median_pool2 conf=0.9588 rank=3
         laya iter 5 -> median_pool2 conf=0.9588 rank=3
[  92] dba            score= 0.6467 origin=baseline iters=4 stop=no new information in 3 consecutive turns
         TEST  smape=0.1299  rmse=27.6728  pocid=71.43  mape=0.1214  | FLOOR smape=0.1299
         laya iter 1 -> best_ONLY_DWT_catboost conf=0.7293 rank=3
         laya iter 2 -> best_ONLY_DWT_catboost conf=0.9516 rank=3
         laya iter 3 -> best_ONLY_DWT_catboost conf=0.9516 rank=3
         laya iter 4 -> best_ONLY_DWT_catboost conf=0.9516 rank=3
[  93] mean           score= 0.6667 origin=baseline iters=5 stop=no new information in 3 consecutive turns
         TEST  smape=0.1256  rmse=17.9576  pocid=71.43  mape=0.1265  | FLOOR smape=0.1256
         laya iter 1 -> median_pool2 conf=0.4526 rank=9
         laya iter 2 -> trimmed_mean_pool_full conf=0.4832 rank=2
         laya iter 3 -> median_pool2 conf=0.2756 rank=10
         laya iter 4 -> median_pool2 conf=0.2756 rank=10
         laya iter 5 -> median_pool2 conf=0.2756 rank=10
[  94] trimmed_mean   score= 0.6267 origin=baseline iters=4 stop=no new information in 3 consecutive turns
         TEST  smape=0.0954  rmse=18.6102  pocid=57.14  mape=0.0906  | FLOOR smape=0.0954
         laya iter 1 -> median_pool2 conf=0.48 rank=3
         laya iter 2 -> median_pool2 conf=0.9763 rank=3
         laya iter 3 -> median_pool2 conf=0.9763 rank=3
         laya iter 4 -> median_pool2 conf=0.9763 rank=3
[  95] dba            score= 0.6534 origin=baseline iters=4 stop=no new information in 3 consecutive turns
         TEST  smape=0.0423  rmse=8.6894  pocid=71.43  mape=0.0415  | FLOOR smape=0.0423
         laya iter 1 -> trimmed_mean_pool_full conf=0.3485 rank=4
         laya iter 2 -> trimmed_mean_pool_full conf=0.9507 rank=4
         laya iter 3 -> trimmed_mean_pool_full conf=0.9507 rank=4
         laya iter 4 -> trimmed_mean_pool_full conf=0.9507 rank=4
[  96] best_single    score= 0.4726 origin=agent    iters=4 stop=no new information in 3 consecutive turns
         TEST  smape=0.1417  rmse=15.9605  pocid=71.43  mape=0.1304  | FLOOR smape=0.1002
         laya iter 1 -> best_ONLY_DWT_rf conf=0.8867 rank=1
         laya iter 2 -> best_ONLY_DWT_rf conf=0.9996 rank=1
         laya iter 3 -> best_ONLY_DWT_rf conf=0.9996 rank=1
         laya iter 4 -> best_ONLY_DWT_rf conf=0.9996 rank=1
[  97] mean           score= 0.7036 origin=baseline iters=4 stop=no new information in 3 consecutive turns
         TEST  smape=0.1185  rmse=23.7866  pocid=57.14  mape=0.1382  | FLOOR smape=0.1185
         laya iter 1 -> trimmed_mean_pool_full conf=0.3482 rank=7
         laya iter 2 -> trimmed_mean_pool_full conf=0.5306 rank=7
         laya iter 3 -> trimmed_mean_pool_full conf=0.5306 rank=7
         laya iter 4 -> trimmed_mean_pool_full conf=0.5306 rank=7
[  98] dba            score= 0.6345 origin=baseline iters=4 stop=no new information in 3 consecutive turns
         TEST  smape=0.1435  rmse=19.7560  pocid=28.57  mape=0.1363  | FLOOR smape=0.1435
         laya iter 1 -> best_ONLY_FT_rf conf=0.9966 rank=2
         laya iter 2 -> best_ONLY_FT_rf conf=0.9999 rank=2
         laya iter 3 -> best_ONLY_FT_rf conf=0.9999 rank=2
         laya iter 4 -> best_ONLY_FT_rf conf=0.9999 rank=2
[  99] trimmed_mean   score= 0.4671 origin=baseline iters=4 stop=no new information in 3 consecutive turns
         TEST  smape=0.0674  rmse=8.4933  pocid=28.57  mape=0.0660  | FLOOR smape=0.0674
         laya iter 1 -> median_pool2 conf=0.8225 rank=3
         laya iter 2 -> median_pool2 conf=0.8517 rank=3
         laya iter 3 -> median_pool2 conf=0.8517 rank=3
         laya iter 4 -> median_pool2 conf=0.8517 rank=3
[ 100] trimmed_mean   score= 0.6581 origin=baseline iters=5 stop=no new information in 3 consecutive turns
         TEST  smape=0.1093  rmse=18.8526  pocid=57.14  mape=0.1133  | FLOOR smape=0.1093
         laya iter 1 -> trimmed_mean_pool2 conf=0.2456 rank=6
         laya iter 2 -> trimmed_mean_pool_full conf=0.4433 rank=3
         laya iter 3 -> median_pool_full conf=0.6479 rank=5
         laya iter 4 -> median_pool_full conf=0.6479 rank=5
         laya iter 5 -> median_pool_full conf=0.6479 rank=5
[ 101] trimmed_mean   score= 0.6270 origin=baseline iters=4 stop=no new information in 3 consecutive turns
         TEST  smape=0.0915  rmse=14.4485  pocid=14.29  mape=0.0928  | FLOOR smape=0.0915
         laya iter 1 -> median_pool2 conf=0.5802 rank=2
         laya iter 2 -> median_pool2 conf=0.5384 rank=2
         laya iter 3 -> median_pool2 conf=0.5384 rank=2
         laya iter 4 -> median_pool2 conf=0.5384 rank=2
[ 102] trimmed_mean   score= 0.7090 origin=baseline iters=4 stop=no new information in 3 consecutive turns
         TEST  smape=0.1511  rmse=10.9337  pocid=42.86  mape=0.1403  | FLOOR smape=0.1511
         laya iter 1 -> best_ONLY_CWT_rf conf=0.7532 rank=7
         laya iter 2 -> best_ONLY_CWT_rf conf=0.5341 rank=7
         laya iter 3 -> best_ONLY_CWT_rf conf=0.5341 rank=7
         laya iter 4 -> best_ONLY_CWT_rf conf=0.5341 rank=7
[ 103] dba            score= 0.6755 origin=baseline iters=4 stop=no new information in 3 consecutive turns
         TEST  smape=0.1008  rmse=18.7019  pocid=57.14  mape=0.0976  | FLOOR smape=0.1008
         laya iter 1 -> best_ONLY_FT_catboost conf=0.3365 rank=6
         laya iter 2 -> best_ONLY_FT_catboost conf=0.9547 rank=6
         laya iter 3 -> best_ONLY_FT_catboost conf=0.9547 rank=6
         laya iter 4 -> best_ONLY_FT_catboost conf=0.9547 rank=6
[ 104] median         score= 0.6796 origin=baseline iters=4 stop=no new information in 3 consecutive turns
         TEST  smape=0.0414  rmse=5.8662  pocid=57.14  mape=0.0421  | FLOOR smape=0.0414
         laya iter 1 -> best_ONLY_DWT_catboost conf=0.9017 rank=2
         laya iter 2 -> best_ONLY_DWT_catboost conf=0.9986 rank=2
         laya iter 3 -> best_ONLY_DWT_catboost conf=0.9986 rank=2
         laya iter 4 -> best_ONLY_DWT_catboost conf=0.9986 rank=2
[ 105] median         score= 0.6583 origin=baseline iters=4 stop=no new information in 3 consecutive turns
         TEST  smape=0.0585  rmse=9.9628  pocid=57.14  mape=0.0591  | FLOOR smape=0.0585
         laya iter 1 -> best_ONLY_DWT_rf conf=0.6061 rank=6
         laya iter 2 -> best_ONLY_DWT_rf conf=1.0 rank=6
         laya iter 3 -> best_ONLY_DWT_rf conf=1.0 rank=6
         laya iter 4 -> best_ONLY_DWT_rf conf=1.0 rank=6
[ 106] best_single    score= 0.5604 origin=agent    iters=4 stop=no new information in 3 consecutive turns
         TEST  smape=0.1585  rmse=19.5066  pocid=42.86  mape=0.1681  | FLOOR smape=0.1564
         laya iter 1 -> best_ONLY_FT_catboost conf=0.5612 rank=1
         laya iter 2 -> best_ONLY_FT_catboost conf=0.9781 rank=1
         laya iter 3 -> best_ONLY_FT_catboost conf=0.9781 rank=1
         laya iter 4 -> best_ONLY_FT_catboost conf=0.9781 rank=1
[ 107] trimmed_mean   score= 0.6052 origin=baseline iters=5 stop=no new information in 3 consecutive turns
         TEST  smape=0.1064  rmse=14.7482  pocid=42.86  mape=0.1098  | FLOOR smape=0.1064
         laya iter 1 -> trimmed_mean_pool2 conf=0.3413 rank=4
         laya iter 2 -> trimmed_mean_pool_full conf=0.6846 rank=10
         laya iter 3 -> trimmed_mean_pool_full conf=0.6846 rank=10
         laya iter 4 -> trimmed_mean_pool_full conf=0.6846 rank=10
         laya iter 5 -> trimmed_mean_pool_full conf=0.6846 rank=10
[ 108] mean           score= 0.6762 origin=baseline iters=4 stop=no new information in 3 consecutive turns
         TEST  smape=0.0835  rmse=17.3461  pocid=57.14  mape=0.0799  | FLOOR smape=0.0835
         laya iter 1 -> median_pool2 conf=0.3462 rank=7
         laya iter 2 -> median_pool2 conf=0.4764 rank=7
         laya iter 3 -> median_pool2 conf=0.4764 rank=7
         laya iter 4 -> median_pool2 conf=0.4764 rank=7
[ 109] dba            score= 0.6621 origin=baseline iters=4 stop=no new information in 3 consecutive turns
         TEST  smape=0.3514  rmse=88.3087  pocid=28.57  mape=0.2904  | FLOOR smape=0.3514
         laya iter 1 -> trimmed_mean_pool_full conf=0.4474 rank=7
         laya iter 2 -> trimmed_mean_pool_full conf=0.6835 rank=7
         laya iter 3 -> trimmed_mean_pool_full conf=0.6835 rank=7
         laya iter 4 -> trimmed_mean_pool_full conf=0.6835 rank=7
[ 110] trimmed_mean   score= 0.6209 origin=baseline iters=5 stop=no new information in 3 consecutive turns
         TEST  smape=0.1009  rmse=13.8069  pocid=28.57  mape=0.0952  | FLOOR smape=0.1009
         laya iter 1 -> median_pool2 conf=0.1791 rank=10
         laya iter 2 -> trimmed_mean_pool_full conf=0.2167 rank=3
         laya iter 3 -> trimmed_mean_pool_full conf=0.4526 rank=3
         laya iter 4 -> trimmed_mean_pool_full conf=0.4526 rank=3
         laya iter 5 -> trimmed_mean_pool_full conf=0.4526 rank=3
--------------------------------------------------------------------------
done in 13.2s | ok: 111 | failed: 0
DATASET SUMMARY over 111 series (mean across series):
  this run   smape=0.1172  rmse=18.3832  pocid=47.36  mape=0.1218  mae=15.0858
  baseline   smape=0.1156  rmse=18.2258  pocid=46.46  mape=0.1207  <- this run is WORSE than the seed floor
  mean       smape=0.1199  rmse=18.8837  pocid=44.53  mape=0.1241  <- this run is better
  median     smape=0.1201  rmse=18.6626  pocid=46.20  mape=0.1238  <- this run is better
  dba        smape=0.1226  rmse=19.3352  pocid=46.46  mape=0.1265  <- this run is better
  ADE        smape=0.1178  rmse=18.5121  pocid=45.05  mape=0.1219  <- this run is better
  FFORMA     smape=0.1197  rmse=18.8493  pocid=44.66  mape=0.1239  <- this run is better
csv: ./timeseries/mestrado/resultados/orchestrator_laya_laya_v0_ml8192/NN5_WEEKLY_DATASET.csv
