dataset      : ANP_MONTHLY
source       : mes_11_venda_mensal.tsf
models       : 19
agent        : laya-english (max_len=None)
writing to   : ./timeseries/mestrado/resultados/orchestrator_laya_laya_v0_noseeds
--------------------------------------------------------------------------
/home/lucas.castro/.conda/envs/agno/lib/python3.11/site-packages/tslearn/bases/bases.py:15: UserWarning: h5py not installed, hdf5 features will not be supported.
Install h5py to use hdf5 features: http://docs.h5py.org/
  warn(h5py_msg)
Fetching 5 files:   0%|          | 0/5 [00:00<?, ?it/s]Fetching 5 files: 100%|██████████| 5/5 [00:00<00:00, 2727.83it/s]
/home/lucas.castro/.conda/envs/agno/lib/python3.11/site-packages/laya/agent.py:928: RuntimeWarning: laya: this checkpoint ships invalid temperatures or values outside [0.5, 5]; using choice:11+=0.10058280825614929 -> 0.5. Treat confidence from the affected entries as uncalibrated.
  return Agent(model_id_or_path, device=device, token=token, subfolder=subfolder, fast=fast,
[   0] best_single    score= 0.6782 origin=agent    iters=4 stop=no new information in 3 consecutive turns
         TEST  smape=0.1802  rmse=1450.2311  pocid=45.45  mape=0.1590
         laya iter 1 -> best_ONLY_DWT_rf conf=0.5972 rank=1
         laya iter 2 -> best_ONLY_DWT_rf conf=0.7622 rank=1
         laya iter 3 -> best_ONLY_DWT_rf conf=0.7622 rank=1
         laya iter 4 -> best_ONLY_DWT_rf conf=0.7622 rank=1
[   1] best_single    score= 0.3494 origin=agent    iters=4 stop=no new information in 3 consecutive turns
         TEST  smape=0.1663  rmse=3016.6640  pocid=81.82  mape=0.1518
         laya iter 1 -> best_THETA conf=0.3869 rank=1
         laya iter 2 -> best_THETA conf=0.3844 rank=1
         laya iter 3 -> best_THETA conf=0.3844 rank=1
         laya iter 4 -> best_THETA conf=0.3844 rank=1
[   2] best_single    score= 0.6171 origin=agent    iters=5 stop=no new information in 3 consecutive turns
         TEST  smape=0.0487  rmse=5548.7804  pocid=63.64  mape=0.0508
         laya iter 1 -> select_stable_k5 conf=0.3675 obs=pool pool5 (5 models)
         laya iter 2 -> best_ONLY_CWT_rf conf=0.7931 rank=1
         laya iter 3 -> best_ONLY_CWT_rf conf=0.9533 rank=1
         laya iter 4 -> best_ONLY_CWT_rf conf=0.9533 rank=1
         laya iter 5 -> best_ONLY_CWT_rf conf=0.9533 rank=1
[   3] best_single    score= 0.5469 origin=agent    iters=4 stop=no new information in 3 consecutive turns
         TEST  smape=0.3961  rmse=3444.0776  pocid=72.73  mape=0.3213
         laya iter 1 -> best_ETS conf=0.5282 rank=1
         laya iter 2 -> best_ETS conf=0.4074 rank=1
         laya iter 3 -> best_ETS conf=0.4074 rank=1
         laya iter 4 -> best_ETS conf=0.4074 rank=1
[   4] best_single    score= 0.3755 origin=agent    iters=5 stop=no new information in 3 consecutive turns
         TEST  smape=0.0564  rmse=3445.4683  pocid=81.82  mape=0.0548
         laya iter 1 -> select_stable_k5 conf=0.3663 obs=pool pool5 (5 models)
         laya iter 2 -> best_THETA conf=0.4569 rank=1
         laya iter 3 -> best_THETA conf=0.7677 rank=1
         laya iter 4 -> best_THETA conf=0.7677 rank=1
         laya iter 5 -> best_THETA conf=0.7677 rank=1
[   5] best_single    score= 0.5511 origin=agent    iters=4 stop=no new information in 3 consecutive turns
         TEST  smape=0.2370  rmse=29.2490  pocid=36.36  mape=0.2710
         laya iter 1 -> best_FT_rf conf=0.3072 rank=1
         laya iter 2 -> best_FT_rf conf=0.4504 rank=1
         laya iter 3 -> best_FT_rf conf=0.4504 rank=1
         laya iter 4 -> best_FT_rf conf=0.4504 rank=1
[   6] best_single    score= 0.5527 origin=agent    iters=4 stop=no new information in 3 consecutive turns
         TEST  smape=0.5737  rmse=5253.6827  pocid=81.82  mape=0.4291
         laya iter 1 -> best_THETA conf=0.3842 rank=1
         laya iter 2 -> best_THETA conf=0.4578 rank=1
         laya iter 3 -> best_THETA conf=0.4578 rank=1
         laya iter 4 -> best_THETA conf=0.4578 rank=1
[   7] best_single    score= 0.5882 origin=agent    iters=4 stop=no new information in 3 consecutive turns
         TEST  smape=0.2018  rmse=110.0732  pocid=45.45  mape=0.2279
         laya iter 1 -> best_ONLY_CWT_catboost conf=0.3707 rank=1
         laya iter 2 -> best_ONLY_CWT_catboost conf=0.5979 rank=1
         laya iter 3 -> best_ONLY_CWT_catboost conf=0.5979 rank=1
         laya iter 4 -> best_ONLY_CWT_catboost conf=0.5979 rank=1
[   8] best_single    score= 0.5913 origin=agent    iters=6 stop=no new information in 3 consecutive turns
         TEST  smape=0.3857  rmse=638.8080  pocid=36.36  mape=0.3133
         laya iter 1 -> select_stable_k5 conf=0.2844 obs=pool pool5 (5 models)
         laya iter 2 -> best_ONLY_DWT_rf conf=0.6296 rank=1
         laya iter 3 -> best_DWT_rf conf=0.6521 rank=1
         laya iter 4 -> best_DWT_rf conf=0.6521 rank=1
         laya iter 5 -> best_DWT_rf conf=0.6521 rank=1
         laya iter 6 -> best_DWT_rf conf=0.6521 rank=1
[   9] best_single    score= 0.5599 origin=agent    iters=5 stop=no new information in 3 consecutive turns
         TEST  smape=0.0281  rmse=7472.1642  pocid=81.82  mape=0.0286
         laya iter 1 -> best_ETS conf=0.5355 rank=1
         laya iter 2 -> prune_redundant_full conf=0.4116 obs=pool pool5 (0 models)
         laya iter 3 -> best_ETS conf=0.409 rank=1
         laya iter 4 -> best_ETS conf=0.409 rank=1
         laya iter 5 -> best_ETS conf=0.409 rank=1
[  10] best_single    score= 0.4507 origin=agent    iters=4 stop=no new information in 3 consecutive turns
         TEST  smape=0.2564  rmse=1539.9087  pocid=72.73  mape=0.2221
         laya iter 1 -> best_THETA conf=0.4361 rank=1
         laya iter 2 -> best_THETA conf=0.5383 rank=1
         laya iter 3 -> best_THETA conf=0.5383 rank=1
         laya iter 4 -> best_THETA conf=0.5383 rank=1
[  11] best_single    score= 0.6370 origin=agent    iters=4 stop=no new information in 3 consecutive turns
         TEST  smape=0.5972  rmse=10701.2866  pocid=54.55  mape=0.4555
         laya iter 1 -> best_FT_rf conf=0.8042 rank=1
         laya iter 2 -> best_FT_rf conf=0.8296 rank=1
         laya iter 3 -> best_FT_rf conf=0.8296 rank=1
         laya iter 4 -> best_FT_rf conf=0.8296 rank=1
[  12] best_single    score= 0.7025 origin=agent    iters=5 stop=no new information in 3 consecutive turns
         TEST  smape=1.1072  rmse=2334.3495  pocid=45.45  mape=20.7604
         laya iter 1 -> select_stable_k5 conf=0.3104 obs=pool pool5 (5 models)
         laya iter 2 -> best_rf conf=0.505 rank=1
         laya iter 3 -> best_rf conf=0.6355 rank=1
         laya iter 4 -> best_rf conf=0.6355 rank=1
         laya iter 5 -> best_rf conf=0.6355 rank=1
[  13] best_single    score= 0.6382 origin=agent    iters=5 stop=no new information in 3 consecutive turns
         TEST  smape=0.2026  rmse=289.7237  pocid=54.55  mape=0.2088
         laya iter 1 -> select_stable_k5 conf=0.2925 obs=pool pool5 (5 models)
         laya iter 2 -> best_NaiveMovingAverage conf=0.3217 rank=1
         laya iter 3 -> best_NaiveMovingAverage conf=0.3518 rank=1
         laya iter 4 -> best_NaiveMovingAverage conf=0.3518 rank=1
         laya iter 5 -> best_NaiveMovingAverage conf=0.3518 rank=1
[  14] best_single    score= 0.5205 origin=agent    iters=5 stop=no new information in 3 consecutive turns
         TEST  smape=0.0492  rmse=2059.2937  pocid=63.64  mape=0.0479
         laya iter 1 -> select_stable_k5 conf=0.3861 obs=pool pool5 (5 models)
         laya iter 2 -> best_THETA conf=0.4047 rank=1
         laya iter 3 -> best_THETA conf=0.6024 rank=1
         laya iter 4 -> best_THETA conf=0.6024 rank=1
         laya iter 5 -> best_THETA conf=0.6024 rank=1
[  15] best_single    score= 0.7224 origin=agent    iters=4 stop=no new information in 3 consecutive turns
         TEST  smape=0.0531  rmse=2846.7288  pocid=27.27  mape=0.0539
         laya iter 1 -> best_ONLY_CWT_rf conf=0.6855 rank=1
         laya iter 2 -> best_ONLY_CWT_rf conf=0.8282 rank=1
         laya iter 3 -> best_ONLY_CWT_rf conf=0.8282 rank=1
         laya iter 4 -> best_ONLY_CWT_rf conf=0.8282 rank=1
[  16] best_single    score= 0.5103 origin=agent    iters=5 stop=no new information in 3 consecutive turns
         TEST  smape=0.1568  rmse=17349.3700  pocid=72.73  mape=0.1443
         laya iter 1 -> select_stable_k5 conf=0.3114 obs=pool pool5 (5 models)
         laya iter 2 -> best_FT_rf conf=0.4927 rank=1
         laya iter 3 -> best_FT_rf conf=0.701 rank=1
         laya iter 4 -> best_FT_rf conf=0.701 rank=1
         laya iter 5 -> best_FT_rf conf=0.701 rank=1
[  17] best_single    score= 0.6087 origin=agent    iters=4 stop=no new information in 3 consecutive turns
         TEST  smape=0.1678  rmse=144541.9798  pocid=81.82  mape=0.1845
         laya iter 1 -> best_ONLY_DWT_rf conf=0.3407 rank=1
         laya iter 2 -> best_ONLY_DWT_rf conf=0.4614 rank=1
         laya iter 3 -> best_ONLY_DWT_rf conf=0.4614 rank=1
         laya iter 4 -> best_ONLY_DWT_rf conf=0.4614 rank=1
[  18] best_single    score= 0.6320 origin=agent    iters=5 stop=no new information in 3 consecutive turns
         TEST  smape=1.3196  rmse=4617.4047  pocid=45.45  mape=175014548472309344.0000
         laya iter 1 -> select_stable_k5 conf=0.3301 obs=pool pool5 (5 models)
         laya iter 2 -> best_ONLY_FT_catboost conf=0.3328 rank=1
         laya iter 3 -> best_ONLY_FT_catboost conf=0.3568 rank=1
         laya iter 4 -> best_ONLY_FT_catboost conf=0.3568 rank=1
         laya iter 5 -> best_ONLY_FT_catboost conf=0.3568 rank=1
[  19] best_single    score= 0.5672 origin=agent    iters=5 stop=no new information in 3 consecutive turns
         TEST  smape=0.2390  rmse=673.9470  pocid=63.64  mape=0.2916
         laya iter 1 -> best_ONLY_DWT_rf conf=0.2749 rank=1
         laya iter 2 -> best_DWT_rf conf=0.7339 rank=2
         laya iter 3 -> best_DWT_rf conf=0.7339 rank=2
         laya iter 4 -> best_DWT_rf conf=0.7339 rank=2
         laya iter 5 -> best_DWT_rf conf=0.7339 rank=2
[  20] best_single    score= 0.5822 origin=agent    iters=5 stop=no new information in 3 consecutive turns
         TEST  smape=0.1056  rmse=89801.6916  pocid=100.00  mape=0.0999
         laya iter 1 -> select_stable_k5 conf=0.2859 obs=pool pool5 (5 models)
         laya iter 2 -> best_ETS conf=0.2728 rank=1
         laya iter 3 -> best_ETS conf=0.3125 rank=1
         laya iter 4 -> best_ETS conf=0.3125 rank=1
         laya iter 5 -> best_ETS conf=0.3125 rank=1
[  21] best_single    score= 0.5877 origin=agent    iters=5 stop=no new information in 3 consecutive turns
         TEST  smape=0.0491  rmse=3998.2059  pocid=45.45  mape=0.0505
         laya iter 1 -> select_stable_k5 conf=0.3231 obs=pool pool5 (5 models)
         laya iter 2 -> best_rf conf=0.4229 rank=1
         laya iter 3 -> best_rf conf=0.41 rank=1
         laya iter 4 -> best_rf conf=0.41 rank=1
         laya iter 5 -> best_rf conf=0.41 rank=1
[  22] best_single    score= 0.5003 origin=agent    iters=4 stop=no new information in 3 consecutive turns
         TEST  smape=0.2766  rmse=1535.9493  pocid=63.64  mape=0.2913
         laya iter 1 -> best_FT_rf conf=0.6794 rank=1
         laya iter 2 -> best_FT_rf conf=0.5311 rank=1
         laya iter 3 -> best_FT_rf conf=0.5311 rank=1
         laya iter 4 -> best_FT_rf conf=0.5311 rank=1
[  23] best_single    score= 0.3526 origin=agent    iters=6 stop=no new information in 3 consecutive turns
         TEST  smape=0.2663  rmse=6920.5443  pocid=81.82  mape=0.2277
         laya iter 1 -> select_stable_k5 conf=0.2373 obs=pool pool5 (5 models)
         laya iter 2 -> best_FT_catboost conf=0.3763 rank=1
         laya iter 3 -> best_ONLY_CWT_rf conf=0.3679 rank=2
         laya iter 4 -> best_ONLY_CWT_rf conf=0.3679 rank=2
         laya iter 5 -> best_ONLY_CWT_rf conf=0.3679 rank=2
         laya iter 6 -> best_ONLY_CWT_rf conf=0.3679 rank=2
[  24] best_single    score= 0.6487 origin=agent    iters=5 stop=no new information in 3 consecutive turns
         TEST  smape=0.0429  rmse=6901.2866  pocid=72.73  mape=0.0437
         laya iter 1 -> select_stable_k5 conf=0.2779 obs=pool pool5 (5 models)
         laya iter 2 -> best_FT_rf conf=0.4992 rank=1
         laya iter 3 -> best_FT_rf conf=0.7345 rank=1
         laya iter 4 -> best_FT_rf conf=0.7345 rank=1
         laya iter 5 -> best_FT_rf conf=0.7345 rank=1
[  25] best_single    score= 0.6415 origin=agent    iters=4 stop=no new information in 3 consecutive turns
         TEST  smape=0.1843  rmse=55.4445  pocid=45.45  mape=0.2084
         laya iter 1 -> best_ONLY_FT_catboost conf=0.5782 rank=1
         laya iter 2 -> best_ONLY_FT_catboost conf=0.8705 rank=1
         laya iter 3 -> best_ONLY_FT_catboost conf=0.8705 rank=1
         laya iter 4 -> best_ONLY_FT_catboost conf=0.8705 rank=1
[  26] best_single    score= 0.4994 origin=agent    iters=4 stop=no new information in 3 consecutive turns
         TEST  smape=0.3514  rmse=1622.9242  pocid=45.45  mape=0.2957
         laya iter 1 -> best_CWT_rf conf=0.4363 rank=1
         laya iter 2 -> best_CWT_rf conf=0.4811 rank=1
         laya iter 3 -> best_CWT_rf conf=0.4811 rank=1
         laya iter 4 -> best_CWT_rf conf=0.4811 rank=1
[  27] best_single    score= 0.6440 origin=agent    iters=6 stop=no new information in 3 consecutive turns
         TEST  smape=0.2865  rmse=3614.1050  pocid=63.64  mape=0.2426
         laya iter 1 -> select_stable_k5 conf=0.3126 obs=pool pool5 (5 models)
         laya iter 2 -> best_DWT_rf conf=0.6466 rank=1
         laya iter 3 -> best_ONLY_DWT_rf conf=0.6393 rank=2
         laya iter 4 -> best_ONLY_DWT_rf conf=0.6393 rank=2
         laya iter 5 -> best_ONLY_DWT_rf conf=0.6393 rank=2
         laya iter 6 -> best_ONLY_DWT_rf conf=0.6393 rank=2
[  28] best_single    score= 0.5756 origin=agent    iters=4 stop=no new information in 3 consecutive turns
         TEST  smape=0.0551  rmse=10350.5907  pocid=63.64  mape=0.0538
         laya iter 1 -> best_ONLY_CWT_catboost conf=0.7135 rank=1
         laya iter 2 -> best_ONLY_CWT_catboost conf=0.995 rank=1
         laya iter 3 -> best_ONLY_CWT_catboost conf=0.995 rank=1
         laya iter 4 -> best_ONLY_CWT_catboost conf=0.995 rank=1
[  29] best_single    score= 0.4967 origin=agent    iters=4 stop=no new information in 3 consecutive turns
         TEST  smape=0.3824  rmse=2970.6623  pocid=63.64  mape=0.3124
         laya iter 1 -> best_THETA conf=0.6868 rank=1
         laya iter 2 -> best_THETA conf=0.6445 rank=1
         laya iter 3 -> best_THETA conf=0.6445 rank=1
         laya iter 4 -> best_THETA conf=0.6445 rank=1
[  30] best_single    score= 0.5811 origin=agent    iters=5 stop=no new information in 3 consecutive turns
         TEST  smape=0.1513  rmse=235.8082  pocid=63.64  mape=0.1563
         laya iter 1 -> select_stable_k5 conf=0.2458 obs=pool pool5 (5 models)
         laya iter 2 -> best_ARIMA conf=0.3768 rank=1
         laya iter 3 -> best_ARIMA conf=0.6886 rank=1
         laya iter 4 -> best_ARIMA conf=0.6886 rank=1
         laya iter 5 -> best_ARIMA conf=0.6886 rank=1
[  31] best_single    score= 0.6667 origin=agent    iters=4 stop=no new information in 3 consecutive turns
         TEST  smape=0.4807  rmse=20.9528  pocid=63.64  mape=0.7808
         laya iter 1 -> best_ONLY_FT_catboost conf=0.7831 rank=1
         laya iter 2 -> best_ONLY_FT_catboost conf=0.4838 rank=1
         laya iter 3 -> best_ONLY_FT_catboost conf=0.4838 rank=1
         laya iter 4 -> best_ONLY_FT_catboost conf=0.4838 rank=1
[  32] FAILED: ValueError: Attempt(attempt_id='a1', spec={'combine': 'mean', 'pool': 'pool_full'}, origin='baseline', aggregate={'MAPE': 0.4366301241853982, 'SMAPE': 0.4294875812884602, 'RMSE': 15.085776029836566, 'POCID': 60.6060606060606, 'MSMAPE': 0.42858892138344623, 'MAE': 11.464760864195902}, per_window=[{'MAPE': 0.3415670200677183, 'SMAPE': 0.3511419234746416, 'RMSE': 13.926015129104918, 'POCID': 54.54545454545455, 'MSMAPE': 0.35042525976646827, 'MAE': 9.52988805460526}, {'MAPE': 0.5452374033038793, 'SMAPE': 0.422039847066318, 'RMSE': 10.034587445533875, 'POCID': 54.54545454545455, 'MSMAPE': 0.4209438539229646, 'MAE': 8.99920295328947}, {'MAPE': 0.42308594918459713, 'SMAPE': 0.5152809733244208, 'RMSE': 19.700636352388454, 'POCID': 72.72727272727273, 'MSMAPE': 0.5143976504609059, 'MAE': 15.865191584692981}], score=0.6787878787878788, rationale='deterministic baseline: plain mean of the full pool', iteration=0, n_models=19, per_window_scores=[0.6909090909090909, 0.6909090909090909, 0.6545454545454545], residuals=[-2.837854481052627, -6.627951285263158, -14.870321420526313, -38.10357937, -4.910242716315789, -18.865627866315787, 1.576707516315789, -1.420078296842103, -0.896584248947363, 8.100940926842107, 11.304623828421052, -4.844144698421054, 7.046650746842104, 2.4985239384210516, 7.2462410789473655, -11.463810549999998, -19.353410647368417, -10.873241719473683, -5.252800047368417, 5.1853989836842125, -9.688764754736841, 14.40574208157895, -5.526715458947365, -9.449135432105265, 9.7274810731579, -16.18616403421053, 6.567824292631574, -6.499736738421049, 2.543409227368418, -3.927040073684207, -5.106560332631577, -20.540653715789478, -39.14883137105264, -31.108270960526312, -29.168821321578946, -19.857505875263154], agent_converged=True, agent_rationale='laya selected mean_pool_full') is not in list
[  33] best_single    score= 0.5934 origin=agent    iters=5 stop=no new information in 3 consecutive turns
         TEST  smape=0.0676  rmse=68.5991  pocid=9.09  mape=0.0659
         laya iter 1 -> best_ONLY_DWT_rf conf=0.6236 rank=1
         laya iter 2 -> best_CWT_rf conf=0.6195 rank=1
         laya iter 3 -> best_CWT_rf conf=0.6195 rank=1
         laya iter 4 -> best_CWT_rf conf=0.6195 rank=1
         laya iter 5 -> best_CWT_rf conf=0.6195 rank=1
[  34] best_single    score= 0.5180 origin=agent    iters=4 stop=no new information in 3 consecutive turns
         TEST  smape=0.0589  rmse=620.0266  pocid=54.55  mape=0.0607
         laya iter 1 -> best_ETS conf=0.4889 rank=1
         laya iter 2 -> best_ETS conf=0.5897 rank=1
         laya iter 3 -> best_ETS conf=0.5897 rank=1
         laya iter 4 -> best_ETS conf=0.5897 rank=1
[  35] best_single    score= 0.5857 origin=agent    iters=4 stop=no new information in 3 consecutive turns
         TEST  smape=0.1993  rmse=98.0423  pocid=54.55  mape=0.2120
         laya iter 1 -> best_ARIMA conf=0.4352 rank=1
         laya iter 2 -> best_ARIMA conf=0.3693 rank=1
         laya iter 3 -> best_ARIMA conf=0.3693 rank=1
         laya iter 4 -> best_ARIMA conf=0.3693 rank=1
[  36] best_single    score= 0.6438 origin=agent    iters=4 stop=no new information in 3 consecutive turns
         TEST  smape=0.1020  rmse=34615.9778  pocid=45.45  mape=0.1087
         laya iter 1 -> best_ONLY_FT_rf conf=0.4496 rank=1
         laya iter 2 -> best_ONLY_FT_rf conf=0.7387 rank=1
         laya iter 3 -> best_ONLY_FT_rf conf=0.7387 rank=1
         laya iter 4 -> best_ONLY_FT_rf conf=0.7387 rank=1
[  37] best_single    score= 0.6080 origin=agent    iters=4 stop=no new information in 3 consecutive turns
         TEST  smape=0.2190  rmse=64.4430  pocid=54.55  mape=0.2220
         laya iter 1 -> best_rf conf=0.596 rank=1
         laya iter 2 -> best_rf conf=0.6627 rank=1
         laya iter 3 -> best_rf conf=0.6627 rank=1
         laya iter 4 -> best_rf conf=0.6627 rank=1
[  38] best_single    score= 0.5232 origin=agent    iters=6 stop=no new information in 3 consecutive turns
         TEST  smape=0.7710  rmse=5301.5358  pocid=45.45  mape=0.5533
         laya iter 1 -> select_stable_k5 conf=0.2109 obs=pool pool5 (5 models)
         laya iter 2 -> best_FT_catboost conf=0.4969 rank=1
         laya iter 3 -> best_ONLY_CWT_catboost conf=0.4539 rank=1
         laya iter 4 -> best_ONLY_CWT_catboost conf=0.4539 rank=1
         laya iter 5 -> best_ONLY_CWT_catboost conf=0.4539 rank=1
         laya iter 6 -> best_ONLY_CWT_catboost conf=0.4539 rank=1
[  39] best_single    score= 0.6189 origin=agent    iters=5 stop=no new information in 3 consecutive turns
         TEST  smape=0.0437  rmse=6224.5559  pocid=45.45  mape=0.0455
         laya iter 1 -> select_stable_k5 conf=0.2376 obs=pool pool5 (5 models)
         laya iter 2 -> best_ONLY_CWT_catboost conf=0.4821 rank=1
         laya iter 3 -> best_ONLY_CWT_catboost conf=0.4957 rank=1
         laya iter 4 -> best_ONLY_CWT_catboost conf=0.4957 rank=1
         laya iter 5 -> best_ONLY_CWT_catboost conf=0.4957 rank=1
[  40] best_single    score= 0.5012 origin=agent    iters=4 stop=no new information in 3 consecutive turns
         TEST  smape=0.0333  rmse=4790.0939  pocid=81.82  mape=0.0331
         laya iter 1 -> best_ETS conf=0.3853 rank=1
         laya iter 2 -> best_ETS conf=0.4884 rank=1
         laya iter 3 -> best_ETS conf=0.4884 rank=1
         laya iter 4 -> best_ETS conf=0.4884 rank=1
[  41] best_single    score= 0.5417 origin=agent    iters=5 stop=no new information in 3 consecutive turns
         TEST  smape=0.1601  rmse=11464.7557  pocid=54.55  mape=0.1465
         laya iter 1 -> select_stable_k5 conf=0.2537 obs=pool pool5 (5 models)
         laya iter 2 -> best_FT_catboost conf=0.451 rank=1
         laya iter 3 -> best_FT_catboost conf=0.6094 rank=1
         laya iter 4 -> best_FT_catboost conf=0.6094 rank=1
         laya iter 5 -> best_FT_catboost conf=0.6094 rank=1
[  42] best_single    score= 0.7680 origin=agent    iters=6 stop=no new information in 3 consecutive turns
         TEST  smape=0.2812  rmse=5.9219  pocid=0.00  mape=0.3271
         laya iter 1 -> select_stable_k5 conf=0.2666 obs=pool pool5 (5 models)
         laya iter 2 -> prune_redundant_full conf=0.2577 obs=pool pool6 (0 models)
         laya iter 3 -> best_ETS conf=0.5276 rank=1
         laya iter 4 -> best_ETS conf=0.3404 rank=1
         laya iter 5 -> best_ETS conf=0.3404 rank=1
         laya iter 6 -> best_ETS conf=0.3404 rank=1
[  43] best_single    score= 0.5151 origin=agent    iters=4 stop=no new information in 3 consecutive turns
         TEST  smape=0.0894  rmse=1695.6377  pocid=81.82  mape=0.0860
         laya iter 1 -> best_NaiveSeasonal conf=0.3705 rank=1
         laya iter 2 -> best_NaiveSeasonal conf=0.3762 rank=1
         laya iter 3 -> best_NaiveSeasonal conf=0.3762 rank=1
         laya iter 4 -> best_NaiveSeasonal conf=0.3762 rank=1
[  44] best_single    score= 0.6606 origin=agent    iters=4 stop=no new information in 3 consecutive turns
         TEST  smape=0.5891  rmse=4845.1696  pocid=54.55  mape=1.2415
         laya iter 1 -> best_FT_catboost conf=0.3916 rank=1
         laya iter 2 -> best_FT_catboost conf=0.4968 rank=1
         laya iter 3 -> best_FT_catboost conf=0.4968 rank=1
         laya iter 4 -> best_FT_catboost conf=0.4968 rank=1
[  45] best_single    score= 0.5014 origin=agent    iters=4 stop=no new information in 3 consecutive turns
         TEST  smape=0.3127  rmse=5445.2251  pocid=36.36  mape=0.2611
         laya iter 1 -> best_ONLY_FT_rf conf=0.499 rank=1
         laya iter 2 -> best_ONLY_FT_rf conf=0.5449 rank=1
         laya iter 3 -> best_ONLY_FT_rf conf=0.5449 rank=1
         laya iter 4 -> best_ONLY_FT_rf conf=0.5449 rank=1
[  46] best_single    score= 0.6331 origin=agent    iters=4 stop=no new information in 3 consecutive turns
         TEST  smape=0.1555  rmse=13731.0815  pocid=72.73  mape=0.1612
         laya iter 1 -> best_FT_rf conf=0.3793 rank=1
         laya iter 2 -> best_FT_rf conf=0.3631 rank=1
         laya iter 3 -> best_FT_rf conf=0.3631 rank=1
         laya iter 4 -> best_FT_rf conf=0.3631 rank=1
[  47] best_single    score= 0.4558 origin=agent    iters=5 stop=no new information in 3 consecutive turns
         TEST  smape=0.1294  rmse=394.2491  pocid=81.82  mape=0.1445
         laya iter 1 -> best_ETS conf=0.4256 rank=1
         laya iter 2 -> prune_redundant_full conf=0.3488 obs=pool pool5 (0 models)
         laya iter 3 -> best_ETS conf=0.3944 rank=1
         laya iter 4 -> best_ETS conf=0.3944 rank=1
         laya iter 5 -> best_ETS conf=0.3944 rank=1
[  48] best_single    score= 0.5721 origin=agent    iters=4 stop=no new information in 3 consecutive turns
         TEST  smape=0.3075  rmse=367.5940  pocid=45.45  mape=0.2532
         laya iter 1 -> best_ONLY_DWT_rf conf=0.3812 rank=1
         laya iter 2 -> best_ONLY_DWT_rf conf=0.4499 rank=1
         laya iter 3 -> best_ONLY_DWT_rf conf=0.4499 rank=1
         laya iter 4 -> best_ONLY_DWT_rf conf=0.4499 rank=1
[  49] best_single    score= 0.6134 origin=agent    iters=6 stop=no new information in 3 consecutive turns
         TEST  smape=0.2072  rmse=2101.7250  pocid=36.36  mape=0.1753
         laya iter 1 -> select_stable_k5 conf=0.2589 obs=pool pool5 (5 models)
         laya iter 2 -> best_CWT_rf conf=0.4909 rank=1
         laya iter 3 -> best_ONLY_CWT_rf conf=0.6156 rank=2
         laya iter 4 -> best_ONLY_CWT_rf conf=0.6156 rank=2
         laya iter 5 -> best_ONLY_CWT_rf conf=0.6156 rank=2
         laya iter 6 -> best_ONLY_CWT_rf conf=0.6156 rank=2
[  50] best_single    score= 0.6432 origin=agent    iters=5 stop=no new information in 3 consecutive turns
         TEST  smape=0.1095  rmse=88.6631  pocid=54.55  mape=0.1035
         laya iter 1 -> select_stable_k5 conf=0.3066 obs=pool pool5 (5 models)
         laya iter 2 -> best_ARIMA conf=0.3423 rank=1
         laya iter 3 -> best_ARIMA conf=0.4422 rank=1
         laya iter 4 -> best_ARIMA conf=0.4422 rank=1
         laya iter 5 -> best_ARIMA conf=0.4422 rank=1
[  51] best_single    score= 0.6595 origin=agent    iters=4 stop=no new information in 3 consecutive turns
         TEST  smape=0.1800  rmse=8.1081  pocid=72.73  mape=0.1938
         laya iter 1 -> best_ONLY_FT_rf conf=0.359 rank=1
         laya iter 2 -> best_ONLY_FT_rf conf=0.9878 rank=1
         laya iter 3 -> best_ONLY_FT_rf conf=0.9878 rank=1
         laya iter 4 -> best_ONLY_FT_rf conf=0.9878 rank=1
[  52] best_single    score= 0.5741 origin=agent    iters=4 stop=no new information in 3 consecutive turns
         TEST  smape=0.1559  rmse=3545.5448  pocid=63.64  mape=0.1664
         laya iter 1 -> best_ONLY_FT_catboost conf=0.3952 rank=1
         laya iter 2 -> best_ONLY_FT_catboost conf=0.4854 rank=1
         laya iter 3 -> best_ONLY_FT_catboost conf=0.4854 rank=1
         laya iter 4 -> best_ONLY_FT_catboost conf=0.4854 rank=1
[  53] best_single    score= 0.6222 origin=agent    iters=4 stop=no new information in 3 consecutive turns
         TEST  smape=0.0813  rmse=1711.9838  pocid=90.91  mape=0.0783
         laya iter 1 -> best_ETS conf=0.4805 rank=1
         laya iter 2 -> best_ETS conf=0.5727 rank=1
         laya iter 3 -> best_ETS conf=0.5727 rank=1
         laya iter 4 -> best_ETS conf=0.5727 rank=1
[  54] best_single    score= 0.5629 origin=agent    iters=6 stop=no new information in 3 consecutive turns
         TEST  smape=0.2401  rmse=1510.5177  pocid=63.64  mape=0.2071
         laya iter 1 -> select_stable_k5 conf=0.2902 obs=pool pool5 (5 models)
         laya iter 2 -> best_ONLY_FT_catboost conf=0.4948 rank=1
         laya iter 3 -> best_ARIMA conf=0.7259 rank=2
         laya iter 4 -> best_ARIMA conf=0.7259 rank=2
         laya iter 5 -> best_ARIMA conf=0.7259 rank=2
         laya iter 6 -> best_ARIMA conf=0.7259 rank=2
[  55] best_single    score= 0.2921 origin=agent    iters=4 stop=no new information in 3 consecutive turns
         TEST  smape=0.1142  rmse=674.2101  pocid=90.91  mape=0.1049
         laya iter 1 -> best_ETS conf=0.815 rank=1
         laya iter 2 -> best_ETS conf=0.9609 rank=1
         laya iter 3 -> best_ETS conf=0.9609 rank=1
         laya iter 4 -> best_ETS conf=0.9609 rank=1
[  56] best_single    score= 0.5531 origin=agent    iters=4 stop=no new information in 3 consecutive turns
         TEST  smape=0.1575  rmse=366.8919  pocid=54.55  mape=0.1755
         laya iter 1 -> best_ONLY_DWT_catboost conf=0.3761 rank=1
         laya iter 2 -> best_ONLY_DWT_catboost conf=0.5834 rank=1
         laya iter 3 -> best_ONLY_DWT_catboost conf=0.5834 rank=1
         laya iter 4 -> best_ONLY_DWT_catboost conf=0.5834 rank=1
[  57] best_single    score= 0.5818 origin=agent    iters=6 stop=no new information in 3 consecutive turns
         TEST  smape=0.2945  rmse=5234.2037  pocid=72.73  mape=0.2832
         laya iter 1 -> select_stable_k5 conf=0.2542 obs=pool pool5 (5 models)
         laya iter 2 -> best_ONLY_CWT_rf conf=0.9137 rank=1
         laya iter 3 -> best_ONLY_FT_rf conf=0.8001 rank=1
         laya iter 4 -> best_ONLY_FT_rf conf=0.8001 rank=1
         laya iter 5 -> best_ONLY_FT_rf conf=0.8001 rank=1
         laya iter 6 -> best_ONLY_FT_rf conf=0.8001 rank=1
[  58] best_single    score= 0.6859 origin=agent    iters=4 stop=no new information in 3 consecutive turns
         TEST  smape=0.1706  rmse=84.1707  pocid=72.73  mape=0.1633
         laya iter 1 -> best_ONLY_CWT_catboost conf=0.556 rank=1
         laya iter 2 -> best_ONLY_CWT_catboost conf=0.4563 rank=1
         laya iter 3 -> best_ONLY_CWT_catboost conf=0.4563 rank=1
         laya iter 4 -> best_ONLY_CWT_catboost conf=0.4563 rank=1
[  59] best_single    score= 0.6807 origin=agent    iters=4 stop=no new information in 3 consecutive turns
         TEST  smape=0.2646  rmse=2120.5953  pocid=54.55  mape=0.2284
         laya iter 1 -> best_rf conf=0.8725 rank=1
         laya iter 2 -> best_rf conf=0.9821 rank=1
         laya iter 3 -> best_rf conf=0.9821 rank=1
         laya iter 4 -> best_rf conf=0.9821 rank=1
[  60] best_single    score= 0.6306 origin=agent    iters=5 stop=no new information in 3 consecutive turns
         TEST  smape=0.0443  rmse=5813.2976  pocid=81.82  mape=0.0433
         laya iter 1 -> best_ETS conf=0.3687 rank=1
         laya iter 2 -> prune_redundant_full conf=0.594 obs=pool pool5 (0 models)
         laya iter 3 -> best_ETS conf=0.6003 rank=1
         laya iter 4 -> best_ETS conf=0.6003 rank=1
         laya iter 5 -> best_ETS conf=0.6003 rank=1
[  61] best_single    score= 0.5823 origin=agent    iters=4 stop=no new information in 3 consecutive turns
         TEST  smape=0.2666  rmse=6281.7458  pocid=63.64  mape=0.2328
         laya iter 1 -> best_ONLY_CWT_rf conf=0.2901 rank=1
         laya iter 2 -> best_ONLY_CWT_rf conf=0.7101 rank=1
         laya iter 3 -> best_ONLY_CWT_rf conf=0.7101 rank=1
         laya iter 4 -> best_ONLY_CWT_rf conf=0.7101 rank=1
[  62] best_single    score= 0.6809 origin=agent    iters=4 stop=no new information in 3 consecutive turns
         TEST  smape=0.1307  rmse=18514.3754  pocid=81.82  mape=0.1416
         laya iter 1 -> best_ONLY_DWT_catboost conf=0.8703 rank=1
         laya iter 2 -> best_ONLY_DWT_catboost conf=0.9907 rank=1
         laya iter 3 -> best_ONLY_DWT_catboost conf=0.9907 rank=1
         laya iter 4 -> best_ONLY_DWT_catboost conf=0.9907 rank=1
[  63] best_single    score= 0.5648 origin=agent    iters=5 stop=no new information in 3 consecutive turns
         TEST  smape=0.2338  rmse=3419.8902  pocid=36.36  mape=0.2070
         laya iter 1 -> select_stable_k5 conf=0.3339 obs=pool pool5 (5 models)
         laya iter 2 -> best_CWT_catboost conf=0.3698 rank=1
         laya iter 3 -> best_CWT_catboost conf=0.365 rank=1
         laya iter 4 -> best_CWT_catboost conf=0.365 rank=1
         laya iter 5 -> best_CWT_catboost conf=0.365 rank=1
[  64] best_single    score= 0.6189 origin=agent    iters=5 stop=no new information in 3 consecutive turns
         TEST  smape=0.5118  rmse=30.2943  pocid=54.55  mape=0.5821
         laya iter 1 -> select_stable_k5 conf=0.3159 obs=pool pool5 (5 models)
         laya iter 2 -> best_DWT_rf conf=0.3972 rank=1
         laya iter 3 -> best_DWT_rf conf=0.5135 rank=1
         laya iter 4 -> best_DWT_rf conf=0.5135 rank=1
         laya iter 5 -> best_DWT_rf conf=0.5135 rank=1
[  65] best_single    score= 0.5248 origin=agent    iters=5 stop=no new information in 3 consecutive turns
         TEST  smape=0.0746  rmse=6862.5842  pocid=72.73  mape=0.0787
         laya iter 1 -> best_ETS conf=0.4817 rank=1
         laya iter 2 -> prune_redundant_full conf=0.4276 obs=pool pool5 (0 models)
         laya iter 3 -> best_ETS conf=0.4056 rank=1
         laya iter 4 -> best_ETS conf=0.4056 rank=1
         laya iter 5 -> best_ETS conf=0.4056 rank=1
[  66] best_single    score= 0.5572 origin=agent    iters=4 stop=no new information in 3 consecutive turns
         TEST  smape=0.4399  rmse=24713.5621  pocid=27.27  mape=0.7421
         laya iter 1 -> best_FT_rf conf=0.371 rank=1
         laya iter 2 -> best_FT_rf conf=0.326 rank=1
         laya iter 3 -> best_FT_rf conf=0.326 rank=1
         laya iter 4 -> best_FT_rf conf=0.326 rank=1
[  67] best_single    score= 0.6274 origin=agent    iters=5 stop=no new information in 3 consecutive turns
         TEST  smape=0.0384  rmse=679.9519  pocid=90.91  mape=0.0379
         laya iter 1 -> select_stable_k5 conf=0.3162 obs=pool pool5 (5 models)
         laya iter 2 -> best_THETA conf=0.4134 rank=1
         laya iter 3 -> best_THETA conf=0.6335 rank=1
         laya iter 4 -> best_THETA conf=0.6335 rank=1
         laya iter 5 -> best_THETA conf=0.6335 rank=1
[  68] best_single    score= 0.5070 origin=agent    iters=5 stop=no new information in 3 consecutive turns
         TEST  smape=0.0866  rmse=5574.6704  pocid=90.91  mape=0.0909
         laya iter 1 -> select_stable_k5 conf=0.2936 obs=pool pool5 (5 models)
         laya iter 2 -> best_THETA conf=0.4856 rank=1
         laya iter 3 -> best_THETA conf=0.6981 rank=1
         laya iter 4 -> best_THETA conf=0.6981 rank=1
         laya iter 5 -> best_THETA conf=0.6981 rank=1
[  69] best_single    score= 0.5607 origin=agent    iters=4 stop=no new information in 3 consecutive turns
         TEST  smape=0.9291  rmse=1635.2867  pocid=81.82  mape=1.2997
         laya iter 1 -> best_ONLY_FT_rf conf=0.4243 rank=1
         laya iter 2 -> best_ONLY_FT_rf conf=0.4466 rank=1
         laya iter 3 -> best_ONLY_FT_rf conf=0.4466 rank=1
         laya iter 4 -> best_ONLY_FT_rf conf=0.4466 rank=1
[  70] best_single    score= 0.6641 origin=agent    iters=4 stop=no new information in 3 consecutive turns
         TEST  smape=0.1232  rmse=5523.7034  pocid=63.64  mape=0.1167
         laya iter 1 -> best_ONLY_DWT_rf conf=0.3988 rank=1
         laya iter 2 -> best_ONLY_DWT_rf conf=0.8681 rank=1
         laya iter 3 -> best_ONLY_DWT_rf conf=0.8681 rank=1
         laya iter 4 -> best_ONLY_DWT_rf conf=0.8681 rank=1
[  71] best_single    score= 0.6175 origin=agent    iters=6 stop=no new information in 3 consecutive turns
         TEST  smape=0.2039  rmse=6442.9359  pocid=54.55  mape=0.1744
         laya iter 1 -> select_stable_k5 conf=0.2543 obs=pool pool5 (5 models)
         laya iter 2 -> best_DWT_rf conf=0.5896 rank=1
         laya iter 3 -> best_CWT_catboost conf=0.3874 rank=1
         laya iter 4 -> best_CWT_catboost conf=0.3874 rank=1
         laya iter 5 -> best_CWT_catboost conf=0.3874 rank=1
         laya iter 6 -> best_CWT_catboost conf=0.3874 rank=1
[  72] best_single    score= 0.7482 origin=agent    iters=4 stop=no new information in 3 consecutive turns
         TEST  smape=0.0308  rmse=10236.1126  pocid=90.91  mape=0.0303
         laya iter 1 -> best_THETA conf=0.4549 rank=1
         laya iter 2 -> best_THETA conf=0.4942 rank=1
         laya iter 3 -> best_THETA conf=0.4942 rank=1
         laya iter 4 -> best_THETA conf=0.4942 rank=1
[  73] best_single    score= 0.6221 origin=agent    iters=4 stop=no new information in 3 consecutive turns
         TEST  smape=0.0948  rmse=41563.8480  pocid=63.64  mape=0.1009
         laya iter 1 -> best_rf conf=0.3081 rank=1
         laya iter 2 -> best_rf conf=0.5427 rank=1
         laya iter 3 -> best_rf conf=0.5427 rank=1
         laya iter 4 -> best_rf conf=0.5427 rank=1
[  74] best_single    score= 0.6221 origin=agent    iters=4 stop=no new information in 3 consecutive turns
         TEST  smape=0.1235  rmse=7302.4323  pocid=36.36  mape=0.1336
         laya iter 1 -> best_ONLY_CWT_rf conf=0.3076 rank=1
         laya iter 2 -> best_ONLY_CWT_rf conf=0.8428 rank=1
         laya iter 3 -> best_ONLY_CWT_rf conf=0.8428 rank=1
         laya iter 4 -> best_ONLY_CWT_rf conf=0.8428 rank=1
[  75] best_single    score= 0.6298 origin=agent    iters=4 stop=no new information in 3 consecutive turns
         TEST  smape=0.0845  rmse=1195.8626  pocid=81.82  mape=0.0823
         laya iter 1 -> best_DWT_rf conf=0.3222 rank=1
         laya iter 2 -> best_DWT_rf conf=0.4431 rank=1
         laya iter 3 -> best_DWT_rf conf=0.4431 rank=1
         laya iter 4 -> best_DWT_rf conf=0.4431 rank=1
[  76] best_single    score= 0.4201 origin=agent    iters=4 stop=no new information in 3 consecutive turns
         TEST  smape=0.0460  rmse=10774.4965  pocid=63.64  mape=0.0451
         laya iter 1 -> best_ETS conf=0.842 rank=1
         laya iter 2 -> best_ETS conf=0.9708 rank=1
         laya iter 3 -> best_ETS conf=0.9708 rank=1
         laya iter 4 -> best_ETS conf=0.9708 rank=1
[  77] best_single    score= 0.5462 origin=agent    iters=5 stop=no new information in 3 consecutive turns
         TEST  smape=1.5608  rmse=3381.5789  pocid=72.73  mape=23.7642
         laya iter 1 -> select_stable_k5 conf=0.4395 obs=pool pool5 (5 models)
         laya iter 2 -> best_rf conf=0.4657 rank=1
         laya iter 3 -> best_rf conf=0.7615 rank=1
         laya iter 4 -> best_rf conf=0.7615 rank=1
         laya iter 5 -> best_rf conf=0.7615 rank=1
[  78] best_single    score= 0.6574 origin=agent    iters=5 stop=no new information in 3 consecutive turns
         TEST  smape=0.3984  rmse=25.9351  pocid=45.45  mape=0.6224
         laya iter 1 -> select_stable_k5 conf=0.3126 obs=pool pool5 (5 models)
         laya iter 2 -> best_ONLY_CWT_catboost conf=0.7882 rank=1
         laya iter 3 -> best_ONLY_CWT_catboost conf=0.9867 rank=1
         laya iter 4 -> best_ONLY_CWT_catboost conf=0.9867 rank=1
         laya iter 5 -> best_ONLY_CWT_catboost conf=0.9867 rank=1
[  79] best_single    score= 0.5894 origin=agent    iters=4 stop=no new information in 3 consecutive turns
         TEST  smape=0.0660  rmse=19801.2922  pocid=72.73  mape=0.0684
         laya iter 1 -> best_FT_rf conf=0.4544 rank=1
         laya iter 2 -> best_FT_rf conf=0.4521 rank=1
         laya iter 3 -> best_FT_rf conf=0.4521 rank=1
         laya iter 4 -> best_FT_rf conf=0.4521 rank=1
[  80] best_single    score= 0.5454 origin=agent    iters=4 stop=no new information in 3 consecutive turns
         TEST  smape=0.4100  rmse=31449.0516  pocid=72.73  mape=0.3380
         laya iter 1 -> best_ONLY_FT_rf conf=0.4124 rank=1
         laya iter 2 -> best_ONLY_FT_rf conf=0.7848 rank=1
         laya iter 3 -> best_ONLY_FT_rf conf=0.7848 rank=1
         laya iter 4 -> best_ONLY_FT_rf conf=0.7848 rank=1
[  81] best_single    score= 0.6121 origin=agent    iters=4 stop=no new information in 3 consecutive turns
         TEST  smape=0.2496  rmse=1207.8589  pocid=54.55  mape=0.2888
         laya iter 1 -> best_ETS conf=0.7693 rank=1
         laya iter 2 -> best_ETS conf=0.4181 rank=1
         laya iter 3 -> best_ETS conf=0.4181 rank=1
         laya iter 4 -> best_ETS conf=0.4181 rank=1
[  82] best_single    score= 0.6250 origin=agent    iters=4 stop=no new information in 3 consecutive turns
         TEST  smape=0.5854  rmse=26.4483  pocid=27.27  mape=0.8273
         laya iter 1 -> best_ONLY_FT_catboost conf=0.5836 rank=1
         laya iter 2 -> best_ONLY_FT_catboost conf=0.9073 rank=1
         laya iter 3 -> best_ONLY_FT_catboost conf=0.9073 rank=1
         laya iter 4 -> best_ONLY_FT_catboost conf=0.9073 rank=1
[  83] best_single    score= 0.5037 origin=agent    iters=6 stop=no new information in 3 consecutive turns
         TEST  smape=0.0364  rmse=2439.4008  pocid=90.91  mape=0.0363
         laya iter 1 -> select_stable_k5 conf=0.3008 obs=pool pool5 (5 models)
         laya iter 2 -> best_ARIMA conf=0.3325 rank=1
         laya iter 3 -> best_THETA conf=0.3019 rank=1
         laya iter 4 -> best_THETA conf=0.3019 rank=1
         laya iter 5 -> best_THETA conf=0.3019 rank=1
         laya iter 6 -> best_THETA conf=0.3019 rank=1
[  84] best_single    score= 0.5051 origin=agent    iters=5 stop=no new information in 3 consecutive turns
         TEST  smape=0.0320  rmse=1412.7829  pocid=63.64  mape=0.0317
         laya iter 1 -> select_stable_k5 conf=0.2916 obs=pool pool5 (5 models)
         laya iter 2 -> best_ETS conf=0.3654 rank=1
         laya iter 3 -> best_ETS conf=0.3689 rank=1
         laya iter 4 -> best_ETS conf=0.3689 rank=1
         laya iter 5 -> best_ETS conf=0.3689 rank=1
[  85] best_single    score= 0.6500 origin=agent    iters=5 stop=no new information in 3 consecutive turns
         TEST  smape=1.3326  rmse=43.4709  pocid=36.36  mape=59117553604144680.0000
         laya iter 1 -> best_rf conf=0.3761 rank=1
         laya iter 2 -> best_ONLY_DWT_rf conf=0.6083 rank=2
         laya iter 3 -> best_ONLY_DWT_rf conf=0.6083 rank=2
         laya iter 4 -> best_ONLY_DWT_rf conf=0.6083 rank=2
         laya iter 5 -> best_ONLY_DWT_rf conf=0.6083 rank=2
[  86] best_single    score= 0.5860 origin=agent    iters=4 stop=no new information in 3 consecutive turns
         TEST  smape=0.7330  rmse=2472.4733  pocid=45.45  mape=0.5482
         laya iter 1 -> best_FT_rf conf=0.3711 rank=1
         laya iter 2 -> best_FT_rf conf=0.7857 rank=1
         laya iter 3 -> best_FT_rf conf=0.7857 rank=1
         laya iter 4 -> best_FT_rf conf=0.7857 rank=1
[  87] best_single    score= 0.5521 origin=agent    iters=5 stop=no new information in 3 consecutive turns
         TEST  smape=0.0550  rmse=8232.5285  pocid=81.82  mape=0.0538
         laya iter 1 -> select_stable_k5 conf=0.2885 obs=pool pool5 (5 models)
         laya iter 2 -> best_THETA conf=0.4541 rank=1
         laya iter 3 -> best_THETA conf=0.6413 rank=1
         laya iter 4 -> best_THETA conf=0.6413 rank=1
         laya iter 5 -> best_THETA conf=0.6413 rank=1
[  88] best_single    score= 0.6192 origin=agent    iters=4 stop=no new information in 3 consecutive turns
         TEST  smape=0.2381  rmse=4342.6391  pocid=54.55  mape=0.2095
         laya iter 1 -> best_ONLY_FT_rf conf=0.4555 rank=1
         laya iter 2 -> best_ONLY_FT_rf conf=0.8299 rank=1
         laya iter 3 -> best_ONLY_FT_rf conf=0.8299 rank=1
         laya iter 4 -> best_ONLY_FT_rf conf=0.8299 rank=1
[  89] best_single    score= 0.6024 origin=agent    iters=4 stop=no new information in 3 consecutive turns
         TEST  smape=0.3604  rmse=4399.5600  pocid=27.27  mape=0.5619
         laya iter 1 -> best_ONLY_FT_catboost conf=0.5685 rank=1
         laya iter 2 -> best_ONLY_FT_catboost conf=0.9933 rank=1
         laya iter 3 -> best_ONLY_FT_catboost conf=0.9933 rank=1
         laya iter 4 -> best_ONLY_FT_catboost conf=0.9933 rank=1
[  90] best_single    score= 0.6022 origin=agent    iters=4 stop=no new information in 3 consecutive turns
         TEST  smape=0.9613  rmse=840.7238  pocid=81.82  mape=0.6178
         laya iter 1 -> best_FT_rf conf=0.386 rank=1
         laya iter 2 -> best_FT_rf conf=0.5361 rank=1
         laya iter 3 -> best_FT_rf conf=0.5361 rank=1
         laya iter 4 -> best_FT_rf conf=0.5361 rank=1
[  91] best_single    score= 0.7755 origin=agent    iters=5 stop=no new information in 3 consecutive turns
         TEST  smape=0.0277  rmse=504.7330  pocid=63.64  mape=0.0277
         laya iter 1 -> select_stable_k5 conf=0.2259 obs=pool pool5 (5 models)
         laya iter 2 -> best_THETA conf=0.466 rank=1
         laya iter 3 -> best_THETA conf=0.8137 rank=1
         laya iter 4 -> best_THETA conf=0.8137 rank=1
         laya iter 5 -> best_THETA conf=0.8137 rank=1
[  92] best_single    score= 0.5712 origin=agent    iters=4 stop=no new information in 3 consecutive turns
         TEST  smape=0.6309  rmse=18.6780  pocid=36.36  mape=10791682538931182.0000
         laya iter 1 -> best_FT_rf conf=0.4001 rank=1
         laya iter 2 -> best_FT_rf conf=0.3715 rank=1
         laya iter 3 -> best_FT_rf conf=0.3715 rank=1
         laya iter 4 -> best_FT_rf conf=0.3715 rank=1
[  93] best_single    score= 0.8639 origin=agent    iters=5 stop=no new information in 3 consecutive turns
         TEST  smape=0.5291  rmse=45.4642  pocid=63.64  mape=0.3958
         laya iter 1 -> select_stable_k5 conf=0.2977 obs=pool pool5 (5 models)
         laya iter 2 -> best_catboost conf=0.4262 rank=1
         laya iter 3 -> best_catboost conf=0.821 rank=1
         laya iter 4 -> best_catboost conf=0.821 rank=1
         laya iter 5 -> best_catboost conf=0.821 rank=1
[  94] FAILED: ValueError: Attempt(attempt_id='a1', spec={'combine': 'mean', 'pool': 'pool_full'}, origin='baseline', aggregate={'MAPE': 0.06114854416202704, 'SMAPE': 0.05857240747872426, 'RMSE': 6194.023597285083, 'POCID': 69.6969696969697, 'MSMAPE': 0.05857237202428486, 'MAE': 4860.134471469236}, per_window=[{'MAPE': 0.09535360083447886, 'SMAPE': 0.08926628770144329, 'RMSE': 8554.010768519189, 'POCID': 54.54545454545455, 'MSMAPE': 0.08926623264390869, 'MAE': 7258.424528939294}, {'MAPE': 0.057611262639001425, 'SMAPE': 0.05546772203863862, 'RMSE': 5439.735501898849, 'POCID': 63.63636363636363, 'MSMAPE': 0.05546768795234131, 'MAE': 4527.835941873768}, {'MAPE': 0.030480769012600828, 'SMAPE': 0.030983212696090872, 'RMSE': 3512.2588760813737, 'POCID': 90.9090909090909, 'MSMAPE': 0.030983195476604636, 'MAE': 2794.142943594646}], score=0.6606060606060606, rationale='deterministic baseline: plain mean of the full pool', iteration=0, n_models=19, per_window_scores=[0.6909090909090909, 0.6727272727272727, 0.6181818181818182], residuals=[-5067.684842645249, 7811.596559108933, 18249.515169480524, 12665.947104496314, 10869.1111324284, 6103.525824017386, 6406.9351561173535, 899.9324066226254, 2712.132814651064, 3777.2763837621023, 5814.148571303158, 6723.28838263842, 1286.5043751925987, 11999.45481080527, 5008.329886757361, 8128.98003728631, 4965.3865450031735, 2402.169627905241, 5250.658110493168, 5542.727736812609, -3956.497662050533, -2791.1360708510474, -2399.807344951594, -602.3790943763161, -6497.266376039479, 1010.747731364725, 1395.057592429468, -3053.202920337353, 3082.6073331889347, -7627.624111223151, -3615.615754101076, -1258.8096393589512, -2135.6916126147407, 2132.592648467369, 1406.8976778563083, -313.6019261541951], agent_converged=True, agent_rationale='laya selected mean_pool_full') is not in list
[  95] best_single    score= 0.5370 origin=agent    iters=6 stop=no new information in 3 consecutive turns
         TEST  smape=0.0347  rmse=1491.9409  pocid=81.82  mape=0.0346
         laya iter 1 -> select_stable_k5 conf=0.29 obs=pool pool5 (5 models)
         laya iter 2 -> best_ONLY_CWT_catboost conf=0.4086 rank=1
         laya iter 3 -> best_ETS conf=0.4101 rank=1
         laya iter 4 -> best_ETS conf=0.4101 rank=1
         laya iter 5 -> best_ETS conf=0.4101 rank=1
         laya iter 6 -> best_ETS conf=0.4101 rank=1
[  96] best_single    score= 0.4064 origin=agent    iters=5 stop=no new information in 3 consecutive turns
         TEST  smape=0.0441  rmse=2856.8041  pocid=54.55  mape=0.0453
         laya iter 1 -> select_stable_k5 conf=0.3678 obs=pool pool5 (5 models)
         laya iter 2 -> best_ARIMA conf=0.5235 rank=1
         laya iter 3 -> best_ARIMA conf=0.73 rank=1
         laya iter 4 -> best_ARIMA conf=0.73 rank=1
         laya iter 5 -> best_ARIMA conf=0.73 rank=1
[  97] best_single    score= 0.4827 origin=agent    iters=5 stop=no new information in 3 consecutive turns
         TEST  smape=0.0297  rmse=514.6628  pocid=63.64  mape=0.0305
         laya iter 1 -> select_stable_k5 conf=0.3012 obs=pool pool5 (5 models)
         laya iter 2 -> best_THETA conf=0.4391 rank=1
         laya iter 3 -> best_THETA conf=0.4798 rank=1
         laya iter 4 -> best_THETA conf=0.4798 rank=1
         laya iter 5 -> best_THETA conf=0.4798 rank=1
[  98] best_single    score= 0.6543 origin=agent    iters=5 stop=no new information in 3 consecutive turns
         TEST  smape=0.3492  rmse=23.3770  pocid=36.36  mape=0.3856
         laya iter 1 -> select_stable_k5 conf=0.2449 obs=pool pool5 (5 models)
         laya iter 2 -> best_DWT_catboost conf=0.4378 rank=1
         laya iter 3 -> best_DWT_catboost conf=0.5555 rank=1
         laya iter 4 -> best_DWT_catboost conf=0.5555 rank=1
         laya iter 5 -> best_DWT_catboost conf=0.5555 rank=1
[  99] best_single    score= 0.7482 origin=agent    iters=4 stop=no new information in 3 consecutive turns
         TEST  smape=0.0677  rmse=25394.8332  pocid=18.18  mape=0.0681
         laya iter 1 -> best_ONLY_FT_rf conf=0.338 rank=1
         laya iter 2 -> best_ONLY_FT_rf conf=0.8993 rank=1
         laya iter 3 -> best_ONLY_FT_rf conf=0.8993 rank=1
         laya iter 4 -> best_ONLY_FT_rf conf=0.8993 rank=1
[ 100] best_single    score= 0.6453 origin=agent    iters=5 stop=no new information in 3 consecutive turns
         TEST  smape=0.1429  rmse=2013.2417  pocid=45.45  mape=0.1460
         laya iter 1 -> select_stable_k5 conf=0.3183 obs=pool pool5 (5 models)
         laya iter 2 -> best_FT_catboost conf=0.6169 rank=1
         laya iter 3 -> best_FT_catboost conf=0.7662 rank=1
         laya iter 4 -> best_FT_catboost conf=0.7662 rank=1
         laya iter 5 -> best_FT_catboost conf=0.7662 rank=1
[ 101] best_single    score= 0.4491 origin=agent    iters=5 stop=no new information in 3 consecutive turns
         TEST  smape=0.4978  rmse=1952.4871  pocid=27.27  mape=0.3939
         laya iter 1 -> select_stable_k5 conf=0.3823 obs=pool pool5 (5 models)
         laya iter 2 -> best_CWT_catboost conf=0.3208 rank=1
         laya iter 3 -> best_CWT_catboost conf=0.3852 rank=1
         laya iter 4 -> best_CWT_catboost conf=0.3852 rank=1
         laya iter 5 -> best_CWT_catboost conf=0.3852 rank=1
[ 102] best_single    score= 0.6202 origin=agent    iters=5 stop=no new information in 3 consecutive turns
         TEST  smape=0.4452  rmse=10725.8392  pocid=54.55  mape=0.3463
         laya iter 1 -> best_FT_rf conf=0.3564 rank=1
         laya iter 2 -> best_ONLY_DWT_rf conf=0.3825 rank=2
         laya iter 3 -> best_ONLY_DWT_rf conf=0.3825 rank=2
         laya iter 4 -> best_ONLY_DWT_rf conf=0.3825 rank=2
         laya iter 5 -> best_ONLY_DWT_rf conf=0.3825 rank=2
[ 103] best_single    score= 0.5378 origin=agent    iters=4 stop=no new information in 3 consecutive turns
         TEST  smape=0.0282  rmse=8410.9579  pocid=72.73  mape=0.0282
         laya iter 1 -> best_FT_rf conf=0.4074 rank=1
         laya iter 2 -> best_FT_rf conf=0.6134 rank=1
         laya iter 3 -> best_FT_rf conf=0.6134 rank=1
         laya iter 4 -> best_FT_rf conf=0.6134 rank=1
[ 104] best_single    score= 0.4538 origin=agent    iters=4 stop=no new information in 3 consecutive turns
         TEST  smape=0.6858  rmse=7.6080  pocid=45.45  mape=13850147707356640.0000
         laya iter 1 -> best_rf conf=0.9335 rank=1
         laya iter 2 -> best_rf conf=0.9129 rank=1
         laya iter 3 -> best_rf conf=0.9129 rank=1
         laya iter 4 -> best_rf conf=0.9129 rank=1
[ 105] best_single    score= 0.6244 origin=agent    iters=5 stop=no new information in 3 consecutive turns
         TEST  smape=0.0410  rmse=347.0793  pocid=54.55  mape=0.0404
         laya iter 1 -> best_ONLY_CWT_catboost conf=0.2726 rank=1
         laya iter 2 -> prune_redundant_full conf=0.4183 obs=pool pool5 (0 models)
         laya iter 3 -> best_ONLY_CWT_catboost conf=0.6466 rank=1
         laya iter 4 -> best_ONLY_CWT_catboost conf=0.6466 rank=1
         laya iter 5 -> best_ONLY_CWT_catboost conf=0.6466 rank=1
[ 106] best_single    score= 0.6384 origin=agent    iters=4 stop=no new information in 3 consecutive turns
         TEST  smape=0.0288  rmse=103.6242  pocid=63.64  mape=0.0282
         laya iter 1 -> best_DWT_rf conf=0.4337 rank=1
         laya iter 2 -> best_DWT_rf conf=0.4827 rank=1
         laya iter 3 -> best_DWT_rf conf=0.4827 rank=1
         laya iter 4 -> best_DWT_rf conf=0.4827 rank=1
[ 107] best_single    score= 0.5651 origin=agent    iters=5 stop=no new information in 3 consecutive turns
         TEST  smape=0.0495  rmse=1294.8924  pocid=63.64  mape=0.0486
         laya iter 1 -> select_stable_k5 conf=0.2794 obs=pool pool5 (5 models)
         laya iter 2 -> best_ETS conf=0.362 rank=1
         laya iter 3 -> best_ETS conf=0.4118 rank=1
         laya iter 4 -> best_ETS conf=0.4118 rank=1
         laya iter 5 -> best_ETS conf=0.4118 rank=1
[ 108] best_single    score= 0.5179 origin=agent    iters=4 stop=no new information in 3 consecutive turns
         TEST  smape=0.0325  rmse=1460.3561  pocid=81.82  mape=0.0318
         laya iter 1 -> best_ONLY_CWT_catboost conf=0.8236 rank=1
         laya iter 2 -> best_ONLY_CWT_catboost conf=0.9115 rank=1
         laya iter 3 -> best_ONLY_CWT_catboost conf=0.9115 rank=1
         laya iter 4 -> best_ONLY_CWT_catboost conf=0.9115 rank=1
[ 109] best_single    score= 0.5175 origin=agent    iters=5 stop=no new information in 3 consecutive turns
         TEST  smape=0.0343  rmse=3217.6990  pocid=72.73  mape=0.0351
         laya iter 1 -> select_stable_k5 conf=0.3315 obs=pool pool5 (5 models)
         laya iter 2 -> best_ARIMA conf=0.4461 rank=1
         laya iter 3 -> best_ARIMA conf=0.5785 rank=1
         laya iter 4 -> best_ARIMA conf=0.5785 rank=1
         laya iter 5 -> best_ARIMA conf=0.5785 rank=1
[ 110] best_single    score= 0.5626 origin=agent    iters=6 stop=no new information in 3 consecutive turns
         TEST  smape=0.0706  rmse=18805.1587  pocid=72.73  mape=0.0669
         laya iter 1 -> select_stable_k5 conf=0.3422 obs=pool pool5 (5 models)
         laya iter 2 -> prune_redundant_full conf=0.2982 obs=pool pool6 (0 models)
         laya iter 3 -> best_ETS conf=0.4351 rank=1
         laya iter 4 -> best_ETS conf=0.294 rank=1
         laya iter 5 -> best_ETS conf=0.294 rank=1
         laya iter 6 -> best_ETS conf=0.294 rank=1
[ 111] best_single    score= 0.6642 origin=agent    iters=4 stop=no new information in 3 consecutive turns
         TEST  smape=0.2433  rmse=32.8290  pocid=45.45  mape=0.2805
         laya iter 1 -> best_ONLY_FT_rf conf=0.5568 rank=1
         laya iter 2 -> best_ONLY_FT_rf conf=0.9957 rank=1
         laya iter 3 -> best_ONLY_FT_rf conf=0.9957 rank=1
         laya iter 4 -> best_ONLY_FT_rf conf=0.9957 rank=1
[ 112] best_single    score= 0.6283 origin=agent    iters=4 stop=no new information in 3 consecutive turns
         TEST  smape=0.0451  rmse=59928.2540  pocid=81.82  mape=0.0449
         laya iter 1 -> best_rf conf=0.3319 rank=1
         laya iter 2 -> best_rf conf=0.471 rank=1
         laya iter 3 -> best_rf conf=0.471 rank=1
         laya iter 4 -> best_rf conf=0.471 rank=1
[ 113] best_single    score= 0.6218 origin=agent    iters=6 stop=no new information in 3 consecutive turns
         TEST  smape=0.1826  rmse=50.7514  pocid=63.64  mape=0.2009
         laya iter 1 -> select_stable_k5 conf=0.2745 obs=pool pool5 (5 models)
         laya iter 2 -> best_ONLY_DWT_rf conf=0.5623 rank=1
         laya iter 3 -> best_ONLY_FT_catboost conf=0.6394 rank=2
         laya iter 4 -> best_ONLY_FT_catboost conf=0.6394 rank=2
         laya iter 5 -> best_ONLY_FT_catboost conf=0.6394 rank=2
         laya iter 6 -> best_ONLY_FT_catboost conf=0.6394 rank=2
[ 114] best_single    score= 0.6042 origin=agent    iters=4 stop=no new information in 3 consecutive turns
         TEST  smape=0.0602  rmse=1525.0011  pocid=27.27  mape=0.0586
         laya iter 1 -> best_CWT_rf conf=0.413 rank=1
         laya iter 2 -> best_CWT_rf conf=0.3628 rank=1
         laya iter 3 -> best_CWT_rf conf=0.3628 rank=1
         laya iter 4 -> best_CWT_rf conf=0.3628 rank=1
[ 115] best_single    score= 0.6364 origin=agent    iters=4 stop=no new information in 3 consecutive turns
         TEST  smape=0.5115  rmse=20.0154  pocid=45.45  mape=13514846751233566.0000
         laya iter 1 -> best_ONLY_FT_rf conf=0.4982 rank=1
         laya iter 2 -> best_ONLY_FT_rf conf=0.3806 rank=1
         laya iter 3 -> best_ONLY_FT_rf conf=0.3806 rank=1
         laya iter 4 -> best_ONLY_FT_rf conf=0.3806 rank=1
[ 116] best_single    score= 0.5394 origin=agent    iters=5 stop=no new information in 3 consecutive turns
         TEST  smape=0.0503  rmse=20932.9586  pocid=63.64  mape=0.0507
         laya iter 1 -> best_ONLY_CWT_catboost conf=0.3063 rank=1
         laya iter 2 -> prune_redundant_full conf=0.328 obs=pool pool5 (0 models)
         laya iter 3 -> best_ONLY_CWT_catboost conf=0.3174 rank=1
         laya iter 4 -> best_ONLY_CWT_catboost conf=0.3174 rank=1
         laya iter 5 -> best_ONLY_CWT_catboost conf=0.3174 rank=1
[ 117] best_single    score= 0.4358 origin=agent    iters=5 stop=no new information in 3 consecutive turns
         TEST  smape=0.0344  rmse=542.7175  pocid=72.73  mape=0.0344
         laya iter 1 -> select_stable_k5 conf=0.3737 obs=pool pool5 (5 models)
         laya iter 2 -> best_THETA conf=0.4448 rank=1
         laya iter 3 -> best_THETA conf=0.833 rank=1
         laya iter 4 -> best_THETA conf=0.833 rank=1
         laya iter 5 -> best_THETA conf=0.833 rank=1
[ 118] best_single    score= 0.6717 origin=agent    iters=6 stop=no new information in 3 consecutive turns
         TEST  smape=0.0418  rmse=12754.6968  pocid=63.64  mape=0.0410
         laya iter 1 -> select_stable_k5 conf=0.2542 obs=pool pool5 (5 models)
         laya iter 2 -> best_FT_catboost conf=0.5092 rank=1
         laya iter 3 -> best_FT_rf conf=0.4642 rank=2
         laya iter 4 -> best_FT_rf conf=0.4642 rank=2
         laya iter 5 -> best_FT_rf conf=0.4642 rank=2
         laya iter 6 -> best_FT_rf conf=0.4642 rank=2
[ 119] best_single    score= 0.5989 origin=agent    iters=4 stop=no new information in 3 consecutive turns
         TEST  smape=0.2956  rmse=4664.0933  pocid=63.64  mape=0.2374
         laya iter 1 -> best_DWT_rf conf=0.302 rank=1
         laya iter 2 -> best_DWT_rf conf=0.6338 rank=1
         laya iter 3 -> best_DWT_rf conf=0.6338 rank=1
         laya iter 4 -> best_DWT_rf conf=0.6338 rank=1
[ 120] best_single    score= 0.5040 origin=agent    iters=5 stop=no new information in 3 consecutive turns
         TEST  smape=0.0345  rmse=11315.9775  pocid=72.73  mape=0.0350
         laya iter 1 -> select_stable_k5 conf=0.3696 obs=pool pool5 (5 models)
         laya iter 2 -> best_ARIMA conf=0.3828 rank=1
         laya iter 3 -> best_ARIMA conf=0.6517 rank=1
         laya iter 4 -> best_ARIMA conf=0.6517 rank=1
         laya iter 5 -> best_ARIMA conf=0.6517 rank=1
[ 121] FAILED: ValueError: Attempt(attempt_id='a1', spec={'combine': 'mean', 'pool': 'pool_full'}, origin='baseline', aggregate={'MAPE': 0.025637824087215048, 'SMAPE': 0.02552944212462992, 'RMSE': 1079.3732664979411, 'POCID': 78.7878787878788, 'MSMAPE': 0.025529403448604205, 'MAE': 843.3733907285236}, per_window=[{'MAPE': 0.027284312045427667, 'SMAPE': 0.026815173374125534, 'RMSE': 1171.8344267030593, 'POCID': 72.72727272727273, 'MSMAPE': 0.02681513278104365, 'MAE': 886.5864739981583}, {'MAPE': 0.022011755622199577, 'SMAPE': 0.021769180798948965, 'RMSE': 876.8357948132306, 'POCID': 63.63636363636363, 'MSMAPE': 0.02176914732362384, 'MAE': 708.1184957481597}, {'MAPE': 0.027617404594017916, 'SMAPE': 0.028003972200815266, 'RMSE': 1163.2295605851277, 'POCID': 100.0, 'MSMAPE': 0.028003930241145142, 'MAE': 935.4152024392528}], score=0.6424242424242425, rationale='deterministic baseline: plain mean of the full pool', iteration=0, n_models=19, per_window_scores=[0.6545454545454545, 0.6727272727272727, 0.6000000000000001], residuals=[203.8816212226302, 287.81551677104653, 42.974719289995846, -1562.633220831587, -437.37087585526024, 1637.5516148073657, -225.82797245369147, 193.24193510157784, 382.6348309294772, 1659.0734966489472, 1889.0271602684188, 2117.0047237979015, -21.181252308415424, 979.7858575873615, 774.0009472405254, 236.93041848106805, 940.9182391910545, -273.4191391105269, 146.86989357473794, 2025.2600026926266, -1033.1437395473695, 532.2534591836848, 753.0278180894857, -780.6311819710609, -863.9535545973777, -196.07600898052988, 1503.2374854852533, -2269.7542774757894, 225.85200537315177, -1680.3536174131514, -1672.2022493942059, -751.24439910211, -1142.2862711963098, 212.8984100989437, -674.0970228942097, 33.02712726000027], agent_converged=True, agent_rationale='laya selected mean_pool_full') is not in list
[ 122] best_single    score= 0.6585 origin=agent    iters=4 stop=no new information in 3 consecutive turns
         TEST  smape=0.0727  rmse=11524.6090  pocid=54.55  mape=0.0684
         laya iter 1 -> best_NaiveSeasonal conf=0.4947 rank=1
         laya iter 2 -> best_NaiveSeasonal conf=0.7433 rank=1
         laya iter 3 -> best_NaiveSeasonal conf=0.7433 rank=1
         laya iter 4 -> best_NaiveSeasonal conf=0.7433 rank=1
[ 123] best_single    score= 0.6366 origin=agent    iters=4 stop=no new information in 3 consecutive turns
         TEST  smape=0.0387  rmse=586.0023  pocid=90.91  mape=0.0387
         laya iter 1 -> best_FT_catboost conf=0.5256 rank=1
         laya iter 2 -> best_FT_catboost conf=0.4577 rank=1
         laya iter 3 -> best_FT_catboost conf=0.4577 rank=1
         laya iter 4 -> best_FT_catboost conf=0.4577 rank=1
[ 124] FAILED: ValueError: Attempt(attempt_id='a1', spec={'combine': 'mean', 'pool': 'pool_full'}, origin='baseline', aggregate={'MAPE': 0.4044904143846746, 'SMAPE': 0.3430891781492804, 'RMSE': 11.573230780074345, 'POCID': 39.3939393939394, 'MSMAPE': 0.34239467768616577, 'MAE': 9.409310812982458}, per_window=[{'MAPE': 0.6520698965591406, 'SMAPE': 0.5455853334915055, 'RMSE': 15.220124278200934, 'POCID': 54.54545454545455, 'MSMAPE': 0.5443293026967139, 'MAE': 13.632687228728068}, {'MAPE': 0.3782747393387604, 'SMAPE': 0.2873196437649613, 'RMSE': 10.305431730031245, 'POCID': 18.181818181818183, 'MSMAPE': 0.2867970256324997, 'MAE': 8.161527494561403}, {'MAPE': 0.1831266072561227, 'SMAPE': 0.19636255719137438, 'RMSE': 7.997806316757395, 'POCID': 45.45454545454545, 'MSMAPE': 0.19605770472928383, 'MAE': 6.433717715657895}], score=0.7212121212121212, rationale='deterministic baseline: plain mean of the full pool', iteration=0, n_models=19, per_window_scores=[0.6909090909090909, 0.7636363636363637, 0.7090909090909091], residuals=[17.14309381526316, -14.61693072, -10.475720223157904, -18.171570535263157, 12.993071948421058, -10.818993112631581, -7.486860361578945, -28.40537430789474, 2.103617482631577, -20.7555981568421, -14.536155777368418, -6.085260303684205, 0.45977133947368287, -4.64715150315789, 3.4482614957894704, 18.468736598947366, 11.049489760526313, 7.158741979473678, -4.8962570131579, 20.229208638947362, -15.379553343157898, -4.97205348263158, 1.9239975094736863, -5.305107270000001, 4.232303441578946, -7.706455128421052, 0.1520272021052591, -0.2983271368421043, -14.454552948421053, 8.162134975263161, -11.365503398947371, -13.735389611052632, -8.333578139999997, -3.9091250368421093, -2.7870728705263197, -2.0681426978947464], agent_converged=True, agent_rationale='laya selected mean_pool_full') is not in list
[ 125] best_single    score= 0.6963 origin=agent    iters=6 stop=no new information in 3 consecutive turns
         TEST  smape=0.3183  rmse=23.5181  pocid=54.55  mape=0.5789
         laya iter 1 -> select_stable_k5 conf=0.3078 obs=pool pool5 (5 models)
         laya iter 2 -> best_ONLY_FT_rf conf=0.4681 rank=1
         laya iter 3 -> best_catboost conf=0.7375 rank=1
         laya iter 4 -> best_catboost conf=0.7375 rank=1
         laya iter 5 -> best_catboost conf=0.7375 rank=1
         laya iter 6 -> best_catboost conf=0.7375 rank=1
[ 126] best_single    score= 0.6821 origin=agent    iters=4 stop=no new information in 3 consecutive turns
         TEST  smape=0.6607  rmse=7.4004  pocid=63.64  mape=3.8161
         laya iter 1 -> best_FT_rf conf=0.503 rank=1
         laya iter 2 -> best_FT_rf conf=0.7191 rank=1
         laya iter 3 -> best_FT_rf conf=0.7191 rank=1
         laya iter 4 -> best_FT_rf conf=0.7191 rank=1
[ 127] best_single    score= 0.5122 origin=agent    iters=5 stop=no new information in 3 consecutive turns
         TEST  smape=0.0395  rmse=14081.7726  pocid=81.82  mape=0.0399
         laya iter 1 -> select_stable_k5 conf=0.2533 obs=pool pool5 (5 models)
         laya iter 2 -> best_DWT_catboost conf=0.489 rank=1
         laya iter 3 -> best_DWT_catboost conf=0.7989 rank=1
         laya iter 4 -> best_DWT_catboost conf=0.7989 rank=1
         laya iter 5 -> best_DWT_catboost conf=0.7989 rank=1
[ 128] best_single    score= 0.5857 origin=agent    iters=6 stop=no new information in 3 consecutive turns
         TEST  smape=0.0323  rmse=295.3230  pocid=72.73  mape=0.0323
         laya iter 1 -> select_stable_k5 conf=0.294 obs=pool pool5 (5 models)
         laya iter 2 -> best_ONLY_CWT_catboost conf=0.3802 rank=1
         laya iter 3 -> best_ETS conf=0.4062 rank=1
         laya iter 4 -> best_ETS conf=0.4062 rank=1
         laya iter 5 -> best_ETS conf=0.4062 rank=1
         laya iter 6 -> best_ETS conf=0.4062 rank=1
[ 129] best_single    score= 0.5076 origin=agent    iters=4 stop=no new information in 3 consecutive turns
         TEST  smape=0.0360  rmse=3670.8578  pocid=72.73  mape=0.0361
         laya iter 1 -> best_rf conf=0.6056 rank=1
         laya iter 2 -> best_rf conf=0.5435 rank=1
         laya iter 3 -> best_rf conf=0.5435 rank=1
         laya iter 4 -> best_rf conf=0.5435 rank=1
[ 130] best_single    score= 0.5494 origin=agent    iters=6 stop=no new information in 3 consecutive turns
         TEST  smape=0.0533  rmse=2303.1431  pocid=81.82  mape=0.0524
         laya iter 1 -> select_stable_k5 conf=0.3323 obs=pool pool5 (5 models)
         laya iter 2 -> best_ARIMA conf=0.32 rank=1
         laya iter 3 -> best_THETA conf=0.2862 rank=1
         laya iter 4 -> best_THETA conf=0.2862 rank=1
         laya iter 5 -> best_THETA conf=0.2862 rank=1
         laya iter 6 -> best_THETA conf=0.2862 rank=1
[ 131] best_single    score= 0.5513 origin=agent    iters=4 stop=no new information in 3 consecutive turns
         TEST  smape=0.0772  rmse=3723.4972  pocid=72.73  mape=0.0738
         laya iter 1 -> best_FT_rf conf=0.4601 rank=1
         laya iter 2 -> best_FT_rf conf=0.8203 rank=1
         laya iter 3 -> best_FT_rf conf=0.8203 rank=1
         laya iter 4 -> best_FT_rf conf=0.8203 rank=1
[ 132] best_single    score= 0.6545 origin=agent    iters=6 stop=no new information in 3 consecutive turns
         TEST  smape=0.2245  rmse=11.6643  pocid=63.64  mape=0.2312
         laya iter 1 -> select_stable_k5 conf=0.3001 obs=pool pool5 (5 models)
         laya iter 2 -> best_FT_catboost conf=0.3069 rank=1
         laya iter 3 -> best_THETA conf=0.4179 rank=1
         laya iter 4 -> best_THETA conf=0.4179 rank=1
         laya iter 5 -> best_THETA conf=0.4179 rank=1
         laya iter 6 -> best_THETA conf=0.4179 rank=1
[ 133] best_single    score= 0.5465 origin=agent    iters=5 stop=no new information in 3 consecutive turns
         TEST  smape=0.1680  rmse=50.7960  pocid=72.73  mape=0.1892
         laya iter 1 -> select_stable_k5 conf=0.3266 obs=pool pool5 (5 models)
         laya iter 2 -> best_ETS conf=0.5605 rank=1
         laya iter 3 -> best_ETS conf=0.8512 rank=1
         laya iter 4 -> best_ETS conf=0.8512 rank=1
         laya iter 5 -> best_ETS conf=0.8512 rank=1
[ 134] best_single    score= 0.6199 origin=agent    iters=5 stop=no new information in 3 consecutive turns
         TEST  smape=0.0654  rmse=4271.2548  pocid=72.73  mape=0.0643
         laya iter 1 -> select_stable_k5 conf=0.2656 obs=pool pool5 (5 models)
         laya iter 2 -> best_ONLY_DWT_catboost conf=0.5254 rank=1
         laya iter 3 -> best_ONLY_DWT_catboost conf=0.7524 rank=1
         laya iter 4 -> best_ONLY_DWT_catboost conf=0.7524 rank=1
         laya iter 5 -> best_ONLY_DWT_catboost conf=0.7524 rank=1
[ 135] best_single    score= 0.5996 origin=agent    iters=6 stop=no new information in 3 consecutive turns
         TEST  smape=0.4156  rmse=12.2958  pocid=36.36  mape=0.6691
         laya iter 1 -> select_stable_k5 conf=0.4555 obs=pool pool5 (5 models)
         laya iter 2 -> best_ARIMA conf=0.2957 rank=1
         laya iter 3 -> best_rf conf=0.427 rank=1
         laya iter 4 -> best_rf conf=0.427 rank=1
         laya iter 5 -> best_rf conf=0.427 rank=1
         laya iter 6 -> best_rf conf=0.427 rank=1
[ 136] best_single    score= 0.6485 origin=agent    iters=5 stop=no new information in 3 consecutive turns
         TEST  smape=0.0756  rmse=2465.2706  pocid=54.55  mape=0.0718
         laya iter 1 -> select_stable_k5 conf=0.3965 obs=pool pool5 (5 models)
         laya iter 2 -> best_FT_catboost conf=0.6181 rank=1
         laya iter 3 -> best_FT_catboost conf=0.8418 rank=1
         laya iter 4 -> best_FT_catboost conf=0.8418 rank=1
         laya iter 5 -> best_FT_catboost conf=0.8418 rank=1
[ 137] FAILED: ValueError: Attempt(attempt_id='a1', spec={'combine': 'mean', 'pool': 'pool_full'}, origin='baseline', aggregate={'MAPE': 0.12285910566149998, 'SMAPE': 0.11627114107646593, 'RMSE': 10883.561599715584, 'POCID': 63.63636363636363, 'MSMAPE': 0.11627106305773342, 'MAE': 8730.78222653167}, per_window=[{'MAPE': 0.20699715400943872, 'SMAPE': 0.18255323744679797, 'RMSE': 15551.840318770925, 'POCID': 72.72727272727273, 'MSMAPE': 0.18255311947726285, 'MAE': 14161.13059467781}, {'MAPE': 0.09050697692970884, 'SMAPE': 0.09178545562084263, 'RMSE': 7622.300074559175, 'POCID': 54.54545454545455, 'MSMAPE': 0.09178538739536007, 'MAE': 6212.8947288222}, {'MAPE': 0.07107318604535241, 'SMAPE': 0.07447473016175724, 'RMSE': 7442.885432225667, 'POCID': 63.63636363636363, 'MSMAPE': 0.07447468230057731, 'MAE': 5818.321356094998}], score=0.6727272727272727, rationale='deterministic baseline: plain mean of the full pool', iteration=0, n_models=19, per_window_scores=[0.6545454545454545, 0.6909090909090909, 0.6727272727272727], residuals=[-1716.4193998826377, 11247.421472812654, 11216.43302385947, 12047.529960649481, 9245.659437236827, 14470.820861317901, 14040.999327628408, 14830.610523048948, 14441.660768675269, 17864.56425396893, 18449.701303329493, 30361.746803723705, 2411.050854623696, 12113.302025577359, 6676.335718315786, -5227.370338525805, -1386.8750024631663, -192.49797238895553, 1.7921273636820843, -6095.104807006326, -8367.004664174208, -13046.123272669487, -11990.632336256327, -7046.647626501595, -5355.40310870159, 4809.691603876316, 1319.5459765894775, -4439.060937253671, 1446.8142513957864, -2197.997966020528, 996.8398933747376, 2667.4004377620877, -8963.613347817882, -8526.035494827913, -14330.93839934525, -14766.514856174734], agent_converged=True, agent_rationale='laya selected mean_pool_full') is not in list
[ 138] best_single    score= 0.6088 origin=agent    iters=4 stop=no new information in 3 consecutive turns
         TEST  smape=0.4064  rmse=913.3203  pocid=72.73  mape=0.3337
         laya iter 1 -> best_CWT_rf conf=0.7962 rank=1
         laya iter 2 -> best_CWT_rf conf=0.8116 rank=1
         laya iter 3 -> best_CWT_rf conf=0.8116 rank=1
         laya iter 4 -> best_CWT_rf conf=0.8116 rank=1
[ 139] best_single    score= 0.5800 origin=agent    iters=4 stop=no new information in 3 consecutive turns
         TEST  smape=0.0355  rmse=100.5868  pocid=81.82  mape=0.0352
         laya iter 1 -> best_ONLY_DWT_rf conf=0.7764 rank=1
         laya iter 2 -> best_ONLY_DWT_rf conf=0.876 rank=1
         laya iter 3 -> best_ONLY_DWT_rf conf=0.876 rank=1
         laya iter 4 -> best_ONLY_DWT_rf conf=0.876 rank=1
[ 140] best_single    score= 0.4850 origin=agent    iters=4 stop=no new information in 3 consecutive turns
         TEST  smape=0.0449  rmse=3569.8511  pocid=72.73  mape=0.0454
         laya iter 1 -> best_CWT_rf conf=0.2533 rank=1
         laya iter 2 -> best_CWT_rf conf=0.4375 rank=1
         laya iter 3 -> best_CWT_rf conf=0.4375 rank=1
         laya iter 4 -> best_CWT_rf conf=0.4375 rank=1
[ 141] best_single    score= 0.5237 origin=agent    iters=5 stop=no new information in 3 consecutive turns
         TEST  smape=0.2955  rmse=14.4864  pocid=72.73  mape=0.2509
         laya iter 1 -> select_stable_k5 conf=0.3696 obs=pool pool5 (5 models)
         laya iter 2 -> best_ONLY_FT_rf conf=0.6465 rank=1
         laya iter 3 -> best_ONLY_FT_rf conf=0.9378 rank=1
         laya iter 4 -> best_ONLY_FT_rf conf=0.9378 rank=1
         laya iter 5 -> best_ONLY_FT_rf conf=0.9378 rank=1
[ 142] FAILED: ValueError: Attempt(attempt_id='a1', spec={'combine': 'mean', 'pool': 'pool_full'}, origin='baseline', aggregate={'MAPE': 0.04105762686183413, 'SMAPE': 0.040920858541660395, 'RMSE': 2368.503108883185, 'POCID': 81.81818181818181, 'MSMAPE': 0.04092081437287838, 'MAE': 1905.59333616386}, per_window=[{'MAPE': 0.02937130245774579, 'SMAPE': 0.029058959495693305, 'RMSE': 1714.4585647537237, 'POCID': 90.9090909090909, 'MSMAPE': 0.029058928645291346, 'MAE': 1373.4194435981153}, {'MAPE': 0.03889381922119959, 'SMAPE': 0.03802430616311311, 'RMSE': 2122.2849726926434, 'POCID': 72.72727272727273, 'MSMAPE': 0.03802426390970071, 'MAE': 1718.90968986}, {'MAPE': 0.054907758906556976, 'SMAPE': 0.05567930996617479, 'RMSE': 3063.651294581928, 'POCID': 81.81818181818181, 'MSMAPE': 0.05567925056364307, 'MAE': 2624.450875033464}], score=0.6363636363636365, rationale='deterministic baseline: plain mean of the full pool', iteration=0, n_models=19, per_window_scores=[0.6181818181818182, 0.6545454545454545, 0.6363636363636365], residuals=[283.6407254000078, 1296.543278236306, 1652.77692517369, -617.547974386318, 403.8934437310454, 1025.8194924752606, -193.3701959594764, -3203.857417766856, -860.0328403421081, 1162.59818602421, 2691.2584577410526, 3089.694385941053, 694.0870980736872, 3147.4882624152597, 3323.659049031048, 1015.2763770210586, 3963.003284875791, -722.4947309768468, 323.89549368052394, 2490.388584871049, -2695.8459565773665, -992.9572043994704, 582.8415036689548, -674.978732728945, 871.8798812963214, 2878.093488010527, 3044.17325196421, 879.9328160494842, 2614.0908154331555, -4022.7943013568292, -5573.813339297376, -3933.0115576757817, -4285.428177597372, -40.20924958840624, -1583.8451277115746, -1766.1384944205274], agent_converged=True, agent_rationale='laya selected mean_pool_full') is not in list
[ 143] best_single    score= 0.6864 origin=agent    iters=5 stop=no new information in 3 consecutive turns
         TEST  smape=0.6440  rmse=5123.2788  pocid=54.55  mape=0.4798
         laya iter 1 -> select_stable_k5 conf=0.2692 obs=pool pool5 (5 models)
         laya iter 2 -> best_ONLY_DWT_catboost conf=0.4731 rank=1
         laya iter 3 -> best_ONLY_DWT_catboost conf=0.6834 rank=1
         laya iter 4 -> best_ONLY_DWT_catboost conf=0.6834 rank=1
         laya iter 5 -> best_ONLY_DWT_catboost conf=0.6834 rank=1
[ 144] best_single    score= 0.4818 origin=agent    iters=5 stop=no new information in 3 consecutive turns
         TEST  smape=0.0578  rmse=6989.6960  pocid=81.82  mape=0.0556
         laya iter 1 -> select_stable_k5 conf=0.2755 obs=pool pool5 (5 models)
         laya iter 2 -> best_DWT_rf conf=0.3609 rank=1
         laya iter 3 -> best_DWT_rf conf=0.6025 rank=1
         laya iter 4 -> best_DWT_rf conf=0.6025 rank=1
         laya iter 5 -> best_DWT_rf conf=0.6025 rank=1
[ 145] best_single    score= 0.6117 origin=agent    iters=4 stop=no new information in 3 consecutive turns
         TEST  smape=0.1671  rmse=38.9373  pocid=45.45  mape=0.1932
         laya iter 1 -> best_ONLY_FT_rf conf=0.3651 rank=1
         laya iter 2 -> best_ONLY_FT_rf conf=0.9738 rank=1
         laya iter 3 -> best_ONLY_FT_rf conf=0.9738 rank=1
         laya iter 4 -> best_ONLY_FT_rf conf=0.9738 rank=1
[ 146] best_single    score= 0.6045 origin=agent    iters=5 stop=no new information in 3 consecutive turns
         TEST  smape=0.0628  rmse=12086.8232  pocid=72.73  mape=0.0620
         laya iter 1 -> best_ETS conf=0.3283 rank=1
         laya iter 2 -> best_ONLY_DWT_rf conf=0.6028 rank=2
         laya iter 3 -> best_ONLY_DWT_rf conf=0.6028 rank=2
         laya iter 4 -> best_ONLY_DWT_rf conf=0.6028 rank=2
         laya iter 5 -> best_ONLY_DWT_rf conf=0.6028 rank=2
[ 147] best_single    score= 0.5824 origin=agent    iters=4 stop=no new information in 3 consecutive turns
         TEST  smape=0.0718  rmse=2621.2998  pocid=90.91  mape=0.0730
         laya iter 1 -> best_FT_rf conf=0.7171 rank=1
         laya iter 2 -> best_FT_rf conf=0.9456 rank=1
         laya iter 3 -> best_FT_rf conf=0.9456 rank=1
         laya iter 4 -> best_FT_rf conf=0.9456 rank=1
[ 148] best_single    score= 0.5407 origin=agent    iters=4 stop=no new information in 3 consecutive turns
         TEST  smape=0.0485  rmse=194.0153  pocid=100.00  mape=0.0470
         laya iter 1 -> best_ETS conf=0.3977 rank=1
         laya iter 2 -> best_ETS conf=0.536 rank=1
         laya iter 3 -> best_ETS conf=0.536 rank=1
         laya iter 4 -> best_ETS conf=0.536 rank=1
[ 149] best_single    score= 0.6561 origin=agent    iters=5 stop=no new information in 3 consecutive turns
         TEST  smape=0.6512  rmse=16546.7240  pocid=45.45  mape=0.4816
         laya iter 1 -> select_stable_k5 conf=0.2934 obs=pool pool5 (5 models)
         laya iter 2 -> best_ONLY_CWT_catboost conf=0.3273 rank=1
         laya iter 3 -> best_ONLY_CWT_catboost conf=0.4297 rank=1
         laya iter 4 -> best_ONLY_CWT_catboost conf=0.4297 rank=1
         laya iter 5 -> best_ONLY_CWT_catboost conf=0.4297 rank=1
[ 150] best_single    score= 0.5589 origin=agent    iters=5 stop=no new information in 3 consecutive turns
         TEST  smape=0.0377  rmse=966.1326  pocid=63.64  mape=0.0369
         laya iter 1 -> select_stable_k5 conf=0.377 obs=pool pool5 (5 models)
         laya iter 2 -> best_ARIMA conf=0.4772 rank=1
         laya iter 3 -> best_ARIMA conf=0.8626 rank=1
         laya iter 4 -> best_ARIMA conf=0.8626 rank=1
         laya iter 5 -> best_ARIMA conf=0.8626 rank=1
[ 151] best_single    score= 0.6429 origin=agent    iters=4 stop=no new information in 3 consecutive turns
         TEST  smape=0.0355  rmse=2222.6030  pocid=63.64  mape=0.0350
         laya iter 1 -> best_DWT_rf conf=0.2797 rank=1
         laya iter 2 -> best_DWT_rf conf=0.3521 rank=1
         laya iter 3 -> best_DWT_rf conf=0.3521 rank=1
         laya iter 4 -> best_DWT_rf conf=0.3521 rank=1
[ 152] best_single    score= 0.5442 origin=agent    iters=5 stop=no new information in 3 consecutive turns
         TEST  smape=0.0453  rmse=800.1632  pocid=81.82  mape=0.0443
         laya iter 1 -> select_stable_k5 conf=0.4207 obs=pool pool5 (5 models)
         laya iter 2 -> best_ETS conf=0.6982 rank=1
         laya iter 3 -> best_ETS conf=0.8303 rank=1
         laya iter 4 -> best_ETS conf=0.8303 rank=1
         laya iter 5 -> best_ETS conf=0.8303 rank=1
[ 153] best_single    score= 0.5568 origin=agent    iters=4 stop=no new information in 3 consecutive turns
         TEST  smape=0.0353  rmse=30707.9330  pocid=72.73  mape=0.0346
         laya iter 1 -> best_ONLY_CWT_rf conf=0.903 rank=1
         laya iter 2 -> best_ONLY_CWT_rf conf=0.9993 rank=1
         laya iter 3 -> best_ONLY_CWT_rf conf=0.9993 rank=1
         laya iter 4 -> best_ONLY_CWT_rf conf=0.9993 rank=1
[ 154] best_single    score= 0.6231 origin=agent    iters=4 stop=no new information in 3 consecutive turns
         TEST  smape=0.2004  rmse=5787.6167  pocid=54.55  mape=0.1809
         laya iter 1 -> best_FT_rf conf=0.323 rank=1
         laya iter 2 -> best_FT_rf conf=0.3714 rank=1
         laya iter 3 -> best_FT_rf conf=0.3714 rank=1
         laya iter 4 -> best_FT_rf conf=0.3714 rank=1
[ 155] best_single    score= 0.6848 origin=agent    iters=4 stop=no new information in 3 consecutive turns
         TEST  smape=0.1095  rmse=18.6042  pocid=45.45  mape=0.1109
         laya iter 1 -> best_ONLY_DWT_rf conf=0.4758 rank=1
         laya iter 2 -> best_ONLY_DWT_rf conf=0.9735 rank=1
         laya iter 3 -> best_ONLY_DWT_rf conf=0.9735 rank=1
         laya iter 4 -> best_ONLY_DWT_rf conf=0.9735 rank=1
[ 156] best_single    score= 0.6539 origin=agent    iters=5 stop=no new information in 3 consecutive turns
         TEST  smape=0.1422  rmse=16.9211  pocid=45.45  mape=0.1346
         laya iter 1 -> select_stable_k5 conf=0.354 obs=pool pool5 (5 models)
         laya iter 2 -> best_FT_rf conf=0.8981 rank=1
         laya iter 3 -> best_FT_rf conf=0.9544 rank=1
         laya iter 4 -> best_FT_rf conf=0.9544 rank=1
         laya iter 5 -> best_FT_rf conf=0.9544 rank=1
[ 157] best_single    score= 0.4772 origin=agent    iters=4 stop=no new information in 3 consecutive turns
         TEST  smape=0.3425  rmse=1205.8907  pocid=63.64  mape=0.2809
         laya iter 1 -> best_FT_catboost conf=0.2872 rank=1
         laya iter 2 -> best_FT_catboost conf=0.6524 rank=1
         laya iter 3 -> best_FT_catboost conf=0.6524 rank=1
         laya iter 4 -> best_FT_catboost conf=0.6524 rank=1
[ 158] best_single    score= 0.4504 origin=agent    iters=5 stop=no new information in 3 consecutive turns
         TEST  smape=0.0523  rmse=950.6318  pocid=63.64  mape=0.0506
         laya iter 1 -> select_stable_k5 conf=0.3826 obs=pool pool5 (5 models)
         laya iter 2 -> best_ARIMA conf=0.4022 rank=1
         laya iter 3 -> best_ARIMA conf=0.6435 rank=1
         laya iter 4 -> best_ARIMA conf=0.6435 rank=1
         laya iter 5 -> best_ARIMA conf=0.6435 rank=1
[ 159] best_single    score= 0.5278 origin=agent    iters=5 stop=no new information in 3 consecutive turns
         TEST  smape=0.0461  rmse=15882.9365  pocid=90.91  mape=0.0455
         laya iter 1 -> best_ETS conf=0.4499 rank=1
         laya iter 2 -> prune_redundant_full conf=0.4319 obs=pool pool5 (0 models)
         laya iter 3 -> best_ETS conf=0.5581 rank=1
         laya iter 4 -> best_ETS conf=0.5581 rank=1
         laya iter 5 -> best_ETS conf=0.5581 rank=1
[ 160] best_single    score= 0.6328 origin=agent    iters=5 stop=no new information in 3 consecutive turns
         TEST  smape=0.1443  rmse=976.7869  pocid=54.55  mape=0.1336
         laya iter 1 -> best_CWT_rf conf=0.3154 rank=1
         laya iter 2 -> best_ETS conf=0.6272 rank=2
         laya iter 3 -> best_ETS conf=0.6272 rank=2
         laya iter 4 -> best_ETS conf=0.6272 rank=2
         laya iter 5 -> best_ETS conf=0.6272 rank=2
[ 161] best_single    score= 0.5137 origin=agent    iters=5 stop=no new information in 3 consecutive turns
         TEST  smape=0.0800  rmse=33296.4120  pocid=63.64  mape=0.0773
         laya iter 1 -> select_stable_k5 conf=0.325 obs=pool pool5 (5 models)
         laya iter 2 -> best_THETA conf=0.3985 rank=1
         laya iter 3 -> best_THETA conf=0.8003 rank=1
         laya iter 4 -> best_THETA conf=0.8003 rank=1
         laya iter 5 -> best_THETA conf=0.8003 rank=1
[ 162] best_single    score= 0.6499 origin=agent    iters=5 stop=no new information in 3 consecutive turns
         TEST  smape=0.0625  rmse=5775.0949  pocid=63.64  mape=0.0642
         laya iter 1 -> select_stable_k5 conf=0.3399 obs=pool pool5 (5 models)
         laya iter 2 -> best_DWT_catboost conf=0.3226 rank=1
         laya iter 3 -> best_DWT_catboost conf=0.283 rank=1
         laya iter 4 -> best_DWT_catboost conf=0.283 rank=1
         laya iter 5 -> best_DWT_catboost conf=0.283 rank=1
[ 163] best_single    score= 0.5088 origin=agent    iters=5 stop=no new information in 3 consecutive turns
         TEST  smape=0.0331  rmse=4553.9329  pocid=72.73  mape=0.0328
         laya iter 1 -> select_stable_k5 conf=0.2952 obs=pool pool5 (5 models)
         laya iter 2 -> best_THETA conf=0.4867 rank=1
         laya iter 3 -> best_THETA conf=0.5967 rank=1
         laya iter 4 -> best_THETA conf=0.5967 rank=1
         laya iter 5 -> best_THETA conf=0.5967 rank=1
[ 164] best_single    score= 0.5301 origin=agent    iters=4 stop=no new information in 3 consecutive turns
         TEST  smape=0.0439  rmse=2457.2756  pocid=72.73  mape=0.0426
         laya iter 1 -> best_ETS conf=0.4433 rank=1
         laya iter 2 -> best_ETS conf=0.4299 rank=1
         laya iter 3 -> best_ETS conf=0.4299 rank=1
         laya iter 4 -> best_ETS conf=0.4299 rank=1
[ 165] best_single    score= 0.5788 origin=agent    iters=4 stop=no new information in 3 consecutive turns
         TEST  smape=0.0445  rmse=32571.2481  pocid=63.64  mape=0.0442
         laya iter 1 -> best_ONLY_DWT_rf conf=0.2845 rank=1
         laya iter 2 -> best_ONLY_DWT_rf conf=0.6425 rank=1
         laya iter 3 -> best_ONLY_DWT_rf conf=0.6425 rank=1
         laya iter 4 -> best_ONLY_DWT_rf conf=0.6425 rank=1
[ 166] best_single    score= 0.5233 origin=agent    iters=5 stop=no new information in 3 consecutive turns
         TEST  smape=0.0398  rmse=825.5388  pocid=63.64  mape=0.0390
         laya iter 1 -> select_stable_k5 conf=0.3665 obs=pool pool5 (5 models)
         laya iter 2 -> best_ARIMA conf=0.2476 rank=1
         laya iter 3 -> best_ARIMA conf=0.3587 rank=1
         laya iter 4 -> best_ARIMA conf=0.3587 rank=1
         laya iter 5 -> best_ARIMA conf=0.3587 rank=1
[ 167] best_single    score= 0.6750 origin=agent    iters=4 stop=no new information in 3 consecutive turns
         TEST  smape=0.3946  rmse=45.4586  pocid=27.27  mape=0.4640
         laya iter 1 -> best_ONLY_DWT_rf conf=0.5275 rank=1
         laya iter 2 -> best_ONLY_DWT_rf conf=0.6611 rank=1
         laya iter 3 -> best_ONLY_DWT_rf conf=0.6611 rank=1
         laya iter 4 -> best_ONLY_DWT_rf conf=0.6611 rank=1
[ 168] best_single    score= 0.5426 origin=agent    iters=5 stop=no new information in 3 consecutive turns
         TEST  smape=0.0408  rmse=11242.6585  pocid=45.45  mape=0.0406
         laya iter 1 -> best_FT_rf conf=0.3807 rank=1
         laya iter 2 -> best_ONLY_DWT_catboost conf=0.6273 rank=2
         laya iter 3 -> best_ONLY_DWT_catboost conf=0.6273 rank=2
         laya iter 4 -> best_ONLY_DWT_catboost conf=0.6273 rank=2
         laya iter 5 -> best_ONLY_DWT_catboost conf=0.6273 rank=2
[ 169] FAILED: ValueError: Attempt(attempt_id='a1', spec={'combine': 'mean', 'pool': 'pool_full'}, origin='baseline', aggregate={'MAPE': 0.20260095931615313, 'SMAPE': 0.24247686261845253, 'RMSE': 6365.847992708565, 'POCID': 78.7878787878788, 'MSMAPE': 0.24247625592606228, 'MAE': 5128.966673081856}, per_window=[{'MAPE': 0.35249333800475396, 'SMAPE': 0.44882509147998767, 'RMSE': 9118.19631174479, 'POCID': 72.72727272727273, 'MSMAPE': 0.4488237966456547, 'MAE': 7936.981651647719}, {'MAPE': 0.17965210652809163, 'SMAPE': 0.19803243082657726, 'RMSE': 5383.68945824253, 'POCID': 81.81818181818181, 'MSMAPE': 0.1980320421836578, 'MAE': 5070.464751513596}, {'MAPE': 0.07565743341561378, 'SMAPE': 0.0805730655487925, 'RMSE': 3073.507090687604, 'POCID': 81.81818181818181, 'MSMAPE': 0.08057292894887437, 'MAE': 2379.4536160842554}], score=0.6424242424242425, rationale='deterministic baseline: plain mean of the full pool', iteration=0, n_models=19, per_window_scores=[0.6545454545454545, 0.6363636363636365, 0.6363636363636365], residuals=[-5492.39458190947, -7633.951401105263, -3822.442355262632, -1388.1717021147379, -665.3117342999976, -5381.16466037421, -7411.761593285264, -11473.869109610527, -12146.900979475262, -13805.429680109472, -12928.671002852107, -13093.711019373684, -5399.98982110474, -6102.59535780684, 2051.7861615473666, -5285.382135331576, -3187.5502228310506, -3736.16847693158, -3537.1370382415735, -9131.307127332631, -6936.924228699991, -5747.312315829473, -5484.305512623152, -4245.118619883164, -603.7153470068406, -3291.9774510989446, -232.5577438310538, -3318.0353322789488, -1087.3640774547384, -5647.824046859994, -5926.392564712114, -3650.034586317375, -2840.020043299999, -531.2283764815766, -392.0387950621043, -1032.2550286073747], agent_converged=True, agent_rationale='laya selected mean_pool_full') is not in list
[ 170] FAILED: ValueError: Attempt(attempt_id='a1', spec={'combine': 'mean', 'pool': 'pool_full'}, origin='baseline', aggregate={'MAPE': 0.03721221170371114, 'SMAPE': 0.03656911206211758, 'RMSE': 2024.174697385166, 'POCID': 96.96969696969695, 'MSMAPE': 0.03656907176989242, 'MAE': 1664.0635398918712}, per_window=[{'MAPE': 0.0418657465185693, 'SMAPE': 0.040586947480235815, 'RMSE': 2325.5601456999334, 'POCID': 90.9090909090909, 'MSMAPE': 0.04058690363484183, 'MAE': 1881.2681166330688}, {'MAPE': 0.035897741571836186, 'SMAPE': 0.035101983893235385, 'RMSE': 1917.4792284470745, 'POCID': 100.0, 'MSMAPE': 0.03510194448067062, 'MAE': 1566.2412777818888}, {'MAPE': 0.033873147020727946, 'SMAPE': 0.03401840481288159, 'RMSE': 1790.7800070944224, 'POCID': 100.0, 'MSMAPE': 0.03401836719416481, 'MAE': 1544.681225260656}], score=0.6060606060606062, rationale='deterministic baseline: plain mean of the full pool', iteration=0, n_models=19, per_window_scores=[0.6181818181818182, 0.6000000000000001, 0.6000000000000001], residuals=[-840.4336080278954, -416.35676737421454, 1315.4082798205272, -522.4870100968401, 2245.601708106835, 2218.689958456838, 319.95779347209464, 926.5111226347435, 2095.0140502789363, 3185.3150135205287, 4754.156795059476, 3735.285292747896, 1544.6550840152631, 3089.2081143810574, 2830.1628855873714, -431.64925350472913, 3460.8042078352737, 1325.040305595794, 378.3801228431548, 196.46572929737158, -2206.6555963847422, -318.49554469421855, 972.9529851110565, 2040.4255041326323, -2761.16361890579, 1161.0312136378852, 2458.9019870021, -698.6606054078948, 2322.3148032868485, -977.583944914215, -2790.630178321582, -2020.0956405615725, -2047.4752361784194, -389.8354555336773, -419.91278477683227, -488.56923460105463], agent_converged=True, agent_rationale='laya selected mean_pool_full') is not in list
[ 171] best_single    score= 0.6414 origin=agent    iters=5 stop=no new information in 3 consecutive turns
         TEST  smape=0.0807  rmse=3685.3650  pocid=81.82  mape=0.0771
         laya iter 1 -> select_stable_k5 conf=0.2443 obs=pool pool5 (5 models)
         laya iter 2 -> best_ONLY_CWT_rf conf=0.4195 rank=1
         laya iter 3 -> best_ONLY_CWT_rf conf=0.4297 rank=1
         laya iter 4 -> best_ONLY_CWT_rf conf=0.4297 rank=1
         laya iter 5 -> best_ONLY_CWT_rf conf=0.4297 rank=1
[ 172] best_single    score= 0.4381 origin=agent    iters=4 stop=no new information in 3 consecutive turns
         TEST  smape=0.1503  rmse=306.7160  pocid=54.55  mape=0.1380
         laya iter 1 -> best_ETS conf=0.4356 rank=1
         laya iter 2 -> best_ETS conf=0.5455 rank=1
         laya iter 3 -> best_ETS conf=0.5455 rank=1
         laya iter 4 -> best_ETS conf=0.5455 rank=1
[ 173] best_single    score= 0.5895 origin=agent    iters=4 stop=no new information in 3 consecutive turns
         TEST  smape=0.2272  rmse=277.8467  pocid=63.64  mape=0.2067
         laya iter 1 -> best_THETA conf=0.3535 rank=1
         laya iter 2 -> best_THETA conf=0.6798 rank=1
         laya iter 3 -> best_THETA conf=0.6798 rank=1
         laya iter 4 -> best_THETA conf=0.6798 rank=1
[ 174] best_single    score= 0.5950 origin=agent    iters=6 stop=no new information in 3 consecutive turns
         TEST  smape=0.0590  rmse=1178.9465  pocid=54.55  mape=0.0564
         laya iter 1 -> select_stable_k5 conf=0.2449 obs=pool pool5 (5 models)
         laya iter 2 -> best_ONLY_DWT_catboost conf=0.5479 rank=1
         laya iter 3 -> best_DWT_catboost conf=0.7004 rank=1
         laya iter 4 -> best_DWT_catboost conf=0.7004 rank=1
         laya iter 5 -> best_DWT_catboost conf=0.7004 rank=1
         laya iter 6 -> best_DWT_catboost conf=0.7004 rank=1
[ 175] best_single    score= 0.5498 origin=agent    iters=5 stop=no new information in 3 consecutive turns
         TEST  smape=0.0314  rmse=563.7019  pocid=81.82  mape=0.0315
         laya iter 1 -> select_stable_k5 conf=0.3804 obs=pool pool5 (5 models)
         laya iter 2 -> best_THETA conf=0.432 rank=1
         laya iter 3 -> best_THETA conf=0.6094 rank=1
         laya iter 4 -> best_THETA conf=0.6094 rank=1
         laya iter 5 -> best_THETA conf=0.6094 rank=1
[ 176] FAILED: ValueError: Attempt(attempt_id='a1', spec={'combine': 'mean', 'pool': 'pool_full'}, origin='baseline', aggregate={'MAPE': 0.21674316828472107, 'SMAPE': 0.1908895312164432, 'RMSE': 10229.013195154705, 'POCID': 48.48484848484848, 'MSMAPE': 0.19088929657826914, 'MAE': 7857.016531329678}, per_window=[{'MAPE': 0.32840080851973547, 'SMAPE': 0.2634647282073155, 'RMSE': 13893.861242958512, 'POCID': 45.45454545454545, 'MSMAPE': 0.2634644280883458, 'MAE': 11578.255582120748}, {'MAPE': 0.15597548362936164, 'SMAPE': 0.14534857898097334, 'RMSE': 7964.725399793051, 'POCID': 45.45454545454545, 'MSMAPE': 0.1453483862066101, 'MAE': 5580.324545091709}, {'MAPE': 0.1658532127050661, 'SMAPE': 0.16385528646104072, 'RMSE': 7577.724058531946, 'POCID': 54.54545454545455, 'MSMAPE': 0.16385507543985164, 'MAE': 6412.469466776581}], score=0.7030303030303031, rationale='deterministic baseline: plain mean of the full pool', iteration=0, n_models=19, per_window_scores=[0.7090909090909091, 0.7090909090909091, 0.6909090909090909], residuals=[-3035.920104443161, 126.1814839047438, 3444.5545755947533, 3824.3767814900057, 6325.5118601384165, 9821.432808926838, 15642.549742394207, 14908.91467131368, 18811.41178739631, 20928.704691840518, 20529.97255949527, 21539.535918511065, -171.9516374678933, 2144.161771496314, -119.48350784315699, -18072.629207637365, -5141.575109474208, -3115.865966391575, -3892.6989219947354, 7906.501107727901, 14061.98962587579, 10824.221240565257, 1004.5049622589504, 508.31148236736044, -432.88594383525924, 510.33257942842465, 6404.557491804204, 7943.889471908951, 7499.014566206846, 6928.41386633159, 6467.8883800889525, 5828.220050478951, -1209.4450846079053, -7424.462957949472, -14152.065308690522, -12148.457899987894], agent_converged=True, agent_rationale='laya selected mean_pool_full') is not in list
[ 177] best_single    score= 0.4672 origin=agent    iters=4 stop=no new information in 3 consecutive turns
         TEST  smape=0.3044  rmse=2358.3478  pocid=72.73  mape=0.2542
         laya iter 1 -> best_NaiveSeasonal conf=0.4358 rank=1
         laya iter 2 -> best_NaiveSeasonal conf=0.5133 rank=1
         laya iter 3 -> best_NaiveSeasonal conf=0.5133 rank=1
         laya iter 4 -> best_NaiveSeasonal conf=0.5133 rank=1
[ 178] best_single    score= 0.6074 origin=agent    iters=4 stop=no new information in 3 consecutive turns
         TEST  smape=0.2356  rmse=44.4890  pocid=54.55  mape=0.2268
         laya iter 1 -> best_ETS conf=0.335 rank=1
         laya iter 2 -> best_ETS conf=0.4855 rank=1
         laya iter 3 -> best_ETS conf=0.4855 rank=1
         laya iter 4 -> best_ETS conf=0.4855 rank=1
[ 179] best_single    score= 0.6216 origin=agent    iters=4 stop=no new information in 3 consecutive turns
         TEST  smape=0.1024  rmse=32.7210  pocid=72.73  mape=0.0949
         laya iter 1 -> best_rf conf=0.5782 rank=1
         laya iter 2 -> best_rf conf=0.5627 rank=1
         laya iter 3 -> best_rf conf=0.5627 rank=1
         laya iter 4 -> best_rf conf=0.5627 rank=1
[ 180] best_single    score= 0.5370 origin=agent    iters=5 stop=no new information in 3 consecutive turns
         TEST  smape=0.2082  rmse=27891.1445  pocid=54.55  mape=0.1875
         laya iter 1 -> select_stable_k5 conf=0.3596 obs=pool pool5 (5 models)
         laya iter 2 -> best_NaiveMovingAverage conf=0.3326 rank=1
         laya iter 3 -> best_NaiveMovingAverage conf=0.5658 rank=1
         laya iter 4 -> best_NaiveMovingAverage conf=0.5658 rank=1
         laya iter 5 -> best_NaiveMovingAverage conf=0.5658 rank=1
[ 181] best_single    score= 0.4997 origin=agent    iters=6 stop=no new information in 3 consecutive turns
         TEST  smape=0.0423  rmse=3650.7753  pocid=54.55  mape=0.0434
         laya iter 1 -> select_stable_k5 conf=0.3305 obs=pool pool5 (5 models)
         laya iter 2 -> best_ARIMA conf=0.3261 rank=1
         laya iter 3 -> best_THETA conf=0.3211 rank=2
         laya iter 4 -> best_THETA conf=0.3211 rank=2
         laya iter 5 -> best_THETA conf=0.3211 rank=2
         laya iter 6 -> best_THETA conf=0.3211 rank=2
--------------------------------------------------------------------------
done in 38.5s | ok: 173 | failed: 9
DATASET SUMMARY over 173 series (mean across series):
  this run   smape=0.2222  rmse=6714.9637  pocid=61.95  mape=1573923578462285.7500  mae=5869.9593
  baseline   (n/a - no-seeds arm: o agente partiu de histórico vazio)
  mean       smape=0.2204  rmse=6460.7836  pocid=61.90  mape=2177569252132170.0000
  median     smape=0.2190  rmse=6537.6442  pocid=61.95  mape=1943548280738597.2500
  dba        smape=0.2252  rmse=6550.6253  pocid=60.54  mape=2483518523976191.5000
  ADE        smape=0.2176  rmse=6287.4142  pocid=62.27  mape=2190823492002836.7500
  FFORMA     smape=0.2165  rmse=6180.8845  pocid=65.11  mape=2127448524667664.0000
csv: ./timeseries/mestrado/resultados/orchestrator_laya_laya_v0_noseeds/ANP_MONTHLY.csv
