nohup: ignoring input
Plano: 7 execução(ões) — 7 dataset(s) x 1 combinador(es)
  ETTM1                    gemma4:26b           -> logs/v5_gemma26_ettm1.log
  ETTM2                    gemma4:26b           -> logs/v5_gemma26_ettm2.log
  ETTH1                    gemma4:26b           -> logs/v5_gemma26_etth1.log
  ETTH2                    gemma4:26b           -> logs/v5_gemma26_etth2.log
  ANP_MONTHLY              gemma4:26b           -> logs/v5_gemma26_anp_monthly.log
  NN5_WEEKLY_DATASET       gemma4:26b           -> logs/v5_gemma26_nn5_weekly_dataset.log
  M4_WEEKLY_DATASET        gemma4:26b           -> logs/v5_gemma26_m4_weekly_dataset.log

-> ETTM1 / gemma4:26b  (log: logs/v5_gemma26_ettm1.log)
   /home/lucas.castro/.conda/envs/agno/bin/python3 /home/lucas.castro/Statistics_and_Seq2Seq/run_tsf_orchestrator.py --dataset ETTM1 --source ETTM1.tsf --source-dir ../forecasting_datasets --combinator gemma4:26b --version v5_gemma26
   OK em 1470s
-> ETTM2 / gemma4:26b  (log: logs/v5_gemma26_ettm2.log)
   /home/lucas.castro/.conda/envs/agno/bin/python3 /home/lucas.castro/Statistics_and_Seq2Seq/run_tsf_orchestrator.py --dataset ETTM2 --source ETTM2.tsf --source-dir ../forecasting_datasets --combinator gemma4:26b --version v5_gemma26
   OK em 1619s
-> ETTH1 / gemma4:26b  (log: logs/v5_gemma26_etth1.log)
   /home/lucas.castro/.conda/envs/agno/bin/python3 /home/lucas.castro/Statistics_and_Seq2Seq/run_tsf_orchestrator.py --dataset ETTH1 --source ETTH1.tsf --source-dir ../forecasting_datasets --combinator gemma4:26b --version v5_gemma26
   OK em 762s
-> ETTH2 / gemma4:26b  (log: logs/v5_gemma26_etth2.log)
   /home/lucas.castro/.conda/envs/agno/bin/python3 /home/lucas.castro/Statistics_and_Seq2Seq/run_tsf_orchestrator.py --dataset ETTH2 --source ETTH2.tsf --source-dir ../forecasting_datasets --combinator gemma4:26b --version v5_gemma26
   OK em 1137s
-> ANP_MONTHLY / gemma4:26b  (log: logs/v5_gemma26_anp_monthly.log)
   /home/lucas.castro/.conda/envs/agno/bin/python3 /home/lucas.castro/Statistics_and_Seq2Seq/run_tsf_orchestrator.py --dataset ANP_MONTHLY --source mes_11_venda_mensal.tsf --source-dir ../forecasting_datasets --combinator gemma4:26b --version v5_gemma26
   OK em 64409s
-> NN5_WEEKLY_DATASET / gemma4:26b  (log: logs/v5_gemma26_nn5_weekly_dataset.log)
   /home/lucas.castro/.conda/envs/agno/bin/python3 /home/lucas.castro/Statistics_and_Seq2Seq/run_tsf_orchestrator.py --dataset NN5_WEEKLY_DATASET --source nn5_weekly_dataset.tsf --source-dir ../forecasting_datasets --combinator gemma4:26b --version v5_gemma26
   OK em 28202s
-> M4_WEEKLY_DATASET / gemma4:26b  (log: logs/v5_gemma26_m4_weekly_dataset.log)
   /home/lucas.castro/.conda/envs/agno/bin/python3 /home/lucas.castro/Statistics_and_Seq2Seq/run_tsf_orchestrator.py --dataset M4_WEEKLY_DATASET --source m4_weekly_dataset.tsf --source-dir ../forecasting_datasets --combinator gemma4:26b --version v5_gemma26
   OK em 131251s

=== Resumo: 7 rodada(s), 0 falha(s) ===
  ETTM1                    gemma4:26b           OK                    1470s  logs/v5_gemma26_ettm1.log
  ETTM2                    gemma4:26b           OK                    1619s  logs/v5_gemma26_ettm2.log
  ETTH1                    gemma4:26b           OK                     762s  logs/v5_gemma26_etth1.log
  ETTH2                    gemma4:26b           OK                    1137s  logs/v5_gemma26_etth2.log
  ANP_MONTHLY              gemma4:26b           OK                   64409s  logs/v5_gemma26_anp_monthly.log
  NN5_WEEKLY_DATASET       gemma4:26b           OK                   28202s  logs/v5_gemma26_nn5_weekly_dataset.log
  M4_WEEKLY_DATASET        gemma4:26b           OK                  131251s  logs/v5_gemma26_m4_weekly_dataset.log
